Component: ARM Compiler 5.06 update 5 (build 528) Tool: armlink [4d35e2]

==============================================================================

Section Cross References

    startup_stm32f10x_md.o(RESET) refers to startup_stm32f10x_md.o(STACK) for __initial_sp
    startup_stm32f10x_md.o(RESET) refers to startup_stm32f10x_md.o(.text) for Reset_Handler
    startup_stm32f10x_md.o(RESET) refers to stm32f10x_it.o(i.NMI_Handler) for NMI_Handler
    startup_stm32f10x_md.o(RESET) refers to stm32f10x_it.o(i.HardFault_Handler) for HardFault_Handler
    startup_stm32f10x_md.o(RESET) refers to stm32f10x_it.o(i.MemManage_Handler) for MemManage_Handler
    startup_stm32f10x_md.o(RESET) refers to stm32f10x_it.o(i.BusFault_Handler) for BusFault_Handler
    startup_stm32f10x_md.o(RESET) refers to stm32f10x_it.o(i.UsageFault_Handler) for UsageFault_Handler
    startup_stm32f10x_md.o(RESET) refers to stm32f10x_it.o(i.SVC_Handler) for SVC_Handler
    startup_stm32f10x_md.o(RESET) refers to stm32f10x_it.o(i.DebugMon_Handler) for DebugMon_Handler
    startup_stm32f10x_md.o(RESET) refers to stm32f10x_it.o(i.PendSV_Handler) for PendSV_Handler
    startup_stm32f10x_md.o(RESET) refers to stm32f10x_it.o(i.SysTick_Handler) for SysTick_Handler
    startup_stm32f10x_md.o(RESET) refers to systemtime.o(i.TIM4_IRQHandler) for TIM4_IRQHandler
    startup_stm32f10x_md.o(RESET) refers to serial.o(i.USART1_IRQHandler) for USART1_IRQHandler
    startup_stm32f10x_md.o(.text) refers to system_stm32f10x.o(i.SystemInit) for SystemInit
    startup_stm32f10x_md.o(.text) refers to entry.o(.ARM.Collect$$$$00000000) for __main
    system_stm32f10x.o(i.SetSysClock) refers to system_stm32f10x.o(i.SetSysClockTo72) for SetSysClockTo72
    system_stm32f10x.o(i.SystemCoreClockUpdate) refers to system_stm32f10x.o(.data) for SystemCoreClock
    system_stm32f10x.o(i.SystemInit) refers to system_stm32f10x.o(i.SetSysClock) for SetSysClock
    stm32f10x_adc.o(i.ADC_DeInit) refers to stm32f10x_rcc.o(i.RCC_APB2PeriphResetCmd) for RCC_APB2PeriphResetCmd
    stm32f10x_bkp.o(i.BKP_DeInit) refers to stm32f10x_rcc.o(i.RCC_BackupResetCmd) for RCC_BackupResetCmd
    stm32f10x_can.o(i.CAN_DeInit) refers to stm32f10x_rcc.o(i.RCC_APB1PeriphResetCmd) for RCC_APB1PeriphResetCmd
    stm32f10x_can.o(i.CAN_GetITStatus) refers to stm32f10x_can.o(i.CheckITStatus) for CheckITStatus
    stm32f10x_cec.o(i.CEC_DeInit) refers to stm32f10x_rcc.o(i.RCC_APB1PeriphResetCmd) for RCC_APB1PeriphResetCmd
    stm32f10x_dac.o(i.DAC_DeInit) refers to stm32f10x_rcc.o(i.RCC_APB1PeriphResetCmd) for RCC_APB1PeriphResetCmd
    stm32f10x_flash.o(i.FLASH_EnableWriteProtection) refers to stm32f10x_flash.o(i.FLASH_WaitForLastOperation) for FLASH_WaitForLastOperation
    stm32f10x_flash.o(i.FLASH_EraseAllBank1Pages) refers to stm32f10x_flash.o(i.FLASH_WaitForLastBank1Operation) for FLASH_WaitForLastBank1Operation
    stm32f10x_flash.o(i.FLASH_EraseAllPages) refers to stm32f10x_flash.o(i.FLASH_WaitForLastOperation) for FLASH_WaitForLastOperation
    stm32f10x_flash.o(i.FLASH_EraseOptionBytes) refers to stm32f10x_flash.o(i.FLASH_GetReadOutProtectionStatus) for FLASH_GetReadOutProtectionStatus
    stm32f10x_flash.o(i.FLASH_EraseOptionBytes) refers to stm32f10x_flash.o(i.FLASH_WaitForLastOperation) for FLASH_WaitForLastOperation
    stm32f10x_flash.o(i.FLASH_ErasePage) refers to stm32f10x_flash.o(i.FLASH_WaitForLastOperation) for FLASH_WaitForLastOperation
    stm32f10x_flash.o(i.FLASH_ProgramHalfWord) refers to stm32f10x_flash.o(i.FLASH_WaitForLastOperation) for FLASH_WaitForLastOperation
    stm32f10x_flash.o(i.FLASH_ProgramOptionByteData) refers to stm32f10x_flash.o(i.FLASH_WaitForLastOperation) for FLASH_WaitForLastOperation
    stm32f10x_flash.o(i.FLASH_ProgramWord) refers to stm32f10x_flash.o(i.FLASH_WaitForLastOperation) for FLASH_WaitForLastOperation
    stm32f10x_flash.o(i.FLASH_ReadOutProtection) refers to stm32f10x_flash.o(i.FLASH_WaitForLastOperation) for FLASH_WaitForLastOperation
    stm32f10x_flash.o(i.FLASH_UserOptionByteConfig) refers to stm32f10x_flash.o(i.FLASH_WaitForLastOperation) for FLASH_WaitForLastOperation
    stm32f10x_flash.o(i.FLASH_WaitForLastBank1Operation) refers to stm32f10x_flash.o(i.FLASH_GetBank1Status) for FLASH_GetBank1Status
    stm32f10x_flash.o(i.FLASH_WaitForLastOperation) refers to stm32f10x_flash.o(i.FLASH_GetBank1Status) for FLASH_GetBank1Status
    stm32f10x_gpio.o(i.GPIO_AFIODeInit) refers to stm32f10x_rcc.o(i.RCC_APB2PeriphResetCmd) for RCC_APB2PeriphResetCmd
    stm32f10x_gpio.o(i.GPIO_DeInit) refers to stm32f10x_rcc.o(i.RCC_APB2PeriphResetCmd) for RCC_APB2PeriphResetCmd
    stm32f10x_i2c.o(i.I2C_DeInit) refers to stm32f10x_rcc.o(i.RCC_APB1PeriphResetCmd) for RCC_APB1PeriphResetCmd
    stm32f10x_i2c.o(i.I2C_Init) refers to stm32f10x_rcc.o(i.RCC_GetClocksFreq) for RCC_GetClocksFreq
    stm32f10x_pwr.o(i.PWR_DeInit) refers to stm32f10x_rcc.o(i.RCC_APB1PeriphResetCmd) for RCC_APB1PeriphResetCmd
[...]
    i.VL53L0X_PerformRefSpadManagement       0x08003dc6   Section        0  vl53l0x_api.o(i.VL53L0X_PerformRefSpadManagement)
    i.VL53L0X_PerformSingleMeasurement       0x08003de4   Section        0  vl53l0x_api.o(i.VL53L0X_PerformSingleMeasurement)
    i.VL53L0X_PerformSingleRangingMeasurement 0x08003e20   Section        0  vl53l0x_api.o(i.VL53L0X_PerformSingleRangingMeasurement)
    i.VL53L0X_PollingDelay                   0x08003e58   Section        0  vl53l0x_i2c_platform.o(i.VL53L0X_PollingDelay)
    i.VL53L0X_RdByte                         0x08003e66   Section        0  vl53l0x_i2c_platform.o(i.VL53L0X_RdByte)
    i.VL53L0X_RdDWord                        0x08003e7c   Section        0  vl53l0x_i2c_platform.o(i.VL53L0X_RdDWord)
    i.VL53L0X_RdWord                         0x08003eb4   Section        0  vl53l0x_i2c_platform.o(i.VL53L0X_RdWord)
    i.VL53L0X_ReadMulti                      0x08003edc   Section        0  vl53l0x_i2c_platform.o(i.VL53L0X_ReadMulti)
    i.VL53L0X_SetDeviceMode                  0x08003f46   Section        0  vl53l0x_api.o(i.VL53L0X_SetDeviceMode)
    i.VL53L0X_SetGpioConfig                  0x08003f78   Section        0  vl53l0x_api.o(i.VL53L0X_SetGpioConfig)
    i.VL53L0X_SetLimitCheckEnable            0x080040e0   Section        0  vl53l0x_api.o(i.VL53L0X_SetLimitCheckEnable)
    i.VL53L0X_SetLimitCheckValue             0x080041a2   Section        0  vl53l0x_api.o(i.VL53L0X_SetLimitCheckValue)
    i.VL53L0X_SetMeasurementTimingBudgetMicroSeconds 0x08004218   Section        0  vl53l0x_api.o(i.VL53L0X_SetMeasurementTimingBudgetMicroSeconds)
    i.VL53L0X_SetSequenceStepEnable          0x0800422e   Section        0  vl53l0x_api.o(i.VL53L0X_SetSequenceStepEnable)
    i.VL53L0X_StartMeasurement               0x080042f2   Section        0  vl53l0x_api.o(i.VL53L0X_StartMeasurement)
    i.VL53L0X_StaticInit                     0x08004400   Section        0  vl53l0x_api.o(i.VL53L0X_StaticInit)
    i.VL53L0X_UpdateByte                     0x080045a8   Section        0  vl53l0x_i2c_platform.o(i.VL53L0X_UpdateByte)
    i.VL53L0X_WrByte                         0x080045e6   Section        0  vl53l0x_i2c_platform.o(i.VL53L0X_WrByte)
    i.VL53L0X_WrWord                         0x080045fa   Section        0  vl53l0x_i2c_platform.o(i.VL53L0X_WrWord)
    i.VL53L0X_WriteMulti                     0x0800461c   Section        0  vl53l0x_i2c_platform.o(i.VL53L0X_WriteMulti)
    i.VL53L0X_calc_dmax                      0x08004660   Section        0  vl53l0x_api_core.o(i.VL53L0X_calc_dmax)
    i.VL53L0X_calc_macro_period_ps           0x0800470e   Section        0  vl53l0x_api_core.o(i.VL53L0X_calc_macro_period_ps)
    i.VL53L0X_calc_sigma_estimate            0x08004724   Section        0  vl53l0x_api_core.o(i.VL53L0X_calc_sigma_estimate)
    i.VL53L0X_calc_timeout_mclks             0x08004a14   Section        0  vl53l0x_api_core.o(i.VL53L0X_calc_timeout_mclks)
    i.VL53L0X_calc_timeout_us                0x08004a48   Section        0  vl53l0x_api_core.o(i.VL53L0X_calc_timeout_us)
    i.VL53L0X_decode_timeout                 0x08004a7c   Section        0  vl53l0x_api_core.o(i.VL53L0X_decode_timeout)
    i.VL53L0X_decode_vcsel_period            0x08004a8a   Section        0  vl53l0x_api_core.o(i.VL53L0X_decode_vcsel_period)
    i.VL53L0X_device_read_strobe             0x08004a96   Section        0  vl53l0x_api_core.o(i.VL53L0X_device_read_strobe)
    i.VL53L0X_encode_timeout                 0x08004ae8   Section        0  vl53l0x_api_core.o(i.VL53L0X_encode_timeout)
    i.VL53L0X_get_info_from_device           0x08004b10   Section        0  vl53l0x_api_core.o(i.VL53L0X_get_info_from_device)
    i.VL53L0X_get_measurement_timing_budget_micro_seconds 0x08005060   Section        0  vl53l0x_api_core.o(i.VL53L0X_get_measurement_timing_budget_micro_seconds)
    i.VL53L0X_get_offset_calibration_data_micro_meter 0x0800514e   Section        0  vl53l0x_api_calibration.o(i.VL53L0X_get_offset_calibration_data_micro_meter)
    i.VL53L0X_get_pal_range_status           0x080051a4   Section        0  vl53l0x_api_core.o(i.VL53L0X_get_pal_range_status)
    i.VL53L0X_get_total_signal_rate          0x080053dc   Section        0  vl53l0x_api_core.o(i.VL53L0X_get_total_signal_rate)
    i.VL53L0X_get_total_xtalk_rate           0x08005404   Section        0  vl53l0x_api_core.o(i.VL53L0X_get_total_xtalk_rate)
    i.VL53L0X_get_vcsel_pulse_period         0x0800543e   Section        0  vl53l0x_api_core.o(i.VL53L0X_get_vcsel_pulse_period)
    i.VL53L0X_isqrt                          0x08005484   Section        0  vl53l0x_api_core.o(i.VL53L0X_isqrt)
    i.VL53L0X_load_tuning_settings           0x080054b0   Section        0  vl53l0x_api_core.o(i.VL53L0X_load_tuning_settings)
    i.VL53L0X_measurement_poll_for_completion 0x0800559a   Section        0  vl53l0x_api_core.o(i.VL53L0X_measurement_poll_for_completion)
    i.VL53L0X_perform_phase_calibration      0x080055dc   Section        0  vl53l0x_api_calibration.o(i.VL53L0X_perform_phase_calibration)
    i.VL53L0X_perform_ref_calibration        0x08005658   Section        0  vl53l0x_api_calibration.o(i.VL53L0X_perform_ref_calibration)
    i.VL53L0X_perform_ref_spad_management    0x080056a4   Section        0  vl53l0x_api_calibration.o(i.VL53L0X_perform_ref_spad_management)
    i.VL53L0X_perform_single_ref_calibration 0x08005936   Section        0  vl53l0x_api_calibration.o(i.VL53L0X_perform_single_ref_calibration)
    i.VL53L0X_perform_vhv_calibration        0x08005976   Section        0  vl53l0x_api_calibration.o(i.VL53L0X_perform_vhv_calibration)
    i.VL53L0X_ref_calibration_io             0x080059f4   Section        0  vl53l0x_api_calibration.o(i.VL53L0X_ref_calibration_io)
    i.VL53L0X_set_measurement_timing_budget_micro_seconds 0x08005aa4   Section        0  vl53l0x_api_core.o(i.VL53L0X_set_measurement_timing_budget_micro_seconds)
    i.VL53L0X_set_reference_spads            0x08005bb8   Section        0  vl53l0x_api_calibration.o(i.VL53L0X_set_reference_spads)
    i.__0printf                              0x08005c7c   Section        0  printfa.o(i.__0printf)
    i.__0vsprintf                            0x08005c9c   Section        0  printfa.o(i.__0vsprintf)
    i.__aeabi_errno_addr                     0x08005cc0   Section        0  errno.o(i.__aeabi_errno_addr)
    i.__scatterload_copy                     0x08005cc8   Section       14  handlers.o(i.__scatterload_copy)
    i.__scatterload_null                     0x08005cd6   Section        2  handlers.o(i.__scatterload_null)
    i.__scatterload_zeroinit                 0x08005cd8   Section       14  handlers.o(i.__scatterload_zeroinit)
    i._fp_digits                             0x08005ce8   Section        0  printfa.o(i._fp_digits)
    _fp_digits                               0x08005ce9   Thumb Code   366  printfa.o(i._fp_digits)
    i._printf_core                           0x08005e6c   Section        0  printfa.o(i._printf_core)
    _printf_core                             0x08005e6d   Thumb Code  1744  printfa.o(i._printf_core)
    i._printf_post_padding                   0x08006548   Section        0  printfa.o(i._printf_post_padding)
    _printf_post_padding                     0x08006549   Thumb Code    36  printfa.o(i._printf_post_padding)
    i._printf_pre_padding                    0x0800656c   Section        0  printfa.o(i._printf_pre_padding)
    _printf_pre_padding                      0x0800656d   Thumb Code    46  printfa.o(i._printf_pre_padding)
    i._sputc                                 0x0800659a   Section        0  printfa.o(i._sputc)
    _sputc                                   0x0800659b   Thumb Code    10  printfa.o(i._sputc)
    i.enable_ref_spads                       0x080065a4   Section        0  vl53l0x_api_calibration.o(i.enable_ref_spads)
    i.enable_spad_bit                        0x08006650   Section        0  vl53l0x_api_calibration.o(i.enable_spad_bit)
    i.fputc                                  0x08006682   Section        0  serial.o(i.fputc)
    i.get_dmax_lut_points                    0x08006692   Section        0  vl53l0x_api_core.o(i.get_dmax_lut_points)
    i.get_next_good_spad                     0x080066de   Section        0  vl53l0x_api_calibration.o(i.get_next_good_spad)
    i.get_ref_spad_map                       0x08006746   Section        0  vl53l0x_api_calibration.o(i.get_ref_spad_map)
    i.get_sequence_step_timeout              0x0800675e   Section        0  vl53l0x_api_core.o(i.get_sequence_step_timeout)
    i.is_aperture                            0x08006880   Section        0  vl53l0x_api_calibration.o(i.is_aperture)
    i.main                                   0x08006898   Section        0  main.o(i.main)
    i.perform_ref_signal_measurement         0x080068a4   Section        0  vl53l0x_api_calibration.o(i.perform_ref_signal_measurement)
    i.sequence_step_enabled                  0x08006912   Section        0  vl53l0x_api.o(i.sequence_step_enabled)
    i.set_ref_spad_map                       0x0800695a   Section        0  vl53l0x_api_calibration.o(i.set_ref_spad_map)
    i.set_sequence_step_timeout              0x08006972   Section        0  vl53l0x_api_core.o(i.set_sequence_step_timeout)
    .constdata                               0x08006aaa   Section     1520  oled_font.o(.constdata)
    .constdata                               0x0800709a   Section      129  ctype_o.o(.constdata)
    .constdata                               0x0800711c   Section        4  ctype_o.o(.constdata)
    table                                    0x0800711c   Data           4  ctype_o.o(.constdata)
    .data                                    0x20000000   Section       20  stm32f10x_rcc.o(.data)
    APBAHBPrescTable                         0x20000000   Data          16  stm32f10x_rcc.o(.data)
    ADCPrescTable                            0x20000010   Data           4  stm32f10x_rcc.o(.data)
    .data                                    0x20000014   Section        3  serial.o(.data)
    RXState                                  0x20000015   Data           1  serial.o(.data)
    pRXPacket                                0x20000016   Data           1  serial.o(.data)
    .data                                    0x20000018   Section        4  my_vl53l0x.o(.data)
    .data                                    0x2000001c   Section        9  oled_gfx.o(.data)
    OLED_DirtyPage                           0x2000001c   Data           8  oled_gfx.o(.data)
    OLED_FlushPage                           0x20000024   Data           1  oled_gfx.o(.data)
    .data                                    0x20000028   Section       12  gesture_tof.o(.data)
    s_state                                  0x20000028   Data           1  gesture_tof.o(.data)
    s_filteredDistance                       0x2000002a   Data           2  gesture_tof.o(.data)
    s_lastDistance                           0x2000002c   Data           2  gesture_tof.o(.data)
    s_nearStartTime                          0x20000030   Data           4  gesture_tof.o(.data)
    .data                                    0x20000034   Section        4  systemtime.o(.data)
    s_ms                                     0x20000034   Data           4  systemtime.o(.data)
    .data                                    0x20000038   Section       12  touch.o(.data)
    s_pendingEvent                           0x20000038   Data           1  touch.o(.data)
    s_scanTick                               0x2000003c   Data           4  touch.o(.data)
    s_repeatTick                             0x20000040   Data           4  touch.o(.data)
    .data                                    0x20000044   Section      681  vl53l0x_api.o(.data)
    .data                                    0x200002f0   Section       16  vl53l0x_api_calibration.o(.data)
    .data                                    0x20000300   Section        4  stdout.o(.data)
    .data                                    0x20000304   Section        4  errno.o(.data)
    _errno                                   0x20000304   Data           4  errno.o(.data)
    .bss                                     0x20000308   Section       16  led.o(.bss)
    s_led                                    0x20000308   Data          16  led.o(.bss)
    .bss                                     0x20000318   Section      100  serial.o(.bss)
    .bss                                     0x2000037c   Section      388  my_vl53l0x.o(.bss)
    .bss                                     0x20000500   Section     1024  oled_gfx.o(.bss)
    OLED_Buffer                              0x20000500   Data        1024  oled_gfx.o(.bss)
    .bss                                     0x20000900   Section       20  oled_ui.o(.bss)
    s_ui                                     0x20000900   Data          20  oled_ui.o(.bss)
    .bss                                     0x20000914   Section       28  app.o(.bss)
    s_app                                    0x20000914   Data          28  app.o(.bss)
    .bss                                     0x20000930   Section       48  touch.o(.bss)
    s_modeKey                                0x20000930   Data          16  touch.o(.bss)
    s_upKey                                  0x20000940   Data          16  touch.o(.bss)
    s_downKey                                0x20000950   Data          16  touch.o(.bss)
    STACK                                    0x20000960   Section     1024  startup_stm32f10x_md.o(STACK)

    Global Symbols

    Symbol Name                              Value     Ov Type        Size  Object(Section)

    BuildAttributes$$THM_ISAv4$P$D$K$B$S$PE$A:L22UL41UL21$X:L11$S22US41US21$IEEE1$IW$USESV6$~STKCKD$USESV7$~SHL$OSPACE$ROPI$EBA8$MICROLIB$REQ8$PRES8$EABIv2 0x00000000   Number         0  anon$$obj.o ABSOLUTE
    __ARM_use_no_argv                        0x00000000   Number         0  main.o ABSOLUTE
    __cpp_initialize__aeabi_                  - Undefined Weak Reference
    __cxa_finalize                            - Undefined Weak Reference
    _clock_init                               - Undefined Weak Reference
    _microlib_exit                            - Undefined Weak Reference
    __Vectors_Size                           0x000000ec   Number         0  startup_stm32f10x_md.o ABSOLUTE
    __Vectors                                0x08000000   Data           4  startup_stm32f10x_md.o(RESET)
    __Vectors_End                            0x080000ec   Data           0  startup_stm32f10x_md.o(RESET)
    __main                                   0x080000ed   Thumb Code     0  entry.o(.ARM.Collect$$$$00000000)
    _main_stk                                0x080000ed   Thumb Code     0  entry2.o(.ARM.Collect$$$$00000001)
    _main_scatterload                        0x080000f1   Thumb Code     0  entry5.o(.ARM.Collect$$$$00000004)
    __main_after_scatterload                 0x080000f5   Thumb Code     0  entry5.o(.ARM.Collect$$$$00000004)
    _main_clock                              0x080000f5   Thumb Code     0  entry7b.o(.ARM.Collect$$$$00000008)
    _main_cpp_init                           0x080000f5   Thumb Code     0  entry8b.o(.ARM.Collect$$$$0000000A)
    _main_init                               0x080000f5   Thumb Code     0  entry9a.o(.ARM.Collect$$$$0000000B)
    __rt_final_cpp                           0x080000fd   Thumb Code     0  entry10a.o(.ARM.Collect$$$$0000000D)
    __rt_final_exit                          0x080000fd   Thumb Code     0  entry11a.o(.ARM.Collect$$$$0000000F)
    Reset_Handler                            0x08000101   Thumb Code     8  startup_stm32f10x_md.o(.text)
    ADC1_2_IRQHandler                        0x0800011b   Thumb Code     0  startup_stm32f10x_md.o(.text)
    CAN1_RX1_IRQHandler                      0x0800011b   Thumb Code     0  startup_stm32f10x_md.o(.text)
    CAN1_SCE_IRQHandler                      0x0800011b   Thumb Code     0  startup_stm32f10x_md.o(.text)
    DMA1_Channel1_IRQHandler                 0x0800011b   Thumb Code     0  startup_stm32f10x_md.o(.text)
    DMA1_Channel2_IRQHandler                 0x0800011b   Thumb Code     0  startup_stm32f10x_md.o(.text)
    DMA1_Channel3_IRQHandler                 0x0800011b   Thumb Code     0  startup_stm32f10x_md.o(.text)
    DMA1_Channel4_IRQHandler                 0x0800011b   Thumb Code     0  startup_stm32f10x_md.o(.text)
    DMA1_Channel5_IRQHandler                 0x0800011b   Thumb Code     0  startup_stm32f10x_md.o(.text)
    DMA1_Channel6_IRQHandler                 0x0800011b   Thumb Code     0  startup_stm32f10x_md.o(.text)
    DMA1_Channel7_IRQHandler                 0x0800011b   Thumb Code     0  startup_stm32f10x_md.o(.text)
    EXTI0_IRQHandler                         0x0800011b   Thumb Code     0  startup_stm32f10x_md.o(.text)
    EXTI15_10_IRQHandler                     0x0800011b   Thumb Code     0  startup_stm32f10x_md.o(.text)
    EXTI1_IRQHandler                         0x0800011b   Thumb Code     0  startup_stm32f10x_md.o(.text)
    EXTI2_IRQHandler                         0x0800011b   Thumb Code     0  startup_stm32f10x_md.o(.text)
    EXTI3_IRQHandler                         0x0800011b   Thumb Code     0  startup_stm32f10x_md.o(.text)
    EXTI4_IRQHandler                         0x0800011b   Thumb Code     0  startup_stm32f10x_md.o(.text)
    EXTI9_5_IRQHandler                       0x0800011b   Thumb Code     0  startup_stm32f10x_md.o(.text)
    FLASH_IRQHandler                         0x0800011b   Thumb Code     0  startup_stm32f10x_md.o(.text)
    I2C1_ER_IRQHandler                       0x0800011b   Thumb Code     0  startup_stm32f10x_md.o(.text)
    I2C1_EV_IRQHandler                       0x0800011b   Thumb Code     0  startup_stm32f10x_md.o(.text)
    I2C2_ER_IRQHandler                       0x0800011b   Thumb Code     0  startup_stm32f10x_md.o(.text)
    I2C2_EV_IRQHandler                       0x0800011b   Thumb Code     0  startup_stm32f10x_md.o(.text)
    PVD_IRQHandler                           0x0800011b   Thumb Code     0  startup_stm32f10x_md.o(.text)
    RCC_IRQHandler                           0x0800011b   Thumb Code     0  startup_stm32f10x_md.o(.text)
    RTCAlarm_IRQHandler                      0x0800011b   Thumb Code     0  startup_stm32f10x_md.o(.text)
    RTC_IRQHandler                           0x0800011b   Thumb Code     0  startup_stm32f10x_md.o(.text)
    SPI1_IRQHandler                          0x0800011b   Thumb Code     0  startup_stm32f10x_md.o(.text)
    SPI2_IRQHandler                          0x0800011b   Thumb Code     0  startup_stm32f10x_md.o(.text)
    TAMPER_IRQHandler                        0x0800011b   Thumb Code     0  startup_stm32f10x_md.o(.text)
    TIM1_BRK_IRQHandler                      0x0800011b   Thumb Code     0  startup_stm32f10x_md.o(.text)
    TIM1_CC_IRQHandler                       0x0800011b   Thumb Code     0  startup_stm32f10x_md.o(.text)
    TIM1_TRG_COM_IRQHandler                  0x0800011b   Thumb Code     0  startup_stm32f10x_md.o(.text)
    TIM1_UP_IRQHandler                       0x0800011b   Thumb Code     0  startup_stm32f10x_md.o(.text)
    TIM2_IRQHandler                          0x0800011b   Thumb Code     0  startup_stm32f10x_md.o(.text)
    TIM3_IRQHandler                          0x0800011b   Thumb Code     0  startup_stm32f10x_md.o(.text)
    USART2_IRQHandler                        0x0800011b   Thumb Code     0  startup_stm32f10x_md.o(.text)
    USART3_IRQHandler                        0x0800011b   Thumb Code     0  startup_stm32f10x_md.o(.text)
    USBWakeUp_IRQHandler                     0x0800011b   Thumb Code     0  startup_stm32f10x_md.o(.text)
    USB_HP_CAN1_TX_IRQHandler                0x0800011b   Thumb Code     0  startup_stm32f10x_md.o(.text)
    USB_LP_CAN1_RX0_IRQHandler               0x0800011b   Thumb Code     0  startup_stm32f10x_md.o(.text)
    WWDG_IRQHandler                          0x0800011b   Thumb Code     0  startup_stm32f10x_md.o(.text)
    __aeabi_memcpy                           0x08000125   Thumb Code    36  memcpya.o(.text)
    __aeabi_memcpy4                          0x08000125   Thumb Code     0  memcpya.o(.text)
    __aeabi_memcpy8                          0x08000125   Thumb Code     0  memcpya.o(.text)
    __aeabi_memset                           0x08000149   Thumb Code    14  memseta.o(.text)
    __aeabi_memset4                          0x08000149   Thumb Code     0  memseta.o(.text)
    __aeabi_memset8                          0x08000149   Thumb Code     0  memseta.o(.text)
    __aeabi_memclr                           0x08000157   Thumb Code     4  memseta.o(.text)
    __aeabi_memclr4                          0x08000157   Thumb Code     0  memseta.o(.text)
    __aeabi_memclr8                          0x08000157   Thumb Code     0  memseta.o(.text)
    _memset$wrapper                          0x0800015b   Thumb Code    18  memseta.o(.text)
    strcmp                                   0x0800016d   Thumb Code    28  strcmp.o(.text)
    strcpy                                   0x08000189   Thumb Code    18  strcpy.o(.text)
    atoi                                     0x0800019b   Thumb Code    26  atoi.o(.text)
    __aeabi_uidiv                            0x080001b5   Thumb Code     0  uidiv.o(.text)
    __aeabi_uidivmod                         0x080001b5   Thumb Code    44  uidiv.o(.text)
    __aeabi_uldivmod                         0x080001e1   Thumb Code    98  uldiv.o(.text)
    strtol                                   0x08000243   Thumb Code   112  strtol.o(.text)
    __I$use$fp                               0x080002b3   Thumb Code     0  iusefp.o(.text)
    __aeabi_dadd                             0x080002b3   Thumb Code   322  dadd.o(.text)
    __aeabi_dsub                             0x080003f5   Thumb Code     6  dadd.o(.text)
    __aeabi_drsub                            0x080003fb   Thumb Code     6  dadd.o(.text)
    __aeabi_dmul                             0x08000401   Thumb Code   228  dmul.o(.text)
    __aeabi_ddiv                             0x080004e5   Thumb Code   222  ddiv.o(.text)
    __aeabi_d2ulz                            0x080005c3   Thumb Code    48  dfixul.o(.text)
    __aeabi_cdrcmple                         0x080005f5   Thumb Code    48  cdrcmple.o(.text)
    __scatterload                            0x08000625   Thumb Code    28  init.o(.text)
    __scatterload_rt2                        0x08000625   Thumb Code     0  init.o(.text)
    __aeabi_llsl                             0x08000649   Thumb Code    30  llshl.o(.text)
    _ll_shift_l                              0x08000649   Thumb Code     0  llshl.o(.text)
    __aeabi_llsr                             0x08000667   Thumb Code    32  llushr.o(.text)
    _ll_ushift_r                             0x08000667   Thumb Code     0  llushr.o(.text)
    __aeabi_lasr                             0x08000687   Thumb Code    36  llsshr.o(.text)
    _ll_sshift_r                             0x08000687   Thumb Code     0  llsshr.o(.text)
    __rt_ctype_table                         0x080006ad   Thumb Code     4  ctype_o.o(.text)
    _strtoul                                 0x080006b5   Thumb Code   158  _strtoul.o(.text)
    _double_round                            0x08000753   Thumb Code    30  depilogue.o(.text)
    _double_epilogue                         0x08000771   Thumb Code   156  depilogue.o(.text)
    _chval                                   0x0800080d   Thumb Code    28  _chval.o(.text)
    __decompress                             0x08000829   Thumb Code     0  __dclz77c.o(.text)
    __decompress2                            0x08000829   Thumb Code    94  __dclz77c.o(.text)
    App_Init                                 0x08000c9d   Thumb Code    82  app.o(i.App_Init)
    App_Task                                 0x08000e95   Thumb Code    50  app.o(i.App_Task)
    BusFault_Handler                         0x08000f89   Thumb Code     4  stm32f10x_it.o(i.BusFault_Handler)
    DebugMon_Handler                         0x08000f8d   Thumb Code     2  stm32f10x_it.o(i.DebugMon_Handler)
    Delay_ms                                 0x08000f8f   Thumb Code    24  delay.o(i.Delay_ms)
    Delay_us                                 0x08000fa7   Thumb Code    46  delay.o(i.Delay_us)
    GPIO_Init                                0x08000fd5   Thumb Code   278  stm32f10x_gpio.o(i.GPIO_Init)
    GPIO_ReadInputDataBit                    0x080010eb   Thumb Code    18  stm32f10x_gpio.o(i.GPIO_ReadInputDataBit)
    GPIO_SetBits                             0x080010fd   Thumb Code     4  stm32f10x_gpio.o(i.GPIO_SetBits)
    GPIO_WriteBit                            0x08001101   Thumb Code    10  stm32f10x_gpio.o(i.GPIO_WriteBit)
    Gesture_Init                             0x08001149   Thumb Code    26  gesture_tof.o(i.Gesture_Init)
    Gesture_Update                           0x08001189   Thumb Code   156  gesture_tof.o(i.Gesture_Update)
    Get_Brightness_Set                       0x0800122d   Thumb Code     6  led.o(i.Get_Brightness_Set)
    HardFault_Handler                        0x08001239   Thumb Code     4  stm32f10x_it.o(i.HardFault_Handler)
    Key_Init                                 0x0800123d   Thumb Code    40  key.o(i.Key_Init)
    LD2410B_GetState                         0x08001269   Thumb Code    20  ld2410b.o(i.LD2410B_GetState)
    LD2410B_Init                             0x08001281   Thumb Code    40  ld2410b.o(i.LD2410B_Init)
    LED1_AckFlash                            0x080012ad   Thumb Code    32  led.o(i.LED1_AckFlash)
    LED1_AddMemory                           0x080012d1   Thumb Code    24  led.o(i.LED1_AddMemory)
    LED1_AddTarget                           0x080012ed   Thumb Code    24  led.o(i.LED1_AddTarget)
    LED1_GetBrightness                       0x08001309   Thumb Code    12  led.o(i.LED1_GetBrightness)
    LED1_GetTarget                           0x08001319   Thumb Code     6  led.o(i.LED1_GetTarget)
    LED1_IsOn                                0x08001325   Thumb Code    16  led.o(i.LED1_IsOn)
    LED1_OFF                                 0x08001339   Thumb Code     8  led.o(i.LED1_OFF)
    LED1_ON                                  0x08001345   Thumb Code    24  led.o(i.LED1_ON)
    LED1_SetMemory                           0x08001361   Thumb Code    18  led.o(i.LED1_SetMemory)
    LED1_SetTarget                           0x08001379   Thumb Code    22  led.o(i.LED1_SetTarget)
    LED1_Task                                0x08001395   Thumb Code   124  led.o(i.LED1_Task)
    LED1_Turn                                0x08001415   Thumb Code    20  led.o(i.LED1_Turn)
    LED_Init                                 0x080014fd   Thumb Code    34  led.o(i.LED_Init)
    MemManage_Handler                        0x08001571   Thumb Code     4  stm32f10x_it.o(i.MemManage_Handler)
    MyI2C_Init                               0x08001575   Thumb Code    50  myi2c.o(i.MyI2C_Init)
    MyI2C_R_SDA                              0x080015ad   Thumb Code    24  myi2c.o(i.MyI2C_R_SDA)
    MyI2C_ReceiveAck                         0x080015c9   Thumb Code    30  myi2c.o(i.MyI2C_ReceiveAck)
    MyI2C_ReceiveByte                        0x080015e7   Thumb Code    50  myi2c.o(i.MyI2C_ReceiveByte)
    MyI2C_SendAck                            0x08001619   Thumb Code    24  myi2c.o(i.MyI2C_SendAck)
    MyI2C_SendByte                           0x08001631   Thumb Code    50  myi2c.o(i.MyI2C_SendByte)
    MyI2C_Start                              0x08001663   Thumb Code    28  myi2c.o(i.MyI2C_Start)
    MyI2C_Stop                               0x0800167f   Thumb Code    22  myi2c.o(i.MyI2C_Stop)
    MyI2C_W_SCL                              0x08001695   Thumb Code    24  myi2c.o(i.MyI2C_W_SCL)
    MyI2C_W_SDA                              0x080016b1   Thumb Code    24  myi2c.o(i.MyI2C_W_SDA)
    MyVL53L0X_GetDistance                    0x080016cd   Thumb Code    72  my_vl53l0x.o(i.MyVL53L0X_GetDistance)
    MyVL53L0X_Init                           0x0800171d   Thumb Code    98  my_vl53l0x.o(i.MyVL53L0X_Init)
    NMI_Handler                              0x08001785   Thumb Code     2  stm32f10x_it.o(i.NMI_Handler)
    NVIC_Init                                0x08001789   Thumb Code   100  misc.o(i.NVIC_Init)
    NVIC_PriorityGroupConfig                 0x080017f9   Thumb Code    10  misc.o(i.NVIC_PriorityGroupConfig)
    OLEDGFX_ClearBuffer                      0x0800180d   Thumb Code    18  oled_gfx.o(i.OLEDGFX_ClearBuffer)
    OLEDGFX_DrawCircle                       0x08001825   Thumb Code   184  oled_gfx.o(i.OLEDGFX_DrawCircle)
    OLEDGFX_DrawHLine                        0x080018dd   Thumb Code    40  oled_gfx.o(i.OLEDGFX_DrawHLine)
    OLEDGFX_DrawPixel                        0x08001905   Thumb Code    88  oled_gfx.o(i.OLEDGFX_DrawPixel)
    OLEDGFX_DrawRect                         0x08001961   Thumb Code    84  oled_gfx.o(i.OLEDGFX_DrawRect)
    OLEDGFX_DrawVLine                        0x080019b5   Thumb Code    40  oled_gfx.o(i.OLEDGFX_DrawVLine)
    OLEDGFX_FillRect                         0x080019dd   Thumb Code    46  oled_gfx.o(i.OLEDGFX_FillRect)
    OLEDGFX_MarkAllDirty                     0x08001a0d   Thumb Code    20  oled_gfx.o(i.OLEDGFX_MarkAllDirty)
    OLEDGFX_ShowChar8x16                     0x08001a25   Thumb Code   128  oled_gfx.o(i.OLEDGFX_ShowChar8x16)
    OLEDGFX_ShowNum8x16                      0x08001aa9   Thumb Code    86  oled_gfx.o(i.OLEDGFX_ShowNum8x16)
    OLEDGFX_ShowString8x16                   0x08001aff   Thumb Code    44  oled_gfx.o(i.OLEDGFX_ShowString8x16)
    OLEDGFX_UpdateAll                        0x08001b2d   Thumb Code    48  oled_gfx.o(i.OLEDGFX_UpdateAll)
    OLEDGFX_UpdateOnePage                    0x08001b65   Thumb Code    76  oled_gfx.o(i.OLEDGFX_UpdateOnePage)
    OLEDUI_Init                              0x08001bbd   Thumb Code    46  oled_ui.o(i.OLEDUI_Init)
    OLEDUI_SetBrightness                     0x08001bf1   Thumb Code     8  oled_ui.o(i.OLEDUI_SetBrightness)
    OLEDUI_SetHuman                          0x08001bfd   Thumb Code    14  oled_ui.o(i.OLEDUI_SetHuman)
    OLEDUI_SetLight                          0x08001c11   Thumb Code    28  oled_ui.o(i.OLEDUI_SetLight)
    OLEDUI_SetMode                           0x08001c31   Thumb Code    14  oled_ui.o(i.OLEDUI_SetMode)
    OLEDUI_ShowDimming                       0x08001c45   Thumb Code    22  oled_ui.o(i.OLEDUI_ShowDimming)
    OLEDUI_ShowGesture                       0x08001c61   Thumb Code    22  oled_ui.o(i.OLEDUI_ShowGesture)
    OLEDUI_ShowLightState                    0x08001c7d   Thumb Code    26  oled_ui.o(i.OLEDUI_ShowLightState)
    OLEDUI_ShowMode                          0x08001c9d   Thumb Code    34  oled_ui.o(i.OLEDUI_ShowMode)
    OLEDUI_Task                              0x08001cc5   Thumb Code   104  oled_ui.o(i.OLEDUI_Task)
    OLED_Clear                               0x08001d31   Thumb Code    42  oled.o(i.OLED_Clear)
    OLED_I2C_Init                            0x08001d5d   Thumb Code    76  oled.o(i.OLED_I2C_Init)
    OLED_I2C_SendByte                        0x08001dad   Thumb Code    88  oled.o(i.OLED_I2C_SendByte)
    OLED_I2C_Start                           0x08001e09   Thumb Code    48  oled.o(i.OLED_I2C_Start)
    OLED_I2C_Stop                            0x08001e3d   Thumb Code    36  oled.o(i.OLED_I2C_Stop)
    OLED_Init                                0x08001e65   Thumb Code   174  oled.o(i.OLED_Init)
    OLED_SetCursor                           0x08001f25   Thumb Code    34  oled.o(i.OLED_SetCursor)
    OLED_WriteCommand                        0x08001f75   Thumb Code    32  oled.o(i.OLED_WriteCommand)
    OLED_WriteData                           0x08001f95   Thumb Code    32  oled.o(i.OLED_WriteData)
    PWM_GetTopValue                          0x08001fb5   Thumb Code     6  pwm.o(i.PWM_GetTopValue)
    PWM_Init                                 0x08001fbd   Thumb Code   162  pwm.o(i.PWM_Init)
    PWM_SetCompare3                          0x08002065   Thumb Code    26  pwm.o(i.PWM_SetCompare3)
    PendSV_Handler                           0x0800207f   Thumb Code     2  stm32f10x_it.o(i.PendSV_Handler)
    Protocol_FetchCommand                    0x080020b1   Thumb Code   374  protocol.o(i.Protocol_FetchCommand)
    Protocol_SendBrightness                  0x08002325   Thumb Code    18  protocol.o(i.Protocol_SendBrightness)
    Protocol_SendCount                       0x08002355   Thumb Code    14  protocol.o(i.Protocol_SendCount)
    Protocol_SendDim                         0x0800237d   Thumb Code    14  protocol.o(i.Protocol_SendDim)
    Protocol_SendError                       0x0800239d   Thumb Code    14  protocol.o(i.Protocol_SendError)
    Protocol_SendGesture                     0x080023bd   Thumb Code    14  protocol.o(i.Protocol_SendGesture)
    Protocol_SendHuman                       0x080023e1   Thumb Code    26  protocol.o(i.Protocol_SendHuman)
    Protocol_SendLight                       0x08002415   Thumb Code    22  protocol.o(i.Protocol_SendLight)
    Protocol_SendMode                        0x0800243d   Thumb Code    22  protocol.o(i.Protocol_SendMode)
    Protocol_SendOK                          0x08002475   Thumb Code    14  protocol.o(i.Protocol_SendOK)
    Protocol_SendPong                        0x08002495   Thumb Code    10  protocol.o(i.Protocol_SendPong)
    Protocol_SendStatus                      0x080024a9   Thumb Code    46  protocol.o(i.Protocol_SendStatus)
    RCC_APB1PeriphClockCmd                   0x08002549   Thumb Code    26  stm32f10x_rcc.o(i.RCC_APB1PeriphClockCmd)
    RCC_APB2PeriphClockCmd                   0x08002569   Thumb Code    26  stm32f10x_rcc.o(i.RCC_APB2PeriphClockCmd)
    RCC_GetClocksFreq                        0x08002589   Thumb Code   192  stm32f10x_rcc.o(i.RCC_GetClocksFreq)
    SVC_Handler                              0x0800265d   Thumb Code     2  stm32f10x_it.o(i.SVC_Handler)
    Serial_Init                              0x08002661   Thumb Code   174  serial.o(i.Serial_Init)
    Serial_Printf                            0x08002719   Thumb Code    36  serial.o(i.Serial_Printf)
    Serial_SendByte                          0x0800273d   Thumb Code    28  serial.o(i.Serial_SendByte)
    Serial_SendString                        0x0800275d   Thumb Code    26  serial.o(i.Serial_SendString)
    SysTick_Handler                          0x08002861   Thumb Code     2  stm32f10x_it.o(i.SysTick_Handler)
    SystemInit                               0x08002865   Thumb Code    78  system_stm32f10x.o(i.SystemInit)
    SystemTime_Init                          0x080028c5   Thumb Code    90  systemtime.o(i.SystemTime_Init)
    SystemTime_IsDue                         0x08002925   Thumb Code    28  systemtime.o(i.SystemTime_IsDue)
    SystemTime_Millis                        0x08002941   Thumb Code     6  systemtime.o(i.SystemTime_Millis)
    TIM4_IRQHandler                          0x0800294d   Thumb Code    34  systemtime.o(i.TIM4_IRQHandler)
    TIM_ARRPreloadConfig                     0x08002979   Thumb Code    24  stm32f10x_tim.o(i.TIM_ARRPreloadConfig)
    TIM_ClearITPendingBit                    0x08002991   Thumb Code     6  stm32f10x_tim.o(i.TIM_ClearITPendingBit)
    TIM_Cmd                                  0x08002997   Thumb Code    24  stm32f10x_tim.o(i.TIM_Cmd)
    TIM_GetITStatus                          0x080029af   Thumb Code    34  stm32f10x_tim.o(i.TIM_GetITStatus)
    TIM_ITConfig                             0x080029d1   Thumb Code    18  stm32f10x_tim.o(i.TIM_ITConfig)
    TIM_InternalClockConfig                  0x080029e3   Thumb Code    12  stm32f10x_tim.o(i.TIM_InternalClockConfig)
    TIM_OC3Init                              0x080029f1   Thumb Code   150  stm32f10x_tim.o(i.TIM_OC3Init)
    TIM_OC3PreloadConfig                     0x08002a91   Thumb Code    18  stm32f10x_tim.o(i.TIM_OC3PreloadConfig)
    TIM_OCStructInit                         0x08002aa3   Thumb Code    20  stm32f10x_tim.o(i.TIM_OCStructInit)
    TIM_SetCompare3                          0x08002ab7   Thumb Code     4  stm32f10x_tim.o(i.TIM_SetCompare3)
    TIM_TimeBaseInit                         0x08002abd   Thumb Code   122  stm32f10x_tim.o(i.TIM_TimeBaseInit)
    Touch_Init                               0x08002bdd   Thumb Code    36  touch.o(i.Touch_Init)
    Touch_TakeEvent                          0x08002c11   Thumb Code    12  touch.o(i.Touch_TakeEvent)
    Touch_Task                               0x08002c21   Thumb Code   174  touch.o(i.Touch_Task)
    USART1_IRQHandler                        0x0800323d   Thumb Code   142  serial.o(i.USART1_IRQHandler)
    USART_ClearITPendingBit                  0x080032e1   Thumb Code    30  stm32f10x_usart.o(i.USART_ClearITPendingBit)
    USART_Cmd                                0x080032ff   Thumb Code    24  stm32f10x_usart.o(i.USART_Cmd)
    USART_GetFlagStatus                      0x08003317   Thumb Code    26  stm32f10x_usart.o(i.USART_GetFlagStatus)
    USART_GetITStatus                        0x08003331   Thumb Code    84  stm32f10x_usart.o(i.USART_GetITStatus)
    USART_ITConfig                           0x08003385   Thumb Code    74  stm32f10x_usart.o(i.USART_ITConfig)
    USART_Init                               0x080033d1   Thumb Code   210  stm32f10x_usart.o(i.USART_Init)
    USART_ReceiveData                        0x080034a9   Thumb Code    10  stm32f10x_usart.o(i.USART_ReceiveData)
    USART_SendData                           0x080034b3   Thumb Code     8  stm32f10x_usart.o(i.USART_SendData)
    UsageFault_Handler                       0x080034bb   Thumb Code     4  stm32f10x_it.o(i.UsageFault_Handler)
    VL53L0X_CheckAndLoadInterruptSettings    0x080034c1   Thumb Code   290  vl53l0x_api.o(i.VL53L0X_CheckAndLoadInterruptSettings)
    VL53L0X_ClearInterruptMask               0x080035e9   Thumb Code    82  vl53l0x_api.o(i.VL53L0X_ClearInterruptMask)
    VL53L0X_DataInit                         0x0800363d   Thumb Code   464  vl53l0x_api.o(i.VL53L0X_DataInit)
    VL53L0X_GetDeviceMode                    0x08003825   Thumb Code    10  vl53l0x_api.o(i.VL53L0X_GetDeviceMode)
    VL53L0X_GetDeviceParameters              0x0800382f   Thumb Code   204  vl53l0x_api.o(i.VL53L0X_GetDeviceParameters)
    VL53L0X_GetFractionEnable                0x080038fb   Thumb Code    34  vl53l0x_api.o(i.VL53L0X_GetFractionEnable)
    VL53L0X_GetInterMeasurementPeriodMilliSeconds 0x0800391d   Thumb Code    62  vl53l0x_api.o(i.VL53L0X_GetInterMeasurementPeriodMilliSeconds)
    VL53L0X_GetInterruptMaskStatus           0x0800395b   Thumb Code    48  vl53l0x_api.o(i.VL53L0X_GetInterruptMaskStatus)
    VL53L0X_GetInterruptThresholds           0x0800398b   Thumb Code    66  vl53l0x_api.o(i.VL53L0X_GetInterruptThresholds)
    VL53L0X_GetLimitCheckEnable              0x080039cd   Thumb Code    28  vl53l0x_api.o(i.VL53L0X_GetLimitCheckEnable)
    VL53L0X_GetLimitCheckValue               0x080039e9   Thumb Code   182  vl53l0x_api.o(i.VL53L0X_GetLimitCheckValue)
    VL53L0X_GetMeasurementDataReady          0x08003a9f   Thumb Code    88  vl53l0x_api.o(i.VL53L0X_GetMeasurementDataReady)
    VL53L0X_GetMeasurementTimingBudgetMicroSeconds 0x08003af7   Thumb Code    22  vl53l0x_api.o(i.VL53L0X_GetMeasurementTimingBudgetMicroSeconds)
    VL53L0X_GetOffsetCalibrationDataMicroMeter 0x08003b0d   Thumb Code    22  vl53l0x_api.o(i.VL53L0X_GetOffsetCalibrationDataMicroMeter)
    VL53L0X_GetRangingMeasurementData        0x08003b23   Thumb Code   366  vl53l0x_api.o(i.VL53L0X_GetRangingMeasurementData)
    VL53L0X_GetSequenceStepEnables           0x08003c91   Thumb Code   118  vl53l0x_api.o(i.VL53L0X_GetSequenceStepEnables)
    VL53L0X_GetVcselPulsePeriod              0x08003d07   Thumb Code    30  vl53l0x_api.o(i.VL53L0X_GetVcselPulsePeriod)
    VL53L0X_GetWrapAroundCheckEnable         0x08003d25   Thumb Code    62  vl53l0x_api.o(i.VL53L0X_GetWrapAroundCheckEnable)
    VL53L0X_GetXTalkCompensationEnable       0x08003d63   Thumb Code    12  vl53l0x_api.o(i.VL53L0X_GetXTalkCompensationEnable)
    VL53L0X_GetXTalkCompensationRateMegaCps  0x08003d6f   Thumb Code    56  vl53l0x_api.o(i.VL53L0X_GetXTalkCompensationRateMegaCps)
    VL53L0X_PerformRefCalibration            0x08003da7   Thumb Code    32  vl53l0x_api.o(i.VL53L0X_PerformRefCalibration)
    VL53L0X_PerformRefSpadManagement         0x08003dc7   Thumb Code    30  vl53l0x_api.o(i.VL53L0X_PerformRefSpadManagement)
    VL53L0X_PerformSingleMeasurement         0x08003de5   Thumb Code    60  vl53l0x_api.o(i.VL53L0X_PerformSingleMeasurement)
    VL53L0X_PerformSingleRangingMeasurement  0x08003e21   Thumb Code    56  vl53l0x_api.o(i.VL53L0X_PerformSingleRangingMeasurement)
    VL53L0X_PollingDelay                     0x08003e59   Thumb Code    14  vl53l0x_i2c_platform.o(i.VL53L0X_PollingDelay)
    VL53L0X_RdByte                           0x08003e67   Thumb Code    22  vl53l0x_i2c_platform.o(i.VL53L0X_RdByte)
    VL53L0X_RdDWord                          0x08003e7d   Thumb Code    56  vl53l0x_i2c_platform.o(i.VL53L0X_RdDWord)
    VL53L0X_RdWord                           0x08003eb5   Thumb Code    40  vl53l0x_i2c_platform.o(i.VL53L0X_RdWord)
    VL53L0X_ReadMulti                        0x08003edd   Thumb Code   106  vl53l0x_i2c_platform.o(i.VL53L0X_ReadMulti)
    VL53L0X_SetDeviceMode                    0x08003f47   Thumb Code    50  vl53l0x_api.o(i.VL53L0X_SetDeviceMode)
    VL53L0X_SetGpioConfig                    0x08003f79   Thumb Code   360  vl53l0x_api.o(i.VL53L0X_SetGpioConfig)
    VL53L0X_SetLimitCheckEnable              0x080040e1   Thumb Code   194  vl53l0x_api.o(i.VL53L0X_SetLimitCheckEnable)
    VL53L0X_SetLimitCheckValue               0x080041a3   Thumb Code   118  vl53l0x_api.o(i.VL53L0X_SetLimitCheckValue)
    VL53L0X_SetMeasurementTimingBudgetMicroSeconds 0x08004219   Thumb Code    22  vl53l0x_api.o(i.VL53L0X_SetMeasurementTimingBudgetMicroSeconds)
    VL53L0X_SetSequenceStepEnable            0x0800422f   Thumb Code   196  vl53l0x_api.o(i.VL53L0X_SetSequenceStepEnable)
    VL53L0X_StartMeasurement                 0x080042f3   Thumb Code   268  vl53l0x_api.o(i.VL53L0X_StartMeasurement)
    VL53L0X_StaticInit                       0x08004401   Thumb Code   418  vl53l0x_api.o(i.VL53L0X_StaticInit)
    VL53L0X_UpdateByte                       0x080045a9   Thumb Code    62  vl53l0x_i2c_platform.o(i.VL53L0X_UpdateByte)
    VL53L0X_WrByte                           0x080045e7   Thumb Code    20  vl53l0x_i2c_platform.o(i.VL53L0X_WrByte)
    VL53L0X_WrWord                           0x080045fb   Thumb Code    34  vl53l0x_i2c_platform.o(i.VL53L0X_WrWord)
    VL53L0X_WriteMulti                       0x0800461d   Thumb Code    68  vl53l0x_i2c_platform.o(i.VL53L0X_WriteMulti)
    VL53L0X_calc_dmax                        0x08004661   Thumb Code   174  vl53l0x_api_core.o(i.VL53L0X_calc_dmax)
    VL53L0X_calc_macro_period_ps             0x0800470f   Thumb Code    22  vl53l0x_api_core.o(i.VL53L0X_calc_macro_period_ps)
    VL53L0X_calc_sigma_estimate              0x08004725   Thumb Code   740  vl53l0x_api_core.o(i.VL53L0X_calc_sigma_estimate)
    VL53L0X_calc_timeout_mclks               0x08004a15   Thumb Code    52  vl53l0x_api_core.o(i.VL53L0X_calc_timeout_mclks)
    VL53L0X_calc_timeout_us                  0x08004a49   Thumb Code    52  vl53l0x_api_core.o(i.VL53L0X_calc_timeout_us)
    VL53L0X_decode_timeout                   0x08004a7d   Thumb Code    14  vl53l0x_api_core.o(i.VL53L0X_decode_timeout)
    VL53L0X_decode_vcsel_period              0x08004a8b   Thumb Code    12  vl53l0x_api_core.o(i.VL53L0X_decode_vcsel_period)
    VL53L0X_device_read_strobe               0x08004a97   Thumb Code    82  vl53l0x_api_core.o(i.VL53L0X_device_read_strobe)
    VL53L0X_encode_timeout                   0x08004ae9   Thumb Code    40  vl53l0x_api_core.o(i.VL53L0X_encode_timeout)
    VL53L0X_get_info_from_device             0x08004b11   Thumb Code  1360  vl53l0x_api_core.o(i.VL53L0X_get_info_from_device)
    VL53L0X_get_measurement_timing_budget_micro_seconds 0x08005061   Thumb Code   238  vl53l0x_api_core.o(i.VL53L0X_get_measurement_timing_budget_micro_seconds)
    VL53L0X_get_offset_calibration_data_micro_meter 0x0800514f   Thumb Code    86  vl53l0x_api_calibration.o(i.VL53L0X_get_offset_calibration_data_micro_meter)
    VL53L0X_get_pal_range_status             0x080051a5   Thumb Code   568  vl53l0x_api_core.o(i.VL53L0X_get_pal_range_status)
    VL53L0X_get_total_signal_rate            0x080053dd   Thumb Code    40  vl53l0x_api_core.o(i.VL53L0X_get_total_signal_rate)
    VL53L0X_get_total_xtalk_rate             0x08005405   Thumb Code    58  vl53l0x_api_core.o(i.VL53L0X_get_total_xtalk_rate)
    VL53L0X_get_vcsel_pulse_period           0x0800543f   Thumb Code    70  vl53l0x_api_core.o(i.VL53L0X_get_vcsel_pulse_period)
    VL53L0X_isqrt                            0x08005485   Thumb Code    44  vl53l0x_api_core.o(i.VL53L0X_isqrt)
    VL53L0X_load_tuning_settings             0x080054b1   Thumb Code   234  vl53l0x_api_core.o(i.VL53L0X_load_tuning_settings)
    VL53L0X_measurement_poll_for_completion  0x0800559b   Thumb Code    66  vl53l0x_api_core.o(i.VL53L0X_measurement_poll_for_completion)
    VL53L0X_perform_phase_calibration        0x080055dd   Thumb Code   124  vl53l0x_api_calibration.o(i.VL53L0X_perform_phase_calibration)
    VL53L0X_perform_ref_calibration          0x08005659   Thumb Code    76  vl53l0x_api_calibration.o(i.VL53L0X_perform_ref_calibration)
    VL53L0X_perform_ref_spad_management      0x080056a5   Thumb Code   658  vl53l0x_api_calibration.o(i.VL53L0X_perform_ref_spad_management)
    VL53L0X_perform_single_ref_calibration   0x08005937   Thumb Code    64  vl53l0x_api_calibration.o(i.VL53L0X_perform_single_ref_calibration)
    VL53L0X_perform_vhv_calibration          0x08005977   Thumb Code   126  vl53l0x_api_calibration.o(i.VL53L0X_perform_vhv_calibration)
    VL53L0X_ref_calibration_io               0x080059f5   Thumb Code   176  vl53l0x_api_calibration.o(i.VL53L0X_ref_calibration_io)
    VL53L0X_set_measurement_timing_budget_micro_seconds 0x08005aa5   Thumb Code   276  vl53l0x_api_core.o(i.VL53L0X_set_measurement_timing_budget_micro_seconds)
    VL53L0X_set_reference_spads              0x08005bb9   Thumb Code   194  vl53l0x_api_calibration.o(i.VL53L0X_set_reference_spads)
    __0printf                                0x08005c7d   Thumb Code    22  printfa.o(i.__0printf)
    __1printf                                0x08005c7d   Thumb Code     0  printfa.o(i.__0printf)
    __2printf                                0x08005c7d   Thumb Code     0  printfa.o(i.__0printf)
    __c89printf                              0x08005c7d   Thumb Code     0  printfa.o(i.__0printf)
    printf                                   0x08005c7d   Thumb Code     0  printfa.o(i.__0printf)
    __0vsprintf                              0x08005c9d   Thumb Code    30  printfa.o(i.__0vsprintf)
    __1vsprintf                              0x08005c9d   Thumb Code     0  printfa.o(i.__0vsprintf)
    __2vsprintf                              0x08005c9d   Thumb Code     0  printfa.o(i.__0vsprintf)
    __c89vsprintf                            0x08005c9d   Thumb Code     0  printfa.o(i.__0vsprintf)
    vsprintf                                 0x08005c9d   Thumb Code     0  printfa.o(i.__0vsprintf)
    __aeabi_errno_addr                       0x08005cc1   Thumb Code     4  errno.o(i.__aeabi_errno_addr)
    __rt_errno_addr                          0x08005cc1   Thumb Code     0  errno.o(i.__aeabi_errno_addr)
    __scatterload_copy                       0x08005cc9   Thumb Code    14  handlers.o(i.__scatterload_copy)
    __scatterload_null                       0x08005cd7   Thumb Code     2  handlers.o(i.__scatterload_null)
    __scatterload_zeroinit                   0x08005cd9   Thumb Code    14  handlers.o(i.__scatterload_zeroinit)
    enable_ref_spads                         0x080065a5   Thumb Code   172  vl53l0x_api_calibration.o(i.enable_ref_spads)
    enable_spad_bit                          0x08006651   Thumb Code    50  vl53l0x_api_calibration.o(i.enable_spad_bit)
    fputc                                    0x08006683   Thumb Code    16  serial.o(i.fputc)
    get_dmax_lut_points                      0x08006693   Thumb Code    76  vl53l0x_api_core.o(i.get_dmax_lut_points)
    get_next_good_spad                       0x080066df   Thumb Code   104  vl53l0x_api_calibration.o(i.get_next_good_spad)
    get_ref_spad_map                         0x08006747   Thumb Code    24  vl53l0x_api_calibration.o(i.get_ref_spad_map)
    get_sequence_step_timeout                0x0800675f   Thumb Code   290  vl53l0x_api_core.o(i.get_sequence_step_timeout)
    is_aperture                              0x08006881   Thumb Code    18  vl53l0x_api_calibration.o(i.is_aperture)
    main                                     0x08006899   Thumb Code    12  main.o(i.main)
    perform_ref_signal_measurement           0x080068a5   Thumb Code   110  vl53l0x_api_calibration.o(i.perform_ref_signal_measurement)
    sequence_step_enabled                    0x08006913   Thumb Code    72  vl53l0x_api.o(i.sequence_step_enabled)
    set_ref_spad_map                         0x0800695b   Thumb Code    24  vl53l0x_api_calibration.o(i.set_ref_spad_map)
    set_sequence_step_timeout                0x08006973   Thumb Code   312  vl53l0x_api_core.o(i.set_sequence_step_timeout)
    OLED_F8x16                               0x08006aaa   Data        1520  oled_font.o(.constdata)
    __ctype_table                            0x0800709a   Data         129  ctype_o.o(.constdata)
    Region$$Table$$Base                      0x08007120   Number         0  anon$$obj.o(Region$$Table)
    Region$$Table$$Limit                     0x08007140   Number         0  anon$$obj.o(Region$$Table)
    Serial_RXFlag                            0x20000014   Data           1  serial.o(.data)
    Dev                                      0x20000018   Data           4  my_vl53l0x.o(.data)
    DefaultTuningSettings                    0x20000044   Data         243  vl53l0x_api.o(.data)
    InterruptThresholdSettings               0x20000137   Data         438  vl53l0x_api.o(.data)
    refArrayQuadrants                        0x200002f0   Data          16  vl53l0x_api_calibration.o(.data)
    __stdout                                 0x20000300   Data           4  stdout.o(.data)
    Serial_RXPacket                          0x20000318   Data         100  serial.o(.bss)
    MySensor                                 0x2000037c   Data         388  my_vl53l0x.o(.bss)
    __initial_sp                             0x20000d60   Data           0  startup_stm32f10x_md.o(STACK)



==============================================================================

Memory Map of the image

  Image Entry point : 0x080000ed

  Load Region LR_IROM1 (Base: 0x08000000, Size: 0x00007448, Max: 0x00010000, ABSOLUTE, COMPRESSED[0x000073e8])

    Execution Region ER_IROM1 (Exec base: 0x08000000, Load base: 0x08000000, Size: 0x00007140, Max: 0x00010000, ABSOLUTE)

    Exec Addr    Load Addr    Size         Type   Attr      Idx    E Section Name        Object

    0x08000000   0x08000000   0x000000ec   Data   RO            3    RESET               startup_stm32f10x_md.o
    0x080000ec   0x080000ec   0x00000000   Code   RO         5789  * .ARM.Collect$$$$00000000  mc_w.l(entry.o)
    0x080000ec   0x080000ec   0x00000004   Code   RO         6064    .ARM.Collect$$$$00000001  mc_w.l(entry2.o)
    0x080000f0   0x080000f0   0x00000004   Code   RO         6067    .ARM.Collect$$$$00000004  mc_w.l(entry5.o)
    0x080000f4   0x080000f4   0x00000000   Code   RO         6069    .ARM.Collect$$$$00000008  mc_w.l(entry7b.o)
    0x080000f4   0x080000f4   0x00000000   Code   RO         6071    .ARM.Collect$$$$0000000A  mc_w.l(entry8b.o)
    0x080000f4   0x080000f4   0x00000008   Code   RO         6072    .ARM.Collect$$$$0000000B  mc_w.l(entry9a.o)
    0x080000fc   0x080000fc   0x00000000   Code   RO         6074    .ARM.Collect$$$$0000000D  mc_w.l(entry10a.o)
    0x080000fc   0x080000fc   0x00000000   Code   RO         6076    .ARM.Collect$$$$0000000F  mc_w.l(entry11a.o)
    0x080000fc   0x080000fc   0x00000004   Code   RO         6065    .ARM.Collect$$$$00002712  mc_w.l(entry2.o)
    0x08000100   0x08000100   0x00000024   Code   RO            4    .text               startup_stm32f10x_md.o
    0x08000124   0x08000124   0x00000024   Code   RO         5792    .text               mc_w.l(memcpya.o)
    0x08000148   0x08000148   0x00000024   Code   RO         5794    .text               mc_w.l(memseta.o)
    0x0800016c   0x0800016c   0x0000001c   Code   RO         5796    .text               mc_w.l(strcmp.o)
    0x08000188   0x08000188   0x00000012   Code   RO         5798    .text               mc_w.l(strcpy.o)
    0x0800019a   0x0800019a   0x0000001a   Code   RO         6062    .text               mc_w.l(atoi.o)
    0x080001b4   0x080001b4   0x0000002c   Code   RO         6079    .text               mc_w.l(uidiv.o)
    0x080001e0   0x080001e0   0x00000062   Code   RO         6081    .text               mc_w.l(uldiv.o)
    0x08000242   0x08000242   0x00000070   Code   RO         6090    .text               mc_w.l(strtol.o)
    0x080002b2   0x080002b2   0x00000000   Code   RO         6092    .text               mc_w.l(iusefp.o)
    0x080002b2   0x080002b2   0x0000014e   Code   RO         6093    .text               mf_w.l(dadd.o)
    0x08000400   0x08000400   0x000000e4   Code   RO         6095    .text               mf_w.l(dmul.o)
    0x080004e4   0x080004e4   0x000000de   Code   RO         6097    .text               mf_w.l(ddiv.o)
    0x080005c2   0x080005c2   0x00000030   Code   RO         6099    .text               mf_w.l(dfixul.o)
    0x080005f2   0x080005f2   0x00000002   PAD
    0x080005f4   0x080005f4   0x00000030   Code   RO         6101    .text               mf_w.l(cdrcmple.o)
    0x08000624   0x08000624   0x00000024   Code   RO         6103    .text               mc_w.l(init.o)
    0x08000648   0x08000648   0x0000001e   Code   RO         6105    .text               mc_w.l(llshl.o)
    0x08000666   0x08000666   0x00000020   Code   RO         6107    .text               mc_w.l(llushr.o)
    0x08000686   0x08000686   0x00000024   Code   RO         6109    .text               mc_w.l(llsshr.o)
    0x080006aa   0x080006aa   0x00000002   PAD
    0x080006ac   0x080006ac   0x00000008   Code   RO         6111    .text               mc_w.l(ctype_o.o)
    0x080006b4   0x080006b4   0x0000009e   Code   RO         6139    .text               mc_w.l(_strtoul.o)
    0x08000752   0x08000752   0x000000ba   Code   RO         6141    .text               mf_w.l(depilogue.o)
    0x0800080c   0x0800080c   0x0000001c   Code   RO         6143    .text               mc_w.l(_chval.o)
    0x08000828   0x08000828   0x0000005e   Code   RO         6153    .text               mc_w.l(__dclz77c.o)
    0x08000886   0x08000886   0x00000002   PAD
    0x08000888   0x08000888   0x00000058   Code   RO         4171    i.App_AdjustBrightness  app.o
    0x080008e0   0x080008e0   0x00000044   Code   RO         4172    i.App_ApplyAutoLight  app.o
    0x08000924   0x08000924   0x0000003c   Code   RO         4173    i.App_FillStatus    app.o
    0x08000960   0x08000960   0x00000078   Code   RO         4174    i.App_GestureDimming  app.o
    0x080009d8   0x080009d8   0x000000ec   Code   RO         4175    i.App_HandleGesture  app.o
    0x08000ac4   0x08000ac4   0x00000058   Code   RO         4176    i.App_HandleRadar   app.o
    0x08000b1c   0x08000b1c   0x0000013c   Code   RO         4177    i.App_HandleSerial  app.o
    0x08000c58   0x08000c58   0x00000042   Code   RO         4178    i.App_HandleTouch   app.o
    0x08000c9a   0x08000c9a   0x00000002   PAD
    0x08000c9c   0x08000c9c   0x00000058   Code   RO         4179    i.App_Init          app.o
    0x08000cf4   0x08000cf4   0x00000010   Code   RO         4180    i.App_SendStatus    app.o
    0x08000d04   0x08000d04   0x00000058   Code   RO         4181    i.App_SetBrightness  app.o
    0x08000d5c   0x08000d5c   0x00000090   Code   RO         4182    i.App_SetMode       app.o
    0x08000dec   0x08000dec   0x000000a8   Code   RO         4183    i.App_SyncStatus    app.o
    0x08000e94   0x08000e94   0x00000032   Code   RO         4184    i.App_Task          app.o
    0x08000ec6   0x08000ec6   0x00000002   PAD
    0x08000ec8   0x08000ec8   0x00000024   Code   RO         4185    i.App_ToggleMode    app.o
    0x08000eec   0x08000eec   0x0000009c   Code   RO         4600    i.Board_Init        main.o
    0x08000f88   0x08000f88   0x00000004   Code   RO         4682    i.BusFault_Handler  stm32f10x_it.o
    0x08000f8c   0x08000f8c   0x00000002   Code   RO         4683    i.DebugMon_Handler  stm32f10x_it.o
    0x08000f8e   0x08000f8e   0x00000018   Code   RO         4576    i.Delay_ms          delay.o
    0x08000fa6   0x08000fa6   0x0000002e   Code   RO         4578    i.Delay_us          delay.o
    0x08000fd4   0x08000fd4   0x00000116   Code   RO         1347    i.GPIO_Init         stm32f10x_gpio.o
    0x080010ea   0x080010ea   0x00000012   Code   RO         1351    i.GPIO_ReadInputDataBit  stm32f10x_gpio.o
    0x080010fc   0x080010fc   0x00000004   Code   RO         1355    i.GPIO_SetBits      stm32f10x_gpio.o
    0x08001100   0x08001100   0x0000000a   Code   RO         1358    i.GPIO_WriteBit     stm32f10x_gpio.o
    0x0800110a   0x0800110a   0x00000002   PAD
    0x0800110c   0x0800110c   0x0000003c   Code   RO         4126    i.Gesture_Filter    gesture_tof.o
    0x08001148   0x08001148   0x0000002c   Code   RO         4128    i.Gesture_Init      gesture_tof.o
    0x08001174   0x08001174   0x00000014   Code   RO         4130    i.Gesture_IsValid   gesture_tof.o
    0x08001188   0x08001188   0x000000a4   Code   RO         4131    i.Gesture_Update    gesture_tof.o
    0x0800122c   0x0800122c   0x0000000c   Code   RO         3196    i.Get_Brightness_Set  led.o
    0x08001238   0x08001238   0x00000004   Code   RO         4684    i.HardFault_Handler  stm32f10x_it.o
    0x0800123c   0x0800123c   0x0000002c   Code   RO         3426    i.Key_Init          key.o
    0x08001268   0x08001268   0x00000018   Code   RO         3687    i.LD2410B_GetState  ld2410b.o
    0x08001280   0x08001280   0x0000002c   Code   RO         3688    i.LD2410B_Init      ld2410b.o
    0x080012ac   0x080012ac   0x00000024   Code   RO         3197    i.LED1_AckFlash     led.o
    0x080012d0   0x080012d0   0x0000001c   Code   RO         3198    i.LED1_AddMemory    led.o
    0x080012ec   0x080012ec   0x0000001c   Code   RO         3199    i.LED1_AddTarget    led.o
    0x08001308   0x08001308   0x00000010   Code   RO         3201    i.LED1_GetBrightness  led.o
    0x08001318   0x08001318   0x0000000c   Code   RO         3202    i.LED1_GetTarget    led.o
    0x08001324   0x08001324   0x00000014   Code   RO         3204    i.LED1_IsOn         led.o
    0x08001338   0x08001338   0x0000000c   Code   RO         3205    i.LED1_OFF          led.o
    0x08001344   0x08001344   0x0000001c   Code   RO         3206    i.LED1_ON           led.o
    0x08001360   0x08001360   0x00000018   Code   RO         3207    i.LED1_SetMemory    led.o
    0x08001378   0x08001378   0x0000001c   Code   RO         3209    i.LED1_SetTarget    led.o
    0x08001394   0x08001394   0x00000080   Code   RO         3210    i.LED1_Task         led.o
    0x08001414   0x08001414   0x00000018   Code   RO         3211    i.LED1_Turn         led.o
    0x0800142c   0x0800142c   0x0000001c   Code   RO         3212    i.LED_ApplyCurrent  led.o
    0x08001448   0x08001448   0x00000016   Code   RO         3213    i.LED_ClampLevel    led.o
    0x0800145e   0x0800145e   0x00000002   PAD
    0x08001460   0x08001460   0x0000009c   Code   RO         3214    i.LED_GetAckTarget  led.o
    0x080014fc   0x080014fc   0x00000028   Code   RO         3215    i.LED_Init          led.o
    0x08001524   0x08001524   0x00000030   Code   RO         3216    i.LED_LevelToPwm    led.o
    0x08001554   0x08001554   0x0000000c   Code   RO         3217    i.LED_Q8ToLevel     led.o
    0x08001560   0x08001560   0x00000010   Code   RO         3218    i.LED_SaveMemory    led.o
    0x08001570   0x08001570   0x00000004   Code   RO         4685    i.MemManage_Handler  stm32f10x_it.o
    0x08001574   0x08001574   0x00000038   Code   RO         3732    i.MyI2C_Init        myi2c.o
    0x080015ac   0x080015ac   0x0000001c   Code   RO         3733    i.MyI2C_R_SDA       myi2c.o
    0x080015c8   0x080015c8   0x0000001e   Code   RO         3734    i.MyI2C_ReceiveAck  myi2c.o
    0x080015e6   0x080015e6   0x00000032   Code   RO         3735    i.MyI2C_ReceiveByte  myi2c.o
    0x08001618   0x08001618   0x00000018   Code   RO         3736    i.MyI2C_SendAck     myi2c.o
    0x08001630   0x08001630   0x00000032   Code   RO         3737    i.MyI2C_SendByte    myi2c.o
    0x08001662   0x08001662   0x0000001c   Code   RO         3738    i.MyI2C_Start       myi2c.o
    0x0800167e   0x0800167e   0x00000016   Code   RO         3739    i.MyI2C_Stop        myi2c.o
    0x08001694   0x08001694   0x0000001c   Code   RO         3740    i.MyI2C_W_SCL       myi2c.o
    0x080016b0   0x080016b0   0x0000001c   Code   RO         3741    i.MyI2C_W_SDA       myi2c.o
    0x080016cc   0x080016cc   0x00000050   Code   RO         3798    i.MyVL53L0X_GetDistance  my_vl53l0x.o
    0x0800171c   0x0800171c   0x00000068   Code   RO         3799    i.MyVL53L0X_Init    my_vl53l0x.o
    0x08001784   0x08001784   0x00000002   Code   RO         4686    i.NMI_Handler       stm32f10x_it.o
    0x08001786   0x08001786   0x00000002   PAD
    0x08001788   0x08001788   0x00000070   Code   RO          137    i.NVIC_Init         misc.o
    0x080017f8   0x080017f8   0x00000014   Code   RO          138    i.NVIC_PriorityGroupConfig  misc.o
    0x0800180c   0x0800180c   0x00000018   Code   RO         3863    i.OLEDGFX_ClearBuffer  oled_gfx.o
    0x08001824   0x08001824   0x000000b8   Code   RO         3865    i.OLEDGFX_DrawCircle  oled_gfx.o
    0x080018dc   0x080018dc   0x00000028   Code   RO         3866    i.OLEDGFX_DrawHLine  oled_gfx.o
    0x08001904   0x08001904   0x0000005c   Code   RO         3867    i.OLEDGFX_DrawPixel  oled_gfx.o
    0x08001960   0x08001960   0x00000054   Code   RO         3868    i.OLEDGFX_DrawRect  oled_gfx.o
    0x080019b4   0x080019b4   0x00000028   Code   RO         3869    i.OLEDGFX_DrawVLine  oled_gfx.o
    0x080019dc   0x080019dc   0x0000002e   Code   RO         3871    i.OLEDGFX_FillRect  oled_gfx.o
    0x08001a0a   0x08001a0a   0x00000002   PAD
    0x08001a0c   0x08001a0c   0x00000018   Code   RO         3872    i.OLEDGFX_MarkAllDirty  oled_gfx.o
    0x08001a24   0x08001a24   0x00000084   Code   RO         3873    i.OLEDGFX_ShowChar8x16  oled_gfx.o
    0x08001aa8   0x08001aa8   0x00000056   Code   RO         3874    i.OLEDGFX_ShowNum8x16  oled_gfx.o
    0x08001afe   0x08001afe   0x0000002c   Code   RO         3875    i.OLEDGFX_ShowString8x16  oled_gfx.o
    0x08001b2a   0x08001b2a   0x00000002   PAD
    0x08001b2c   0x08001b2c   0x00000038   Code   RO         3876    i.OLEDGFX_UpdateAll  oled_gfx.o
    0x08001b64   0x08001b64   0x00000058   Code   RO         3877    i.OLEDGFX_UpdateOnePage  oled_gfx.o
    0x08001bbc   0x08001bbc   0x00000034   Code   RO         3978    i.OLEDUI_Init       oled_ui.o
    0x08001bf0   0x08001bf0   0x0000000c   Code   RO         3979    i.OLEDUI_SetBrightness  oled_ui.o
    0x08001bfc   0x08001bfc   0x00000014   Code   RO         3980    i.OLEDUI_SetHuman   oled_ui.o
    0x08001c10   0x08001c10   0x00000020   Code   RO         3981    i.OLEDUI_SetLight   oled_ui.o
    0x08001c30   0x08001c30   0x00000014   Code   RO         3982    i.OLEDUI_SetMode    oled_ui.o
    0x08001c44   0x08001c44   0x0000001c   Code   RO         3983    i.OLEDUI_ShowDimming  oled_ui.o
    0x08001c60   0x08001c60   0x0000001c   Code   RO         3984    i.OLEDUI_ShowGesture  oled_ui.o
    0x08001c7c   0x08001c7c   0x00000020   Code   RO         3985    i.OLEDUI_ShowLightState  oled_ui.o
    0x08001c9c   0x08001c9c   0x00000028   Code   RO         3986    i.OLEDUI_ShowMode   oled_ui.o
    0x08001cc4   0x08001cc4   0x0000006c   Code   RO         3987    i.OLEDUI_Task       oled_ui.o
    0x08001d30   0x08001d30   0x0000002a   Code   RO         3492    i.OLED_Clear        oled.o
    0x08001d5a   0x08001d5a   0x00000002   PAD
    0x08001d5c   0x08001d5c   0x00000050   Code   RO         3493    i.OLED_I2C_Init     oled.o
    0x08001dac   0x08001dac   0x0000005c   Code   RO         3494    i.OLED_I2C_SendByte  oled.o
    0x08001e08   0x08001e08   0x00000034   Code   RO         3495    i.OLED_I2C_Start    oled.o
    0x08001e3c   0x08001e3c   0x00000028   Code   RO         3496    i.OLED_I2C_Stop     oled.o
    0x08001e64   0x08001e64   0x000000ae   Code   RO         3497    i.OLED_Init         oled.o
    0x08001f12   0x08001f12   0x00000002   PAD
    0x08001f14   0x08001f14   0x00000010   Code   RO         3878    i.OLED_MarkPageDirty  oled_gfx.o
    0x08001f24   0x08001f24   0x00000022   Code   RO         3499    i.OLED_SetCursor    oled.o
    0x08001f46   0x08001f46   0x0000002e   Code   RO         3879    i.OLED_WriteBuffer  oled_gfx.o
    0x08001f74   0x08001f74   0x00000020   Code   RO         3506    i.OLED_WriteCommand  oled.o
    0x08001f94   0x08001f94   0x00000020   Code   RO         3507    i.OLED_WriteData    oled.o
    0x08001fb4   0x08001fb4   0x00000006   Code   RO         3708    i.PWM_GetTopValue   pwm.o
    0x08001fba   0x08001fba   0x00000002   PAD
    0x08001fbc   0x08001fbc   0x000000a8   Code   RO         3709    i.PWM_Init          pwm.o
    0x08002064   0x08002064   0x0000001a   Code   RO         3710    i.PWM_SetCompare3   pwm.o
    0x0800207e   0x0800207e   0x00000002   Code   RO         4687    i.PendSV_Handler    stm32f10x_it.o
    0x08002080   0x08002080   0x00000016   Code   RO         4475    i.Protocol_ClampPercent  protocol.o
    0x08002096   0x08002096   0x00000018   Code   RO         4476    i.Protocol_Equals   protocol.o
    0x080020ae   0x080020ae   0x00000002   PAD
    0x080020b0   0x080020b0   0x00000274   Code   RO         4477    i.Protocol_FetchCommand  protocol.o
    0x08002324   0x08002324   0x00000030   Code   RO         4478    i.Protocol_SendBrightness  protocol.o
    0x08002354   0x08002354   0x00000028   Code   RO         4479    i.Protocol_SendCount  protocol.o
    0x0800237c   0x0800237c   0x00000020   Code   RO         4480    i.Protocol_SendDim  protocol.o
    0x0800239c   0x0800239c   0x00000020   Code   RO         4481    i.Protocol_SendError  protocol.o
    0x080023bc   0x080023bc   0x00000024   Code   RO         4482    i.Protocol_SendGesture  protocol.o
    0x080023e0   0x080023e0   0x00000034   Code   RO         4483    i.Protocol_SendHuman  protocol.o
    0x08002414   0x08002414   0x00000028   Code   RO         4484    i.Protocol_SendLight  protocol.o
    0x0800243c   0x0800243c   0x00000038   Code   RO         4485    i.Protocol_SendMode  protocol.o
    0x08002474   0x08002474   0x00000020   Code   RO         4486    i.Protocol_SendOK   protocol.o
    0x08002494   0x08002494   0x00000014   Code   RO         4487    i.Protocol_SendPong  protocol.o
    0x080024a8   0x080024a8   0x00000080   Code   RO         4488    i.Protocol_SendStatus  protocol.o
    0x08002528   0x08002528   0x0000001e   Code   RO         4489    i.Protocol_StartsWith  protocol.o
    0x08002546   0x08002546   0x00000002   PAD
    0x08002548   0x08002548   0x00000020   Code   RO         1775    i.RCC_APB1PeriphClockCmd  stm32f10x_rcc.o
    0x08002568   0x08002568   0x00000020   Code   RO         1777    i.RCC_APB2PeriphClockCmd  stm32f10x_rcc.o
    0x08002588   0x08002588   0x000000d4   Code   RO         1785    i.RCC_GetClocksFreq  stm32f10x_rcc.o
    0x0800265c   0x0800265c   0x00000002   Code   RO         4688    i.SVC_Handler       stm32f10x_it.o
    0x0800265e   0x0800265e   0x00000002   PAD
    0x08002660   0x08002660   0x000000b8   Code   RO         3600    i.Serial_Init       serial.o
    0x08002718   0x08002718   0x00000024   Code   RO         3602    i.Serial_Printf     serial.o
    0x0800273c   0x0800273c   0x00000020   Code   RO         3605    i.Serial_SendByte   serial.o
    0x0800275c   0x0800275c   0x0000001a   Code   RO         3607    i.Serial_SendString  serial.o
    0x08002776   0x08002776   0x00000008   Code   RO           24    i.SetSysClock       system_stm32f10x.o
    0x0800277e   0x0800277e   0x00000002   PAD
    0x08002780   0x08002780   0x000000e0   Code   RO           25    i.SetSysClockTo72   system_stm32f10x.o
    0x08002860   0x08002860   0x00000002   Code   RO         4689    i.SysTick_Handler   stm32f10x_it.o
    0x08002862   0x08002862   0x00000002   PAD
    0x08002864   0x08002864   0x00000060   Code   RO           27    i.SystemInit        system_stm32f10x.o
    0x080028c4   0x080028c4   0x00000060   Code   RO         4390    i.SystemTime_Init   systemtime.o
    0x08002924   0x08002924   0x0000001c   Code   RO         4391    i.SystemTime_IsDue  systemtime.o
    0x08002940   0x08002940   0x0000000c   Code   RO         4392    i.SystemTime_Millis  systemtime.o
    0x0800294c   0x0800294c   0x0000002c   Code   RO         4393    i.TIM4_IRQHandler   systemtime.o
    0x08002978   0x08002978   0x00000018   Code   RO         2409    i.TIM_ARRPreloadConfig  stm32f10x_tim.o
    0x08002990   0x08002990   0x00000006   Code   RO         2416    i.TIM_ClearITPendingBit  stm32f10x_tim.o
    0x08002996   0x08002996   0x00000018   Code   RO         2421    i.TIM_Cmd           stm32f10x_tim.o
    0x080029ae   0x080029ae   0x00000022   Code   RO         2442    i.TIM_GetITStatus   stm32f10x_tim.o
    0x080029d0   0x080029d0   0x00000012   Code   RO         2446    i.TIM_ITConfig      stm32f10x_tim.o
    0x080029e2   0x080029e2   0x0000000c   Code   RO         2448    i.TIM_InternalClockConfig  stm32f10x_tim.o
    0x080029ee   0x080029ee   0x00000002   PAD
    0x080029f0   0x080029f0   0x000000a0   Code   RO         2460    i.TIM_OC3Init       stm32f10x_tim.o
    0x08002a90   0x08002a90   0x00000012   Code   RO         2463    i.TIM_OC3PreloadConfig  stm32f10x_tim.o
    0x08002aa2   0x08002aa2   0x00000014   Code   RO         2468    i.TIM_OCStructInit  stm32f10x_tim.o
    0x08002ab6   0x08002ab6   0x00000004   Code   RO         2484    i.TIM_SetCompare3   stm32f10x_tim.o
    0x08002aba   0x08002aba   0x00000002   PAD
    0x08002abc   0x08002abc   0x000000a4   Code   RO         2492    i.TIM_TimeBaseInit  stm32f10x_tim.o
    0x08002b60   0x08002b60   0x00000022   Code   RO         4425    i.TouchKey_InitState  touch.o
    0x08002b82   0x08002b82   0x00000012   Code   RO         4426    i.TouchKey_TakePress  touch.o
    0x08002b94   0x08002b94   0x00000038   Code   RO         4427    i.TouchKey_Update   touch.o
    0x08002bcc   0x08002bcc   0x00000010   Code   RO         4428    i.Touch_Emit        touch.o
    0x08002bdc   0x08002bdc   0x00000034   Code   RO         4429    i.Touch_Init        touch.o
    0x08002c10   0x08002c10   0x00000010   Code   RO         4430    i.Touch_TakeEvent   touch.o
    0x08002c20   0x08002c20   0x000000c4   Code   RO         4431    i.Touch_Task        touch.o
    0x08002ce4   0x08002ce4   0x00000074   Code   RO         3988    i.UI_DrawBoot       oled_ui.o
    0x08002d58   0x08002d58   0x00000078   Code   RO         3989    i.UI_DrawDimming    oled_ui.o
    0x08002dd0   0x08002dd0   0x00000070   Code   RO         3990    i.UI_DrawGesture    oled_ui.o
    0x08002e40   0x08002e40   0x00000060   Code   RO         3991    i.UI_DrawIdle       oled_ui.o
    0x08002ea0   0x08002ea0   0x000000ec   Code   RO         3992    i.UI_DrawLight      oled_ui.o
    0x08002f8c   0x08002f8c   0x000000d0   Code   RO         3993    i.UI_DrawMode       oled_ui.o
    0x0800305c   0x0800305c   0x00000088   Code   RO         3994    i.UI_DrawModeTag    oled_ui.o
    0x080030e4   0x080030e4   0x00000042   Code   RO         3995    i.UI_DrawStar       oled_ui.o
    0x08003126   0x08003126   0x0000004c   Code   RO         3996    i.UI_FillCircle     oled_ui.o
    0x08003172   0x08003172   0x00000002   PAD
    0x08003174   0x08003174   0x00000028   Code   RO         3997    i.UI_GotoScene      oled_ui.o
    0x0800319c   0x0800319c   0x00000068   Code   RO         3998    i.UI_Render         oled_ui.o
    0x08003204   0x08003204   0x0000001c   Code   RO         3999    i.UI_Triangle       oled_ui.o
    0x08003220   0x08003220   0x0000001c   Code   RO         4000    i.UI_UpdateHomeScene  oled_ui.o
    0x0800323c   0x0800323c   0x000000a4   Code   RO         3608    i.USART1_IRQHandler  serial.o
    0x080032e0   0x080032e0   0x0000001e   Code   RO         2957    i.USART_ClearITPendingBit  stm32f10x_usart.o
    0x080032fe   0x080032fe   0x00000018   Code   RO         2960    i.USART_Cmd         stm32f10x_usart.o
    0x08003316   0x08003316   0x0000001a   Code   RO         2963    i.USART_GetFlagStatus  stm32f10x_usart.o
    0x08003330   0x08003330   0x00000054   Code   RO         2964    i.USART_GetITStatus  stm32f10x_usart.o
    0x08003384   0x08003384   0x0000004a   Code   RO         2966    i.USART_ITConfig    stm32f10x_usart.o
    0x080033ce   0x080033ce   0x00000002   PAD
    0x080033d0   0x080033d0   0x000000d8   Code   RO         2967    i.USART_Init        stm32f10x_usart.o
    0x080034a8   0x080034a8   0x0000000a   Code   RO         2974    i.USART_ReceiveData  stm32f10x_usart.o
    0x080034b2   0x080034b2   0x00000008   Code   RO         2977    i.USART_SendData    stm32f10x_usart.o
    0x080034ba   0x080034ba   0x00000004   Code   RO         4690    i.UsageFault_Handler  stm32f10x_it.o
    0x080034be   0x080034be   0x00000002   PAD
    0x080034c0   0x080034c0   0x00000128   Code   RO         4745    i.VL53L0X_CheckAndLoadInterruptSettings  vl53l0x_api.o
    0x080035e8   0x080035e8   0x00000052   Code   RO         4746    i.VL53L0X_ClearInterruptMask  vl53l0x_api.o
    0x0800363a   0x0800363a   0x00000002   PAD
    0x0800363c   0x0800363c   0x000001e8   Code   RO         4747    i.VL53L0X_DataInit  vl53l0x_api.o
    0x08003824   0x08003824   0x0000000a   Code   RO         4752    i.VL53L0X_GetDeviceMode  vl53l0x_api.o
    0x0800382e   0x0800382e   0x000000cc   Code   RO         4753    i.VL53L0X_GetDeviceParameters  vl53l0x_api.o
    0x080038fa   0x080038fa   0x00000022   Code   RO         4754    i.VL53L0X_GetFractionEnable  vl53l0x_api.o
    0x0800391c   0x0800391c   0x0000003e   Code   RO         4758    i.VL53L0X_GetInterMeasurementPeriodMilliSeconds  vl53l0x_api.o
    0x0800395a   0x0800395a   0x00000030   Code   RO         4759    i.VL53L0X_GetInterruptMaskStatus  vl53l0x_api.o
    0x0800398a   0x0800398a   0x00000042   Code   RO         4760    i.VL53L0X_GetInterruptThresholds  vl53l0x_api.o
    0x080039cc   0x080039cc   0x0000001c   Code   RO         4762    i.VL53L0X_GetLimitCheckEnable  vl53l0x_api.o
    0x080039e8   0x080039e8   0x000000b6   Code   RO         4765    i.VL53L0X_GetLimitCheckValue  vl53l0x_api.o
    0x08003a9e   0x08003a9e   0x00000058   Code   RO         4768    i.VL53L0X_GetMeasurementDataReady  vl53l0x_api.o
    0x08003af6   0x08003af6   0x00000016   Code   RO         4770    i.VL53L0X_GetMeasurementTimingBudgetMicroSeconds  vl53l0x_api.o
    0x08003b0c   0x08003b0c   0x00000016   Code   RO         4774    i.VL53L0X_GetOffsetCalibrationDataMicroMeter  vl53l0x_api.o
    0x08003b22   0x08003b22   0x0000016e   Code   RO         4782    i.VL53L0X_GetRangingMeasurementData  vl53l0x_api.o
    0x08003c90   0x08003c90   0x00000076   Code   RO         4786    i.VL53L0X_GetSequenceStepEnables  vl53l0x_api.o
    0x08003d06   0x08003d06   0x0000001e   Code   RO         4795    i.VL53L0X_GetVcselPulsePeriod  vl53l0x_api.o
    0x08003d24   0x08003d24   0x0000003e   Code   RO         4797    i.VL53L0X_GetWrapAroundCheckEnable  vl53l0x_api.o
    0x08003d62   0x08003d62   0x0000000c   Code   RO         4798    i.VL53L0X_GetXTalkCompensationEnable  vl53l0x_api.o
    0x08003d6e   0x08003d6e   0x00000038   Code   RO         4799    i.VL53L0X_GetXTalkCompensationRateMegaCps  vl53l0x_api.o
    0x08003da6   0x08003da6   0x00000020   Code   RO         4801    i.VL53L0X_PerformRefCalibration  vl53l0x_api.o
    0x08003dc6   0x08003dc6   0x0000001e   Code   RO         4802    i.VL53L0X_PerformRefSpadManagement  vl53l0x_api.o
    0x08003de4   0x08003de4   0x0000003c   Code   RO         4804    i.VL53L0X_PerformSingleMeasurement  vl53l0x_api.o
    0x08003e20   0x08003e20   0x00000038   Code   RO         4805    i.VL53L0X_PerformSingleRangingMeasurement  vl53l0x_api.o
    0x08003e58   0x08003e58   0x0000000e   Code   RO         5720    i.VL53L0X_PollingDelay  vl53l0x_i2c_platform.o
    0x08003e66   0x08003e66   0x00000016   Code   RO         5721    i.VL53L0X_RdByte    vl53l0x_i2c_platform.o
    0x08003e7c   0x08003e7c   0x00000038   Code   RO         5722    i.VL53L0X_RdDWord   vl53l0x_i2c_platform.o
    0x08003eb4   0x08003eb4   0x00000028   Code   RO         5723    i.VL53L0X_RdWord    vl53l0x_i2c_platform.o
    0x08003edc   0x08003edc   0x0000006a   Code   RO         5724    i.VL53L0X_ReadMulti  vl53l0x_i2c_platform.o
    0x08003f46   0x08003f46   0x00000032   Code   RO         4810    i.VL53L0X_SetDeviceMode  vl53l0x_api.o
    0x08003f78   0x08003f78   0x00000168   Code   RO         4812    i.VL53L0X_SetGpioConfig  vl53l0x_api.o
    0x080040e0   0x080040e0   0x000000c2   Code   RO         4817    i.VL53L0X_SetLimitCheckEnable  vl53l0x_api.o
    0x080041a2   0x080041a2   0x00000076   Code   RO         4818    i.VL53L0X_SetLimitCheckValue  vl53l0x_api.o
    0x08004218   0x08004218   0x00000016   Code   RO         4820    i.VL53L0X_SetMeasurementTimingBudgetMicroSeconds  vl53l0x_api.o
    0x0800422e   0x0800422e   0x000000c4   Code   RO         4827    i.VL53L0X_SetSequenceStepEnable  vl53l0x_api.o
    0x080042f2   0x080042f2   0x0000010c   Code   RO         4836    i.VL53L0X_StartMeasurement  vl53l0x_api.o
    0x080043fe   0x080043fe   0x00000002   PAD
    0x08004400   0x08004400   0x000001a8   Code   RO         4837    i.VL53L0X_StaticInit  vl53l0x_api.o
    0x080045a8   0x080045a8   0x0000003e   Code   RO         5725    i.VL53L0X_UpdateByte  vl53l0x_i2c_platform.o
    0x080045e6   0x080045e6   0x00000014   Code   RO         5726    i.VL53L0X_WrByte    vl53l0x_i2c_platform.o
    0x080045fa   0x080045fa   0x00000022   Code   RO         5728    i.VL53L0X_WrWord    vl53l0x_i2c_platform.o
    0x0800461c   0x0800461c   0x00000044   Code   RO         5729    i.VL53L0X_WriteMulti  vl53l0x_i2c_platform.o
    0x08004660   0x08004660   0x000000ae   Code   RO         5498    i.VL53L0X_calc_dmax  vl53l0x_api_core.o
    0x0800470e   0x0800470e   0x00000016   Code   RO         5499    i.VL53L0X_calc_macro_period_ps  vl53l0x_api_core.o
    0x08004724   0x08004724   0x000002f0   Code   RO         5500    i.VL53L0X_calc_sigma_estimate  vl53l0x_api_core.o
    0x08004a14   0x08004a14   0x00000034   Code   RO         5501    i.VL53L0X_calc_timeout_mclks  vl53l0x_api_core.o
    0x08004a48   0x08004a48   0x00000034   Code   RO         5502    i.VL53L0X_calc_timeout_us  vl53l0x_api_core.o
    0x08004a7c   0x08004a7c   0x0000000e   Code   RO         5503    i.VL53L0X_decode_timeout  vl53l0x_api_core.o
    0x08004a8a   0x08004a8a   0x0000000c   Code   RO         5504    i.VL53L0X_decode_vcsel_period  vl53l0x_api_core.o
    0x08004a96   0x08004a96   0x00000052   Code   RO         5505    i.VL53L0X_device_read_strobe  vl53l0x_api_core.o
    0x08004ae8   0x08004ae8   0x00000028   Code   RO         5506    i.VL53L0X_encode_timeout  vl53l0x_api_core.o
    0x08004b10   0x08004b10   0x00000550   Code   RO         5508    i.VL53L0X_get_info_from_device  vl53l0x_api_core.o
    0x08005060   0x08005060   0x000000ee   Code   RO         5509    i.VL53L0X_get_measurement_timing_budget_micro_seconds  vl53l0x_api_core.o
    0x0800514e   0x0800514e   0x00000056   Code   RO         5352    i.VL53L0X_get_offset_calibration_data_micro_meter  vl53l0x_api_calibration.o
    0x080051a4   0x080051a4   0x00000238   Code   RO         5510    i.VL53L0X_get_pal_range_status  vl53l0x_api_core.o
    0x080053dc   0x080053dc   0x00000028   Code   RO         5511    i.VL53L0X_get_total_signal_rate  vl53l0x_api_core.o
    0x08005404   0x08005404   0x0000003a   Code   RO         5512    i.VL53L0X_get_total_xtalk_rate  vl53l0x_api_core.o
    0x0800543e   0x0800543e   0x00000046   Code   RO         5513    i.VL53L0X_get_vcsel_pulse_period  vl53l0x_api_core.o
    0x08005484   0x08005484   0x0000002c   Code   RO         5514    i.VL53L0X_isqrt     vl53l0x_api_core.o
    0x080054b0   0x080054b0   0x000000ea   Code   RO         5515    i.VL53L0X_load_tuning_settings  vl53l0x_api_core.o
    0x0800559a   0x0800559a   0x00000042   Code   RO         5516    i.VL53L0X_measurement_poll_for_completion  vl53l0x_api_core.o
    0x080055dc   0x080055dc   0x0000007c   Code   RO         5356    i.VL53L0X_perform_phase_calibration  vl53l0x_api_calibration.o
    0x08005658   0x08005658   0x0000004c   Code   RO         5357    i.VL53L0X_perform_ref_calibration  vl53l0x_api_calibration.o
    0x080056a4   0x080056a4   0x00000292   Code   RO         5358    i.VL53L0X_perform_ref_spad_management  vl53l0x_api_calibration.o
    0x08005936   0x08005936   0x00000040   Code   RO         5359    i.VL53L0X_perform_single_ref_calibration  vl53l0x_api_calibration.o
    0x08005976   0x08005976   0x0000007e   Code   RO         5360    i.VL53L0X_perform_vhv_calibration  vl53l0x_api_calibration.o
    0x080059f4   0x080059f4   0x000000b0   Code   RO         5362    i.VL53L0X_ref_calibration_io  vl53l0x_api_calibration.o
    0x08005aa4   0x08005aa4   0x00000114   Code   RO         5519    i.VL53L0X_set_measurement_timing_budget_micro_seconds  vl53l0x_api_core.o
    0x08005bb8   0x08005bb8   0x000000c2   Code   RO         5365    i.VL53L0X_set_reference_spads  vl53l0x_api_calibration.o
    0x08005c7a   0x08005c7a   0x00000002   PAD
    0x08005c7c   0x08005c7c   0x00000020   Code   RO         6035    i.__0printf         mc_w.l(printfa.o)
    0x08005c9c   0x08005c9c   0x00000024   Code   RO         6041    i.__0vsprintf       mc_w.l(printfa.o)
    0x08005cc0   0x08005cc0   0x00000008   Code   RO         6083    i.__aeabi_errno_addr  mc_w.l(errno.o)
    0x08005cc8   0x08005cc8   0x0000000e   Code   RO         6147    i.__scatterload_copy  mc_w.l(handlers.o)
    0x08005cd6   0x08005cd6   0x00000002   Code   RO         6148    i.__scatterload_null  mc_w.l(handlers.o)
    0x08005cd8   0x08005cd8   0x0000000e   Code   RO         6149    i.__scatterload_zeroinit  mc_w.l(handlers.o)
    0x08005ce6   0x08005ce6   0x00000002   PAD
    0x08005ce8   0x08005ce8   0x00000184   Code   RO         6042    i._fp_digits        mc_w.l(printfa.o)
    0x08005e6c   0x08005e6c   0x000006dc   Code   RO         6043    i._printf_core      mc_w.l(printfa.o)
    0x08006548   0x08006548   0x00000024   Code   RO         6044    i._printf_post_padding  mc_w.l(printfa.o)
    0x0800656c   0x0800656c   0x0000002e   Code   RO         6045    i._printf_pre_padding  mc_w.l(printfa.o)
    0x0800659a   0x0800659a   0x0000000a   Code   RO         6047    i._sputc            mc_w.l(printfa.o)
    0x080065a4   0x080065a4   0x000000ac   Code   RO         5367    i.enable_ref_spads  vl53l0x_api_calibration.o
    0x08006650   0x08006650   0x00000032   Code   RO         5368    i.enable_spad_bit   vl53l0x_api_calibration.o
    0x08006682   0x08006682   0x00000010   Code   RO         3609    i.fputc             serial.o
    0x08006692   0x08006692   0x0000004c   Code   RO         5521    i.get_dmax_lut_points  vl53l0x_api_core.o
    0x080066de   0x080066de   0x00000068   Code   RO         5369    i.get_next_good_spad  vl53l0x_api_calibration.o
    0x08006746   0x08006746   0x00000018   Code   RO         5370    i.get_ref_spad_map  vl53l0x_api_calibration.o
    0x0800675e   0x0800675e   0x00000122   Code   RO         5522    i.get_sequence_step_timeout  vl53l0x_api_core.o
    0x08006880   0x08006880   0x00000018   Code   RO         5371    i.is_aperture       vl53l0x_api_calibration.o
    0x08006898   0x08006898   0x0000000c   Code   RO         4601    i.main              main.o
    0x080068a4   0x080068a4   0x0000006e   Code   RO         5372    i.perform_ref_signal_measurement  vl53l0x_api_calibration.o
    0x08006912   0x08006912   0x00000048   Code   RO         4841    i.sequence_step_enabled  vl53l0x_api.o
    0x0800695a   0x0800695a   0x00000018   Code   RO         5373    i.set_ref_spad_map  vl53l0x_api_calibration.o
    0x08006972   0x08006972   0x00000138   Code   RO         5523    i.set_sequence_step_timeout  vl53l0x_api_core.o
    0x08006aaa   0x08006aaa   0x000005f0   Data   RO         4114    .constdata          oled_font.o
    0x0800709a   0x0800709a   0x00000081   Data   RO         6112    .constdata          mc_w.l(ctype_o.o)
    0x0800711b   0x0800711b   0x00000001   PAD
    0x0800711c   0x0800711c   0x00000004   Data   RO         6113    .constdata          mc_w.l(ctype_o.o)
    0x08007120   0x08007120   0x00000020   Data   RO         6145    Region$$Table       anon$$obj.o


    Execution Region RW_IRAM1 (Exec base: 0x20000000, Load base: 0x08007140, Size: 0x00000d60, Max: 0x00005000, ABSOLUTE, COMPRESSED[0x000002a8])

    Exec Addr    Load Addr    Size         Type   Attr      Idx    E Section Name        Object

    0x20000000   COMPRESSED   0x00000014   Data   RW         1805    .data               stm32f10x_rcc.o
    0x20000014   COMPRESSED   0x00000003   Data   RW         3611    .data               serial.o
    0x20000017   COMPRESSED   0x00000001   PAD
    0x20000018   COMPRESSED   0x00000004   Data   RW         3801    .data               my_vl53l0x.o
    0x2000001c   COMPRESSED   0x00000009   Data   RW         3881    .data               oled_gfx.o
    0x20000025   COMPRESSED   0x00000003   PAD
    0x20000028   COMPRESSED   0x0000000c   Data   RW         4132    .data               gesture_tof.o
    0x20000034   COMPRESSED   0x00000004   Data   RW         4394    .data               systemtime.o
    0x20000038   COMPRESSED   0x0000000c   Data   RW         4433    .data               touch.o
    0x20000044   COMPRESSED   0x000002a9   Data   RW         4842    .data               vl53l0x_api.o
    0x200002ed   COMPRESSED   0x00000003   PAD
    0x200002f0   COMPRESSED   0x00000010   Data   RW         5374    .data               vl53l0x_api_calibration.o
    0x20000300   COMPRESSED   0x00000004   Data   RW         6078    .data               mc_w.l(stdout.o)
    0x20000304   COMPRESSED   0x00000004   Data   RW         6086    .data               mc_w.l(errno.o)
    0x20000308        -       0x00000010   Zero   RW         3219    .bss                led.o
    0x20000318        -       0x00000064   Zero   RW         3610    .bss                serial.o
    0x2000037c        -       0x00000184   Zero   RW         3800    .bss                my_vl53l0x.o
    0x20000500        -       0x00000400   Zero   RW         3880    .bss                oled_gfx.o
    0x20000900        -       0x00000014   Zero   RW         4001    .bss                oled_ui.o
    0x20000914        -       0x0000001c   Zero   RW         4186    .bss                app.o
    0x20000930        -       0x00000030   Zero   RW         4432    .bss                touch.o
    0x20000960        -       0x00000400   Zero   RW            1    STACK               startup_stm32f10x_md.o


==============================================================================

Image component sizes


      Code (inc. data)   RO Data    RW Data    ZI Data      Debug   Object Name

      1632        184          0          0         28      11306   app.o
         0          0          0          0          0       4508   core_cm3.o
        70          0          0          0          0        962   delay.o
       288         34          0         12          0       3656   gesture_tof.o
        44          4          0          0          0        463   key.o
        68          8          0          0          0       1002   ld2410b.o
       718         80          0          0         16     242839   led.o
       168         94          0          0          0        887   main.o
       132         22          0          0          0     204843   misc.o
       184         14          0          4        388      17156   my_vl53l0x.o
       344         18          0          0          0       5034   myi2c.o
       578         16          0          0          0       4708   oled.o
         0          0       1520          0          0        561   oled_font.o
      1002         42          0          9       1024      10194   oled_gfx.o
      1738        210          0          0         20      13484   oled_ui.o
      1220        556          0          0          0       8948   protocol.o
       200          6          0          0          0       1611   pwm.o
       458         36          0          3        100       5984   serial.o
        36          8        236          0       1024        816   startup_stm32f10x_md.o
         0          0          0          0          0       1676   stm32f10x_adc.o
       310          0          0          0          0      11943   stm32f10x_gpio.o
        26          0          0          0          0       3902   stm32f10x_it.o
       276         32          0         20          0      13070   stm32f10x_rcc.o
       484         52          0          0          0      27101   stm32f10x_tim.o
       472          6          0          0          0      12659   stm32f10x_usart.o
       328         28          0          0          0      25021   system_stm32f10x.o
       180         22          0          4          0       2639   systemtime.o
       388         46          0         12         48       4960   touch.o
      4158         78          0        681          0      28975   vl53l0x_api.o
      2012          6          0         16          0      15407   vl53l0x_api_calibration.o
      4832         12          0          0          0      25886   vl53l0x_api_core.o
       422          0          0          0          0       7147   vl53l0x_i2c_platform.o

    ----------------------------------------------------------------------
     22814       1614       1788        768       2648     719348   Object Totals
         0          0         32          0          0          0   (incl. Generated)
        46          0          0          7          0          0   (incl. Padding)

    ----------------------------------------------------------------------

      Code (inc. data)   RO Data    RW Data    ZI Data      Debug   Library Member Name

        94          0          0          0          0          0   __dclz77c.o
        28          0          0          0          0         68   _chval.o
       158          0          0          0          0         92   _strtoul.o
        26          0          0          0          0         80   atoi.o
         8          4        133          0          0         68   ctype_o.o
         0          0          0          0          0          0   entry.o
         0          0          0          0          0          0   entry10a.o
         0          0          0          0          0          0   entry11a.o
         8          4          0          0          0          0   entry2.o
         4          0          0          0          0          0   entry5.o
         0          0          0          0          0          0   entry7b.o
         0          0          0          0          0          0   entry8b.o
         8          4          0          0          0          0   entry9a.o
         8          4          0          4          0         68   errno.o
        30          0          0          0          0          0   handlers.o
        36          8          0          0          0         68   init.o
         0          0          0          0          0          0   iusefp.o
        30          0          0          0          0         68   llshl.o
        36          0          0          0          0         68   llsshr.o
        32          0          0          0          0         68   llushr.o
        36          0          0          0          0         68   memcpya.o
        36          0          0          0          0        108   memseta.o
      2304         96          0          0          0        600   printfa.o
         0          0          0          4          0          0   stdout.o
        28          0          0          0          0         76   strcmp.o
        18          0          0          0          0         68   strcpy.o
       112          0          0          0          0         88   strtol.o
        44          0          0          0          0         80   uidiv.o
        98          0          0          0          0         92   uldiv.o
        48          0          0          0          0         68   cdrcmple.o
       334          0          0          0          0        148   dadd.o
       222          0          0          0          0        100   ddiv.o
       186          0          0          0          0        176   depilogue.o
        48          0          0          0          0         68   dfixul.o
       228          0          0          0          0         96   dmul.o

    ----------------------------------------------------------------------
      4256        120        134          8          0       2484   Library Totals
         8          0          1          0          0          0   (incl. Padding)

    ----------------------------------------------------------------------

      Code (inc. data)   RO Data    RW Data    ZI Data      Debug   Library Name

      3182        120        133          8          0       1828   mc_w.l
      1066          0          0          0          0        656   mf_w.l

    ----------------------------------------------------------------------
      4256        120        134          8          0       2484   Library Totals

    ----------------------------------------------------------------------

==============================================================================


      Code (inc. data)   RO Data    RW Data    ZI Data      Debug   

     27070       1734       1922        776       2648     707504   Grand Totals
     27070       1734       1922        680       2648     707504   ELF Image Totals (compressed)
     27070       1734       1922        680          0          0   ROM Totals

==============================================================================

    Total RO  Size (Code + RO Data)                28992 (  28.31kB)
    Total RW  Size (RW Data + ZI Data)              3424 (   3.34kB)
    Total ROM Size (Code + RO Data + RW Data)      29672 (  28.98kB)

==============================================================================

