Component: ARM Compiler 5.06 update 5 (build 528) Tool: armlink [4d35e2]

==============================================================================

Section Cross References

    startup_stm32f10x_md.o(RESET) refers to startup_stm32f10x_md.o(STACK) for __initial_sp
    startup_stm32f10x_md.o(RESET) refers to startup_stm32f10x_md.o(.text) for Reset_Handler
    startup_stm32f10x_md.o(RESET) refers to stm32f10x_it.o(i.NMI_Handler) for NMI_Handler
    startup_stm32f10x_md.o(RESET) refers to stm32f10x_it.o(i.HardFault_Handler) for HardFault_Handler
    startup_stm32f10x_md.o(RESET) refers to stm32f10x_it.o(i.MemManage_Handler) for MemManage_Handler
    startup_stm32f10x_md.o(RESET) refers to stm32f10x_it.o(i.BusFault_Handler) for BusFault_Handler
    startup_stm32f10x_md.o(RESET) refers to stm32f10x_it.o(i.UsageFault_Handler) for UsageFault_Handler
    startup_stm32f10x_md.o(RESET) refers to stm32f10x_it.o(i.SVC_Handler) for SVC_Handler
    startup_stm32f10x_md.o(RESET) refers to stm32f10x_it.o(i.DebugMon_Handler) for DebugMon_Handler
    startup_stm32f10x_md.o(RESET) refers to stm32f10x_it.o(i.PendSV_Handler) for PendSV_Handler
    startup_stm32f10x_md.o(RESET) refers to stm32f10x_it.o(i.SysTick_Handler) for SysTick_Handler
    startup_stm32f10x_md.o(RESET) refers to main.o(i.TIM4_IRQHandler) for TIM4_IRQHandler
    startup_stm32f10x_md.o(RESET) refers to serial.o(i.USART1_IRQHandler) for USART1_IRQHandler
    startup_stm32f10x_md.o(.text) refers to system_stm32f10x.o(i.SystemInit) for SystemInit
    startup_stm32f10x_md.o(.text) refers to entry.o(.ARM.Collect$$$$00000000) for __main
    system_stm32f10x.o(i.SetSysClock) refers to system_stm32f10x.o(i.SetSysClockTo72) for SetSysClockTo72
    system_stm32f10x.o(i.SystemCoreClockUpdate) refers to system_stm32f10x.o(.data) for SystemCoreClock
    system_stm32f10x.o(i.SystemInit) refers to system_stm32f10x.o(i.SetSysClock) for SetSysClock
    stm32f10x_adc.o(i.ADC_DeInit) refers to stm32f10x_rcc.o(i.RCC_APB2PeriphResetCmd) for RCC_APB2PeriphResetCmd
    stm32f10x_bkp.o(i.BKP_DeInit) refers to stm32f10x_rcc.o(i.RCC_BackupResetCmd) for RCC_BackupResetCmd
    stm32f10x_can.o(i.CAN_DeInit) refers to stm32f10x_rcc.o(i.RCC_APB1PeriphResetCmd) for RCC_APB1PeriphResetCmd
    stm32f10x_can.o(i.CAN_GetITStatus) refers to stm32f10x_can.o(i.CheckITStatus) for CheckITStatus
    stm32f10x_cec.o(i.CEC_DeInit) refers to stm32f10x_rcc.o(i.RCC_APB1PeriphResetCmd) for RCC_APB1PeriphResetCmd
    stm32f10x_dac.o(i.DAC_DeInit) refers to stm32f10x_rcc.o(i.RCC_APB1PeriphResetCmd) for RCC_APB1PeriphResetCmd
    stm32f10x_flash.o(i.FLASH_EnableWriteProtection) refers to stm32f10x_flash.o(i.FLASH_WaitForLastOperation) for FLASH_WaitForLastOperation
    stm32f10x_flash.o(i.FLASH_EraseAllBank1Pages) refers to stm32f10x_flash.o(i.FLASH_WaitForLastBank1Operation) for FLASH_WaitForLastBank1Operation
    stm32f10x_flash.o(i.FLASH_EraseAllPages) refers to stm32f10x_flash.o(i.FLASH_WaitForLastOperation) for FLASH_WaitForLastOperation
    stm32f10x_flash.o(i.FLASH_EraseOptionBytes) refers to stm32f10x_flash.o(i.FLASH_GetReadOutProtectionStatus) for FLASH_GetReadOutProtectionStatus
    stm32f10x_flash.o(i.FLASH_EraseOptionBytes) refers to stm32f10x_flash.o(i.FLASH_WaitForLastOperation) for FLASH_WaitForLastOperation
    stm32f10x_flash.o(i.FLASH_ErasePage) refers to stm32f10x_flash.o(i.FLASH_WaitForLastOperation) for FLASH_WaitForLastOperation
    stm32f10x_flash.o(i.FLASH_ProgramHalfWord) refers to stm32f10x_flash.o(i.FLASH_WaitForLastOperation) for FLASH_WaitForLastOperation
    stm32f10x_flash.o(i.FLASH_ProgramOptionByteData) refers to stm32f10x_flash.o(i.FLASH_WaitForLastOperation) for FLASH_WaitForLastOperation
    stm32f10x_flash.o(i.FLASH_ProgramWord) refers to stm32f10x_flash.o(i.FLASH_WaitForLastOperation) for FLASH_WaitForLastOperation
    stm32f10x_flash.o(i.FLASH_ReadOutProtection) refers to stm32f10x_flash.o(i.FLASH_WaitForLastOperation) for FLASH_WaitForLastOperation
    stm32f10x_flash.o(i.FLASH_UserOptionByteConfig) refers to stm32f10x_flash.o(i.FLASH_WaitForLastOperation) for FLASH_WaitForLastOperation
    stm32f10x_flash.o(i.FLASH_WaitForLastBank1Operation) refers to stm32f10x_flash.o(i.FLASH_GetBank1Status) for FLASH_GetBank1Status
    stm32f10x_flash.o(i.FLASH_WaitForLastOperation) refers to stm32f10x_flash.o(i.FLASH_GetBank1Status) for FLASH_GetBank1Status
    stm32f10x_gpio.o(i.GPIO_AFIODeInit) refers to stm32f10x_rcc.o(i.RCC_APB2PeriphResetCmd) for RCC_APB2PeriphResetCmd
    stm32f10x_gpio.o(i.GPIO_DeInit) refers to stm32f10x_rcc.o(i.RCC_APB2PeriphResetCmd) for RCC_APB2PeriphResetCmd
    stm32f10x_i2c.o(i.I2C_DeInit) refers to stm32f10x_rcc.o(i.RCC_APB1PeriphResetCmd) for RCC_APB1PeriphResetCmd
    stm32f10x_i2c.o(i.I2C_Init) refers to stm32f10x_rcc.o(i.RCC_GetClocksFreq) for RCC_GetClocksFreq
    stm32f10x_pwr.o(i.PWR_DeInit) refers to stm32f10x_rcc.o(i.RCC_APB1PeriphResetCmd) for RCC_APB1PeriphResetCmd
[...]
    TimeBase_Init                            0x080025e1   Thumb Code    90  main.o(i.TimeBase_Init)
    i.TimeDue                                0x08002640   Section        0  main.o(i.TimeDue)
    TimeDue                                  0x08002641   Thumb Code    30  main.o(i.TimeDue)
    i.TouchKey_InitState                     0x0800265e   Section        0  main.o(i.TouchKey_InitState)
    TouchKey_InitState                       0x0800265f   Thumb Code    38  main.o(i.TouchKey_InitState)
    i.TouchKey_TakePress                     0x08002684   Section        0  main.o(i.TouchKey_TakePress)
    TouchKey_TakePress                       0x08002685   Thumb Code    18  main.o(i.TouchKey_TakePress)
    i.TouchKey_Update                        0x08002696   Section        0  main.o(i.TouchKey_Update)
    TouchKey_Update                          0x08002697   Thumb Code    60  main.o(i.TouchKey_Update)
    i.Touch_InitState                        0x080026d4   Section        0  main.o(i.Touch_InitState)
    Touch_InitState                          0x080026d5   Thumb Code    36  main.o(i.Touch_InitState)
    i.Touch_Task                             0x08002708   Section        0  main.o(i.Touch_Task)
    Touch_Task                               0x08002709   Thumb Code   202  main.o(i.Touch_Task)
    i.USART1_IRQHandler                      0x080027e8   Section        0  serial.o(i.USART1_IRQHandler)
    i.USART_ClearITPendingBit                0x0800288c   Section        0  stm32f10x_usart.o(i.USART_ClearITPendingBit)
    i.USART_Cmd                              0x080028aa   Section        0  stm32f10x_usart.o(i.USART_Cmd)
    i.USART_GetFlagStatus                    0x080028c2   Section        0  stm32f10x_usart.o(i.USART_GetFlagStatus)
    i.USART_GetITStatus                      0x080028dc   Section        0  stm32f10x_usart.o(i.USART_GetITStatus)
    i.USART_ITConfig                         0x08002930   Section        0  stm32f10x_usart.o(i.USART_ITConfig)
    i.USART_Init                             0x0800297c   Section        0  stm32f10x_usart.o(i.USART_Init)
    i.USART_ReceiveData                      0x08002a54   Section        0  stm32f10x_usart.o(i.USART_ReceiveData)
    i.USART_SendData                         0x08002a5e   Section        0  stm32f10x_usart.o(i.USART_SendData)
    i.UsageFault_Handler                     0x08002a66   Section        0  stm32f10x_it.o(i.UsageFault_Handler)
    i.VL53L0X_CheckAndLoadInterruptSettings  0x08002a6c   Section        0  vl53l0x_api.o(i.VL53L0X_CheckAndLoadInterruptSettings)
    i.VL53L0X_ClearInterruptMask             0x08002b94   Section        0  vl53l0x_api.o(i.VL53L0X_ClearInterruptMask)
    i.VL53L0X_DataInit                       0x08002be8   Section        0  vl53l0x_api.o(i.VL53L0X_DataInit)
    i.VL53L0X_GetDeviceMode                  0x08002dd0   Section        0  vl53l0x_api.o(i.VL53L0X_GetDeviceMode)
    i.VL53L0X_GetDeviceParameters            0x08002dda   Section        0  vl53l0x_api.o(i.VL53L0X_GetDeviceParameters)
    i.VL53L0X_GetFractionEnable              0x08002ea6   Section        0  vl53l0x_api.o(i.VL53L0X_GetFractionEnable)
    i.VL53L0X_GetInterMeasurementPeriodMilliSeconds 0x08002ec8   Section        0  vl53l0x_api.o(i.VL53L0X_GetInterMeasurementPeriodMilliSeconds)
    i.VL53L0X_GetInterruptMaskStatus         0x08002f06   Section        0  vl53l0x_api.o(i.VL53L0X_GetInterruptMaskStatus)
    i.VL53L0X_GetInterruptThresholds         0x08002f36   Section        0  vl53l0x_api.o(i.VL53L0X_GetInterruptThresholds)
    i.VL53L0X_GetLimitCheckEnable            0x08002f78   Section        0  vl53l0x_api.o(i.VL53L0X_GetLimitCheckEnable)
    i.VL53L0X_GetLimitCheckValue             0x08002f94   Section        0  vl53l0x_api.o(i.VL53L0X_GetLimitCheckValue)
    i.VL53L0X_GetMeasurementDataReady        0x0800304a   Section        0  vl53l0x_api.o(i.VL53L0X_GetMeasurementDataReady)
    i.VL53L0X_GetMeasurementTimingBudgetMicroSeconds 0x080030a2   Section        0  vl53l0x_api.o(i.VL53L0X_GetMeasurementTimingBudgetMicroSeconds)
    i.VL53L0X_GetOffsetCalibrationDataMicroMeter 0x080030b8   Section        0  vl53l0x_api.o(i.VL53L0X_GetOffsetCalibrationDataMicroMeter)
    i.VL53L0X_GetRangingMeasurementData      0x080030ce   Section        0  vl53l0x_api.o(i.VL53L0X_GetRangingMeasurementData)
    i.VL53L0X_GetSequenceStepEnables         0x0800323c   Section        0  vl53l0x_api.o(i.VL53L0X_GetSequenceStepEnables)
    i.VL53L0X_GetVcselPulsePeriod            0x080032b2   Section        0  vl53l0x_api.o(i.VL53L0X_GetVcselPulsePeriod)
    i.VL53L0X_GetWrapAroundCheckEnable       0x080032d0   Section        0  vl53l0x_api.o(i.VL53L0X_GetWrapAroundCheckEnable)
    i.VL53L0X_GetXTalkCompensationEnable     0x0800330e   Section        0  vl53l0x_api.o(i.VL53L0X_GetXTalkCompensationEnable)
    i.VL53L0X_GetXTalkCompensationRateMegaCps 0x0800331a   Section        0  vl53l0x_api.o(i.VL53L0X_GetXTalkCompensationRateMegaCps)
    i.VL53L0X_PerformRefCalibration          0x08003352   Section        0  vl53l0x_api.o(i.VL53L0X_PerformRefCalibration)
    i.VL53L0X_PerformRefSpadManagement       0x08003372   Section        0  vl53l0x_api.o(i.VL53L0X_PerformRefSpadManagement)
    i.VL53L0X_PerformSingleMeasurement       0x08003390   Section        0  vl53l0x_api.o(i.VL53L0X_PerformSingleMeasurement)
    i.VL53L0X_PerformSingleRangingMeasurement 0x080033cc   Section        0  vl53l0x_api.o(i.VL53L0X_PerformSingleRangingMeasurement)
    i.VL53L0X_PollingDelay                   0x08003404   Section        0  vl53l0x_i2c_platform.o(i.VL53L0X_PollingDelay)
    i.VL53L0X_RdByte                         0x08003412   Section        0  vl53l0x_i2c_platform.o(i.VL53L0X_RdByte)
    i.VL53L0X_RdDWord                        0x08003428   Section        0  vl53l0x_i2c_platform.o(i.VL53L0X_RdDWord)
    i.VL53L0X_RdWord                         0x08003460   Section        0  vl53l0x_i2c_platform.o(i.VL53L0X_RdWord)
    i.VL53L0X_ReadMulti                      0x08003488   Section        0  vl53l0x_i2c_platform.o(i.VL53L0X_ReadMulti)
    i.VL53L0X_SetDeviceMode                  0x080034f2   Section        0  vl53l0x_api.o(i.VL53L0X_SetDeviceMode)
    i.VL53L0X_SetGpioConfig                  0x08003524   Section        0  vl53l0x_api.o(i.VL53L0X_SetGpioConfig)
    i.VL53L0X_SetLimitCheckEnable            0x0800368c   Section        0  vl53l0x_api.o(i.VL53L0X_SetLimitCheckEnable)
    i.VL53L0X_SetLimitCheckValue             0x0800374e   Section        0  vl53l0x_api.o(i.VL53L0X_SetLimitCheckValue)
    i.VL53L0X_SetMeasurementTimingBudgetMicroSeconds 0x080037c4   Section        0  vl53l0x_api.o(i.VL53L0X_SetMeasurementTimingBudgetMicroSeconds)
    i.VL53L0X_SetSequenceStepEnable          0x080037da   Section        0  vl53l0x_api.o(i.VL53L0X_SetSequenceStepEnable)
    i.VL53L0X_StartMeasurement               0x0800389e   Section        0  vl53l0x_api.o(i.VL53L0X_StartMeasurement)
    i.VL53L0X_StaticInit                     0x080039ac   Section        0  vl53l0x_api.o(i.VL53L0X_StaticInit)
    i.VL53L0X_UpdateByte                     0x08003b54   Section        0  vl53l0x_i2c_platform.o(i.VL53L0X_UpdateByte)
    i.VL53L0X_WrByte                         0x08003b92   Section        0  vl53l0x_i2c_platform.o(i.VL53L0X_WrByte)
    i.VL53L0X_WrWord                         0x08003ba6   Section        0  vl53l0x_i2c_platform.o(i.VL53L0X_WrWord)
    i.VL53L0X_WriteMulti                     0x08003bc8   Section        0  vl53l0x_i2c_platform.o(i.VL53L0X_WriteMulti)
    i.VL53L0X_calc_dmax                      0x08003c0c   Section        0  vl53l0x_api_core.o(i.VL53L0X_calc_dmax)
    i.VL53L0X_calc_macro_period_ps           0x08003cba   Section        0  vl53l0x_api_core.o(i.VL53L0X_calc_macro_period_ps)
    i.VL53L0X_calc_sigma_estimate            0x08003cd0   Section        0  vl53l0x_api_core.o(i.VL53L0X_calc_sigma_estimate)
    i.VL53L0X_calc_timeout_mclks             0x08003fc0   Section        0  vl53l0x_api_core.o(i.VL53L0X_calc_timeout_mclks)
    i.VL53L0X_calc_timeout_us                0x08003ff4   Section        0  vl53l0x_api_core.o(i.VL53L0X_calc_timeout_us)
    i.VL53L0X_decode_timeout                 0x08004028   Section        0  vl53l0x_api_core.o(i.VL53L0X_decode_timeout)
    i.VL53L0X_decode_vcsel_period            0x08004036   Section        0  vl53l0x_api_core.o(i.VL53L0X_decode_vcsel_period)
    i.VL53L0X_device_read_strobe             0x08004042   Section        0  vl53l0x_api_core.o(i.VL53L0X_device_read_strobe)
    i.VL53L0X_encode_timeout                 0x08004094   Section        0  vl53l0x_api_core.o(i.VL53L0X_encode_timeout)
    i.VL53L0X_get_info_from_device           0x080040bc   Section        0  vl53l0x_api_core.o(i.VL53L0X_get_info_from_device)
    i.VL53L0X_get_measurement_timing_budget_micro_seconds 0x0800460c   Section        0  vl53l0x_api_core.o(i.VL53L0X_get_measurement_timing_budget_micro_seconds)
    i.VL53L0X_get_offset_calibration_data_micro_meter 0x080046fa   Section        0  vl53l0x_api_calibration.o(i.VL53L0X_get_offset_calibration_data_micro_meter)
    i.VL53L0X_get_pal_range_status           0x08004750   Section        0  vl53l0x_api_core.o(i.VL53L0X_get_pal_range_status)
    i.VL53L0X_get_total_signal_rate          0x08004988   Section        0  vl53l0x_api_core.o(i.VL53L0X_get_total_signal_rate)
    i.VL53L0X_get_total_xtalk_rate           0x080049b0   Section        0  vl53l0x_api_core.o(i.VL53L0X_get_total_xtalk_rate)
    i.VL53L0X_get_vcsel_pulse_period         0x080049ea   Section        0  vl53l0x_api_core.o(i.VL53L0X_get_vcsel_pulse_period)
    i.VL53L0X_isqrt                          0x08004a30   Section        0  vl53l0x_api_core.o(i.VL53L0X_isqrt)
    i.VL53L0X_load_tuning_settings           0x08004a5c   Section        0  vl53l0x_api_core.o(i.VL53L0X_load_tuning_settings)
    i.VL53L0X_measurement_poll_for_completion 0x08004b46   Section        0  vl53l0x_api_core.o(i.VL53L0X_measurement_poll_for_completion)
    i.VL53L0X_perform_phase_calibration      0x08004b88   Section        0  vl53l0x_api_calibration.o(i.VL53L0X_perform_phase_calibration)
    i.VL53L0X_perform_ref_calibration        0x08004c04   Section        0  vl53l0x_api_calibration.o(i.VL53L0X_perform_ref_calibration)
    i.VL53L0X_perform_ref_spad_management    0x08004c50   Section        0  vl53l0x_api_calibration.o(i.VL53L0X_perform_ref_spad_management)
    i.VL53L0X_perform_single_ref_calibration 0x08004ee2   Section        0  vl53l0x_api_calibration.o(i.VL53L0X_perform_single_ref_calibration)
    i.VL53L0X_perform_vhv_calibration        0x08004f22   Section        0  vl53l0x_api_calibration.o(i.VL53L0X_perform_vhv_calibration)
    i.VL53L0X_ref_calibration_io             0x08004fa0   Section        0  vl53l0x_api_calibration.o(i.VL53L0X_ref_calibration_io)
    i.VL53L0X_set_measurement_timing_budget_micro_seconds 0x08005050   Section        0  vl53l0x_api_core.o(i.VL53L0X_set_measurement_timing_budget_micro_seconds)
    i.VL53L0X_set_reference_spads            0x08005164   Section        0  vl53l0x_api_calibration.o(i.VL53L0X_set_reference_spads)
    i.__0printf                              0x08005228   Section        0  printfa.o(i.__0printf)
    i.__scatterload_copy                     0x08005248   Section       14  handlers.o(i.__scatterload_copy)
    i.__scatterload_null                     0x08005256   Section        2  handlers.o(i.__scatterload_null)
    i.__scatterload_zeroinit                 0x08005258   Section       14  handlers.o(i.__scatterload_zeroinit)
    i._fp_digits                             0x08005268   Section        0  printfa.o(i._fp_digits)
    _fp_digits                               0x08005269   Thumb Code   366  printfa.o(i._fp_digits)
    i._printf_core                           0x080053ec   Section        0  printfa.o(i._printf_core)
    _printf_core                             0x080053ed   Thumb Code  1744  printfa.o(i._printf_core)
    i._printf_post_padding                   0x08005ac8   Section        0  printfa.o(i._printf_post_padding)
    _printf_post_padding                     0x08005ac9   Thumb Code    36  printfa.o(i._printf_post_padding)
    i._printf_pre_padding                    0x08005aec   Section        0  printfa.o(i._printf_pre_padding)
    _printf_pre_padding                      0x08005aed   Thumb Code    46  printfa.o(i._printf_pre_padding)
    i.enable_ref_spads                       0x08005b1a   Section        0  vl53l0x_api_calibration.o(i.enable_ref_spads)
    i.enable_spad_bit                        0x08005bc6   Section        0  vl53l0x_api_calibration.o(i.enable_spad_bit)
    i.fputc                                  0x08005bf8   Section        0  serial.o(i.fputc)
    i.get_dmax_lut_points                    0x08005c08   Section        0  vl53l0x_api_core.o(i.get_dmax_lut_points)
    i.get_next_good_spad                     0x08005c54   Section        0  vl53l0x_api_calibration.o(i.get_next_good_spad)
    i.get_ref_spad_map                       0x08005cbc   Section        0  vl53l0x_api_calibration.o(i.get_ref_spad_map)
    i.get_sequence_step_timeout              0x08005cd4   Section        0  vl53l0x_api_core.o(i.get_sequence_step_timeout)
    i.is_aperture                            0x08005df8   Section        0  vl53l0x_api_calibration.o(i.is_aperture)
    i.main                                   0x08005e10   Section        0  main.o(i.main)
    i.perform_ref_signal_measurement         0x08005e44   Section        0  vl53l0x_api_calibration.o(i.perform_ref_signal_measurement)
    i.sequence_step_enabled                  0x08005eb2   Section        0  vl53l0x_api.o(i.sequence_step_enabled)
    i.set_ref_spad_map                       0x08005efa   Section        0  vl53l0x_api_calibration.o(i.set_ref_spad_map)
    i.set_sequence_step_timeout              0x08005f12   Section        0  vl53l0x_api_core.o(i.set_sequence_step_timeout)
    .constdata                               0x0800604a   Section     1520  oled_font.o(.constdata)
    .data                                    0x20000000   Section       20  stm32f10x_rcc.o(.data)
    APBAHBPrescTable                         0x20000000   Data          16  stm32f10x_rcc.o(.data)
    ADCPrescTable                            0x20000010   Data           4  stm32f10x_rcc.o(.data)
    .data                                    0x20000014   Section        8  led.o(.data)
    Brightness_Set                           0x20000014   Data           1  led.o(.data)
    Brightness_Target                        0x20000015   Data           1  led.o(.data)
    Brightness_CurrentQ8                     0x20000016   Data           2  led.o(.data)
    LedLastTime                              0x20000018   Data           4  led.o(.data)
    .data                                    0x2000001c   Section        3  serial.o(.data)
    RXState                                  0x2000001d   Data           1  serial.o(.data)
    pRXPacket                                0x2000001e   Data           1  serial.o(.data)
    .data                                    0x20000020   Section        4  my_vl53l0x.o(.data)
    .data                                    0x20000024   Section        9  oled_gfx.o(.data)
    OLED_DirtyPage                           0x20000024   Data           8  oled_gfx.o(.data)
    OLED_FlushPage                           0x2000002c   Data           1  oled_gfx.o(.data)
    .data                                    0x20000030   Section       17  gesture_tof.o(.data)
    State                                    0x20000030   Data           1  gesture_tof.o(.data)
    FilteredDistance                         0x20000032   Data           2  gesture_tof.o(.data)
    LastDistance                             0x20000034   Data           2  gesture_tof.o(.data)
    NearStartTime                            0x20000038   Data           4  gesture_tof.o(.data)
    LastWaveTime                             0x2000003c   Data           4  gesture_tof.o(.data)
    HoldReported                             0x20000040   Data           1  gesture_tof.o(.data)
    .data                                    0x20000044   Section       37  main.o(.data)
    g_ms                                     0x20000044   Data           4  main.o(.data)
    TouchTick                                0x20000048   Data           4  main.o(.data)
    DimTick                                  0x2000004c   Data           4  main.o(.data)
    RadarTick                                0x20000050   Data           4  main.o(.data)
    GestureTick                              0x20000054   Data           4  main.o(.data)
    GestureDimTick                           0x20000058   Data           4  main.o(.data)
    StatusTick                               0x2000005c   Data           4  main.o(.data)
    PanelTick                                0x20000060   Data           4  main.o(.data)
    LastHuman                                0x20000064   Data           1  main.o(.data)
    GestureDimDirection                      0x20000065   Data           1  main.o(.data)
    DebugMode                                0x20000066   Data           1  main.o(.data)
    PanelLastBrightness                      0x20000067   Data           1  main.o(.data)
    PanelLastLedState                        0x20000068   Data           1  main.o(.data)
    .data                                    0x20000069   Section      681  vl53l0x_api.o(.data)
    .data                                    0x20000314   Section       16  vl53l0x_api_calibration.o(.data)
    .data                                    0x20000324   Section        4  stdout.o(.data)
    .bss                                     0x20000328   Section      100  serial.o(.bss)
    .bss                                     0x2000038c   Section      388  my_vl53l0x.o(.bss)
    .bss                                     0x20000510   Section     1024  oled_gfx.o(.bss)
    OLED_Buffer                              0x20000510   Data        1024  oled_gfx.o(.bss)
    .bss                                     0x20000910   Section       24  oled_ui.o(.bss)
    UI                                       0x20000910   Data          24  oled_ui.o(.bss)
    .bss                                     0x20000928   Section       48  main.o(.bss)
    TouchPower                               0x20000928   Data          16  main.o(.bss)
    TouchUp                                  0x20000938   Data          16  main.o(.bss)
    TouchDown                                0x20000948   Data          16  main.o(.bss)
    STACK                                    0x20000958   Section     1024  startup_stm32f10x_md.o(STACK)

    Global Symbols

    Symbol Name                              Value     Ov Type        Size  Object(Section)

    BuildAttributes$$THM_ISAv4$P$D$K$B$S$PE$A:L22UL41UL21$X:L11$S22US41US21$IEEE1$IW$USESV6$~STKCKD$USESV7$~SHL$OSPACE$ROPI$EBA8$MICROLIB$REQ8$PRES8$EABIv2 0x00000000   Number         0  anon$$obj.o ABSOLUTE
    __ARM_use_no_argv                        0x00000000   Number         0  main.o ABSOLUTE
    _printf_a                                0x00000000   Number         0  stubs.o ABSOLUTE
    _printf_c                                0x00000000   Number         0  stubs.o ABSOLUTE
    _printf_charcount                        0x00000000   Number         0  stubs.o ABSOLUTE
    _printf_d                                0x00000000   Number         0  stubs.o ABSOLUTE
    _printf_e                                0x00000000   Number         0  stubs.o ABSOLUTE
    _printf_f                                0x00000000   Number         0  stubs.o ABSOLUTE
    _printf_flags                            0x00000000   Number         0  stubs.o ABSOLUTE
    _printf_fp_dec                           0x00000000   Number         0  stubs.o ABSOLUTE
    _printf_fp_hex                           0x00000000   Number         0  stubs.o ABSOLUTE
    _printf_g                                0x00000000   Number         0  stubs.o ABSOLUTE
    _printf_i                                0x00000000   Number         0  stubs.o ABSOLUTE
    _printf_int_dec                          0x00000000   Number         0  stubs.o ABSOLUTE
    _printf_l                                0x00000000   Number         0  stubs.o ABSOLUTE
    _printf_lc                               0x00000000   Number         0  stubs.o ABSOLUTE
    _printf_ll                               0x00000000   Number         0  stubs.o ABSOLUTE
    _printf_lld                              0x00000000   Number         0  stubs.o ABSOLUTE
    _printf_lli                              0x00000000   Number         0  stubs.o ABSOLUTE
    _printf_llo                              0x00000000   Number         0  stubs.o ABSOLUTE
    _printf_llu                              0x00000000   Number         0  stubs.o ABSOLUTE
    _printf_llx                              0x00000000   Number         0  stubs.o ABSOLUTE
    _printf_longlong_dec                     0x00000000   Number         0  stubs.o ABSOLUTE
    _printf_longlong_hex                     0x00000000   Number         0  stubs.o ABSOLUTE
    _printf_longlong_oct                     0x00000000   Number         0  stubs.o ABSOLUTE
    _printf_ls                               0x00000000   Number         0  stubs.o ABSOLUTE
    _printf_mbtowc                           0x00000000   Number         0  stubs.o ABSOLUTE
    _printf_n                                0x00000000   Number         0  stubs.o ABSOLUTE
    _printf_o                                0x00000000   Number         0  stubs.o ABSOLUTE
    _printf_p                                0x00000000   Number         0  stubs.o ABSOLUTE
    _printf_percent                          0x00000000   Number         0  stubs.o ABSOLUTE
    _printf_pre_padding                      0x00000000   Number         0  stubs.o ABSOLUTE
    _printf_return_value                     0x00000000   Number         0  stubs.o ABSOLUTE
    _printf_s                                0x00000000   Number         0  stubs.o ABSOLUTE
    _printf_sizespec                         0x00000000   Number         0  stubs.o ABSOLUTE
    _printf_str                              0x00000000   Number         0  stubs.o ABSOLUTE
    _printf_truncate_signed                  0x00000000   Number         0  stubs.o ABSOLUTE
    _printf_truncate_unsigned                0x00000000   Number         0  stubs.o ABSOLUTE
    _printf_u                                0x00000000   Number         0  stubs.o ABSOLUTE
    _printf_wc                               0x00000000   Number         0  stubs.o ABSOLUTE
    _printf_wctomb                           0x00000000   Number         0  stubs.o ABSOLUTE
    _printf_widthprec                        0x00000000   Number         0  stubs.o ABSOLUTE
    _printf_x                                0x00000000   Number         0  stubs.o ABSOLUTE
    __cpp_initialize__aeabi_                  - Undefined Weak Reference
    __cxa_finalize                            - Undefined Weak Reference
    _clock_init                               - Undefined Weak Reference
    _microlib_exit                            - Undefined Weak Reference
    __Vectors_Size                           0x000000ec   Number         0  startup_stm32f10x_md.o ABSOLUTE
    __Vectors                                0x08000000   Data           4  startup_stm32f10x_md.o(RESET)
    __Vectors_End                            0x080000ec   Data           0  startup_stm32f10x_md.o(RESET)
    __main                                   0x080000ed   Thumb Code     0  entry.o(.ARM.Collect$$$$00000000)
    _main_stk                                0x080000ed   Thumb Code     0  entry2.o(.ARM.Collect$$$$00000001)
    _main_scatterload                        0x080000f1   Thumb Code     0  entry5.o(.ARM.Collect$$$$00000004)
    __main_after_scatterload                 0x080000f5   Thumb Code     0  entry5.o(.ARM.Collect$$$$00000004)
    _main_clock                              0x080000f5   Thumb Code     0  entry7b.o(.ARM.Collect$$$$00000008)
    _main_cpp_init                           0x080000f5   Thumb Code     0  entry8b.o(.ARM.Collect$$$$0000000A)
    _main_init                               0x080000f5   Thumb Code     0  entry9a.o(.ARM.Collect$$$$0000000B)
    __rt_final_cpp                           0x080000fd   Thumb Code     0  entry10a.o(.ARM.Collect$$$$0000000D)
    __rt_final_exit                          0x080000fd   Thumb Code     0  entry11a.o(.ARM.Collect$$$$0000000F)
    Reset_Handler                            0x08000101   Thumb Code     8  startup_stm32f10x_md.o(.text)
    ADC1_2_IRQHandler                        0x0800011b   Thumb Code     0  startup_stm32f10x_md.o(.text)
    CAN1_RX1_IRQHandler                      0x0800011b   Thumb Code     0  startup_stm32f10x_md.o(.text)
    CAN1_SCE_IRQHandler                      0x0800011b   Thumb Code     0  startup_stm32f10x_md.o(.text)
    DMA1_Channel1_IRQHandler                 0x0800011b   Thumb Code     0  startup_stm32f10x_md.o(.text)
    DMA1_Channel2_IRQHandler                 0x0800011b   Thumb Code     0  startup_stm32f10x_md.o(.text)
    DMA1_Channel3_IRQHandler                 0x0800011b   Thumb Code     0  startup_stm32f10x_md.o(.text)
    DMA1_Channel4_IRQHandler                 0x0800011b   Thumb Code     0  startup_stm32f10x_md.o(.text)
    DMA1_Channel5_IRQHandler                 0x0800011b   Thumb Code     0  startup_stm32f10x_md.o(.text)
    DMA1_Channel6_IRQHandler                 0x0800011b   Thumb Code     0  startup_stm32f10x_md.o(.text)
    DMA1_Channel7_IRQHandler                 0x0800011b   Thumb Code     0  startup_stm32f10x_md.o(.text)
    EXTI0_IRQHandler                         0x0800011b   Thumb Code     0  startup_stm32f10x_md.o(.text)
    EXTI15_10_IRQHandler                     0x0800011b   Thumb Code     0  startup_stm32f10x_md.o(.text)
    EXTI1_IRQHandler                         0x0800011b   Thumb Code     0  startup_stm32f10x_md.o(.text)
    EXTI2_IRQHandler                         0x0800011b   Thumb Code     0  startup_stm32f10x_md.o(.text)
    EXTI3_IRQHandler                         0x0800011b   Thumb Code     0  startup_stm32f10x_md.o(.text)
    EXTI4_IRQHandler                         0x0800011b   Thumb Code     0  startup_stm32f10x_md.o(.text)
    EXTI9_5_IRQHandler                       0x0800011b   Thumb Code     0  startup_stm32f10x_md.o(.text)
    FLASH_IRQHandler                         0x0800011b   Thumb Code     0  startup_stm32f10x_md.o(.text)
    I2C1_ER_IRQHandler                       0x0800011b   Thumb Code     0  startup_stm32f10x_md.o(.text)
    I2C1_EV_IRQHandler                       0x0800011b   Thumb Code     0  startup_stm32f10x_md.o(.text)
    I2C2_ER_IRQHandler                       0x0800011b   Thumb Code     0  startup_stm32f10x_md.o(.text)
    I2C2_EV_IRQHandler                       0x0800011b   Thumb Code     0  startup_stm32f10x_md.o(.text)
    PVD_IRQHandler                           0x0800011b   Thumb Code     0  startup_stm32f10x_md.o(.text)
    RCC_IRQHandler                           0x0800011b   Thumb Code     0  startup_stm32f10x_md.o(.text)
    RTCAlarm_IRQHandler                      0x0800011b   Thumb Code     0  startup_stm32f10x_md.o(.text)
    RTC_IRQHandler                           0x0800011b   Thumb Code     0  startup_stm32f10x_md.o(.text)
    SPI1_IRQHandler                          0x0800011b   Thumb Code     0  startup_stm32f10x_md.o(.text)
    SPI2_IRQHandler                          0x0800011b   Thumb Code     0  startup_stm32f10x_md.o(.text)
    TAMPER_IRQHandler                        0x0800011b   Thumb Code     0  startup_stm32f10x_md.o(.text)
    TIM1_BRK_IRQHandler                      0x0800011b   Thumb Code     0  startup_stm32f10x_md.o(.text)
    TIM1_CC_IRQHandler                       0x0800011b   Thumb Code     0  startup_stm32f10x_md.o(.text)
    TIM1_TRG_COM_IRQHandler                  0x0800011b   Thumb Code     0  startup_stm32f10x_md.o(.text)
    TIM1_UP_IRQHandler                       0x0800011b   Thumb Code     0  startup_stm32f10x_md.o(.text)
    TIM2_IRQHandler                          0x0800011b   Thumb Code     0  startup_stm32f10x_md.o(.text)
    TIM3_IRQHandler                          0x0800011b   Thumb Code     0  startup_stm32f10x_md.o(.text)
    USART2_IRQHandler                        0x0800011b   Thumb Code     0  startup_stm32f10x_md.o(.text)
    USART3_IRQHandler                        0x0800011b   Thumb Code     0  startup_stm32f10x_md.o(.text)
    USBWakeUp_IRQHandler                     0x0800011b   Thumb Code     0  startup_stm32f10x_md.o(.text)
    USB_HP_CAN1_TX_IRQHandler                0x0800011b   Thumb Code     0  startup_stm32f10x_md.o(.text)
    USB_LP_CAN1_RX0_IRQHandler               0x0800011b   Thumb Code     0  startup_stm32f10x_md.o(.text)
    WWDG_IRQHandler                          0x0800011b   Thumb Code     0  startup_stm32f10x_md.o(.text)
    __aeabi_memcpy                           0x08000125   Thumb Code    36  memcpya.o(.text)
    __aeabi_memcpy4                          0x08000125   Thumb Code     0  memcpya.o(.text)
    __aeabi_memcpy8                          0x08000125   Thumb Code     0  memcpya.o(.text)
    __aeabi_memset                           0x08000149   Thumb Code    14  memseta.o(.text)
    __aeabi_memset4                          0x08000149   Thumb Code     0  memseta.o(.text)
    __aeabi_memset8                          0x08000149   Thumb Code     0  memseta.o(.text)
    __aeabi_memclr                           0x08000157   Thumb Code     4  memseta.o(.text)
    __aeabi_memclr4                          0x08000157   Thumb Code     0  memseta.o(.text)
    __aeabi_memclr8                          0x08000157   Thumb Code     0  memseta.o(.text)
    _memset$wrapper                          0x0800015b   Thumb Code    18  memseta.o(.text)
    strcmp                                   0x0800016d   Thumb Code    28  strcmp.o(.text)
    strcpy                                   0x08000189   Thumb Code    18  strcpy.o(.text)
    __aeabi_uidiv                            0x0800019b   Thumb Code     0  uidiv.o(.text)
    __aeabi_uidivmod                         0x0800019b   Thumb Code    44  uidiv.o(.text)
    __aeabi_uldivmod                         0x080001c7   Thumb Code    98  uldiv.o(.text)
    __I$use$fp                               0x08000229   Thumb Code     0  iusefp.o(.text)
    __aeabi_dadd                             0x08000229   Thumb Code   322  dadd.o(.text)
    __aeabi_dsub                             0x0800036b   Thumb Code     6  dadd.o(.text)
    __aeabi_drsub                            0x08000371   Thumb Code     6  dadd.o(.text)
    __aeabi_dmul                             0x08000377   Thumb Code   228  dmul.o(.text)
    __aeabi_ddiv                             0x0800045b   Thumb Code   222  ddiv.o(.text)
    __aeabi_d2ulz                            0x08000539   Thumb Code    48  dfixul.o(.text)
    __aeabi_cdrcmple                         0x08000569   Thumb Code    48  cdrcmple.o(.text)
    __scatterload                            0x08000599   Thumb Code    28  init.o(.text)
    __scatterload_rt2                        0x08000599   Thumb Code     0  init.o(.text)
    __aeabi_llsl                             0x080005bd   Thumb Code    30  llshl.o(.text)
    _ll_shift_l                              0x080005bd   Thumb Code     0  llshl.o(.text)
    __aeabi_llsr                             0x080005db   Thumb Code    32  llushr.o(.text)
    _ll_ushift_r                             0x080005db   Thumb Code     0  llushr.o(.text)
    __aeabi_lasr                             0x080005fb   Thumb Code    36  llsshr.o(.text)
    _ll_sshift_r                             0x080005fb   Thumb Code     0  llsshr.o(.text)
    _double_round                            0x0800061f   Thumb Code    30  depilogue.o(.text)
    _double_epilogue                         0x0800063d   Thumb Code   156  depilogue.o(.text)
    __decompress                             0x080006d9   Thumb Code     0  __dclz77c.o(.text)
    __decompress2                            0x080006d9   Thumb Code    94  __dclz77c.o(.text)
    BusFault_Handler                         0x080007b1   Thumb Code     4  stm32f10x_it.o(i.BusFault_Handler)
    DebugMon_Handler                         0x080007b5   Thumb Code     2  stm32f10x_it.o(i.DebugMon_Handler)
    Delay_ms                                 0x080007b7   Thumb Code    24  delay.o(i.Delay_ms)
    Delay_us                                 0x080007cf   Thumb Code    46  delay.o(i.Delay_us)
    GPIO_Init                                0x080007fd   Thumb Code   278  stm32f10x_gpio.o(i.GPIO_Init)
    GPIO_ReadInputDataBit                    0x08000913   Thumb Code    18  stm32f10x_gpio.o(i.GPIO_ReadInputDataBit)
    GPIO_SetBits                             0x08000925   Thumb Code     4  stm32f10x_gpio.o(i.GPIO_SetBits)
    GPIO_WriteBit                            0x08000929   Thumb Code    10  stm32f10x_gpio.o(i.GPIO_WriteBit)
    Gesture_Init                             0x080009dd   Thumb Code    34  gesture_tof.o(i.Gesture_Init)
    Gesture_Update                           0x08000b45   Thumb Code   210  gesture_tof.o(i.Gesture_Update)
    HardFault_Handler                        0x08000c29   Thumb Code     4  stm32f10x_it.o(i.HardFault_Handler)
    Key_Init                                 0x08000c2d   Thumb Code    40  key.o(i.Key_Init)
    LD2410B_GetState                         0x08000c59   Thumb Code    20  ld2410b.o(i.LD2410B_GetState)
    LD2410B_Init                             0x08000c71   Thumb Code    40  ld2410b.o(i.LD2410B_Init)
    LED1_AddTarget                           0x08000c9d   Thumb Code    34  led.o(i.LED1_AddTarget)
    LED1_Dec                                 0x08000cc5   Thumb Code    12  led.o(i.LED1_Dec)
    LED1_GetBrightness                       0x08000cd1   Thumb Code    12  led.o(i.LED1_GetBrightness)
    LED1_GetTarget                           0x08000ce1   Thumb Code     6  led.o(i.LED1_GetTarget)
    LED1_Inc                                 0x08000ced   Thumb Code    10  led.o(i.LED1_Inc)
    LED1_IsOn                                0x08000cf9   Thumb Code    24  led.o(i.LED1_IsOn)
    LED1_OFF                                 0x08000d19   Thumb Code     8  led.o(i.LED1_OFF)
    LED1_ON                                  0x08000d25   Thumb Code    24  led.o(i.LED1_ON)
    LED1_SetNow                              0x08000d45   Thumb Code    32  led.o(i.LED1_SetNow)
    LED1_SetTarget                           0x08000d6d   Thumb Code    22  led.o(i.LED1_SetTarget)
    LED1_Task                                0x08000d89   Thumb Code   112  led.o(i.LED1_Task)
    LED1_Turn                                0x08000e05   Thumb Code    20  led.o(i.LED1_Turn)
    LED_Init                                 0x08000e3d   Thumb Code    14  led.o(i.LED_Init)
    MemManage_Handler                        0x08000e99   Thumb Code     4  stm32f10x_it.o(i.MemManage_Handler)
    MyI2C_Init                               0x08000ea9   Thumb Code    50  myi2c.o(i.MyI2C_Init)
    MyI2C_R_SDA                              0x08000ee1   Thumb Code    24  myi2c.o(i.MyI2C_R_SDA)
    MyI2C_ReceiveAck                         0x08000efd   Thumb Code    30  myi2c.o(i.MyI2C_ReceiveAck)
    MyI2C_ReceiveByte                        0x08000f1b   Thumb Code    50  myi2c.o(i.MyI2C_ReceiveByte)
    MyI2C_SendAck                            0x08000f4d   Thumb Code    24  myi2c.o(i.MyI2C_SendAck)
    MyI2C_SendByte                           0x08000f65   Thumb Code    50  myi2c.o(i.MyI2C_SendByte)
    MyI2C_Start                              0x08000f97   Thumb Code    28  myi2c.o(i.MyI2C_Start)
    MyI2C_Stop                               0x08000fb3   Thumb Code    22  myi2c.o(i.MyI2C_Stop)
    MyI2C_W_SCL                              0x08000fc9   Thumb Code    24  myi2c.o(i.MyI2C_W_SCL)
    MyI2C_W_SDA                              0x08000fe5   Thumb Code    24  myi2c.o(i.MyI2C_W_SDA)
    MyVL53L0X_GetDistance                    0x08001001   Thumb Code    72  my_vl53l0x.o(i.MyVL53L0X_GetDistance)
    MyVL53L0X_Init                           0x08001051   Thumb Code    98  my_vl53l0x.o(i.MyVL53L0X_Init)
    NMI_Handler                              0x080010b9   Thumb Code     2  stm32f10x_it.o(i.NMI_Handler)
    NVIC_Init                                0x080010bd   Thumb Code   100  misc.o(i.NVIC_Init)
    NVIC_PriorityGroupConfig                 0x0800112d   Thumb Code    10  misc.o(i.NVIC_PriorityGroupConfig)
    OLEDGFX_ClearBuffer                      0x08001141   Thumb Code    18  oled_gfx.o(i.OLEDGFX_ClearBuffer)
    OLEDGFX_DrawCircle                       0x08001159   Thumb Code   184  oled_gfx.o(i.OLEDGFX_DrawCircle)
    OLEDGFX_DrawHLine                        0x08001211   Thumb Code    40  oled_gfx.o(i.OLEDGFX_DrawHLine)
    OLEDGFX_DrawPixel                        0x08001239   Thumb Code    88  oled_gfx.o(i.OLEDGFX_DrawPixel)
    OLEDGFX_DrawRect                         0x08001295   Thumb Code    84  oled_gfx.o(i.OLEDGFX_DrawRect)
    OLEDGFX_DrawVLine                        0x080012e9   Thumb Code    40  oled_gfx.o(i.OLEDGFX_DrawVLine)
    OLEDGFX_FillRect                         0x08001311   Thumb Code    46  oled_gfx.o(i.OLEDGFX_FillRect)
    OLEDGFX_MarkAllDirty                     0x08001341   Thumb Code    20  oled_gfx.o(i.OLEDGFX_MarkAllDirty)
    OLEDGFX_ShowChar8x16                     0x08001359   Thumb Code   128  oled_gfx.o(i.OLEDGFX_ShowChar8x16)
    OLEDGFX_ShowNum8x16                      0x080013dd   Thumb Code    86  oled_gfx.o(i.OLEDGFX_ShowNum8x16)
    OLEDGFX_ShowString8x16                   0x08001433   Thumb Code    44  oled_gfx.o(i.OLEDGFX_ShowString8x16)
    OLEDGFX_UpdateAll                        0x08001461   Thumb Code    48  oled_gfx.o(i.OLEDGFX_UpdateAll)
    OLEDGFX_UpdateOnePage                    0x08001499   Thumb Code    76  oled_gfx.o(i.OLEDGFX_UpdateOnePage)
    OLEDUI_Init                              0x0800185d   Thumb Code    48  oled_ui.o(i.OLEDUI_Init)
    OLEDUI_SetBrightness                     0x08001901   Thumb Code     8  oled_ui.o(i.OLEDUI_SetBrightness)
    OLEDUI_SetDebug                          0x0800190d   Thumb Code    22  oled_ui.o(i.OLEDUI_SetDebug)
    OLEDUI_SetDistance                       0x08001929   Thumb Code     6  oled_ui.o(i.OLEDUI_SetDistance)
    OLEDUI_SetLight                          0x08001935   Thumb Code    28  oled_ui.o(i.OLEDUI_SetLight)
    OLEDUI_ShowDimming                       0x08001955   Thumb Code    22  oled_ui.o(i.OLEDUI_ShowDimming)
    OLEDUI_ShowGesture                       0x08001971   Thumb Code    22  oled_ui.o(i.OLEDUI_ShowGesture)
    OLEDUI_ShowLightState                    0x0800198d   Thumb Code    28  oled_ui.o(i.OLEDUI_ShowLightState)
    OLEDUI_Task                              0x080019ad   Thumb Code   110  oled_ui.o(i.OLEDUI_Task)
    OLED_Clear                               0x08001a59   Thumb Code    42  oled.o(i.OLED_Clear)
    OLED_I2C_Init                            0x08001a85   Thumb Code    76  oled.o(i.OLED_I2C_Init)
    OLED_I2C_SendByte                        0x08001ad5   Thumb Code    88  oled.o(i.OLED_I2C_SendByte)
    OLED_I2C_Start                           0x08001b31   Thumb Code    48  oled.o(i.OLED_I2C_Start)
    OLED_I2C_Stop                            0x08001b65   Thumb Code    36  oled.o(i.OLED_I2C_Stop)
    OLED_Init                                0x08001b8d   Thumb Code   174  oled.o(i.OLED_Init)
    OLED_SetCursor                           0x08001c4d   Thumb Code    34  oled.o(i.OLED_SetCursor)
    OLED_WriteCommand                        0x08001c9d   Thumb Code    32  oled.o(i.OLED_WriteCommand)
    OLED_WriteData                           0x08001cbd   Thumb Code    32  oled.o(i.OLED_WriteData)
    PWM_GetTopValue                          0x08001cdd   Thumb Code     6  pwm.o(i.PWM_GetTopValue)
    PWM_Init                                 0x08001ce5   Thumb Code   162  pwm.o(i.PWM_Init)
    PWM_SetCompare3                          0x08001d8d   Thumb Code    26  pwm.o(i.PWM_SetCompare3)
    PendSV_Handler                           0x08001e5d   Thumb Code     2  stm32f10x_it.o(i.PendSV_Handler)
    RCC_APB1PeriphClockCmd                   0x08001e61   Thumb Code    26  stm32f10x_rcc.o(i.RCC_APB1PeriphClockCmd)
    RCC_APB2PeriphClockCmd                   0x08001e81   Thumb Code    26  stm32f10x_rcc.o(i.RCC_APB2PeriphClockCmd)
    RCC_GetClocksFreq                        0x08001ea1   Thumb Code   192  stm32f10x_rcc.o(i.RCC_GetClocksFreq)
    SVC_Handler                              0x08001ffd   Thumb Code     2  stm32f10x_it.o(i.SVC_Handler)
    Serial_Init                              0x08002001   Thumb Code   174  serial.o(i.Serial_Init)
    Serial_SendByte                          0x080020b9   Thumb Code    28  serial.o(i.Serial_SendByte)
    Serial_SendString                        0x080020d9   Thumb Code    26  serial.o(i.Serial_SendString)
    SysTick_Handler                          0x08002369   Thumb Code     2  stm32f10x_it.o(i.SysTick_Handler)
    SystemInit                               0x0800236d   Thumb Code    78  system_stm32f10x.o(i.SystemInit)
    TIM4_IRQHandler                          0x080023cd   Thumb Code    34  main.o(i.TIM4_IRQHandler)
    TIM_ARRPreloadConfig                     0x080023f9   Thumb Code    24  stm32f10x_tim.o(i.TIM_ARRPreloadConfig)
    TIM_ClearITPendingBit                    0x08002411   Thumb Code     6  stm32f10x_tim.o(i.TIM_ClearITPendingBit)
    TIM_Cmd                                  0x08002417   Thumb Code    24  stm32f10x_tim.o(i.TIM_Cmd)
    TIM_GetITStatus                          0x0800242f   Thumb Code    34  stm32f10x_tim.o(i.TIM_GetITStatus)
    TIM_ITConfig                             0x08002451   Thumb Code    18  stm32f10x_tim.o(i.TIM_ITConfig)
    TIM_InternalClockConfig                  0x08002463   Thumb Code    12  stm32f10x_tim.o(i.TIM_InternalClockConfig)
    TIM_OC3Init                              0x08002471   Thumb Code   150  stm32f10x_tim.o(i.TIM_OC3Init)
    TIM_OC3PreloadConfig                     0x08002511   Thumb Code    18  stm32f10x_tim.o(i.TIM_OC3PreloadConfig)
    TIM_OCStructInit                         0x08002523   Thumb Code    20  stm32f10x_tim.o(i.TIM_OCStructInit)
    TIM_SetCompare3                          0x08002537   Thumb Code     4  stm32f10x_tim.o(i.TIM_SetCompare3)
    TIM_TimeBaseInit                         0x0800253d   Thumb Code   122  stm32f10x_tim.o(i.TIM_TimeBaseInit)
    USART1_IRQHandler                        0x080027e9   Thumb Code   142  serial.o(i.USART1_IRQHandler)
    USART_ClearITPendingBit                  0x0800288d   Thumb Code    30  stm32f10x_usart.o(i.USART_ClearITPendingBit)
    USART_Cmd                                0x080028ab   Thumb Code    24  stm32f10x_usart.o(i.USART_Cmd)
    USART_GetFlagStatus                      0x080028c3   Thumb Code    26  stm32f10x_usart.o(i.USART_GetFlagStatus)
    USART_GetITStatus                        0x080028dd   Thumb Code    84  stm32f10x_usart.o(i.USART_GetITStatus)
    USART_ITConfig                           0x08002931   Thumb Code    74  stm32f10x_usart.o(i.USART_ITConfig)
    USART_Init                               0x0800297d   Thumb Code   210  stm32f10x_usart.o(i.USART_Init)
    USART_ReceiveData                        0x08002a55   Thumb Code    10  stm32f10x_usart.o(i.USART_ReceiveData)
    USART_SendData                           0x08002a5f   Thumb Code     8  stm32f10x_usart.o(i.USART_SendData)
    UsageFault_Handler                       0x08002a67   Thumb Code     4  stm32f10x_it.o(i.UsageFault_Handler)
    VL53L0X_CheckAndLoadInterruptSettings    0x08002a6d   Thumb Code   290  vl53l0x_api.o(i.VL53L0X_CheckAndLoadInterruptSettings)
    VL53L0X_ClearInterruptMask               0x08002b95   Thumb Code    82  vl53l0x_api.o(i.VL53L0X_ClearInterruptMask)
    VL53L0X_DataInit                         0x08002be9   Thumb Code   464  vl53l0x_api.o(i.VL53L0X_DataInit)
    VL53L0X_GetDeviceMode                    0x08002dd1   Thumb Code    10  vl53l0x_api.o(i.VL53L0X_GetDeviceMode)
    VL53L0X_GetDeviceParameters              0x08002ddb   Thumb Code   204  vl53l0x_api.o(i.VL53L0X_GetDeviceParameters)
    VL53L0X_GetFractionEnable                0x08002ea7   Thumb Code    34  vl53l0x_api.o(i.VL53L0X_GetFractionEnable)
    VL53L0X_GetInterMeasurementPeriodMilliSeconds 0x08002ec9   Thumb Code    62  vl53l0x_api.o(i.VL53L0X_GetInterMeasurementPeriodMilliSeconds)
    VL53L0X_GetInterruptMaskStatus           0x08002f07   Thumb Code    48  vl53l0x_api.o(i.VL53L0X_GetInterruptMaskStatus)
    VL53L0X_GetInterruptThresholds           0x08002f37   Thumb Code    66  vl53l0x_api.o(i.VL53L0X_GetInterruptThresholds)
    VL53L0X_GetLimitCheckEnable              0x08002f79   Thumb Code    28  vl53l0x_api.o(i.VL53L0X_GetLimitCheckEnable)
    VL53L0X_GetLimitCheckValue               0x08002f95   Thumb Code   182  vl53l0x_api.o(i.VL53L0X_GetLimitCheckValue)
    VL53L0X_GetMeasurementDataReady          0x0800304b   Thumb Code    88  vl53l0x_api.o(i.VL53L0X_GetMeasurementDataReady)
    VL53L0X_GetMeasurementTimingBudgetMicroSeconds 0x080030a3   Thumb Code    22  vl53l0x_api.o(i.VL53L0X_GetMeasurementTimingBudgetMicroSeconds)
    VL53L0X_GetOffsetCalibrationDataMicroMeter 0x080030b9   Thumb Code    22  vl53l0x_api.o(i.VL53L0X_GetOffsetCalibrationDataMicroMeter)
    VL53L0X_GetRangingMeasurementData        0x080030cf   Thumb Code   366  vl53l0x_api.o(i.VL53L0X_GetRangingMeasurementData)
    VL53L0X_GetSequenceStepEnables           0x0800323d   Thumb Code   118  vl53l0x_api.o(i.VL53L0X_GetSequenceStepEnables)
    VL53L0X_GetVcselPulsePeriod              0x080032b3   Thumb Code    30  vl53l0x_api.o(i.VL53L0X_GetVcselPulsePeriod)
    VL53L0X_GetWrapAroundCheckEnable         0x080032d1   Thumb Code    62  vl53l0x_api.o(i.VL53L0X_GetWrapAroundCheckEnable)
    VL53L0X_GetXTalkCompensationEnable       0x0800330f   Thumb Code    12  vl53l0x_api.o(i.VL53L0X_GetXTalkCompensationEnable)
    VL53L0X_GetXTalkCompensationRateMegaCps  0x0800331b   Thumb Code    56  vl53l0x_api.o(i.VL53L0X_GetXTalkCompensationRateMegaCps)
    VL53L0X_PerformRefCalibration            0x08003353   Thumb Code    32  vl53l0x_api.o(i.VL53L0X_PerformRefCalibration)
    VL53L0X_PerformRefSpadManagement         0x08003373   Thumb Code    30  vl53l0x_api.o(i.VL53L0X_PerformRefSpadManagement)
    VL53L0X_PerformSingleMeasurement         0x08003391   Thumb Code    60  vl53l0x_api.o(i.VL53L0X_PerformSingleMeasurement)
    VL53L0X_PerformSingleRangingMeasurement  0x080033cd   Thumb Code    56  vl53l0x_api.o(i.VL53L0X_PerformSingleRangingMeasurement)
    VL53L0X_PollingDelay                     0x08003405   Thumb Code    14  vl53l0x_i2c_platform.o(i.VL53L0X_PollingDelay)
    VL53L0X_RdByte                           0x08003413   Thumb Code    22  vl53l0x_i2c_platform.o(i.VL53L0X_RdByte)
    VL53L0X_RdDWord                          0x08003429   Thumb Code    56  vl53l0x_i2c_platform.o(i.VL53L0X_RdDWord)
    VL53L0X_RdWord                           0x08003461   Thumb Code    40  vl53l0x_i2c_platform.o(i.VL53L0X_RdWord)
    VL53L0X_ReadMulti                        0x08003489   Thumb Code   106  vl53l0x_i2c_platform.o(i.VL53L0X_ReadMulti)
    VL53L0X_SetDeviceMode                    0x080034f3   Thumb Code    50  vl53l0x_api.o(i.VL53L0X_SetDeviceMode)
    VL53L0X_SetGpioConfig                    0x08003525   Thumb Code   360  vl53l0x_api.o(i.VL53L0X_SetGpioConfig)
    VL53L0X_SetLimitCheckEnable              0x0800368d   Thumb Code   194  vl53l0x_api.o(i.VL53L0X_SetLimitCheckEnable)
    VL53L0X_SetLimitCheckValue               0x0800374f   Thumb Code   118  vl53l0x_api.o(i.VL53L0X_SetLimitCheckValue)
    VL53L0X_SetMeasurementTimingBudgetMicroSeconds 0x080037c5   Thumb Code    22  vl53l0x_api.o(i.VL53L0X_SetMeasurementTimingBudgetMicroSeconds)
    VL53L0X_SetSequenceStepEnable            0x080037db   Thumb Code   196  vl53l0x_api.o(i.VL53L0X_SetSequenceStepEnable)
    VL53L0X_StartMeasurement                 0x0800389f   Thumb Code   268  vl53l0x_api.o(i.VL53L0X_StartMeasurement)
    VL53L0X_StaticInit                       0x080039ad   Thumb Code   418  vl53l0x_api.o(i.VL53L0X_StaticInit)
    VL53L0X_UpdateByte                       0x08003b55   Thumb Code    62  vl53l0x_i2c_platform.o(i.VL53L0X_UpdateByte)
    VL53L0X_WrByte                           0x08003b93   Thumb Code    20  vl53l0x_i2c_platform.o(i.VL53L0X_WrByte)
    VL53L0X_WrWord                           0x08003ba7   Thumb Code    34  vl53l0x_i2c_platform.o(i.VL53L0X_WrWord)
    VL53L0X_WriteMulti                       0x08003bc9   Thumb Code    68  vl53l0x_i2c_platform.o(i.VL53L0X_WriteMulti)
    VL53L0X_calc_dmax                        0x08003c0d   Thumb Code   174  vl53l0x_api_core.o(i.VL53L0X_calc_dmax)
    VL53L0X_calc_macro_period_ps             0x08003cbb   Thumb Code    22  vl53l0x_api_core.o(i.VL53L0X_calc_macro_period_ps)
    VL53L0X_calc_sigma_estimate              0x08003cd1   Thumb Code   740  vl53l0x_api_core.o(i.VL53L0X_calc_sigma_estimate)
    VL53L0X_calc_timeout_mclks               0x08003fc1   Thumb Code    52  vl53l0x_api_core.o(i.VL53L0X_calc_timeout_mclks)
    VL53L0X_calc_timeout_us                  0x08003ff5   Thumb Code    52  vl53l0x_api_core.o(i.VL53L0X_calc_timeout_us)
    VL53L0X_decode_timeout                   0x08004029   Thumb Code    14  vl53l0x_api_core.o(i.VL53L0X_decode_timeout)
    VL53L0X_decode_vcsel_period              0x08004037   Thumb Code    12  vl53l0x_api_core.o(i.VL53L0X_decode_vcsel_period)
    VL53L0X_device_read_strobe               0x08004043   Thumb Code    82  vl53l0x_api_core.o(i.VL53L0X_device_read_strobe)
    VL53L0X_encode_timeout                   0x08004095   Thumb Code    40  vl53l0x_api_core.o(i.VL53L0X_encode_timeout)
    VL53L0X_get_info_from_device             0x080040bd   Thumb Code  1360  vl53l0x_api_core.o(i.VL53L0X_get_info_from_device)
    VL53L0X_get_measurement_timing_budget_micro_seconds 0x0800460d   Thumb Code   238  vl53l0x_api_core.o(i.VL53L0X_get_measurement_timing_budget_micro_seconds)
    VL53L0X_get_offset_calibration_data_micro_meter 0x080046fb   Thumb Code    86  vl53l0x_api_calibration.o(i.VL53L0X_get_offset_calibration_data_micro_meter)
    VL53L0X_get_pal_range_status             0x08004751   Thumb Code   568  vl53l0x_api_core.o(i.VL53L0X_get_pal_range_status)
    VL53L0X_get_total_signal_rate            0x08004989   Thumb Code    40  vl53l0x_api_core.o(i.VL53L0X_get_total_signal_rate)
    VL53L0X_get_total_xtalk_rate             0x080049b1   Thumb Code    58  vl53l0x_api_core.o(i.VL53L0X_get_total_xtalk_rate)
    VL53L0X_get_vcsel_pulse_period           0x080049eb   Thumb Code    70  vl53l0x_api_core.o(i.VL53L0X_get_vcsel_pulse_period)
    VL53L0X_isqrt                            0x08004a31   Thumb Code    44  vl53l0x_api_core.o(i.VL53L0X_isqrt)
    VL53L0X_load_tuning_settings             0x08004a5d   Thumb Code   234  vl53l0x_api_core.o(i.VL53L0X_load_tuning_settings)
    VL53L0X_measurement_poll_for_completion  0x08004b47   Thumb Code    66  vl53l0x_api_core.o(i.VL53L0X_measurement_poll_for_completion)
    VL53L0X_perform_phase_calibration        0x08004b89   Thumb Code   124  vl53l0x_api_calibration.o(i.VL53L0X_perform_phase_calibration)
    VL53L0X_perform_ref_calibration          0x08004c05   Thumb Code    76  vl53l0x_api_calibration.o(i.VL53L0X_perform_ref_calibration)
    VL53L0X_perform_ref_spad_management      0x08004c51   Thumb Code   658  vl53l0x_api_calibration.o(i.VL53L0X_perform_ref_spad_management)
    VL53L0X_perform_single_ref_calibration   0x08004ee3   Thumb Code    64  vl53l0x_api_calibration.o(i.VL53L0X_perform_single_ref_calibration)
    VL53L0X_perform_vhv_calibration          0x08004f23   Thumb Code   126  vl53l0x_api_calibration.o(i.VL53L0X_perform_vhv_calibration)
    VL53L0X_ref_calibration_io               0x08004fa1   Thumb Code   176  vl53l0x_api_calibration.o(i.VL53L0X_ref_calibration_io)
    VL53L0X_set_measurement_timing_budget_micro_seconds 0x08005051   Thumb Code   276  vl53l0x_api_core.o(i.VL53L0X_set_measurement_timing_budget_micro_seconds)
    VL53L0X_set_reference_spads              0x08005165   Thumb Code   194  vl53l0x_api_calibration.o(i.VL53L0X_set_reference_spads)
    __0printf                                0x08005229   Thumb Code    22  printfa.o(i.__0printf)
    __1printf                                0x08005229   Thumb Code     0  printfa.o(i.__0printf)
    __2printf                                0x08005229   Thumb Code     0  printfa.o(i.__0printf)
    __c89printf                              0x08005229   Thumb Code     0  printfa.o(i.__0printf)
    printf                                   0x08005229   Thumb Code     0  printfa.o(i.__0printf)
    __scatterload_copy                       0x08005249   Thumb Code    14  handlers.o(i.__scatterload_copy)
    __scatterload_null                       0x08005257   Thumb Code     2  handlers.o(i.__scatterload_null)
    __scatterload_zeroinit                   0x08005259   Thumb Code    14  handlers.o(i.__scatterload_zeroinit)
    enable_ref_spads                         0x08005b1b   Thumb Code   172  vl53l0x_api_calibration.o(i.enable_ref_spads)
    enable_spad_bit                          0x08005bc7   Thumb Code    50  vl53l0x_api_calibration.o(i.enable_spad_bit)
    fputc                                    0x08005bf9   Thumb Code    16  serial.o(i.fputc)
    get_dmax_lut_points                      0x08005c09   Thumb Code    76  vl53l0x_api_core.o(i.get_dmax_lut_points)
    get_next_good_spad                       0x08005c55   Thumb Code   104  vl53l0x_api_calibration.o(i.get_next_good_spad)
    get_ref_spad_map                         0x08005cbd   Thumb Code    24  vl53l0x_api_calibration.o(i.get_ref_spad_map)
    get_sequence_step_timeout                0x08005cd5   Thumb Code   290  vl53l0x_api_core.o(i.get_sequence_step_timeout)
    is_aperture                              0x08005df9   Thumb Code    18  vl53l0x_api_calibration.o(i.is_aperture)
    main                                     0x08005e11   Thumb Code    52  main.o(i.main)
    perform_ref_signal_measurement           0x08005e45   Thumb Code   110  vl53l0x_api_calibration.o(i.perform_ref_signal_measurement)
    sequence_step_enabled                    0x08005eb3   Thumb Code    72  vl53l0x_api.o(i.sequence_step_enabled)
    set_ref_spad_map                         0x08005efb   Thumb Code    24  vl53l0x_api_calibration.o(i.set_ref_spad_map)
    set_sequence_step_timeout                0x08005f13   Thumb Code   312  vl53l0x_api_core.o(i.set_sequence_step_timeout)
    OLED_F8x16                               0x0800604a   Data        1520  oled_font.o(.constdata)
    Region$$Table$$Base                      0x0800663c   Number         0  anon$$obj.o(Region$$Table)
    Region$$Table$$Limit                     0x0800665c   Number         0  anon$$obj.o(Region$$Table)
    Serial_RXFlag                            0x2000001c   Data           1  serial.o(.data)
    Dev                                      0x20000020   Data           4  my_vl53l0x.o(.data)
    DefaultTuningSettings                    0x20000069   Data         243  vl53l0x_api.o(.data)
    InterruptThresholdSettings               0x2000015c   Data         438  vl53l0x_api.o(.data)
    refArrayQuadrants                        0x20000314   Data          16  vl53l0x_api_calibration.o(.data)
    __stdout                                 0x20000324   Data           4  stdout.o(.data)
    Serial_RXPacket                          0x20000328   Data         100  serial.o(.bss)
    MySensor                                 0x2000038c   Data         388  my_vl53l0x.o(.bss)
    __initial_sp                             0x20000d58   Data           0  startup_stm32f10x_md.o(STACK)



==============================================================================

Memory Map of the image

  Image Entry point : 0x080000ed

  Load Region LR_IROM1 (Base: 0x08000000, Size: 0x00006984, Max: 0x00010000, ABSOLUTE, COMPRESSED[0x0000690c])

    Execution Region ER_IROM1 (Exec base: 0x08000000, Load base: 0x08000000, Size: 0x0000665c, Max: 0x00010000, ABSOLUTE)

    Exec Addr    Load Addr    Size         Type   Attr      Idx    E Section Name        Object

    0x08000000   0x08000000   0x000000ec   Data   RO            3    RESET               startup_stm32f10x_md.o
    0x080000ec   0x080000ec   0x00000000   Code   RO         5323  * .ARM.Collect$$$$00000000  mc_w.l(entry.o)
    0x080000ec   0x080000ec   0x00000004   Code   RO         5597    .ARM.Collect$$$$00000001  mc_w.l(entry2.o)
    0x080000f0   0x080000f0   0x00000004   Code   RO         5600    .ARM.Collect$$$$00000004  mc_w.l(entry5.o)
    0x080000f4   0x080000f4   0x00000000   Code   RO         5602    .ARM.Collect$$$$00000008  mc_w.l(entry7b.o)
    0x080000f4   0x080000f4   0x00000000   Code   RO         5604    .ARM.Collect$$$$0000000A  mc_w.l(entry8b.o)
    0x080000f4   0x080000f4   0x00000008   Code   RO         5605    .ARM.Collect$$$$0000000B  mc_w.l(entry9a.o)
    0x080000fc   0x080000fc   0x00000000   Code   RO         5607    .ARM.Collect$$$$0000000D  mc_w.l(entry10a.o)
    0x080000fc   0x080000fc   0x00000000   Code   RO         5609    .ARM.Collect$$$$0000000F  mc_w.l(entry11a.o)
    0x080000fc   0x080000fc   0x00000004   Code   RO         5598    .ARM.Collect$$$$00002712  mc_w.l(entry2.o)
    0x08000100   0x08000100   0x00000024   Code   RO            4    .text               startup_stm32f10x_md.o
    0x08000124   0x08000124   0x00000024   Code   RO         5326    .text               mc_w.l(memcpya.o)
    0x08000148   0x08000148   0x00000024   Code   RO         5328    .text               mc_w.l(memseta.o)
    0x0800016c   0x0800016c   0x0000001c   Code   RO         5330    .text               mc_w.l(strcmp.o)
    0x08000188   0x08000188   0x00000012   Code   RO         5332    .text               mc_w.l(strcpy.o)
    0x0800019a   0x0800019a   0x0000002c   Code   RO         5612    .text               mc_w.l(uidiv.o)
    0x080001c6   0x080001c6   0x00000062   Code   RO         5614    .text               mc_w.l(uldiv.o)
    0x08000228   0x08000228   0x00000000   Code   RO         5616    .text               mc_w.l(iusefp.o)
    0x08000228   0x08000228   0x0000014e   Code   RO         5617    .text               mf_w.l(dadd.o)
    0x08000376   0x08000376   0x000000e4   Code   RO         5619    .text               mf_w.l(dmul.o)
    0x0800045a   0x0800045a   0x000000de   Code   RO         5621    .text               mf_w.l(ddiv.o)
    0x08000538   0x08000538   0x00000030   Code   RO         5623    .text               mf_w.l(dfixul.o)
    0x08000568   0x08000568   0x00000030   Code   RO         5625    .text               mf_w.l(cdrcmple.o)
    0x08000598   0x08000598   0x00000024   Code   RO         5627    .text               mc_w.l(init.o)
    0x080005bc   0x080005bc   0x0000001e   Code   RO         5629    .text               mc_w.l(llshl.o)
    0x080005da   0x080005da   0x00000020   Code   RO         5631    .text               mc_w.l(llushr.o)
    0x080005fa   0x080005fa   0x00000024   Code   RO         5633    .text               mc_w.l(llsshr.o)
    0x0800061e   0x0800061e   0x000000ba   Code   RO         5635    .text               mf_w.l(depilogue.o)
    0x080006d8   0x080006d8   0x0000005e   Code   RO         5645    .text               mc_w.l(__dclz77c.o)
    0x08000736   0x08000736   0x00000002   PAD
    0x08000738   0x08000738   0x00000078   Code   RO         4085    i.Board_Init        main.o
    0x080007b0   0x080007b0   0x00000004   Code   RO         4216    i.BusFault_Handler  stm32f10x_it.o
    0x080007b4   0x080007b4   0x00000002   Code   RO         4217    i.DebugMon_Handler  stm32f10x_it.o
    0x080007b6   0x080007b6   0x00000018   Code   RO         4061    i.Delay_ms          delay.o
    0x080007ce   0x080007ce   0x0000002e   Code   RO         4063    i.Delay_us          delay.o
    0x080007fc   0x080007fc   0x00000116   Code   RO         1347    i.GPIO_Init         stm32f10x_gpio.o
    0x08000912   0x08000912   0x00000012   Code   RO         1351    i.GPIO_ReadInputDataBit  stm32f10x_gpio.o
    0x08000924   0x08000924   0x00000004   Code   RO         1355    i.GPIO_SetBits      stm32f10x_gpio.o
    0x08000928   0x08000928   0x0000000a   Code   RO         1358    i.GPIO_WriteBit     stm32f10x_gpio.o
    0x08000932   0x08000932   0x00000002   PAD
    0x08000934   0x08000934   0x00000064   Code   RO         4086    i.Gesture_DimmingStep  main.o
    0x08000998   0x08000998   0x00000044   Code   RO         4016    i.Gesture_Filter    gesture_tof.o
    0x080009dc   0x080009dc   0x0000003c   Code   RO         4018    i.Gesture_Init      gesture_tof.o
    0x08000a18   0x08000a18   0x00000014   Code   RO         4020    i.Gesture_IsValid   gesture_tof.o
    0x08000a2c   0x08000a2c   0x00000118   Code   RO         4087    i.Gesture_Task      main.o
    0x08000b44   0x08000b44   0x000000e4   Code   RO         4021    i.Gesture_Update    gesture_tof.o
    0x08000c28   0x08000c28   0x00000004   Code   RO         4218    i.HardFault_Handler  stm32f10x_it.o
    0x08000c2c   0x08000c2c   0x0000002c   Code   RO         3315    i.Key_Init          key.o
    0x08000c58   0x08000c58   0x00000018   Code   RO         3579    i.LD2410B_GetState  ld2410b.o
    0x08000c70   0x08000c70   0x0000002c   Code   RO         3580    i.LD2410B_Init      ld2410b.o
    0x08000c9c   0x08000c9c   0x00000028   Code   RO         3197    i.LED1_AddTarget    led.o
    0x08000cc4   0x08000cc4   0x0000000c   Code   RO         3198    i.LED1_Dec          led.o
    0x08000cd0   0x08000cd0   0x00000010   Code   RO         3199    i.LED1_GetBrightness  led.o
    0x08000ce0   0x08000ce0   0x0000000c   Code   RO         3200    i.LED1_GetTarget    led.o
    0x08000cec   0x08000cec   0x0000000a   Code   RO         3201    i.LED1_Inc          led.o
    0x08000cf6   0x08000cf6   0x00000002   PAD
    0x08000cf8   0x08000cf8   0x00000020   Code   RO         3202    i.LED1_IsOn         led.o
    0x08000d18   0x08000d18   0x0000000c   Code   RO         3203    i.LED1_OFF          led.o
    0x08000d24   0x08000d24   0x00000020   Code   RO         3204    i.LED1_ON           led.o
    0x08000d44   0x08000d44   0x00000028   Code   RO         3205    i.LED1_SetNow       led.o
    0x08000d6c   0x08000d6c   0x0000001c   Code   RO         3206    i.LED1_SetTarget    led.o
    0x08000d88   0x08000d88   0x0000007c   Code   RO         3207    i.LED1_Task         led.o
    0x08000e04   0x08000e04   0x00000018   Code   RO         3208    i.LED1_Turn         led.o
    0x08000e1c   0x08000e1c   0x00000020   Code   RO         3209    i.LED_ApplyCurrent  led.o
    0x08000e3c   0x08000e3c   0x0000000e   Code   RO         3210    i.LED_Init          led.o
    0x08000e4a   0x08000e4a   0x00000030   Code   RO         3211    i.LED_LevelToPwm    led.o
    0x08000e7a   0x08000e7a   0x0000000c   Code   RO         3212    i.LED_Q8ToLevel     led.o
    0x08000e86   0x08000e86   0x00000002   PAD
    0x08000e88   0x08000e88   0x00000010   Code   RO         3213    i.LED_SaveMemory    led.o
    0x08000e98   0x08000e98   0x00000004   Code   RO         4219    i.MemManage_Handler  stm32f10x_it.o
    0x08000e9c   0x08000e9c   0x0000000c   Code   RO         4088    i.Millis            main.o
    0x08000ea8   0x08000ea8   0x00000038   Code   RO         3621    i.MyI2C_Init        myi2c.o
    0x08000ee0   0x08000ee0   0x0000001c   Code   RO         3622    i.MyI2C_R_SDA       myi2c.o
    0x08000efc   0x08000efc   0x0000001e   Code   RO         3623    i.MyI2C_ReceiveAck  myi2c.o
    0x08000f1a   0x08000f1a   0x00000032   Code   RO         3624    i.MyI2C_ReceiveByte  myi2c.o
    0x08000f4c   0x08000f4c   0x00000018   Code   RO         3625    i.MyI2C_SendAck     myi2c.o
    0x08000f64   0x08000f64   0x00000032   Code   RO         3626    i.MyI2C_SendByte    myi2c.o
    0x08000f96   0x08000f96   0x0000001c   Code   RO         3627    i.MyI2C_Start       myi2c.o
    0x08000fb2   0x08000fb2   0x00000016   Code   RO         3628    i.MyI2C_Stop        myi2c.o
    0x08000fc8   0x08000fc8   0x0000001c   Code   RO         3629    i.MyI2C_W_SCL       myi2c.o
    0x08000fe4   0x08000fe4   0x0000001c   Code   RO         3630    i.MyI2C_W_SDA       myi2c.o
    0x08001000   0x08001000   0x00000050   Code   RO         3687    i.MyVL53L0X_GetDistance  my_vl53l0x.o
    0x08001050   0x08001050   0x00000068   Code   RO         3688    i.MyVL53L0X_Init    my_vl53l0x.o
    0x080010b8   0x080010b8   0x00000002   Code   RO         4220    i.NMI_Handler       stm32f10x_it.o
    0x080010ba   0x080010ba   0x00000002   PAD
    0x080010bc   0x080010bc   0x00000070   Code   RO          137    i.NVIC_Init         misc.o
    0x0800112c   0x0800112c   0x00000014   Code   RO          138    i.NVIC_PriorityGroupConfig  misc.o
    0x08001140   0x08001140   0x00000018   Code   RO         3752    i.OLEDGFX_ClearBuffer  oled_gfx.o
    0x08001158   0x08001158   0x000000b8   Code   RO         3754    i.OLEDGFX_DrawCircle  oled_gfx.o
    0x08001210   0x08001210   0x00000028   Code   RO         3755    i.OLEDGFX_DrawHLine  oled_gfx.o
    0x08001238   0x08001238   0x0000005c   Code   RO         3756    i.OLEDGFX_DrawPixel  oled_gfx.o
    0x08001294   0x08001294   0x00000054   Code   RO         3757    i.OLEDGFX_DrawRect  oled_gfx.o
    0x080012e8   0x080012e8   0x00000028   Code   RO         3758    i.OLEDGFX_DrawVLine  oled_gfx.o
    0x08001310   0x08001310   0x0000002e   Code   RO         3760    i.OLEDGFX_FillRect  oled_gfx.o
    0x0800133e   0x0800133e   0x00000002   PAD
    0x08001340   0x08001340   0x00000018   Code   RO         3761    i.OLEDGFX_MarkAllDirty  oled_gfx.o
    0x08001358   0x08001358   0x00000084   Code   RO         3762    i.OLEDGFX_ShowChar8x16  oled_gfx.o
    0x080013dc   0x080013dc   0x00000056   Code   RO         3763    i.OLEDGFX_ShowNum8x16  oled_gfx.o
    0x08001432   0x08001432   0x0000002c   Code   RO         3764    i.OLEDGFX_ShowString8x16  oled_gfx.o
    0x0800145e   0x0800145e   0x00000002   PAD
    0x08001460   0x08001460   0x00000038   Code   RO         3765    i.OLEDGFX_UpdateAll  oled_gfx.o
    0x08001498   0x08001498   0x00000058   Code   RO         3766    i.OLEDGFX_UpdateOnePage  oled_gfx.o
    0x080014f0   0x080014f0   0x00000070   Code   RO         3867    i.OLEDUI_DrawDebug  oled_ui.o
    0x08001560   0x08001560   0x00000074   Code   RO         3868    i.OLEDUI_DrawDimming  oled_ui.o
    0x080015d4   0x080015d4   0x0000007c   Code   RO         3869    i.OLEDUI_DrawGesture  oled_ui.o
    0x08001650   0x08001650   0x00000062   Code   RO         3870    i.OLEDUI_DrawIdle   oled_ui.o
    0x080016b2   0x080016b2   0x00000002   PAD
    0x080016b4   0x080016b4   0x00000098   Code   RO         3871    i.OLEDUI_DrawLightOn  oled_ui.o
    0x0800174c   0x0800174c   0x00000058   Code   RO         3872    i.OLEDUI_DrawLogo   oled_ui.o
    0x080017a4   0x080017a4   0x00000042   Code   RO         3873    i.OLEDUI_DrawSpark  oled_ui.o
    0x080017e6   0x080017e6   0x0000004c   Code   RO         3874    i.OLEDUI_FillCircle  oled_ui.o
    0x08001832   0x08001832   0x00000002   PAD
    0x08001834   0x08001834   0x00000028   Code   RO         3875    i.OLEDUI_GotoScene  oled_ui.o
    0x0800185c   0x0800185c   0x00000034   Code   RO         3876    i.OLEDUI_Init       oled_ui.o
    0x08001890   0x08001890   0x00000070   Code   RO         3877    i.OLEDUI_Render     oled_ui.o
    0x08001900   0x08001900   0x0000000c   Code   RO         3878    i.OLEDUI_SetBrightness  oled_ui.o
    0x0800190c   0x0800190c   0x0000001c   Code   RO         3879    i.OLEDUI_SetDebug   oled_ui.o
    0x08001928   0x08001928   0x0000000c   Code   RO         3880    i.OLEDUI_SetDistance  oled_ui.o
    0x08001934   0x08001934   0x00000020   Code   RO         3882    i.OLEDUI_SetLight   oled_ui.o
    0x08001954   0x08001954   0x0000001c   Code   RO         3884    i.OLEDUI_ShowDimming  oled_ui.o
    0x08001970   0x08001970   0x0000001c   Code   RO         3885    i.OLEDUI_ShowGesture  oled_ui.o
    0x0800198c   0x0800198c   0x00000020   Code   RO         3886    i.OLEDUI_ShowLightState  oled_ui.o
    0x080019ac   0x080019ac   0x00000074   Code   RO         3887    i.OLEDUI_Task       oled_ui.o
    0x08001a20   0x08001a20   0x0000001c   Code   RO         3888    i.OLEDUI_TriangleWave  oled_ui.o
    0x08001a3c   0x08001a3c   0x0000001c   Code   RO         3889    i.OLEDUI_UpdateHomeScene  oled_ui.o
    0x08001a58   0x08001a58   0x0000002a   Code   RO         3384    i.OLED_Clear        oled.o
    0x08001a82   0x08001a82   0x00000002   PAD
    0x08001a84   0x08001a84   0x00000050   Code   RO         3385    i.OLED_I2C_Init     oled.o
    0x08001ad4   0x08001ad4   0x0000005c   Code   RO         3386    i.OLED_I2C_SendByte  oled.o
    0x08001b30   0x08001b30   0x00000034   Code   RO         3387    i.OLED_I2C_Start    oled.o
    0x08001b64   0x08001b64   0x00000028   Code   RO         3388    i.OLED_I2C_Stop     oled.o
    0x08001b8c   0x08001b8c   0x000000ae   Code   RO         3389    i.OLED_Init         oled.o
    0x08001c3a   0x08001c3a   0x00000002   PAD
    0x08001c3c   0x08001c3c   0x00000010   Code   RO         3767    i.OLED_MarkPageDirty  oled_gfx.o
    0x08001c4c   0x08001c4c   0x00000022   Code   RO         3391    i.OLED_SetCursor    oled.o
    0x08001c6e   0x08001c6e   0x0000002e   Code   RO         3768    i.OLED_WriteBuffer  oled_gfx.o
    0x08001c9c   0x08001c9c   0x00000020   Code   RO         3398    i.OLED_WriteCommand  oled.o
    0x08001cbc   0x08001cbc   0x00000020   Code   RO         3399    i.OLED_WriteData    oled.o
    0x08001cdc   0x08001cdc   0x00000006   Code   RO         3597    i.PWM_GetTopValue   pwm.o
    0x08001ce2   0x08001ce2   0x00000002   PAD
    0x08001ce4   0x08001ce4   0x000000a8   Code   RO         3598    i.PWM_Init          pwm.o
    0x08001d8c   0x08001d8c   0x0000001a   Code   RO         3599    i.PWM_SetCompare3   pwm.o
    0x08001da6   0x08001da6   0x00000002   PAD
    0x08001da8   0x08001da8   0x000000b4   Code   RO         4089    i.Panel_Task        main.o
    0x08001e5c   0x08001e5c   0x00000002   Code   RO         4221    i.PendSV_Handler    stm32f10x_it.o
    0x08001e5e   0x08001e5e   0x00000002   PAD
    0x08001e60   0x08001e60   0x00000020   Code   RO         1775    i.RCC_APB1PeriphClockCmd  stm32f10x_rcc.o
    0x08001e80   0x08001e80   0x00000020   Code   RO         1777    i.RCC_APB2PeriphClockCmd  stm32f10x_rcc.o
    0x08001ea0   0x08001ea0   0x000000d4   Code   RO         1785    i.RCC_GetClocksFreq  stm32f10x_rcc.o
    0x08001f74   0x08001f74   0x00000088   Code   RO         4090    i.Radar_Task        main.o
    0x08001ffc   0x08001ffc   0x00000002   Code   RO         4222    i.SVC_Handler       stm32f10x_it.o
    0x08001ffe   0x08001ffe   0x00000002   PAD
    0x08002000   0x08002000   0x000000b8   Code   RO         3492    i.Serial_Init       serial.o
    0x080020b8   0x080020b8   0x00000020   Code   RO         3497    i.Serial_SendByte   serial.o
    0x080020d8   0x080020d8   0x0000001a   Code   RO         3499    i.Serial_SendString  serial.o
    0x080020f2   0x080020f2   0x00000002   PAD
    0x080020f4   0x080020f4   0x00000150   Code   RO         4091    i.Serial_Task       main.o
    0x08002244   0x08002244   0x00000008   Code   RO           24    i.SetSysClock       system_stm32f10x.o
    0x0800224c   0x0800224c   0x000000e0   Code   RO           25    i.SetSysClockTo72   system_stm32f10x.o
    0x0800232c   0x0800232c   0x0000003c   Code   RO         4092    i.Status_Task       main.o
    0x08002368   0x08002368   0x00000002   Code   RO         4223    i.SysTick_Handler   stm32f10x_it.o
    0x0800236a   0x0800236a   0x00000002   PAD
    0x0800236c   0x0800236c   0x00000060   Code   RO           27    i.SystemInit        system_stm32f10x.o
    0x080023cc   0x080023cc   0x0000002c   Code   RO         4093    i.TIM4_IRQHandler   main.o
    0x080023f8   0x080023f8   0x00000018   Code   RO         2409    i.TIM_ARRPreloadConfig  stm32f10x_tim.o
    0x08002410   0x08002410   0x00000006   Code   RO         2416    i.TIM_ClearITPendingBit  stm32f10x_tim.o
    0x08002416   0x08002416   0x00000018   Code   RO         2421    i.TIM_Cmd           stm32f10x_tim.o
    0x0800242e   0x0800242e   0x00000022   Code   RO         2442    i.TIM_GetITStatus   stm32f10x_tim.o
    0x08002450   0x08002450   0x00000012   Code   RO         2446    i.TIM_ITConfig      stm32f10x_tim.o
    0x08002462   0x08002462   0x0000000c   Code   RO         2448    i.TIM_InternalClockConfig  stm32f10x_tim.o
    0x0800246e   0x0800246e   0x00000002   PAD
    0x08002470   0x08002470   0x000000a0   Code   RO         2460    i.TIM_OC3Init       stm32f10x_tim.o
    0x08002510   0x08002510   0x00000012   Code   RO         2463    i.TIM_OC3PreloadConfig  stm32f10x_tim.o
    0x08002522   0x08002522   0x00000014   Code   RO         2468    i.TIM_OCStructInit  stm32f10x_tim.o
    0x08002536   0x08002536   0x00000004   Code   RO         2484    i.TIM_SetCompare3   stm32f10x_tim.o
    0x0800253a   0x0800253a   0x00000002   PAD
    0x0800253c   0x0800253c   0x000000a4   Code   RO         2492    i.TIM_TimeBaseInit  stm32f10x_tim.o
    0x080025e0   0x080025e0   0x00000060   Code   RO         4094    i.TimeBase_Init     main.o
    0x08002640   0x08002640   0x0000001e   Code   RO         4095    i.TimeDue           main.o
    0x0800265e   0x0800265e   0x00000026   Code   RO         4096    i.TouchKey_InitState  main.o
    0x08002684   0x08002684   0x00000012   Code   RO         4097    i.TouchKey_TakePress  main.o
    0x08002696   0x08002696   0x0000003c   Code   RO         4098    i.TouchKey_Update   main.o
    0x080026d2   0x080026d2   0x00000002   PAD
    0x080026d4   0x080026d4   0x00000034   Code   RO         4099    i.Touch_InitState   main.o
    0x08002708   0x08002708   0x000000e0   Code   RO         4100    i.Touch_Task        main.o
    0x080027e8   0x080027e8   0x000000a4   Code   RO         3500    i.USART1_IRQHandler  serial.o
    0x0800288c   0x0800288c   0x0000001e   Code   RO         2957    i.USART_ClearITPendingBit  stm32f10x_usart.o
    0x080028aa   0x080028aa   0x00000018   Code   RO         2960    i.USART_Cmd         stm32f10x_usart.o
    0x080028c2   0x080028c2   0x0000001a   Code   RO         2963    i.USART_GetFlagStatus  stm32f10x_usart.o
    0x080028dc   0x080028dc   0x00000054   Code   RO         2964    i.USART_GetITStatus  stm32f10x_usart.o
    0x08002930   0x08002930   0x0000004a   Code   RO         2966    i.USART_ITConfig    stm32f10x_usart.o
    0x0800297a   0x0800297a   0x00000002   PAD
    0x0800297c   0x0800297c   0x000000d8   Code   RO         2967    i.USART_Init        stm32f10x_usart.o
    0x08002a54   0x08002a54   0x0000000a   Code   RO         2974    i.USART_ReceiveData  stm32f10x_usart.o
    0x08002a5e   0x08002a5e   0x00000008   Code   RO         2977    i.USART_SendData    stm32f10x_usart.o
    0x08002a66   0x08002a66   0x00000004   Code   RO         4224    i.UsageFault_Handler  stm32f10x_it.o
    0x08002a6a   0x08002a6a   0x00000002   PAD
    0x08002a6c   0x08002a6c   0x00000128   Code   RO         4279    i.VL53L0X_CheckAndLoadInterruptSettings  vl53l0x_api.o
    0x08002b94   0x08002b94   0x00000052   Code   RO         4280    i.VL53L0X_ClearInterruptMask  vl53l0x_api.o
    0x08002be6   0x08002be6   0x00000002   PAD
    0x08002be8   0x08002be8   0x000001e8   Code   RO         4281    i.VL53L0X_DataInit  vl53l0x_api.o
    0x08002dd0   0x08002dd0   0x0000000a   Code   RO         4286    i.VL53L0X_GetDeviceMode  vl53l0x_api.o
    0x08002dda   0x08002dda   0x000000cc   Code   RO         4287    i.VL53L0X_GetDeviceParameters  vl53l0x_api.o
    0x08002ea6   0x08002ea6   0x00000022   Code   RO         4288    i.VL53L0X_GetFractionEnable  vl53l0x_api.o
    0x08002ec8   0x08002ec8   0x0000003e   Code   RO         4292    i.VL53L0X_GetInterMeasurementPeriodMilliSeconds  vl53l0x_api.o
    0x08002f06   0x08002f06   0x00000030   Code   RO         4293    i.VL53L0X_GetInterruptMaskStatus  vl53l0x_api.o
    0x08002f36   0x08002f36   0x00000042   Code   RO         4294    i.VL53L0X_GetInterruptThresholds  vl53l0x_api.o
    0x08002f78   0x08002f78   0x0000001c   Code   RO         4296    i.VL53L0X_GetLimitCheckEnable  vl53l0x_api.o
    0x08002f94   0x08002f94   0x000000b6   Code   RO         4299    i.VL53L0X_GetLimitCheckValue  vl53l0x_api.o
    0x0800304a   0x0800304a   0x00000058   Code   RO         4302    i.VL53L0X_GetMeasurementDataReady  vl53l0x_api.o
    0x080030a2   0x080030a2   0x00000016   Code   RO         4304    i.VL53L0X_GetMeasurementTimingBudgetMicroSeconds  vl53l0x_api.o
    0x080030b8   0x080030b8   0x00000016   Code   RO         4308    i.VL53L0X_GetOffsetCalibrationDataMicroMeter  vl53l0x_api.o
    0x080030ce   0x080030ce   0x0000016e   Code   RO         4316    i.VL53L0X_GetRangingMeasurementData  vl53l0x_api.o
    0x0800323c   0x0800323c   0x00000076   Code   RO         4320    i.VL53L0X_GetSequenceStepEnables  vl53l0x_api.o
    0x080032b2   0x080032b2   0x0000001e   Code   RO         4329    i.VL53L0X_GetVcselPulsePeriod  vl53l0x_api.o
    0x080032d0   0x080032d0   0x0000003e   Code   RO         4331    i.VL53L0X_GetWrapAroundCheckEnable  vl53l0x_api.o
    0x0800330e   0x0800330e   0x0000000c   Code   RO         4332    i.VL53L0X_GetXTalkCompensationEnable  vl53l0x_api.o
    0x0800331a   0x0800331a   0x00000038   Code   RO         4333    i.VL53L0X_GetXTalkCompensationRateMegaCps  vl53l0x_api.o
    0x08003352   0x08003352   0x00000020   Code   RO         4335    i.VL53L0X_PerformRefCalibration  vl53l0x_api.o
    0x08003372   0x08003372   0x0000001e   Code   RO         4336    i.VL53L0X_PerformRefSpadManagement  vl53l0x_api.o
    0x08003390   0x08003390   0x0000003c   Code   RO         4338    i.VL53L0X_PerformSingleMeasurement  vl53l0x_api.o
    0x080033cc   0x080033cc   0x00000038   Code   RO         4339    i.VL53L0X_PerformSingleRangingMeasurement  vl53l0x_api.o
    0x08003404   0x08003404   0x0000000e   Code   RO         5254    i.VL53L0X_PollingDelay  vl53l0x_i2c_platform.o
    0x08003412   0x08003412   0x00000016   Code   RO         5255    i.VL53L0X_RdByte    vl53l0x_i2c_platform.o
    0x08003428   0x08003428   0x00000038   Code   RO         5256    i.VL53L0X_RdDWord   vl53l0x_i2c_platform.o
    0x08003460   0x08003460   0x00000028   Code   RO         5257    i.VL53L0X_RdWord    vl53l0x_i2c_platform.o
    0x08003488   0x08003488   0x0000006a   Code   RO         5258    i.VL53L0X_ReadMulti  vl53l0x_i2c_platform.o
    0x080034f2   0x080034f2   0x00000032   Code   RO         4344    i.VL53L0X_SetDeviceMode  vl53l0x_api.o
    0x08003524   0x08003524   0x00000168   Code   RO         4346    i.VL53L0X_SetGpioConfig  vl53l0x_api.o
    0x0800368c   0x0800368c   0x000000c2   Code   RO         4351    i.VL53L0X_SetLimitCheckEnable  vl53l0x_api.o
    0x0800374e   0x0800374e   0x00000076   Code   RO         4352    i.VL53L0X_SetLimitCheckValue  vl53l0x_api.o
    0x080037c4   0x080037c4   0x00000016   Code   RO         4354    i.VL53L0X_SetMeasurementTimingBudgetMicroSeconds  vl53l0x_api.o
    0x080037da   0x080037da   0x000000c4   Code   RO         4361    i.VL53L0X_SetSequenceStepEnable  vl53l0x_api.o
    0x0800389e   0x0800389e   0x0000010c   Code   RO         4370    i.VL53L0X_StartMeasurement  vl53l0x_api.o
    0x080039aa   0x080039aa   0x00000002   PAD
    0x080039ac   0x080039ac   0x000001a8   Code   RO         4371    i.VL53L0X_StaticInit  vl53l0x_api.o
    0x08003b54   0x08003b54   0x0000003e   Code   RO         5259    i.VL53L0X_UpdateByte  vl53l0x_i2c_platform.o
    0x08003b92   0x08003b92   0x00000014   Code   RO         5260    i.VL53L0X_WrByte    vl53l0x_i2c_platform.o
    0x08003ba6   0x08003ba6   0x00000022   Code   RO         5262    i.VL53L0X_WrWord    vl53l0x_i2c_platform.o
    0x08003bc8   0x08003bc8   0x00000044   Code   RO         5263    i.VL53L0X_WriteMulti  vl53l0x_i2c_platform.o
    0x08003c0c   0x08003c0c   0x000000ae   Code   RO         5032    i.VL53L0X_calc_dmax  vl53l0x_api_core.o
    0x08003cba   0x08003cba   0x00000016   Code   RO         5033    i.VL53L0X_calc_macro_period_ps  vl53l0x_api_core.o
    0x08003cd0   0x08003cd0   0x000002f0   Code   RO         5034    i.VL53L0X_calc_sigma_estimate  vl53l0x_api_core.o
    0x08003fc0   0x08003fc0   0x00000034   Code   RO         5035    i.VL53L0X_calc_timeout_mclks  vl53l0x_api_core.o
    0x08003ff4   0x08003ff4   0x00000034   Code   RO         5036    i.VL53L0X_calc_timeout_us  vl53l0x_api_core.o
    0x08004028   0x08004028   0x0000000e   Code   RO         5037    i.VL53L0X_decode_timeout  vl53l0x_api_core.o
    0x08004036   0x08004036   0x0000000c   Code   RO         5038    i.VL53L0X_decode_vcsel_period  vl53l0x_api_core.o
    0x08004042   0x08004042   0x00000052   Code   RO         5039    i.VL53L0X_device_read_strobe  vl53l0x_api_core.o
    0x08004094   0x08004094   0x00000028   Code   RO         5040    i.VL53L0X_encode_timeout  vl53l0x_api_core.o
    0x080040bc   0x080040bc   0x00000550   Code   RO         5042    i.VL53L0X_get_info_from_device  vl53l0x_api_core.o
    0x0800460c   0x0800460c   0x000000ee   Code   RO         5043    i.VL53L0X_get_measurement_timing_budget_micro_seconds  vl53l0x_api_core.o
    0x080046fa   0x080046fa   0x00000056   Code   RO         4886    i.VL53L0X_get_offset_calibration_data_micro_meter  vl53l0x_api_calibration.o
    0x08004750   0x08004750   0x00000238   Code   RO         5044    i.VL53L0X_get_pal_range_status  vl53l0x_api_core.o
    0x08004988   0x08004988   0x00000028   Code   RO         5045    i.VL53L0X_get_total_signal_rate  vl53l0x_api_core.o
    0x080049b0   0x080049b0   0x0000003a   Code   RO         5046    i.VL53L0X_get_total_xtalk_rate  vl53l0x_api_core.o
    0x080049ea   0x080049ea   0x00000046   Code   RO         5047    i.VL53L0X_get_vcsel_pulse_period  vl53l0x_api_core.o
    0x08004a30   0x08004a30   0x0000002c   Code   RO         5048    i.VL53L0X_isqrt     vl53l0x_api_core.o
    0x08004a5c   0x08004a5c   0x000000ea   Code   RO         5049    i.VL53L0X_load_tuning_settings  vl53l0x_api_core.o
    0x08004b46   0x08004b46   0x00000042   Code   RO         5050    i.VL53L0X_measurement_poll_for_completion  vl53l0x_api_core.o
    0x08004b88   0x08004b88   0x0000007c   Code   RO         4890    i.VL53L0X_perform_phase_calibration  vl53l0x_api_calibration.o
    0x08004c04   0x08004c04   0x0000004c   Code   RO         4891    i.VL53L0X_perform_ref_calibration  vl53l0x_api_calibration.o
    0x08004c50   0x08004c50   0x00000292   Code   RO         4892    i.VL53L0X_perform_ref_spad_management  vl53l0x_api_calibration.o
    0x08004ee2   0x08004ee2   0x00000040   Code   RO         4893    i.VL53L0X_perform_single_ref_calibration  vl53l0x_api_calibration.o
    0x08004f22   0x08004f22   0x0000007e   Code   RO         4894    i.VL53L0X_perform_vhv_calibration  vl53l0x_api_calibration.o
    0x08004fa0   0x08004fa0   0x000000b0   Code   RO         4896    i.VL53L0X_ref_calibration_io  vl53l0x_api_calibration.o
    0x08005050   0x08005050   0x00000114   Code   RO         5053    i.VL53L0X_set_measurement_timing_budget_micro_seconds  vl53l0x_api_core.o
    0x08005164   0x08005164   0x000000c2   Code   RO         4899    i.VL53L0X_set_reference_spads  vl53l0x_api_calibration.o
    0x08005226   0x08005226   0x00000002   PAD
    0x08005228   0x08005228   0x00000020   Code   RO         5569    i.__0printf         mc_w.l(printfa.o)
    0x08005248   0x08005248   0x0000000e   Code   RO         5639    i.__scatterload_copy  mc_w.l(handlers.o)
    0x08005256   0x08005256   0x00000002   Code   RO         5640    i.__scatterload_null  mc_w.l(handlers.o)
    0x08005258   0x08005258   0x0000000e   Code   RO         5641    i.__scatterload_zeroinit  mc_w.l(handlers.o)
    0x08005266   0x08005266   0x00000002   PAD
    0x08005268   0x08005268   0x00000184   Code   RO         5576    i._fp_digits        mc_w.l(printfa.o)
    0x080053ec   0x080053ec   0x000006dc   Code   RO         5577    i._printf_core      mc_w.l(printfa.o)
    0x08005ac8   0x08005ac8   0x00000024   Code   RO         5578    i._printf_post_padding  mc_w.l(printfa.o)
    0x08005aec   0x08005aec   0x0000002e   Code   RO         5579    i._printf_pre_padding  mc_w.l(printfa.o)
    0x08005b1a   0x08005b1a   0x000000ac   Code   RO         4901    i.enable_ref_spads  vl53l0x_api_calibration.o
    0x08005bc6   0x08005bc6   0x00000032   Code   RO         4902    i.enable_spad_bit   vl53l0x_api_calibration.o
    0x08005bf8   0x08005bf8   0x00000010   Code   RO         3501    i.fputc             serial.o
    0x08005c08   0x08005c08   0x0000004c   Code   RO         5055    i.get_dmax_lut_points  vl53l0x_api_core.o
    0x08005c54   0x08005c54   0x00000068   Code   RO         4903    i.get_next_good_spad  vl53l0x_api_calibration.o
    0x08005cbc   0x08005cbc   0x00000018   Code   RO         4904    i.get_ref_spad_map  vl53l0x_api_calibration.o
    0x08005cd4   0x08005cd4   0x00000122   Code   RO         5056    i.get_sequence_step_timeout  vl53l0x_api_core.o
    0x08005df6   0x08005df6   0x00000002   PAD
    0x08005df8   0x08005df8   0x00000018   Code   RO         4905    i.is_aperture       vl53l0x_api_calibration.o
    0x08005e10   0x08005e10   0x00000034   Code   RO         4101    i.main              main.o
    0x08005e44   0x08005e44   0x0000006e   Code   RO         4906    i.perform_ref_signal_measurement  vl53l0x_api_calibration.o
    0x08005eb2   0x08005eb2   0x00000048   Code   RO         4375    i.sequence_step_enabled  vl53l0x_api.o
    0x08005efa   0x08005efa   0x00000018   Code   RO         4907    i.set_ref_spad_map  vl53l0x_api_calibration.o
    0x08005f12   0x08005f12   0x00000138   Code   RO         5057    i.set_sequence_step_timeout  vl53l0x_api_core.o
    0x0800604a   0x0800604a   0x000005f0   Data   RO         4004    .constdata          oled_font.o
    0x0800663a   0x0800663a   0x00000002   PAD
    0x0800663c   0x0800663c   0x00000020   Data   RO         5637    Region$$Table       anon$$obj.o


    Execution Region RW_IRAM1 (Exec base: 0x20000000, Load base: 0x0800665c, Size: 0x00000d58, Max: 0x00005000, ABSOLUTE, COMPRESSED[0x000002b0])

    Exec Addr    Load Addr    Size         Type   Attr      Idx    E Section Name        Object

    0x20000000   COMPRESSED   0x00000014   Data   RW         1805    .data               stm32f10x_rcc.o
    0x20000014   COMPRESSED   0x00000008   Data   RW         3214    .data               led.o
    0x2000001c   COMPRESSED   0x00000003   Data   RW         3503    .data               serial.o
    0x2000001f   COMPRESSED   0x00000001   PAD
    0x20000020   COMPRESSED   0x00000004   Data   RW         3690    .data               my_vl53l0x.o
    0x20000024   COMPRESSED   0x00000009   Data   RW         3770    .data               oled_gfx.o
    0x2000002d   COMPRESSED   0x00000003   PAD
    0x20000030   COMPRESSED   0x00000011   Data   RW         4022    .data               gesture_tof.o
    0x20000041   COMPRESSED   0x00000003   PAD
    0x20000044   COMPRESSED   0x00000025   Data   RW         4103    .data               main.o
    0x20000069   COMPRESSED   0x000002a9   Data   RW         4376    .data               vl53l0x_api.o
    0x20000312   COMPRESSED   0x00000002   PAD
    0x20000314   COMPRESSED   0x00000010   Data   RW         4908    .data               vl53l0x_api_calibration.o
    0x20000324   COMPRESSED   0x00000004   Data   RW         5611    .data               mc_w.l(stdout.o)
    0x20000328        -       0x00000064   Zero   RW         3502    .bss                serial.o
    0x2000038c        -       0x00000184   Zero   RW         3689    .bss                my_vl53l0x.o
    0x20000510        -       0x00000400   Zero   RW         3769    .bss                oled_gfx.o
    0x20000910        -       0x00000018   Zero   RW         3890    .bss                oled_ui.o
    0x20000928        -       0x00000030   Zero   RW         4102    .bss                main.o
    0x20000958        -       0x00000400   Zero   RW            1    STACK               startup_stm32f10x_md.o


==============================================================================

Image component sizes


      Code (inc. data)   RO Data    RW Data    ZI Data      Debug   Object Name

         0          0          0          0          0       4508   core_cm3.o
        70          0          0          0          0        962   delay.o
       376         54          0         17          0       3820   gesture_tof.o
        44          4          0          0          0        475   key.o
        68          8          0          0          0       1002   ld2410b.o
       504         78          0          8          0       8436   led.o
      1838        534          0         37         48      10721   main.o
       132         22          0          0          0     204843   misc.o
       184         14          0          4        388      17156   my_vl53l0x.o
       344         18          0          0          0       5034   myi2c.o
       578         16          0          0          0       4708   oled.o
         0          0       1520          0          0        561   oled_font.o
      1002         42          0          9       1024      10194   oled_gfx.o
      1380        146          0          0         24      12450   oled_ui.o
       200          6          0          0          0       1611   pwm.o
       422         36          0          3        100       5400   serial.o
        36          8        236          0       1024        816   startup_stm32f10x_md.o
         0          0          0          0          0       1676   stm32f10x_adc.o
       310          0          0          0          0      11943   stm32f10x_gpio.o
        26          0          0          0          0       3902   stm32f10x_it.o
       276         32          0         20          0      13070   stm32f10x_rcc.o
       484         52          0          0          0      27101   stm32f10x_tim.o
       472          6          0          0          0      12659   stm32f10x_usart.o
       328         28          0          0          0      45361   system_stm32f10x.o
      4158         78          0        681          0      28975   vl53l0x_api.o
      2012          6          0         16          0      15407   vl53l0x_api_calibration.o
      4832         12          0          0          0      25886   vl53l0x_api_core.o
       422          0          0          0          0       7147   vl53l0x_i2c_platform.o

    ----------------------------------------------------------------------
     20548       1200       1790        804       2608     485824   Object Totals
         0          0         32          0          0          0   (incl. Generated)
        50          0          2          9          0          0   (incl. Padding)

    ----------------------------------------------------------------------

      Code (inc. data)   RO Data    RW Data    ZI Data      Debug   Library Member Name

        94          0          0          0          0          0   __dclz77c.o
         0          0          0          0          0          0   entry.o
         0          0          0          0          0          0   entry10a.o
         0          0          0          0          0          0   entry11a.o
         8          4          0          0          0          0   entry2.o
         4          0          0          0          0          0   entry5.o
         0          0          0          0          0          0   entry7b.o
         0          0          0          0          0          0   entry8b.o
         8          4          0          0          0          0   entry9a.o
        30          0          0          0          0          0   handlers.o
        36          8          0          0          0         68   init.o
         0          0          0          0          0          0   iusefp.o
        30          0          0          0          0         68   llshl.o
        36          0          0          0          0         68   llsshr.o
        32          0          0          0          0         68   llushr.o
        36          0          0          0          0         68   memcpya.o
        36          0          0          0          0        108   memseta.o
      2258         90          0          0          0        452   printfa.o
         0          0          0          4          0          0   stdout.o
        28          0          0          0          0         76   strcmp.o
        18          0          0          0          0         68   strcpy.o
        44          0          0          0          0         80   uidiv.o
        98          0          0          0          0         92   uldiv.o
        48          0          0          0          0         68   cdrcmple.o
       334          0          0          0          0        148   dadd.o
       222          0          0          0          0        100   ddiv.o
       186          0          0          0          0        176   depilogue.o
        48          0          0          0          0         68   dfixul.o
       228          0          0          0          0         96   dmul.o

    ----------------------------------------------------------------------
      3866        106          0          4          0       1872   Library Totals
         4          0          0          0          0          0   (incl. Padding)

    ----------------------------------------------------------------------

      Code (inc. data)   RO Data    RW Data    ZI Data      Debug   Library Name

      2796        106          0          4          0       1216   mc_w.l
      1066          0          0          0          0        656   mf_w.l

    ----------------------------------------------------------------------
      3866        106          0          4          0       1872   Library Totals

    ----------------------------------------------------------------------

==============================================================================


      Code (inc. data)   RO Data    RW Data    ZI Data      Debug   

     24414       1306       1790        808       2608     475344   Grand Totals
     24414       1306       1790        688       2608     475344   ELF Image Totals (compressed)
     24414       1306       1790        688          0          0   ROM Totals

==============================================================================

    Total RO  Size (Code + RO Data)                26204 (  25.59kB)
    Total RW  Size (RW Data + ZI Data)              3416 (   3.34kB)
    Total ROM Size (Code + RO Data + RW Data)      26892 (  26.26kB)

==============================================================================

