<!doctype html public "-//w3c//dtd html 4.0 transitional//en">
<html><head>
<title>Static Call Graph - [.\Objects\Project.axf]</title></head>
<body><HR>
<H1>Static Call Graph for image .\Objects\Project.axf</H1><HR>
<BR><P>#&#060CALLGRAPH&#062# ARM Linker, 5060528: Last Updated: Fri May 22 17:00:51 2026
<BR><P>
<H3>Maximum Stack Usage =       1144 bytes + Unknown(Cycles, Untraceable Function Pointers)</H3><H3>
Call chain for Maximum Stack Depth:</H3>
main &rArr; Board_Init &rArr; MyVL53L0X_Init &rArr; VL53L0X_StaticInit &rArr; VL53L0X_perform_ref_spad_management &rArr; perform_ref_signal_measurement &rArr; VL53L0X_PerformSingleRangingMeasurement &rArr; VL53L0X_GetRangingMeasurementData &rArr; VL53L0X_get_pal_range_status &rArr; VL53L0X_calc_dmax &rArr; VL53L0X_GetDeviceParameters &rArr; VL53L0X_GetMeasurementTimingBudgetMicroSeconds &rArr; VL53L0X_get_measurement_timing_budget_micro_seconds &rArr; get_sequence_step_timeout &rArr; VL53L0X_GetVcselPulsePeriod &rArr; VL53L0X_get_vcsel_pulse_period &rArr; VL53L0X_RdByte &rArr; VL53L0X_ReadMulti &rArr; MyI2C_SendByte &rArr; MyI2C_W_SDA
<P>
<H3>
Mutually Recursive functions
</H3> <LI><a href="#[1c]">ADC1_2_IRQHandler</a>&nbsp;&nbsp;&nbsp;&rArr;&nbsp;&nbsp;&nbsp;<a href="#[1c]">ADC1_2_IRQHandler</a><BR>
</UL>
<P>
<H3>
Function Pointers
</H3><UL>
 <LI><a href="#[1c]">ADC1_2_IRQHandler</a> from startup_stm32f10x_md.o(.text) referenced from startup_stm32f10x_md.o(RESET)
 <LI><a href="#[4]">BusFault_Handler</a> from stm32f10x_it.o(i.BusFault_Handler) referenced from startup_stm32f10x_md.o(RESET)
 <LI><a href="#[1f]">CAN1_RX1_IRQHandler</a> from startup_stm32f10x_md.o(.text) referenced from startup_stm32f10x_md.o(RESET)
 <LI><a href="#[20]">CAN1_SCE_IRQHandler</a> from startup_stm32f10x_md.o(.text) referenced from startup_stm32f10x_md.o(RESET)
 <LI><a href="#[15]">DMA1_Channel1_IRQHandler</a> from startup_stm32f10x_md.o(.text) referenced from startup_stm32f10x_md.o(RESET)
 <LI><a href="#[16]">DMA1_Channel2_IRQHandler</a> from startup_stm32f10x_md.o(.text) referenced from startup_stm32f10x_md.o(RESET)
 <LI><a href="#[17]">DMA1_Channel3_IRQHandler</a> from startup_stm32f10x_md.o(.text) referenced from startup_stm32f10x_md.o(RESET)
 <LI><a href="#[18]">DMA1_Channel4_IRQHandler</a> from startup_stm32f10x_md.o(.text) referenced from startup_stm32f10x_md.o(RESET)
 <LI><a href="#[19]">DMA1_Channel5_IRQHandler</a> from startup_stm32f10x_md.o(.text) referenced from startup_stm32f10x_md.o(RESET)
 <LI><a href="#[1a]">DMA1_Channel6_IRQHandler</a> from startup_stm32f10x_md.o(.text) referenced from startup_stm32f10x_md.o(RESET)
 <LI><a href="#[1b]">DMA1_Channel7_IRQHandler</a> from startup_stm32f10x_md.o(.text) referenced from startup_stm32f10x_md.o(RESET)
 <LI><a href="#[7]">DebugMon_Handler</a> from stm32f10x_it.o(i.DebugMon_Handler) referenced from startup_stm32f10x_md.o(RESET)
 <LI><a href="#[10]">EXTI0_IRQHandler</a> from startup_stm32f10x_md.o(.text) referenced from startup_stm32f10x_md.o(RESET)
 <LI><a href="#[32]">EXTI15_10_IRQHandler</a> from startup_stm32f10x_md.o(.text) referenced from startup_stm32f10x_md.o(RESET)
 <LI><a href="#[11]">EXTI1_IRQHandler</a> from startup_stm32f10x_md.o(.text) referenced from startup_stm32f10x_md.o(RESET)
 <LI><a href="#[12]">EXTI2_IRQHandler</a> from startup_stm32f10x_md.o(.text) referenced from startup_stm32f10x_md.o(RESET)
 <LI><a href="#[13]">EXTI3_IRQHandler</a> from startup_stm32f10x_md.o(.text) referenced from startup_stm32f10x_md.o(RESET)
 <LI><a href="#[14]">EXTI4_IRQHandler</a> from startup_stm32f10x_md.o(.text) referenced from startup_stm32f10x_md.o(RESET)
 <LI><a href="#[21]">EXTI9_5_IRQHandler</a> from startup_stm32f10x_md.o(.text) referenced from startup_stm32f10x_md.o(RESET)
 <LI><a href="#[e]">FLASH_IRQHandler</a> from startup_stm32f10x_md.o(.text) referenced from startup_stm32f10x_md.o(RESET)
 <LI><a href="#[2]">HardFault_Handler</a> from stm32f10x_it.o(i.HardFault_Handler) referenced from startup_stm32f10x_md.o(RESET)
 <LI><a href="#[2a]">I2C1_ER_IRQHandler</a> from startup_stm32f10x_md.o(.text) referenced from startup_stm32f10x_md.o(RESET)
 <LI><a href="#[29]">I2C1_EV_IRQHandler</a> from startup_stm32f10x_md.o(.text) referenced from startup_stm32f10x_md.o(RESET)
 <LI><a href="#[2c]">I2C2_ER_IRQHandler</a> from startup_stm32f10x_md.o(.text) referenced from startup_stm32f10x_md.o(RESET)
 <LI><a href="#[2b]">I2C2_EV_IRQHandler</a> from startup_stm32f10x_md.o(.text) referenced from startup_stm32f10x_md.o(RESET)
 <LI><a href="#[3]">MemManage_Handler</a> from stm32f10x_it.o(i.MemManage_Handler) referenced from startup_stm32f10x_md.o(RESET)
 <LI><a href="#[1]">NMI_Handler</a> from stm32f10x_it.o(i.NMI_Handler) referenced from startup_stm32f10x_md.o(RESET)
 <LI><a href="#[b]">PVD_IRQHandler</a> from startup_stm32f10x_md.o(.text) referenced from startup_stm32f10x_md.o(RESET)
 <LI><a href="#[8]">PendSV_Handler</a> from stm32f10x_it.o(i.PendSV_Handler) referenced from startup_stm32f10x_md.o(RESET)
 <LI><a href="#[f]">RCC_IRQHandler</a> from startup_stm32f10x_md.o(.text) referenced from startup_stm32f10x_md.o(RESET)
 <LI><a href="#[33]">RTCAlarm_IRQHandler</a> from startup_stm32f10x_md.o(.text) referenced from startup_stm32f10x_md.o(RESET)
 <LI><a href="#[d]">RTC_IRQHandler</a> from startup_stm32f10x_md.o(.text) referenced from startup_stm32f10x_md.o(RESET)
 <LI><a href="#[0]">Reset_Handler</a> from startup_stm32f10x_md.o(.text) referenced from startup_stm32f10x_md.o(RESET)
 <LI><a href="#[2d]">SPI1_IRQHandler</a> from startup_stm32f10x_md.o(.text) referenced from startup_stm32f10x_md.o(RESET)
 <LI><a href="#[2e]">SPI2_IRQHandler</a> from startup_stm32f10x_md.o(.text) referenced from startup_stm32f10x_md.o(RESET)
 <LI><a href="#[6]">SVC_Handler</a> from stm32f10x_it.o(i.SVC_Handler) referenced from startup_stm32f10x_md.o(RESET)
 <LI><a href="#[9]">SysTick_Handler</a> from stm32f10x_it.o(i.SysTick_Handler) referenced from startup_stm32f10x_md.o(RESET)
 <LI><a href="#[36]">SystemInit</a> from system_stm32f10x.o(i.SystemInit) referenced from startup_stm32f10x_md.o(.text)
 <LI><a href="#[c]">TAMPER_IRQHandler</a> from startup_stm32f10x_md.o(.text) referenced from startup_stm32f10x_md.o(RESET)
 <LI><a href="#[22]">TIM1_BRK_IRQHandler</a> from startup_stm32f10x_md.o(.text) referenced from startup_stm32f10x_md.o(RESET)
 <LI><a href="#[25]">TIM1_CC_IRQHandler</a> from startup_stm32f10x_md.o(.text) referenced from startup_stm32f10x_md.o(RESET)
 <LI><a href="#[24]">TIM1_TRG_COM_IRQHandler</a> from startup_stm32f10x_md.o(.text) referenced from startup_stm32f10x_md.o(RESET)
 <LI><a href="#[23]">TIM1_UP_IRQHandler</a> from startup_stm32f10x_md.o(.text) referenced from startup_stm32f10x_md.o(RESET)
 <LI><a href="#[26]">TIM2_IRQHandler</a> from startup_stm32f10x_md.o(.text) referenced from startup_stm32f10x_md.o(RESET)
 <LI><a href="#[27]">TIM3_IRQHandler</a> from startup_stm32f10x_md.o(.text) referenced from startup_stm32f10x_md.o(RESET)
 <LI><a href="#[28]">TIM4_IRQHandler</a> from systemtime.o(i.TIM4_IRQHandler) referenced from startup_stm32f10x_md.o(RESET)
 <LI><a href="#[2f]">USART1_IRQHandler</a> from serial.o(i.USART1_IRQHandler) referenced from startup_stm32f10x_md.o(RESET)
 <LI><a href="#[30]">USART2_IRQHandler</a> from startup_stm32f10x_md.o(.text) referenced from startup_stm32f10x_md.o(RESET)
 <LI><a href="#[31]">USART3_IRQHandler</a> from startup_stm32f10x_md.o(.text) referenced from startup_stm32f10x_md.o(RESET)
 <LI><a href="#[34]">USBWakeUp_IRQHandler</a> from startup_stm32f10x_md.o(.text) referenced from startup_stm32f10x_md.o(RESET)
 <LI><a href="#[1d]">USB_HP_CAN1_TX_IRQHandler</a> from startup_stm32f10x_md.o(.text) referenced from startup_stm32f10x_md.o(RESET)
 <LI><a href="#[1e]">USB_LP_CAN1_RX0_IRQHandler</a> from startup_stm32f10x_md.o(.text) referenced from startup_stm32f10x_md.o(RESET)
 <LI><a href="#[5]">UsageFault_Handler</a> from stm32f10x_it.o(i.UsageFault_Handler) referenced from startup_stm32f10x_md.o(RESET)
 <LI><a href="#[a]">WWDG_IRQHandler</a> from startup_stm32f10x_md.o(.text) referenced from startup_stm32f10x_md.o(RESET)
 <LI><a href="#[37]">__main</a> from entry.o(.ARM.Collect$$$$00000000) referenced from startup_stm32f10x_md.o(.text)
 <LI><a href="#[38]">fputc</a> from serial.o(i.fputc) referenced from printfa.o(i.__0printf)
 <LI><a href="#[35]">main</a> from main.o(i.main) referenced from entry9a.o(.ARM.Collect$$$$0000000B)
</UL>
<P>
<H3>
Global Symbols
</H3>
<P><STRONG><a name="[37]"></a>__main</STRONG> (Thumb, 0 bytes, Stack size unknown bytes, entry.o(.ARM.Collect$$$$00000000))
<BR>[Address Reference Count : 1]<UL><LI> startup_stm32f10x_md.o(.text)
</UL>
<P><STRONG><a name="[13b]"></a>_main_stk</STRONG> (Thumb, 0 bytes, Stack size unknown bytes, entry2.o(.ARM.Collect$$$$00000001))

<P><STRONG><a name="[39]"></a>_main_scatterload</STRONG> (Thumb, 0 bytes, Stack size unknown bytes, entry5.o(.ARM.Collect$$$$00000004))
<BR><BR>[Calls]<UL><LI><a href="#[3a]">&gt;&gt;</a>&nbsp;&nbsp;&nbsp;__scatterload
</UL>

<P><STRONG><a name="[4a]"></a>__main_after_scatterload</STRONG> (Thumb, 0 bytes, Stack size unknown bytes, entry5.o(.ARM.Collect$$$$00000004))
<BR><BR>[Called By]<UL><LI><a href="#[3a]">&gt;&gt;</a>&nbsp;&nbsp;&nbsp;__scatterload
</UL>

<P><STRONG><a name="[13c]"></a>_main_clock</STRONG> (Thumb, 0 bytes, Stack size unknown bytes, entry7b.o(.ARM.Collect$$$$00000008))

<P><STRONG><a name="[13d]"></a>_main_cpp_init</STRONG> (Thumb, 0 bytes, Stack size unknown bytes, entry8b.o(.ARM.Collect$$$$0000000A))

<P><STRONG><a name="[13e]"></a>_main_init</STRONG> (Thumb, 0 bytes, Stack size unknown bytes, entry9a.o(.ARM.Collect$$$$0000000B))

<P><STRONG><a name="[13f]"></a>__rt_final_cpp</STRONG> (Thumb, 0 bytes, Stack size unknown bytes, entry10a.o(.ARM.Collect$$$$0000000D))

<P><STRONG><a name="[140]"></a>__rt_final_exit</STRONG> (Thumb, 0 bytes, Stack size unknown bytes, entry11a.o(.ARM.Collect$$$$0000000F))

<P><STRONG><a name="[0]"></a>Reset_Handler</STRONG> (Thumb, 8 bytes, Stack size 0 bytes, startup_stm32f10x_md.o(.text))
<BR>[Address Reference Count : 1]<UL><LI> startup_stm32f10x_md.o(RESET)
</UL>
<P><STRONG><a name="[1c]"></a>ADC1_2_IRQHandler</STRONG> (Thumb, 0 bytes, Stack size 0 bytes, startup_stm32f10x_md.o(.text))
<BR><BR>[Calls]<UL><LI><a href="#[1c]">&gt;&gt;</a>&nbsp;&nbsp;&nbsp;ADC1_2_IRQHandler
</UL>
<BR>[Called By]<UL><LI><a href="#[1c]">&gt;&gt;</a>&nbsp;&nbsp;&nbsp;ADC1_2_IRQHandler
</UL>
<BR>[Address Reference Count : 1]<UL><LI> startup_stm32f10x_md.o(RESET)
</UL>
<P><STRONG><a name="[1f]"></a>CAN1_RX1_IRQHandler</STRONG> (Thumb, 0 bytes, Stack size 0 bytes, startup_stm32f10x_md.o(.text))
<BR>[Address Reference Count : 1]<UL><LI> startup_stm32f10x_md.o(RESET)
</UL>
<P><STRONG><a name="[20]"></a>CAN1_SCE_IRQHandler</STRONG> (Thumb, 0 bytes, Stack size 0 bytes, startup_stm32f10x_md.o(.text))
<BR>[Address Reference Count : 1]<UL><LI> startup_stm32f10x_md.o(RESET)
</UL>
<P><STRONG><a name="[15]"></a>DMA1_Channel1_IRQHandler</STRONG> (Thumb, 0 bytes, Stack size 0 bytes, startup_stm32f10x_md.o(.text))
<BR>[Address Reference Count : 1]<UL><LI> startup_stm32f10x_md.o(RESET)
</UL>
<P><STRONG><a name="[16]"></a>DMA1_Channel2_IRQHandler</STRONG> (Thumb, 0 bytes, Stack size 0 bytes, startup_stm32f10x_md.o(.text))
<BR>[Address Reference Count : 1]<UL><LI> startup_stm32f10x_md.o(RESET)
</UL>
<P><STRONG><a name="[17]"></a>DMA1_Channel3_IRQHandler</STRONG> (Thumb, 0 bytes, Stack size 0 bytes, startup_stm32f10x_md.o(.text))
<BR>[Address Reference Count : 1]<UL><LI> startup_stm32f10x_md.o(RESET)
</UL>
<P><STRONG><a name="[18]"></a>DMA1_Channel4_IRQHandler</STRONG> (Thumb, 0 bytes, Stack size 0 bytes, startup_stm32f10x_md.o(.text))
<BR>[Address Reference Count : 1]<UL><LI> startup_stm32f10x_md.o(RESET)
</UL>
<P><STRONG><a name="[19]"></a>DMA1_Channel5_IRQHandler</STRONG> (Thumb, 0 bytes, Stack size 0 bytes, startup_stm32f10x_md.o(.text))
<BR>[Address Reference Count : 1]<UL><LI> startup_stm32f10x_md.o(RESET)
</UL>
<P><STRONG><a name="[1a]"></a>DMA1_Channel6_IRQHandler</STRONG> (Thumb, 0 bytes, Stack size 0 bytes, startup_stm32f10x_md.o(.text))
<BR>[Address Reference Count : 1]<UL><LI> startup_stm32f10x_md.o(RESET)
</UL>
<P><STRONG><a name="[1b]"></a>DMA1_Channel7_IRQHandler</STRONG> (Thumb, 0 bytes, Stack size 0 bytes, startup_stm32f10x_md.o(.text))
<BR>[Address Reference Count : 1]<UL><LI> startup_stm32f10x_md.o(RESET)
</UL>
<P><STRONG><a name="[10]"></a>EXTI0_IRQHandler</STRONG> (Thumb, 0 bytes, Stack size 0 bytes, startup_stm32f10x_md.o(.text))
<BR>[Address Reference Count : 1]<UL><LI> startup_stm32f10x_md.o(RESET)
</UL>
<P><STRONG><a name="[32]"></a>EXTI15_10_IRQHandler</STRONG> (Thumb, 0 bytes, Stack size 0 bytes, startup_stm32f10x_md.o(.text))
<BR>[Address Reference Count : 1]<UL><LI> startup_stm32f10x_md.o(RESET)
</UL>
<P><STRONG><a name="[11]"></a>EXTI1_IRQHandler</STRONG> (Thumb, 0 bytes, Stack size 0 bytes, startup_stm32f10x_md.o(.text))
<BR>[Address Reference Count : 1]<UL><LI> startup_stm32f10x_md.o(RESET)
</UL>
<P><STRONG><a name="[12]"></a>EXTI2_IRQHandler</STRONG> (Thumb, 0 bytes, Stack size 0 bytes, startup_stm32f10x_md.o(.text))
<BR>[Address Reference Count : 1]<UL><LI> startup_stm32f10x_md.o(RESET)
</UL>
<P><STRONG><a name="[13]"></a>EXTI3_IRQHandler</STRONG> (Thumb, 0 bytes, Stack size 0 bytes, startup_stm32f10x_md.o(.text))
<BR>[Address Reference Count : 1]<UL><LI> startup_stm32f10x_md.o(RESET)
</UL>
<P><STRONG><a name="[14]"></a>EXTI4_IRQHandler</STRONG> (Thumb, 0 bytes, Stack size 0 bytes, startup_stm32f10x_md.o(.text))
<BR>[Address Reference Count : 1]<UL><LI> startup_stm32f10x_md.o(RESET)
</UL>
<P><STRONG><a name="[21]"></a>EXTI9_5_IRQHandler</STRONG> (Thumb, 0 bytes, Stack size 0 bytes, startup_stm32f10x_md.o(.text))
<BR>[Address Reference Count : 1]<UL><LI> startup_stm32f10x_md.o(RESET)
</UL>
<P><STRONG><a name="[e]"></a>FLASH_IRQHandler</STRONG> (Thumb, 0 bytes, Stack size 0 bytes, startup_stm32f10x_md.o(.text))
<BR>[Address Reference Count : 1]<UL><LI> startup_stm32f10x_md.o(RESET)
</UL>
<P><STRONG><a name="[2a]"></a>I2C1_ER_IRQHandler</STRONG> (Thumb, 0 bytes, Stack size 0 bytes, startup_stm32f10x_md.o(.text))
<BR>[Address Reference Count : 1]<UL><LI> startup_stm32f10x_md.o(RESET)
</UL>
<P><STRONG><a name="[29]"></a>I2C1_EV_IRQHandler</STRONG> (Thumb, 0 bytes, Stack size 0 bytes, startup_stm32f10x_md.o(.text))
<BR>[Address Reference Count : 1]<UL><LI> startup_stm32f10x_md.o(RESET)
</UL>
<P><STRONG><a name="[2c]"></a>I2C2_ER_IRQHandler</STRONG> (Thumb, 0 bytes, Stack size 0 bytes, startup_stm32f10x_md.o(.text))
<BR>[Address Reference Count : 1]<UL><LI> startup_stm32f10x_md.o(RESET)
</UL>
<P><STRONG><a name="[2b]"></a>I2C2_EV_IRQHandler</STRONG> (Thumb, 0 bytes, Stack size 0 bytes, startup_stm32f10x_md.o(.text))
<BR>[Address Reference Count : 1]<UL><LI> startup_stm32f10x_md.o(RESET)
</UL>
<P><STRONG><a name="[b]"></a>PVD_IRQHandler</STRONG> (Thumb, 0 bytes, Stack size 0 bytes, startup_stm32f10x_md.o(.text))
<BR>[Address Reference Count : 1]<UL><LI> startup_stm32f10x_md.o(RESET)
</UL>
<P><STRONG><a name="[f]"></a>RCC_IRQHandler</STRONG> (Thumb, 0 bytes, Stack size 0 bytes, startup_stm32f10x_md.o(.text))
<BR>[Address Reference Count : 1]<UL><LI> startup_stm32f10x_md.o(RESET)
</UL>
<P><STRONG><a name="[33]"></a>RTCAlarm_IRQHandler</STRONG> (Thumb, 0 bytes, Stack size 0 bytes, startup_stm32f10x_md.o(.text))
<BR>[Address Reference Count : 1]<UL><LI> startup_stm32f10x_md.o(RESET)
</UL>
<P><STRONG><a name="[d]"></a>RTC_IRQHandler</STRONG> (Thumb, 0 bytes, Stack size 0 bytes, startup_stm32f10x_md.o(.text))
<BR>[Address Reference Count : 1]<UL><LI> startup_stm32f10x_md.o(RESET)
</UL>
<P><STRONG><a name="[2d]"></a>SPI1_IRQHandler</STRONG> (Thumb, 0 bytes, Stack size 0 bytes, startup_stm32f10x_md.o(.text))
<BR>[Address Reference Count : 1]<UL><LI> startup_stm32f10x_md.o(RESET)
</UL>
<P><STRONG><a name="[2e]"></a>SPI2_IRQHandler</STRONG> (Thumb, 0 bytes, Stack size 0 bytes, startup_stm32f10x_md.o(.text))
<BR>[Address Reference Count : 1]<UL><LI> startup_stm32f10x_md.o(RESET)
</UL>
<P><STRONG><a name="[c]"></a>TAMPER_IRQHandler</STRONG> (Thumb, 0 bytes, Stack size 0 bytes, startup_stm32f10x_md.o(.text))
<BR>[Address Reference Count : 1]<UL><LI> startup_stm32f10x_md.o(RESET)
</UL>
<P><STRONG><a name="[22]"></a>TIM1_BRK_IRQHandler</STRONG> (Thumb, 0 bytes, Stack size 0 bytes, startup_stm32f10x_md.o(.text))
<BR>[Address Reference Count : 1]<UL><LI> startup_stm32f10x_md.o(RESET)
</UL>
<P><STRONG><a name="[25]"></a>TIM1_CC_IRQHandler</STRONG> (Thumb, 0 bytes, Stack size 0 bytes, startup_stm32f10x_md.o(.text))
<BR>[Address Reference Count : 1]<UL><LI> startup_stm32f10x_md.o(RESET)
</UL>
<P><STRONG><a name="[24]"></a>TIM1_TRG_COM_IRQHandler</STRONG> (Thumb, 0 bytes, Stack size 0 bytes, startup_stm32f10x_md.o(.text))
<BR>[Address Reference Count : 1]<UL><LI> startup_stm32f10x_md.o(RESET)
</UL>
<P><STRONG><a name="[23]"></a>TIM1_UP_IRQHandler</STRONG> (Thumb, 0 bytes, Stack size 0 bytes, startup_stm32f10x_md.o(.text))
<BR>[Address Reference Count : 1]<UL><LI> startup_stm32f10x_md.o(RESET)
</UL>
<P><STRONG><a name="[26]"></a>TIM2_IRQHandler</STRONG> (Thumb, 0 bytes, Stack size 0 bytes, startup_stm32f10x_md.o(.text))
<BR>[Address Reference Count : 1]<UL><LI> startup_stm32f10x_md.o(RESET)
</UL>
<P><STRONG><a name="[27]"></a>TIM3_IRQHandler</STRONG> (Thumb, 0 bytes, Stack size 0 bytes, startup_stm32f10x_md.o(.text))
<BR>[Address Reference Count : 1]<UL><LI> startup_stm32f10x_md.o(RESET)
</UL>
<P><STRONG><a name="[30]"></a>USART2_IRQHandler</STRONG> (Thumb, 0 bytes, Stack size 0 bytes, startup_stm32f10x_md.o(.text))
<BR>[Address Reference Count : 1]<UL><LI> startup_stm32f10x_md.o(RESET)
</UL>
<P><STRONG><a name="[31]"></a>USART3_IRQHandler</STRONG> (Thumb, 0 bytes, Stack size 0 bytes, startup_stm32f10x_md.o(.text))
<BR>[Address Reference Count : 1]<UL><LI> startup_stm32f10x_md.o(RESET)
</UL>
<P><STRONG><a name="[34]"></a>USBWakeUp_IRQHandler</STRONG> (Thumb, 0 bytes, Stack size 0 bytes, startup_stm32f10x_md.o(.text))
<BR>[Address Reference Count : 1]<UL><LI> startup_stm32f10x_md.o(RESET)
</UL>
<P><STRONG><a name="[1d]"></a>USB_HP_CAN1_TX_IRQHandler</STRONG> (Thumb, 0 bytes, Stack size 0 bytes, startup_stm32f10x_md.o(.text))
<BR>[Address Reference Count : 1]<UL><LI> startup_stm32f10x_md.o(RESET)
</UL>
<P><STRONG><a name="[1e]"></a>USB_LP_CAN1_RX0_IRQHandler</STRONG> (Thumb, 0 bytes, Stack size 0 bytes, startup_stm32f10x_md.o(.text))
<BR>[Address Reference Count : 1]<UL><LI> startup_stm32f10x_md.o(RESET)
</UL>
<P><STRONG><a name="[a]"></a>WWDG_IRQHandler</STRONG> (Thumb, 0 bytes, Stack size 0 bytes, startup_stm32f10x_md.o(.text))
<BR>[Address Reference Count : 1]<UL><LI> startup_stm32f10x_md.o(RESET)
</UL>
<P><STRONG><a name="[141]"></a>__aeabi_memcpy</STRONG> (Thumb, 36 bytes, Stack size 0 bytes, memcpya.o(.text), UNUSED)

<P><STRONG><a name="[f1]"></a>__aeabi_memcpy4</STRONG> (Thumb, 0 bytes, Stack size 0 bytes, memcpya.o(.text))
<BR><BR>[Called By]<UL><LI><a href="#[a4]">&gt;&gt;</a>&nbsp;&nbsp;&nbsp;VL53L0X_StaticInit
<LI><a href="#[a1]">&gt;&gt;</a>&nbsp;&nbsp;&nbsp;VL53L0X_GetRangingMeasurementData
<LI><a href="#[a3]">&gt;&gt;</a>&nbsp;&nbsp;&nbsp;VL53L0X_DataInit
<LI><a href="#[119]">&gt;&gt;</a>&nbsp;&nbsp;&nbsp;VL53L0X_calc_dmax
<LI><a href="#[109]">&gt;&gt;</a>&nbsp;&nbsp;&nbsp;VL53L0X_perform_ref_spad_management
</UL>

<P><STRONG><a name="[142]"></a>__aeabi_memcpy8</STRONG> (Thumb, 0 bytes, Stack size 0 bytes, memcpya.o(.text), UNUSED)

<P><STRONG><a name="[3c]"></a>__aeabi_memset</STRONG> (Thumb, 14 bytes, Stack size 0 bytes, memseta.o(.text))
<BR><BR>[Called By]<UL><LI><a href="#[3d]">&gt;&gt;</a>&nbsp;&nbsp;&nbsp;_memset$wrapper
<LI><a href="#[3b]">&gt;&gt;</a>&nbsp;&nbsp;&nbsp;__aeabi_memclr
</UL>

<P><STRONG><a name="[143]"></a>__aeabi_memset4</STRONG> (Thumb, 0 bytes, Stack size 0 bytes, memseta.o(.text), UNUSED)

<P><STRONG><a name="[144]"></a>__aeabi_memset8</STRONG> (Thumb, 0 bytes, Stack size 0 bytes, memseta.o(.text), UNUSED)

<P><STRONG><a name="[3b]"></a>__aeabi_memclr</STRONG> (Thumb, 4 bytes, Stack size 0 bytes, memseta.o(.text))
<BR><BR>[Calls]<UL><LI><a href="#[3c]">&gt;&gt;</a>&nbsp;&nbsp;&nbsp;__aeabi_memset
</UL>
<BR>[Called By]<UL><LI><a href="#[a9]">&gt;&gt;</a>&nbsp;&nbsp;&nbsp;OLEDGFX_ClearBuffer
</UL>

<P><STRONG><a name="[114]"></a>__aeabi_memclr4</STRONG> (Thumb, 0 bytes, Stack size 0 bytes, memseta.o(.text))
<BR><BR>[Called By]<UL><LI><a href="#[a4]">&gt;&gt;</a>&nbsp;&nbsp;&nbsp;VL53L0X_StaticInit
</UL>

<P><STRONG><a name="[145]"></a>__aeabi_memclr8</STRONG> (Thumb, 0 bytes, Stack size 0 bytes, memseta.o(.text), UNUSED)

<P><STRONG><a name="[3d]"></a>_memset$wrapper</STRONG> (Thumb, 18 bytes, Stack size 8 bytes, memseta.o(.text), UNUSED)
<BR><BR>[Calls]<UL><LI><a href="#[3c]">&gt;&gt;</a>&nbsp;&nbsp;&nbsp;__aeabi_memset
</UL>

<P><STRONG><a name="[66]"></a>strcmp</STRONG> (Thumb, 28 bytes, Stack size 8 bytes, strcmp.o(.text))
<BR><BR>[Stack]<UL><LI>Max Depth = 8<LI>Call Chain = strcmp
</UL>
<BR>[Called By]<UL><LI><a href="#[65]">&gt;&gt;</a>&nbsp;&nbsp;&nbsp;App_HandleSerial
</UL>

<P><STRONG><a name="[123]"></a>strcpy</STRONG> (Thumb, 18 bytes, Stack size 0 bytes, strcpy.o(.text))
<BR><BR>[Called By]<UL><LI><a href="#[115]">&gt;&gt;</a>&nbsp;&nbsp;&nbsp;VL53L0X_get_info_from_device
</UL>

<P><STRONG><a name="[146]"></a>__aeabi_uidiv</STRONG> (Thumb, 0 bytes, Stack size 12 bytes, uidiv.o(.text), UNUSED)

<P><STRONG><a name="[137]"></a>__aeabi_uidivmod</STRONG> (Thumb, 44 bytes, Stack size 12 bytes, uidiv.o(.text), UNUSED)
<BR><BR>[Called By]<UL><LI><a href="#[132]">&gt;&gt;</a>&nbsp;&nbsp;&nbsp;_printf_core
</UL>

<P><STRONG><a name="[3e]"></a>__aeabi_uldivmod</STRONG> (Thumb, 98 bytes, Stack size 40 bytes, uldiv.o(.text), UNUSED)
<BR><BR>[Calls]<UL><LI><a href="#[3f]">&gt;&gt;</a>&nbsp;&nbsp;&nbsp;__aeabi_llsr
<LI><a href="#[40]">&gt;&gt;</a>&nbsp;&nbsp;&nbsp;__aeabi_llsl
</UL>
<BR>[Called By]<UL><LI><a href="#[132]">&gt;&gt;</a>&nbsp;&nbsp;&nbsp;_printf_core
<LI><a href="#[133]">&gt;&gt;</a>&nbsp;&nbsp;&nbsp;_fp_digits
</UL>

<P><STRONG><a name="[147]"></a>__I$use$fp</STRONG> (Thumb, 0 bytes, Stack size 48 bytes, iusefp.o(.text), UNUSED)

<P><STRONG><a name="[41]"></a>__aeabi_dadd</STRONG> (Thumb, 322 bytes, Stack size 48 bytes, dadd.o(.text), UNUSED)
<BR><BR>[Calls]<UL><LI><a href="#[42]">&gt;&gt;</a>&nbsp;&nbsp;&nbsp;__aeabi_lasr
<LI><a href="#[40]">&gt;&gt;</a>&nbsp;&nbsp;&nbsp;__aeabi_llsl
<LI><a href="#[44]">&gt;&gt;</a>&nbsp;&nbsp;&nbsp;_double_round
<LI><a href="#[43]">&gt;&gt;</a>&nbsp;&nbsp;&nbsp;_double_epilogue
</UL>
<BR>[Called By]<UL><LI><a href="#[46]">&gt;&gt;</a>&nbsp;&nbsp;&nbsp;__aeabi_drsub
<LI><a href="#[45]">&gt;&gt;</a>&nbsp;&nbsp;&nbsp;__aeabi_dsub
<LI><a href="#[133]">&gt;&gt;</a>&nbsp;&nbsp;&nbsp;_fp_digits
</UL>

<P><STRONG><a name="[45]"></a>__aeabi_dsub</STRONG> (Thumb, 6 bytes, Stack size 0 bytes, dadd.o(.text), UNUSED)
<BR><BR>[Calls]<UL><LI><a href="#[41]">&gt;&gt;</a>&nbsp;&nbsp;&nbsp;__aeabi_dadd
</UL>

<P><STRONG><a name="[46]"></a>__aeabi_drsub</STRONG> (Thumb, 6 bytes, Stack size 0 bytes, dadd.o(.text), UNUSED)
<BR><BR>[Calls]<UL><LI><a href="#[41]">&gt;&gt;</a>&nbsp;&nbsp;&nbsp;__aeabi_dadd
</UL>

<P><STRONG><a name="[47]"></a>__aeabi_dmul</STRONG> (Thumb, 228 bytes, Stack size 48 bytes, dmul.o(.text), UNUSED)
<BR><BR>[Calls]<UL><LI><a href="#[43]">&gt;&gt;</a>&nbsp;&nbsp;&nbsp;_double_epilogue
</UL>
<BR>[Called By]<UL><LI><a href="#[133]">&gt;&gt;</a>&nbsp;&nbsp;&nbsp;_fp_digits
</UL>

<P><STRONG><a name="[48]"></a>__aeabi_ddiv</STRONG> (Thumb, 222 bytes, Stack size 32 bytes, ddiv.o(.text), UNUSED)
<BR><BR>[Calls]<UL><LI><a href="#[44]">&gt;&gt;</a>&nbsp;&nbsp;&nbsp;_double_round
</UL>
<BR>[Called By]<UL><LI><a href="#[133]">&gt;&gt;</a>&nbsp;&nbsp;&nbsp;_fp_digits
</UL>

<P><STRONG><a name="[49]"></a>__aeabi_d2ulz</STRONG> (Thumb, 48 bytes, Stack size 0 bytes, dfixul.o(.text), UNUSED)
<BR><BR>[Calls]<UL><LI><a href="#[3f]">&gt;&gt;</a>&nbsp;&nbsp;&nbsp;__aeabi_llsr
<LI><a href="#[40]">&gt;&gt;</a>&nbsp;&nbsp;&nbsp;__aeabi_llsl
</UL>
<BR>[Called By]<UL><LI><a href="#[133]">&gt;&gt;</a>&nbsp;&nbsp;&nbsp;_fp_digits
</UL>

<P><STRONG><a name="[134]"></a>__aeabi_cdrcmple</STRONG> (Thumb, 48 bytes, Stack size 0 bytes, cdrcmple.o(.text), UNUSED)
<BR><BR>[Called By]<UL><LI><a href="#[133]">&gt;&gt;</a>&nbsp;&nbsp;&nbsp;_fp_digits
</UL>

<P><STRONG><a name="[3a]"></a>__scatterload</STRONG> (Thumb, 28 bytes, Stack size 0 bytes, init.o(.text))
<BR><BR>[Calls]<UL><LI><a href="#[4a]">&gt;&gt;</a>&nbsp;&nbsp;&nbsp;__main_after_scatterload
</UL>
<BR>[Called By]<UL><LI><a href="#[39]">&gt;&gt;</a>&nbsp;&nbsp;&nbsp;_main_scatterload
</UL>

<P><STRONG><a name="[148]"></a>__scatterload_rt2</STRONG> (Thumb, 0 bytes, Stack size 0 bytes, init.o(.text), UNUSED)

<P><STRONG><a name="[40]"></a>__aeabi_llsl</STRONG> (Thumb, 30 bytes, Stack size 0 bytes, llshl.o(.text), UNUSED)
<BR><BR>[Called By]<UL><LI><a href="#[43]">&gt;&gt;</a>&nbsp;&nbsp;&nbsp;_double_epilogue
<LI><a href="#[3e]">&gt;&gt;</a>&nbsp;&nbsp;&nbsp;__aeabi_uldivmod
<LI><a href="#[41]">&gt;&gt;</a>&nbsp;&nbsp;&nbsp;__aeabi_dadd
<LI><a href="#[49]">&gt;&gt;</a>&nbsp;&nbsp;&nbsp;__aeabi_d2ulz
</UL>

<P><STRONG><a name="[149]"></a>_ll_shift_l</STRONG> (Thumb, 0 bytes, Stack size 0 bytes, llshl.o(.text), UNUSED)

<P><STRONG><a name="[3f]"></a>__aeabi_llsr</STRONG> (Thumb, 32 bytes, Stack size 0 bytes, llushr.o(.text), UNUSED)
<BR><BR>[Called By]<UL><LI><a href="#[43]">&gt;&gt;</a>&nbsp;&nbsp;&nbsp;_double_epilogue
<LI><a href="#[3e]">&gt;&gt;</a>&nbsp;&nbsp;&nbsp;__aeabi_uldivmod
<LI><a href="#[49]">&gt;&gt;</a>&nbsp;&nbsp;&nbsp;__aeabi_d2ulz
</UL>

<P><STRONG><a name="[14a]"></a>_ll_ushift_r</STRONG> (Thumb, 0 bytes, Stack size 0 bytes, llushr.o(.text), UNUSED)

<P><STRONG><a name="[42]"></a>__aeabi_lasr</STRONG> (Thumb, 36 bytes, Stack size 0 bytes, llsshr.o(.text), UNUSED)
<BR><BR>[Called By]<UL><LI><a href="#[41]">&gt;&gt;</a>&nbsp;&nbsp;&nbsp;__aeabi_dadd
</UL>

<P><STRONG><a name="[14b]"></a>_ll_sshift_r</STRONG> (Thumb, 0 bytes, Stack size 0 bytes, llsshr.o(.text), UNUSED)

<P><STRONG><a name="[44]"></a>_double_round</STRONG> (Thumb, 30 bytes, Stack size 8 bytes, depilogue.o(.text), UNUSED)
<BR><BR>[Called By]<UL><LI><a href="#[43]">&gt;&gt;</a>&nbsp;&nbsp;&nbsp;_double_epilogue
<LI><a href="#[48]">&gt;&gt;</a>&nbsp;&nbsp;&nbsp;__aeabi_ddiv
<LI><a href="#[41]">&gt;&gt;</a>&nbsp;&nbsp;&nbsp;__aeabi_dadd
</UL>

<P><STRONG><a name="[43]"></a>_double_epilogue</STRONG> (Thumb, 156 bytes, Stack size 32 bytes, depilogue.o(.text), UNUSED)
<BR><BR>[Calls]<UL><LI><a href="#[3f]">&gt;&gt;</a>&nbsp;&nbsp;&nbsp;__aeabi_llsr
<LI><a href="#[40]">&gt;&gt;</a>&nbsp;&nbsp;&nbsp;__aeabi_llsl
<LI><a href="#[44]">&gt;&gt;</a>&nbsp;&nbsp;&nbsp;_double_round
</UL>
<BR>[Called By]<UL><LI><a href="#[47]">&gt;&gt;</a>&nbsp;&nbsp;&nbsp;__aeabi_dmul
<LI><a href="#[41]">&gt;&gt;</a>&nbsp;&nbsp;&nbsp;__aeabi_dadd
</UL>

<P><STRONG><a name="[14c]"></a>__decompress</STRONG> (Thumb, 0 bytes, Stack size unknown bytes, __dclz77c.o(.text), UNUSED)

<P><STRONG><a name="[14d]"></a>__decompress2</STRONG> (Thumb, 94 bytes, Stack size unknown bytes, __dclz77c.o(.text), UNUSED)

<P><STRONG><a name="[6c]"></a>App_Init</STRONG> (Thumb, 80 bytes, Stack size 8 bytes, app.o(i.App_Init))
<BR><BR>[Stack]<UL><LI>Max Depth = 40<LI>Call Chain = App_Init &rArr; OLEDUI_ShowMode &rArr; UI_GotoScene
</UL>
<BR>[Calls]<UL><LI><a href="#[70]">&gt;&gt;</a>&nbsp;&nbsp;&nbsp;OLEDUI_ShowMode
<LI><a href="#[6e]">&gt;&gt;</a>&nbsp;&nbsp;&nbsp;OLEDUI_SetMode
<LI><a href="#[63]">&gt;&gt;</a>&nbsp;&nbsp;&nbsp;OLEDUI_SetHuman
<LI><a href="#[62]">&gt;&gt;</a>&nbsp;&nbsp;&nbsp;LD2410B_GetState
<LI><a href="#[6f]">&gt;&gt;</a>&nbsp;&nbsp;&nbsp;SystemTime_Millis
<LI><a href="#[71]">&gt;&gt;</a>&nbsp;&nbsp;&nbsp;App_SendModeText
<LI><a href="#[6d]">&gt;&gt;</a>&nbsp;&nbsp;&nbsp;Gesture_Init
</UL>
<BR>[Called By]<UL><LI><a href="#[78]">&gt;&gt;</a>&nbsp;&nbsp;&nbsp;Board_Init
</UL>

<P><STRONG><a name="[75]"></a>App_Task</STRONG> (Thumb, 54 bytes, Stack size 8 bytes, app.o(i.App_Task))
<BR><BR>[Stack]<UL><LI>Max Depth = 808<LI>Call Chain = App_Task &rArr; App_HandleGesture &rArr; MyVL53L0X_GetDistance &rArr; VL53L0X_GetRangingMeasurementData &rArr; VL53L0X_get_pal_range_status &rArr; VL53L0X_calc_dmax &rArr; VL53L0X_GetDeviceParameters &rArr; VL53L0X_GetMeasurementTimingBudgetMicroSeconds &rArr; VL53L0X_get_measurement_timing_budget_micro_seconds &rArr; get_sequence_step_timeout &rArr; VL53L0X_GetVcselPulsePeriod &rArr; VL53L0X_get_vcsel_pulse_period &rArr; VL53L0X_RdByte &rArr; VL53L0X_ReadMulti &rArr; MyI2C_SendByte &rArr; MyI2C_W_SDA
</UL>
<BR>[Calls]<UL><LI><a href="#[77]">&gt;&gt;</a>&nbsp;&nbsp;&nbsp;OLEDUI_Task
<LI><a href="#[76]">&gt;&gt;</a>&nbsp;&nbsp;&nbsp;LED1_Task
<LI><a href="#[6f]">&gt;&gt;</a>&nbsp;&nbsp;&nbsp;SystemTime_Millis
<LI><a href="#[73]">&gt;&gt;</a>&nbsp;&nbsp;&nbsp;App_SyncStatus
<LI><a href="#[72]">&gt;&gt;</a>&nbsp;&nbsp;&nbsp;App_SyncPanel
<LI><a href="#[69]">&gt;&gt;</a>&nbsp;&nbsp;&nbsp;App_HandleTouch
<LI><a href="#[65]">&gt;&gt;</a>&nbsp;&nbsp;&nbsp;App_HandleSerial
<LI><a href="#[61]">&gt;&gt;</a>&nbsp;&nbsp;&nbsp;App_HandleRadar
<LI><a href="#[58]">&gt;&gt;</a>&nbsp;&nbsp;&nbsp;App_HandleGesture
</UL>
<BR>[Called By]<UL><LI><a href="#[35]">&gt;&gt;</a>&nbsp;&nbsp;&nbsp;main
</UL>

<P><STRONG><a name="[4]"></a>BusFault_Handler</STRONG> (Thumb, 4 bytes, Stack size 0 bytes, stm32f10x_it.o(i.BusFault_Handler))
<BR>[Address Reference Count : 1]<UL><LI> startup_stm32f10x_md.o(RESET)
</UL>
<P><STRONG><a name="[7]"></a>DebugMon_Handler</STRONG> (Thumb, 2 bytes, Stack size 0 bytes, stm32f10x_it.o(i.DebugMon_Handler))
<BR>[Address Reference Count : 1]<UL><LI> startup_stm32f10x_md.o(RESET)
</UL>
<P><STRONG><a name="[82]"></a>Delay_ms</STRONG> (Thumb, 24 bytes, Stack size 4 bytes, delay.o(i.Delay_ms))
<BR><BR>[Stack]<UL><LI>Max Depth = 4<LI>Call Chain = Delay_ms
</UL>
<BR>[Calls]<UL><LI><a href="#[83]">&gt;&gt;</a>&nbsp;&nbsp;&nbsp;Delay_us
</UL>
<BR>[Called By]<UL><LI><a href="#[10d]">&gt;&gt;</a>&nbsp;&nbsp;&nbsp;VL53L0X_PollingDelay
</UL>

<P><STRONG><a name="[83]"></a>Delay_us</STRONG> (Thumb, 46 bytes, Stack size 0 bytes, delay.o(i.Delay_us))
<BR><BR>[Called By]<UL><LI><a href="#[98]">&gt;&gt;</a>&nbsp;&nbsp;&nbsp;MyI2C_W_SDA
<LI><a href="#[99]">&gt;&gt;</a>&nbsp;&nbsp;&nbsp;MyI2C_W_SCL
<LI><a href="#[96]">&gt;&gt;</a>&nbsp;&nbsp;&nbsp;MyI2C_R_SDA
<LI><a href="#[82]">&gt;&gt;</a>&nbsp;&nbsp;&nbsp;Delay_ms
</UL>

<P><STRONG><a name="[87]"></a>GPIO_Init</STRONG> (Thumb, 278 bytes, Stack size 24 bytes, stm32f10x_gpio.o(i.GPIO_Init))
<BR><BR>[Stack]<UL><LI>Max Depth = 24<LI>Call Chain = GPIO_Init
</UL>
<BR>[Called By]<UL><LI><a href="#[94]">&gt;&gt;</a>&nbsp;&nbsp;&nbsp;MyI2C_Init
<LI><a href="#[7f]">&gt;&gt;</a>&nbsp;&nbsp;&nbsp;LD2410B_Init
<LI><a href="#[7d]">&gt;&gt;</a>&nbsp;&nbsp;&nbsp;Serial_Init
<LI><a href="#[be]">&gt;&gt;</a>&nbsp;&nbsp;&nbsp;OLED_I2C_Init
<LI><a href="#[7c]">&gt;&gt;</a>&nbsp;&nbsp;&nbsp;Key_Init
<LI><a href="#[92]">&gt;&gt;</a>&nbsp;&nbsp;&nbsp;PWM_Init
</UL>

<P><STRONG><a name="[88]"></a>GPIO_ReadInputDataBit</STRONG> (Thumb, 18 bytes, Stack size 0 bytes, stm32f10x_gpio.o(i.GPIO_ReadInputDataBit))
<BR><BR>[Called By]<UL><LI><a href="#[96]">&gt;&gt;</a>&nbsp;&nbsp;&nbsp;MyI2C_R_SDA
<LI><a href="#[62]">&gt;&gt;</a>&nbsp;&nbsp;&nbsp;LD2410B_GetState
<LI><a href="#[da]">&gt;&gt;</a>&nbsp;&nbsp;&nbsp;TouchKey_Update
<LI><a href="#[d9]">&gt;&gt;</a>&nbsp;&nbsp;&nbsp;TouchKey_InitState
</UL>

<P><STRONG><a name="[95]"></a>GPIO_SetBits</STRONG> (Thumb, 4 bytes, Stack size 0 bytes, stm32f10x_gpio.o(i.GPIO_SetBits))
<BR><BR>[Called By]<UL><LI><a href="#[94]">&gt;&gt;</a>&nbsp;&nbsp;&nbsp;MyI2C_Init
</UL>

<P><STRONG><a name="[9f]"></a>GPIO_WriteBit</STRONG> (Thumb, 10 bytes, Stack size 0 bytes, stm32f10x_gpio.o(i.GPIO_WriteBit))
<BR><BR>[Called By]<UL><LI><a href="#[98]">&gt;&gt;</a>&nbsp;&nbsp;&nbsp;MyI2C_W_SDA
<LI><a href="#[99]">&gt;&gt;</a>&nbsp;&nbsp;&nbsp;MyI2C_W_SCL
<LI><a href="#[c1]">&gt;&gt;</a>&nbsp;&nbsp;&nbsp;OLED_I2C_Stop
<LI><a href="#[c0]">&gt;&gt;</a>&nbsp;&nbsp;&nbsp;OLED_I2C_Start
<LI><a href="#[bf]">&gt;&gt;</a>&nbsp;&nbsp;&nbsp;OLED_I2C_SendByte
<LI><a href="#[be]">&gt;&gt;</a>&nbsp;&nbsp;&nbsp;OLED_I2C_Init
</UL>

<P><STRONG><a name="[6d]"></a>Gesture_Init</STRONG> (Thumb, 26 bytes, Stack size 0 bytes, gesture_tof.o(i.Gesture_Init))
<BR><BR>[Called By]<UL><LI><a href="#[6c]">&gt;&gt;</a>&nbsp;&nbsp;&nbsp;App_Init
</UL>

<P><STRONG><a name="[5b]"></a>Gesture_Update</STRONG> (Thumb, 156 bytes, Stack size 24 bytes, gesture_tof.o(i.Gesture_Update))
<BR><BR>[Stack]<UL><LI>Max Depth = 24<LI>Call Chain = Gesture_Update
</UL>
<BR>[Calls]<UL><LI><a href="#[84]">&gt;&gt;</a>&nbsp;&nbsp;&nbsp;Gesture_IsValid
<LI><a href="#[85]">&gt;&gt;</a>&nbsp;&nbsp;&nbsp;Gesture_Filter
</UL>
<BR>[Called By]<UL><LI><a href="#[58]">&gt;&gt;</a>&nbsp;&nbsp;&nbsp;App_HandleGesture
</UL>

<P><STRONG><a name="[4d]"></a>Get_Brightness_Set</STRONG> (Thumb, 6 bytes, Stack size 0 bytes, led.o(i.Get_Brightness_Set))
<BR><BR>[Called By]<UL><LI><a href="#[73]">&gt;&gt;</a>&nbsp;&nbsp;&nbsp;App_SyncStatus
<LI><a href="#[72]">&gt;&gt;</a>&nbsp;&nbsp;&nbsp;App_SyncPanel
<LI><a href="#[56]">&gt;&gt;</a>&nbsp;&nbsp;&nbsp;App_GestureDimming
<LI><a href="#[4b]">&gt;&gt;</a>&nbsp;&nbsp;&nbsp;App_AdjustBrightness
</UL>

<P><STRONG><a name="[2]"></a>HardFault_Handler</STRONG> (Thumb, 4 bytes, Stack size 0 bytes, stm32f10x_it.o(i.HardFault_Handler))
<BR>[Address Reference Count : 1]<UL><LI> startup_stm32f10x_md.o(RESET)
</UL>
<P><STRONG><a name="[7c]"></a>Key_Init</STRONG> (Thumb, 40 bytes, Stack size 8 bytes, key.o(i.Key_Init))
<BR><BR>[Stack]<UL><LI>Max Depth = 32<LI>Call Chain = Key_Init &rArr; GPIO_Init
</UL>
<BR>[Calls]<UL><LI><a href="#[87]">&gt;&gt;</a>&nbsp;&nbsp;&nbsp;GPIO_Init
<LI><a href="#[86]">&gt;&gt;</a>&nbsp;&nbsp;&nbsp;RCC_APB2PeriphClockCmd
</UL>
<BR>[Called By]<UL><LI><a href="#[78]">&gt;&gt;</a>&nbsp;&nbsp;&nbsp;Board_Init
</UL>

<P><STRONG><a name="[62]"></a>LD2410B_GetState</STRONG> (Thumb, 20 bytes, Stack size 8 bytes, ld2410b.o(i.LD2410B_GetState))
<BR><BR>[Stack]<UL><LI>Max Depth = 8<LI>Call Chain = LD2410B_GetState
</UL>
<BR>[Calls]<UL><LI><a href="#[88]">&gt;&gt;</a>&nbsp;&nbsp;&nbsp;GPIO_ReadInputDataBit
</UL>
<BR>[Called By]<UL><LI><a href="#[6c]">&gt;&gt;</a>&nbsp;&nbsp;&nbsp;App_Init
<LI><a href="#[67]">&gt;&gt;</a>&nbsp;&nbsp;&nbsp;App_SetMode
<LI><a href="#[61]">&gt;&gt;</a>&nbsp;&nbsp;&nbsp;App_HandleRadar
</UL>

<P><STRONG><a name="[7f]"></a>LD2410B_Init</STRONG> (Thumb, 40 bytes, Stack size 8 bytes, ld2410b.o(i.LD2410B_Init))
<BR><BR>[Stack]<UL><LI>Max Depth = 32<LI>Call Chain = LD2410B_Init &rArr; GPIO_Init
</UL>
<BR>[Calls]<UL><LI><a href="#[87]">&gt;&gt;</a>&nbsp;&nbsp;&nbsp;GPIO_Init
<LI><a href="#[86]">&gt;&gt;</a>&nbsp;&nbsp;&nbsp;RCC_APB2PeriphClockCmd
</UL>
<BR>[Called By]<UL><LI><a href="#[78]">&gt;&gt;</a>&nbsp;&nbsp;&nbsp;Board_Init
</UL>

<P><STRONG><a name="[5f]"></a>LED1_AckFlash</STRONG> (Thumb, 32 bytes, Stack size 0 bytes, led.o(i.LED1_AckFlash))
<BR><BR>[Called By]<UL><LI><a href="#[67]">&gt;&gt;</a>&nbsp;&nbsp;&nbsp;App_SetMode
<LI><a href="#[58]">&gt;&gt;</a>&nbsp;&nbsp;&nbsp;App_HandleGesture
</UL>

<P><STRONG><a name="[4c]"></a>LED1_AddMemory</STRONG> (Thumb, 24 bytes, Stack size 16 bytes, led.o(i.LED1_AddMemory))
<BR><BR>[Stack]<UL><LI>Max Depth = 16<LI>Call Chain = LED1_AddMemory
</UL>
<BR>[Calls]<UL><LI><a href="#[8a]">&gt;&gt;</a>&nbsp;&nbsp;&nbsp;LED1_SetMemory
<LI><a href="#[89]">&gt;&gt;</a>&nbsp;&nbsp;&nbsp;LED_ClampLevel
</UL>
<BR>[Called By]<UL><LI><a href="#[4b]">&gt;&gt;</a>&nbsp;&nbsp;&nbsp;App_AdjustBrightness
</UL>

<P><STRONG><a name="[53]"></a>LED1_AddTarget</STRONG> (Thumb, 24 bytes, Stack size 16 bytes, led.o(i.LED1_AddTarget))
<BR><BR>[Stack]<UL><LI>Max Depth = 24<LI>Call Chain = LED1_AddTarget &rArr; LED1_SetTarget
</UL>
<BR>[Calls]<UL><LI><a href="#[8b]">&gt;&gt;</a>&nbsp;&nbsp;&nbsp;LED1_SetTarget
<LI><a href="#[89]">&gt;&gt;</a>&nbsp;&nbsp;&nbsp;LED_ClampLevel
</UL>
<BR>[Called By]<UL><LI><a href="#[4b]">&gt;&gt;</a>&nbsp;&nbsp;&nbsp;App_AdjustBrightness
</UL>

<P><STRONG><a name="[4e]"></a>LED1_GetBrightness</STRONG> (Thumb, 12 bytes, Stack size 8 bytes, led.o(i.LED1_GetBrightness))
<BR><BR>[Stack]<UL><LI>Max Depth = 8<LI>Call Chain = LED1_GetBrightness
</UL>
<BR>[Calls]<UL><LI><a href="#[8c]">&gt;&gt;</a>&nbsp;&nbsp;&nbsp;LED_Q8ToLevel
</UL>
<BR>[Called By]<UL><LI><a href="#[73]">&gt;&gt;</a>&nbsp;&nbsp;&nbsp;App_SyncStatus
<LI><a href="#[4b]">&gt;&gt;</a>&nbsp;&nbsp;&nbsp;App_AdjustBrightness
</UL>

<P><STRONG><a name="[57]"></a>LED1_GetTarget</STRONG> (Thumb, 6 bytes, Stack size 0 bytes, led.o(i.LED1_GetTarget))
<BR><BR>[Called By]<UL><LI><a href="#[73]">&gt;&gt;</a>&nbsp;&nbsp;&nbsp;App_SyncStatus
<LI><a href="#[56]">&gt;&gt;</a>&nbsp;&nbsp;&nbsp;App_GestureDimming
</UL>

<P><STRONG><a name="[51]"></a>LED1_IsOn</STRONG> (Thumb, 16 bytes, Stack size 0 bytes, led.o(i.LED1_IsOn))
<BR><BR>[Called By]<UL><LI><a href="#[73]">&gt;&gt;</a>&nbsp;&nbsp;&nbsp;App_SyncStatus
<LI><a href="#[72]">&gt;&gt;</a>&nbsp;&nbsp;&nbsp;App_SyncPanel
<LI><a href="#[4b]">&gt;&gt;</a>&nbsp;&nbsp;&nbsp;App_AdjustBrightness
</UL>

<P><STRONG><a name="[55]"></a>LED1_OFF</STRONG> (Thumb, 8 bytes, Stack size 0 bytes, led.o(i.LED1_OFF))
<BR><BR>[Called By]<UL><LI><a href="#[5d]">&gt;&gt;</a>&nbsp;&nbsp;&nbsp;LED1_Turn
<LI><a href="#[65]">&gt;&gt;</a>&nbsp;&nbsp;&nbsp;App_HandleSerial
<LI><a href="#[54]">&gt;&gt;</a>&nbsp;&nbsp;&nbsp;App_ApplyAutoLight
</UL>

<P><STRONG><a name="[52]"></a>LED1_ON</STRONG> (Thumb, 24 bytes, Stack size 0 bytes, led.o(i.LED1_ON))
<BR><BR>[Called By]<UL><LI><a href="#[5d]">&gt;&gt;</a>&nbsp;&nbsp;&nbsp;LED1_Turn
<LI><a href="#[65]">&gt;&gt;</a>&nbsp;&nbsp;&nbsp;App_HandleSerial
<LI><a href="#[54]">&gt;&gt;</a>&nbsp;&nbsp;&nbsp;App_ApplyAutoLight
<LI><a href="#[4b]">&gt;&gt;</a>&nbsp;&nbsp;&nbsp;App_AdjustBrightness
</UL>

<P><STRONG><a name="[8a]"></a>LED1_SetMemory</STRONG> (Thumb, 18 bytes, Stack size 0 bytes, led.o(i.LED1_SetMemory))
<BR><BR>[Called By]<UL><LI><a href="#[4c]">&gt;&gt;</a>&nbsp;&nbsp;&nbsp;LED1_AddMemory
</UL>

<P><STRONG><a name="[8b]"></a>LED1_SetTarget</STRONG> (Thumb, 22 bytes, Stack size 8 bytes, led.o(i.LED1_SetTarget))
<BR><BR>[Stack]<UL><LI>Max Depth = 8<LI>Call Chain = LED1_SetTarget
</UL>
<BR>[Calls]<UL><LI><a href="#[8d]">&gt;&gt;</a>&nbsp;&nbsp;&nbsp;LED_SaveMemory
</UL>
<BR>[Called By]<UL><LI><a href="#[53]">&gt;&gt;</a>&nbsp;&nbsp;&nbsp;LED1_AddTarget
</UL>

<P><STRONG><a name="[76]"></a>LED1_Task</STRONG> (Thumb, 124 bytes, Stack size 16 bytes, led.o(i.LED1_Task))
<BR><BR>[Stack]<UL><LI>Max Depth = 48<LI>Call Chain = LED1_Task &rArr; LED_ApplyCurrent &rArr; LED_LevelToPwm
</UL>
<BR>[Calls]<UL><LI><a href="#[8e]">&gt;&gt;</a>&nbsp;&nbsp;&nbsp;LED_GetAckTarget
<LI><a href="#[8f]">&gt;&gt;</a>&nbsp;&nbsp;&nbsp;LED_ApplyCurrent
</UL>
<BR>[Called By]<UL><LI><a href="#[75]">&gt;&gt;</a>&nbsp;&nbsp;&nbsp;App_Task
</UL>

<P><STRONG><a name="[5d]"></a>LED1_Turn</STRONG> (Thumb, 20 bytes, Stack size 4 bytes, led.o(i.LED1_Turn))
<BR><BR>[Stack]<UL><LI>Max Depth = 4<LI>Call Chain = LED1_Turn
</UL>
<BR>[Calls]<UL><LI><a href="#[52]">&gt;&gt;</a>&nbsp;&nbsp;&nbsp;LED1_ON
<LI><a href="#[55]">&gt;&gt;</a>&nbsp;&nbsp;&nbsp;LED1_OFF
</UL>
<BR>[Called By]<UL><LI><a href="#[58]">&gt;&gt;</a>&nbsp;&nbsp;&nbsp;App_HandleGesture
</UL>

<P><STRONG><a name="[7e]"></a>LED_Init</STRONG> (Thumb, 34 bytes, Stack size 8 bytes, led.o(i.LED_Init))
<BR><BR>[Stack]<UL><LI>Max Depth = 72<LI>Call Chain = LED_Init &rArr; PWM_Init &rArr; GPIO_Init
</UL>
<BR>[Calls]<UL><LI><a href="#[92]">&gt;&gt;</a>&nbsp;&nbsp;&nbsp;PWM_Init
<LI><a href="#[8f]">&gt;&gt;</a>&nbsp;&nbsp;&nbsp;LED_ApplyCurrent
</UL>
<BR>[Called By]<UL><LI><a href="#[78]">&gt;&gt;</a>&nbsp;&nbsp;&nbsp;Board_Init
</UL>

<P><STRONG><a name="[3]"></a>MemManage_Handler</STRONG> (Thumb, 4 bytes, Stack size 0 bytes, stm32f10x_it.o(i.MemManage_Handler))
<BR>[Address Reference Count : 1]<UL><LI> startup_stm32f10x_md.o(RESET)
</UL>
<P><STRONG><a name="[94]"></a>MyI2C_Init</STRONG> (Thumb, 50 bytes, Stack size 8 bytes, myi2c.o(i.MyI2C_Init))
<BR><BR>[Stack]<UL><LI>Max Depth = 32<LI>Call Chain = MyI2C_Init &rArr; GPIO_Init
</UL>
<BR>[Calls]<UL><LI><a href="#[95]">&gt;&gt;</a>&nbsp;&nbsp;&nbsp;GPIO_SetBits
<LI><a href="#[87]">&gt;&gt;</a>&nbsp;&nbsp;&nbsp;GPIO_Init
<LI><a href="#[86]">&gt;&gt;</a>&nbsp;&nbsp;&nbsp;RCC_APB2PeriphClockCmd
</UL>
<BR>[Called By]<UL><LI><a href="#[80]">&gt;&gt;</a>&nbsp;&nbsp;&nbsp;MyVL53L0X_Init
</UL>

<P><STRONG><a name="[96]"></a>MyI2C_R_SDA</STRONG> (Thumb, 24 bytes, Stack size 8 bytes, myi2c.o(i.MyI2C_R_SDA))
<BR><BR>[Stack]<UL><LI>Max Depth = 8<LI>Call Chain = MyI2C_R_SDA
</UL>
<BR>[Calls]<UL><LI><a href="#[88]">&gt;&gt;</a>&nbsp;&nbsp;&nbsp;GPIO_ReadInputDataBit
<LI><a href="#[83]">&gt;&gt;</a>&nbsp;&nbsp;&nbsp;Delay_us
</UL>
<BR>[Called By]<UL><LI><a href="#[9a]">&gt;&gt;</a>&nbsp;&nbsp;&nbsp;MyI2C_ReceiveByte
<LI><a href="#[97]">&gt;&gt;</a>&nbsp;&nbsp;&nbsp;MyI2C_ReceiveAck
</UL>

<P><STRONG><a name="[97]"></a>MyI2C_ReceiveAck</STRONG> (Thumb, 30 bytes, Stack size 8 bytes, myi2c.o(i.MyI2C_ReceiveAck))
<BR><BR>[Stack]<UL><LI>Max Depth = 16<LI>Call Chain = MyI2C_ReceiveAck &rArr; MyI2C_W_SDA
</UL>
<BR>[Calls]<UL><LI><a href="#[98]">&gt;&gt;</a>&nbsp;&nbsp;&nbsp;MyI2C_W_SDA
<LI><a href="#[99]">&gt;&gt;</a>&nbsp;&nbsp;&nbsp;MyI2C_W_SCL
<LI><a href="#[96]">&gt;&gt;</a>&nbsp;&nbsp;&nbsp;MyI2C_R_SDA
</UL>
<BR>[Called By]<UL><LI><a href="#[118]">&gt;&gt;</a>&nbsp;&nbsp;&nbsp;VL53L0X_WriteMulti
<LI><a href="#[102]">&gt;&gt;</a>&nbsp;&nbsp;&nbsp;VL53L0X_ReadMulti
</UL>

<P><STRONG><a name="[9a]"></a>MyI2C_ReceiveByte</STRONG> (Thumb, 50 bytes, Stack size 16 bytes, myi2c.o(i.MyI2C_ReceiveByte))
<BR><BR>[Stack]<UL><LI>Max Depth = 24<LI>Call Chain = MyI2C_ReceiveByte &rArr; MyI2C_W_SDA
</UL>
<BR>[Calls]<UL><LI><a href="#[98]">&gt;&gt;</a>&nbsp;&nbsp;&nbsp;MyI2C_W_SDA
<LI><a href="#[99]">&gt;&gt;</a>&nbsp;&nbsp;&nbsp;MyI2C_W_SCL
<LI><a href="#[96]">&gt;&gt;</a>&nbsp;&nbsp;&nbsp;MyI2C_R_SDA
</UL>
<BR>[Called By]<UL><LI><a href="#[102]">&gt;&gt;</a>&nbsp;&nbsp;&nbsp;VL53L0X_ReadMulti
</UL>

<P><STRONG><a name="[9b]"></a>MyI2C_SendAck</STRONG> (Thumb, 24 bytes, Stack size 8 bytes, myi2c.o(i.MyI2C_SendAck))
<BR><BR>[Stack]<UL><LI>Max Depth = 16<LI>Call Chain = MyI2C_SendAck &rArr; MyI2C_W_SDA
</UL>
<BR>[Calls]<UL><LI><a href="#[98]">&gt;&gt;</a>&nbsp;&nbsp;&nbsp;MyI2C_W_SDA
<LI><a href="#[99]">&gt;&gt;</a>&nbsp;&nbsp;&nbsp;MyI2C_W_SCL
</UL>
<BR>[Called By]<UL><LI><a href="#[102]">&gt;&gt;</a>&nbsp;&nbsp;&nbsp;VL53L0X_ReadMulti
</UL>

<P><STRONG><a name="[9c]"></a>MyI2C_SendByte</STRONG> (Thumb, 50 bytes, Stack size 16 bytes, myi2c.o(i.MyI2C_SendByte))
<BR><BR>[Stack]<UL><LI>Max Depth = 24<LI>Call Chain = MyI2C_SendByte &rArr; MyI2C_W_SDA
</UL>
<BR>[Calls]<UL><LI><a href="#[98]">&gt;&gt;</a>&nbsp;&nbsp;&nbsp;MyI2C_W_SDA
<LI><a href="#[99]">&gt;&gt;</a>&nbsp;&nbsp;&nbsp;MyI2C_W_SCL
</UL>
<BR>[Called By]<UL><LI><a href="#[118]">&gt;&gt;</a>&nbsp;&nbsp;&nbsp;VL53L0X_WriteMulti
<LI><a href="#[102]">&gt;&gt;</a>&nbsp;&nbsp;&nbsp;VL53L0X_ReadMulti
</UL>

<P><STRONG><a name="[9d]"></a>MyI2C_Start</STRONG> (Thumb, 28 bytes, Stack size 8 bytes, myi2c.o(i.MyI2C_Start))
<BR><BR>[Stack]<UL><LI>Max Depth = 16<LI>Call Chain = MyI2C_Start &rArr; MyI2C_W_SDA
</UL>
<BR>[Calls]<UL><LI><a href="#[98]">&gt;&gt;</a>&nbsp;&nbsp;&nbsp;MyI2C_W_SDA
<LI><a href="#[99]">&gt;&gt;</a>&nbsp;&nbsp;&nbsp;MyI2C_W_SCL
</UL>
<BR>[Called By]<UL><LI><a href="#[118]">&gt;&gt;</a>&nbsp;&nbsp;&nbsp;VL53L0X_WriteMulti
<LI><a href="#[102]">&gt;&gt;</a>&nbsp;&nbsp;&nbsp;VL53L0X_ReadMulti
</UL>

<P><STRONG><a name="[9e]"></a>MyI2C_Stop</STRONG> (Thumb, 22 bytes, Stack size 8 bytes, myi2c.o(i.MyI2C_Stop))
<BR><BR>[Stack]<UL><LI>Max Depth = 16<LI>Call Chain = MyI2C_Stop &rArr; MyI2C_W_SDA
</UL>
<BR>[Calls]<UL><LI><a href="#[98]">&gt;&gt;</a>&nbsp;&nbsp;&nbsp;MyI2C_W_SDA
<LI><a href="#[99]">&gt;&gt;</a>&nbsp;&nbsp;&nbsp;MyI2C_W_SCL
</UL>
<BR>[Called By]<UL><LI><a href="#[118]">&gt;&gt;</a>&nbsp;&nbsp;&nbsp;VL53L0X_WriteMulti
<LI><a href="#[102]">&gt;&gt;</a>&nbsp;&nbsp;&nbsp;VL53L0X_ReadMulti
</UL>

<P><STRONG><a name="[99]"></a>MyI2C_W_SCL</STRONG> (Thumb, 24 bytes, Stack size 8 bytes, myi2c.o(i.MyI2C_W_SCL))
<BR><BR>[Stack]<UL><LI>Max Depth = 8<LI>Call Chain = MyI2C_W_SCL
</UL>
<BR>[Calls]<UL><LI><a href="#[9f]">&gt;&gt;</a>&nbsp;&nbsp;&nbsp;GPIO_WriteBit
<LI><a href="#[83]">&gt;&gt;</a>&nbsp;&nbsp;&nbsp;Delay_us
</UL>
<BR>[Called By]<UL><LI><a href="#[9e]">&gt;&gt;</a>&nbsp;&nbsp;&nbsp;MyI2C_Stop
<LI><a href="#[9d]">&gt;&gt;</a>&nbsp;&nbsp;&nbsp;MyI2C_Start
<LI><a href="#[9c]">&gt;&gt;</a>&nbsp;&nbsp;&nbsp;MyI2C_SendByte
<LI><a href="#[9b]">&gt;&gt;</a>&nbsp;&nbsp;&nbsp;MyI2C_SendAck
<LI><a href="#[9a]">&gt;&gt;</a>&nbsp;&nbsp;&nbsp;MyI2C_ReceiveByte
<LI><a href="#[97]">&gt;&gt;</a>&nbsp;&nbsp;&nbsp;MyI2C_ReceiveAck
</UL>

<P><STRONG><a name="[98]"></a>MyI2C_W_SDA</STRONG> (Thumb, 24 bytes, Stack size 8 bytes, myi2c.o(i.MyI2C_W_SDA))
<BR><BR>[Stack]<UL><LI>Max Depth = 8<LI>Call Chain = MyI2C_W_SDA
</UL>
<BR>[Calls]<UL><LI><a href="#[9f]">&gt;&gt;</a>&nbsp;&nbsp;&nbsp;GPIO_WriteBit
<LI><a href="#[83]">&gt;&gt;</a>&nbsp;&nbsp;&nbsp;Delay_us
</UL>
<BR>[Called By]<UL><LI><a href="#[9e]">&gt;&gt;</a>&nbsp;&nbsp;&nbsp;MyI2C_Stop
<LI><a href="#[9d]">&gt;&gt;</a>&nbsp;&nbsp;&nbsp;MyI2C_Start
<LI><a href="#[9c]">&gt;&gt;</a>&nbsp;&nbsp;&nbsp;MyI2C_SendByte
<LI><a href="#[9b]">&gt;&gt;</a>&nbsp;&nbsp;&nbsp;MyI2C_SendAck
<LI><a href="#[9a]">&gt;&gt;</a>&nbsp;&nbsp;&nbsp;MyI2C_ReceiveByte
<LI><a href="#[97]">&gt;&gt;</a>&nbsp;&nbsp;&nbsp;MyI2C_ReceiveAck
</UL>

<P><STRONG><a name="[5a]"></a>MyVL53L0X_GetDistance</STRONG> (Thumb, 72 bytes, Stack size 40 bytes, my_vl53l0x.o(i.MyVL53L0X_GetDistance))
<BR><BR>[Stack]<UL><LI>Max Depth = 784<LI>Call Chain = MyVL53L0X_GetDistance &rArr; VL53L0X_GetRangingMeasurementData &rArr; VL53L0X_get_pal_range_status &rArr; VL53L0X_calc_dmax &rArr; VL53L0X_GetDeviceParameters &rArr; VL53L0X_GetMeasurementTimingBudgetMicroSeconds &rArr; VL53L0X_get_measurement_timing_budget_micro_seconds &rArr; get_sequence_step_timeout &rArr; VL53L0X_GetVcselPulsePeriod &rArr; VL53L0X_get_vcsel_pulse_period &rArr; VL53L0X_RdByte &rArr; VL53L0X_ReadMulti &rArr; MyI2C_SendByte &rArr; MyI2C_W_SDA
</UL>
<BR>[Calls]<UL><LI><a href="#[a1]">&gt;&gt;</a>&nbsp;&nbsp;&nbsp;VL53L0X_GetRangingMeasurementData
<LI><a href="#[a0]">&gt;&gt;</a>&nbsp;&nbsp;&nbsp;VL53L0X_GetMeasurementDataReady
<LI><a href="#[a2]">&gt;&gt;</a>&nbsp;&nbsp;&nbsp;VL53L0X_ClearInterruptMask
</UL>
<BR>[Called By]<UL><LI><a href="#[58]">&gt;&gt;</a>&nbsp;&nbsp;&nbsp;App_HandleGesture
</UL>

<P><STRONG><a name="[80]"></a>MyVL53L0X_Init</STRONG> (Thumb, 98 bytes, Stack size 24 bytes, my_vl53l0x.o(i.MyVL53L0X_Init))
<BR><BR>[Stack]<UL><LI>Max Depth = 1136<LI>Call Chain = MyVL53L0X_Init &rArr; VL53L0X_StaticInit &rArr; VL53L0X_perform_ref_spad_management &rArr; perform_ref_signal_measurement &rArr; VL53L0X_PerformSingleRangingMeasurement &rArr; VL53L0X_GetRangingMeasurementData &rArr; VL53L0X_get_pal_range_status &rArr; VL53L0X_calc_dmax &rArr; VL53L0X_GetDeviceParameters &rArr; VL53L0X_GetMeasurementTimingBudgetMicroSeconds &rArr; VL53L0X_get_measurement_timing_budget_micro_seconds &rArr; get_sequence_step_timeout &rArr; VL53L0X_GetVcselPulsePeriod &rArr; VL53L0X_get_vcsel_pulse_period &rArr; VL53L0X_RdByte &rArr; VL53L0X_ReadMulti &rArr; MyI2C_SendByte &rArr; MyI2C_W_SDA
</UL>
<BR>[Calls]<UL><LI><a href="#[a4]">&gt;&gt;</a>&nbsp;&nbsp;&nbsp;VL53L0X_StaticInit
<LI><a href="#[a8]">&gt;&gt;</a>&nbsp;&nbsp;&nbsp;VL53L0X_StartMeasurement
<LI><a href="#[a7]">&gt;&gt;</a>&nbsp;&nbsp;&nbsp;VL53L0X_SetDeviceMode
<LI><a href="#[a6]">&gt;&gt;</a>&nbsp;&nbsp;&nbsp;VL53L0X_PerformRefSpadManagement
<LI><a href="#[a5]">&gt;&gt;</a>&nbsp;&nbsp;&nbsp;VL53L0X_PerformRefCalibration
<LI><a href="#[a3]">&gt;&gt;</a>&nbsp;&nbsp;&nbsp;VL53L0X_DataInit
<LI><a href="#[94]">&gt;&gt;</a>&nbsp;&nbsp;&nbsp;MyI2C_Init
</UL>
<BR>[Called By]<UL><LI><a href="#[78]">&gt;&gt;</a>&nbsp;&nbsp;&nbsp;Board_Init
</UL>

<P><STRONG><a name="[1]"></a>NMI_Handler</STRONG> (Thumb, 2 bytes, Stack size 0 bytes, stm32f10x_it.o(i.NMI_Handler))
<BR>[Address Reference Count : 1]<UL><LI> startup_stm32f10x_md.o(RESET)
</UL>
<P><STRONG><a name="[cf]"></a>NVIC_Init</STRONG> (Thumb, 100 bytes, Stack size 16 bytes, misc.o(i.NVIC_Init))
<BR><BR>[Stack]<UL><LI>Max Depth = 16<LI>Call Chain = NVIC_Init
</UL>
<BR>[Called By]<UL><LI><a href="#[7d]">&gt;&gt;</a>&nbsp;&nbsp;&nbsp;Serial_Init
<LI><a href="#[79]">&gt;&gt;</a>&nbsp;&nbsp;&nbsp;SystemTime_Init
</UL>

<P><STRONG><a name="[ce]"></a>NVIC_PriorityGroupConfig</STRONG> (Thumb, 10 bytes, Stack size 0 bytes, misc.o(i.NVIC_PriorityGroupConfig))
<BR><BR>[Called By]<UL><LI><a href="#[7d]">&gt;&gt;</a>&nbsp;&nbsp;&nbsp;Serial_Init
</UL>

<P><STRONG><a name="[a9]"></a>OLEDGFX_ClearBuffer</STRONG> (Thumb, 18 bytes, Stack size 8 bytes, oled_gfx.o(i.OLEDGFX_ClearBuffer))
<BR><BR>[Stack]<UL><LI>Max Depth = 8<LI>Call Chain = OLEDGFX_ClearBuffer
</UL>
<BR>[Calls]<UL><LI><a href="#[aa]">&gt;&gt;</a>&nbsp;&nbsp;&nbsp;OLEDGFX_MarkAllDirty
<LI><a href="#[3b]">&gt;&gt;</a>&nbsp;&nbsp;&nbsp;__aeabi_memclr
</UL>
<BR>[Called By]<UL><LI><a href="#[7b]">&gt;&gt;</a>&nbsp;&nbsp;&nbsp;OLEDUI_Init
<LI><a href="#[b9]">&gt;&gt;</a>&nbsp;&nbsp;&nbsp;UI_Render
</UL>

<P><STRONG><a name="[ab]"></a>OLEDGFX_DrawCircle</STRONG> (Thumb, 184 bytes, Stack size 32 bytes, oled_gfx.o(i.OLEDGFX_DrawCircle))
<BR><BR>[Stack]<UL><LI>Max Depth = 56<LI>Call Chain = OLEDGFX_DrawCircle &rArr; OLEDGFX_DrawPixel
</UL>
<BR>[Calls]<UL><LI><a href="#[ac]">&gt;&gt;</a>&nbsp;&nbsp;&nbsp;OLEDGFX_DrawPixel
</UL>
<BR>[Called By]<UL><LI><a href="#[e4]">&gt;&gt;</a>&nbsp;&nbsp;&nbsp;UI_DrawModeTag
<LI><a href="#[e5]">&gt;&gt;</a>&nbsp;&nbsp;&nbsp;UI_DrawLight
<LI><a href="#[e2]">&gt;&gt;</a>&nbsp;&nbsp;&nbsp;UI_DrawIdle
<LI><a href="#[e1]">&gt;&gt;</a>&nbsp;&nbsp;&nbsp;UI_DrawGesture
<LI><a href="#[de]">&gt;&gt;</a>&nbsp;&nbsp;&nbsp;UI_DrawDimming
</UL>

<P><STRONG><a name="[ad]"></a>OLEDGFX_DrawHLine</STRONG> (Thumb, 40 bytes, Stack size 24 bytes, oled_gfx.o(i.OLEDGFX_DrawHLine))
<BR><BR>[Stack]<UL><LI>Max Depth = 48<LI>Call Chain = OLEDGFX_DrawHLine &rArr; OLEDGFX_DrawPixel
</UL>
<BR>[Calls]<UL><LI><a href="#[ac]">&gt;&gt;</a>&nbsp;&nbsp;&nbsp;OLEDGFX_DrawPixel
</UL>
<BR>[Called By]<UL><LI><a href="#[e6]">&gt;&gt;</a>&nbsp;&nbsp;&nbsp;UI_DrawMode
<LI><a href="#[e5]">&gt;&gt;</a>&nbsp;&nbsp;&nbsp;UI_DrawLight
<LI><a href="#[e1]">&gt;&gt;</a>&nbsp;&nbsp;&nbsp;UI_DrawGesture
<LI><a href="#[b1]">&gt;&gt;</a>&nbsp;&nbsp;&nbsp;OLEDGFX_FillRect
<LI><a href="#[af]">&gt;&gt;</a>&nbsp;&nbsp;&nbsp;OLEDGFX_DrawRect
</UL>

<P><STRONG><a name="[ac]"></a>OLEDGFX_DrawPixel</STRONG> (Thumb, 88 bytes, Stack size 24 bytes, oled_gfx.o(i.OLEDGFX_DrawPixel))
<BR><BR>[Stack]<UL><LI>Max Depth = 24<LI>Call Chain = OLEDGFX_DrawPixel
</UL>
<BR>[Calls]<UL><LI><a href="#[ae]">&gt;&gt;</a>&nbsp;&nbsp;&nbsp;OLED_MarkPageDirty
</UL>
<BR>[Called By]<UL><LI><a href="#[e0]">&gt;&gt;</a>&nbsp;&nbsp;&nbsp;UI_FillCircle
<LI><a href="#[e3]">&gt;&gt;</a>&nbsp;&nbsp;&nbsp;UI_DrawStar
<LI><a href="#[e2]">&gt;&gt;</a>&nbsp;&nbsp;&nbsp;UI_DrawIdle
<LI><a href="#[b2]">&gt;&gt;</a>&nbsp;&nbsp;&nbsp;OLEDGFX_ShowChar8x16
<LI><a href="#[b0]">&gt;&gt;</a>&nbsp;&nbsp;&nbsp;OLEDGFX_DrawVLine
<LI><a href="#[ad]">&gt;&gt;</a>&nbsp;&nbsp;&nbsp;OLEDGFX_DrawHLine
<LI><a href="#[ab]">&gt;&gt;</a>&nbsp;&nbsp;&nbsp;OLEDGFX_DrawCircle
</UL>

<P><STRONG><a name="[af]"></a>OLEDGFX_DrawRect</STRONG> (Thumb, 84 bytes, Stack size 24 bytes, oled_gfx.o(i.OLEDGFX_DrawRect))
<BR><BR>[Stack]<UL><LI>Max Depth = 72<LI>Call Chain = OLEDGFX_DrawRect &rArr; OLEDGFX_DrawVLine &rArr; OLEDGFX_DrawPixel
</UL>
<BR>[Calls]<UL><LI><a href="#[b0]">&gt;&gt;</a>&nbsp;&nbsp;&nbsp;OLEDGFX_DrawVLine
<LI><a href="#[ad]">&gt;&gt;</a>&nbsp;&nbsp;&nbsp;OLEDGFX_DrawHLine
</UL>
<BR>[Called By]<UL><LI><a href="#[e6]">&gt;&gt;</a>&nbsp;&nbsp;&nbsp;UI_DrawMode
<LI><a href="#[e5]">&gt;&gt;</a>&nbsp;&nbsp;&nbsp;UI_DrawLight
<LI><a href="#[de]">&gt;&gt;</a>&nbsp;&nbsp;&nbsp;UI_DrawDimming
<LI><a href="#[dd]">&gt;&gt;</a>&nbsp;&nbsp;&nbsp;UI_DrawBoot
</UL>

<P><STRONG><a name="[b0]"></a>OLEDGFX_DrawVLine</STRONG> (Thumb, 40 bytes, Stack size 24 bytes, oled_gfx.o(i.OLEDGFX_DrawVLine))
<BR><BR>[Stack]<UL><LI>Max Depth = 48<LI>Call Chain = OLEDGFX_DrawVLine &rArr; OLEDGFX_DrawPixel
</UL>
<BR>[Calls]<UL><LI><a href="#[ac]">&gt;&gt;</a>&nbsp;&nbsp;&nbsp;OLEDGFX_DrawPixel
</UL>
<BR>[Called By]<UL><LI><a href="#[e6]">&gt;&gt;</a>&nbsp;&nbsp;&nbsp;UI_DrawMode
<LI><a href="#[dd]">&gt;&gt;</a>&nbsp;&nbsp;&nbsp;UI_DrawBoot
<LI><a href="#[af]">&gt;&gt;</a>&nbsp;&nbsp;&nbsp;OLEDGFX_DrawRect
</UL>

<P><STRONG><a name="[b1]"></a>OLEDGFX_FillRect</STRONG> (Thumb, 46 bytes, Stack size 32 bytes, oled_gfx.o(i.OLEDGFX_FillRect))
<BR><BR>[Stack]<UL><LI>Max Depth = 80<LI>Call Chain = OLEDGFX_FillRect &rArr; OLEDGFX_DrawHLine &rArr; OLEDGFX_DrawPixel
</UL>
<BR>[Calls]<UL><LI><a href="#[ad]">&gt;&gt;</a>&nbsp;&nbsp;&nbsp;OLEDGFX_DrawHLine
</UL>
<BR>[Called By]<UL><LI><a href="#[e5]">&gt;&gt;</a>&nbsp;&nbsp;&nbsp;UI_DrawLight
<LI><a href="#[e1]">&gt;&gt;</a>&nbsp;&nbsp;&nbsp;UI_DrawGesture
<LI><a href="#[de]">&gt;&gt;</a>&nbsp;&nbsp;&nbsp;UI_DrawDimming
<LI><a href="#[dd]">&gt;&gt;</a>&nbsp;&nbsp;&nbsp;UI_DrawBoot
</UL>

<P><STRONG><a name="[aa]"></a>OLEDGFX_MarkAllDirty</STRONG> (Thumb, 20 bytes, Stack size 0 bytes, oled_gfx.o(i.OLEDGFX_MarkAllDirty))
<BR><BR>[Called By]<UL><LI><a href="#[bb]">&gt;&gt;</a>&nbsp;&nbsp;&nbsp;UI_GotoScene
<LI><a href="#[a9]">&gt;&gt;</a>&nbsp;&nbsp;&nbsp;OLEDGFX_ClearBuffer
</UL>

<P><STRONG><a name="[b2]"></a>OLEDGFX_ShowChar8x16</STRONG> (Thumb, 128 bytes, Stack size 32 bytes, oled_gfx.o(i.OLEDGFX_ShowChar8x16))
<BR><BR>[Stack]<UL><LI>Max Depth = 56<LI>Call Chain = OLEDGFX_ShowChar8x16 &rArr; OLEDGFX_DrawPixel
</UL>
<BR>[Calls]<UL><LI><a href="#[ac]">&gt;&gt;</a>&nbsp;&nbsp;&nbsp;OLEDGFX_DrawPixel
</UL>
<BR>[Called By]<UL><LI><a href="#[b4]">&gt;&gt;</a>&nbsp;&nbsp;&nbsp;OLEDGFX_ShowString8x16
<LI><a href="#[b3]">&gt;&gt;</a>&nbsp;&nbsp;&nbsp;OLEDGFX_ShowNum8x16
</UL>

<P><STRONG><a name="[b3]"></a>OLEDGFX_ShowNum8x16</STRONG> (Thumb, 86 bytes, Stack size 32 bytes, oled_gfx.o(i.OLEDGFX_ShowNum8x16))
<BR><BR>[Stack]<UL><LI>Max Depth = 88<LI>Call Chain = OLEDGFX_ShowNum8x16 &rArr; OLEDGFX_ShowChar8x16 &rArr; OLEDGFX_DrawPixel
</UL>
<BR>[Calls]<UL><LI><a href="#[b2]">&gt;&gt;</a>&nbsp;&nbsp;&nbsp;OLEDGFX_ShowChar8x16
</UL>
<BR>[Called By]<UL><LI><a href="#[de]">&gt;&gt;</a>&nbsp;&nbsp;&nbsp;UI_DrawDimming
</UL>

<P><STRONG><a name="[b4]"></a>OLEDGFX_ShowString8x16</STRONG> (Thumb, 44 bytes, Stack size 16 bytes, oled_gfx.o(i.OLEDGFX_ShowString8x16))
<BR><BR>[Stack]<UL><LI>Max Depth = 72<LI>Call Chain = OLEDGFX_ShowString8x16 &rArr; OLEDGFX_ShowChar8x16 &rArr; OLEDGFX_DrawPixel
</UL>
<BR>[Calls]<UL><LI><a href="#[b2]">&gt;&gt;</a>&nbsp;&nbsp;&nbsp;OLEDGFX_ShowChar8x16
</UL>
<BR>[Called By]<UL><LI><a href="#[e4]">&gt;&gt;</a>&nbsp;&nbsp;&nbsp;UI_DrawModeTag
<LI><a href="#[e6]">&gt;&gt;</a>&nbsp;&nbsp;&nbsp;UI_DrawMode
<LI><a href="#[e1]">&gt;&gt;</a>&nbsp;&nbsp;&nbsp;UI_DrawGesture
<LI><a href="#[de]">&gt;&gt;</a>&nbsp;&nbsp;&nbsp;UI_DrawDimming
<LI><a href="#[dd]">&gt;&gt;</a>&nbsp;&nbsp;&nbsp;UI_DrawBoot
</UL>

<P><STRONG><a name="[b5]"></a>OLEDGFX_UpdateAll</STRONG> (Thumb, 48 bytes, Stack size 8 bytes, oled_gfx.o(i.OLEDGFX_UpdateAll))
<BR><BR>[Stack]<UL><LI>Max Depth = 48<LI>Call Chain = OLEDGFX_UpdateAll &rArr; OLED_SetCursor &rArr; OLED_WriteCommand &rArr; OLED_I2C_SendByte
</UL>
<BR>[Calls]<UL><LI><a href="#[b7]">&gt;&gt;</a>&nbsp;&nbsp;&nbsp;OLED_WriteBuffer
<LI><a href="#[b6]">&gt;&gt;</a>&nbsp;&nbsp;&nbsp;OLED_SetCursor
</UL>
<BR>[Called By]<UL><LI><a href="#[7b]">&gt;&gt;</a>&nbsp;&nbsp;&nbsp;OLEDUI_Init
</UL>

<P><STRONG><a name="[b8]"></a>OLEDGFX_UpdateOnePage</STRONG> (Thumb, 76 bytes, Stack size 16 bytes, oled_gfx.o(i.OLEDGFX_UpdateOnePage))
<BR><BR>[Stack]<UL><LI>Max Depth = 56<LI>Call Chain = OLEDGFX_UpdateOnePage &rArr; OLED_SetCursor &rArr; OLED_WriteCommand &rArr; OLED_I2C_SendByte
</UL>
<BR>[Calls]<UL><LI><a href="#[b7]">&gt;&gt;</a>&nbsp;&nbsp;&nbsp;OLED_WriteBuffer
<LI><a href="#[b6]">&gt;&gt;</a>&nbsp;&nbsp;&nbsp;OLED_SetCursor
</UL>
<BR>[Called By]<UL><LI><a href="#[77]">&gt;&gt;</a>&nbsp;&nbsp;&nbsp;OLEDUI_Task
</UL>

<P><STRONG><a name="[7b]"></a>OLEDUI_Init</STRONG> (Thumb, 46 bytes, Stack size 8 bytes, oled_ui.o(i.OLEDUI_Init))
<BR><BR>[Stack]<UL><LI>Max Depth = 128<LI>Call Chain = OLEDUI_Init &rArr; UI_Render &rArr; UI_DrawLight &rArr; UI_DrawModeTag &rArr; OLEDGFX_ShowString8x16 &rArr; OLEDGFX_ShowChar8x16 &rArr; OLEDGFX_DrawPixel
</UL>
<BR>[Calls]<UL><LI><a href="#[b9]">&gt;&gt;</a>&nbsp;&nbsp;&nbsp;UI_Render
<LI><a href="#[b5]">&gt;&gt;</a>&nbsp;&nbsp;&nbsp;OLEDGFX_UpdateAll
<LI><a href="#[a9]">&gt;&gt;</a>&nbsp;&nbsp;&nbsp;OLEDGFX_ClearBuffer
</UL>
<BR>[Called By]<UL><LI><a href="#[78]">&gt;&gt;</a>&nbsp;&nbsp;&nbsp;Board_Init
</UL>

<P><STRONG><a name="[4f]"></a>OLEDUI_SetBrightness</STRONG> (Thumb, 8 bytes, Stack size 0 bytes, oled_ui.o(i.OLEDUI_SetBrightness))
<BR><BR>[Called By]<UL><LI><a href="#[73]">&gt;&gt;</a>&nbsp;&nbsp;&nbsp;App_SyncStatus
<LI><a href="#[4b]">&gt;&gt;</a>&nbsp;&nbsp;&nbsp;App_AdjustBrightness
</UL>

<P><STRONG><a name="[63]"></a>OLEDUI_SetHuman</STRONG> (Thumb, 14 bytes, Stack size 0 bytes, oled_ui.o(i.OLEDUI_SetHuman))
<BR><BR>[Called By]<UL><LI><a href="#[6c]">&gt;&gt;</a>&nbsp;&nbsp;&nbsp;App_Init
<LI><a href="#[73]">&gt;&gt;</a>&nbsp;&nbsp;&nbsp;App_SyncStatus
<LI><a href="#[67]">&gt;&gt;</a>&nbsp;&nbsp;&nbsp;App_SetMode
<LI><a href="#[61]">&gt;&gt;</a>&nbsp;&nbsp;&nbsp;App_HandleRadar
</UL>

<P><STRONG><a name="[74]"></a>OLEDUI_SetLight</STRONG> (Thumb, 28 bytes, Stack size 16 bytes, oled_ui.o(i.OLEDUI_SetLight))
<BR><BR>[Stack]<UL><LI>Max Depth = 16<LI>Call Chain = OLEDUI_SetLight
</UL>
<BR>[Calls]<UL><LI><a href="#[ba]">&gt;&gt;</a>&nbsp;&nbsp;&nbsp;UI_UpdateHomeScene
</UL>
<BR>[Called By]<UL><LI><a href="#[73]">&gt;&gt;</a>&nbsp;&nbsp;&nbsp;App_SyncStatus
</UL>

<P><STRONG><a name="[6e]"></a>OLEDUI_SetMode</STRONG> (Thumb, 14 bytes, Stack size 0 bytes, oled_ui.o(i.OLEDUI_SetMode))
<BR><BR>[Called By]<UL><LI><a href="#[6c]">&gt;&gt;</a>&nbsp;&nbsp;&nbsp;App_Init
<LI><a href="#[73]">&gt;&gt;</a>&nbsp;&nbsp;&nbsp;App_SyncStatus
<LI><a href="#[67]">&gt;&gt;</a>&nbsp;&nbsp;&nbsp;App_SetMode
</UL>

<P><STRONG><a name="[50]"></a>OLEDUI_ShowDimming</STRONG> (Thumb, 22 bytes, Stack size 8 bytes, oled_ui.o(i.OLEDUI_ShowDimming))
<BR><BR>[Stack]<UL><LI>Max Depth = 24<LI>Call Chain = OLEDUI_ShowDimming &rArr; UI_GotoScene
</UL>
<BR>[Calls]<UL><LI><a href="#[bb]">&gt;&gt;</a>&nbsp;&nbsp;&nbsp;UI_GotoScene
</UL>
<BR>[Called By]<UL><LI><a href="#[4b]">&gt;&gt;</a>&nbsp;&nbsp;&nbsp;App_AdjustBrightness
</UL>

<P><STRONG><a name="[5c]"></a>OLEDUI_ShowGesture</STRONG> (Thumb, 22 bytes, Stack size 8 bytes, oled_ui.o(i.OLEDUI_ShowGesture))
<BR><BR>[Stack]<UL><LI>Max Depth = 24<LI>Call Chain = OLEDUI_ShowGesture &rArr; UI_GotoScene
</UL>
<BR>[Calls]<UL><LI><a href="#[bb]">&gt;&gt;</a>&nbsp;&nbsp;&nbsp;UI_GotoScene
</UL>
<BR>[Called By]<UL><LI><a href="#[58]">&gt;&gt;</a>&nbsp;&nbsp;&nbsp;App_HandleGesture
</UL>

<P><STRONG><a name="[60]"></a>OLEDUI_ShowLightState</STRONG> (Thumb, 26 bytes, Stack size 8 bytes, oled_ui.o(i.OLEDUI_ShowLightState))
<BR><BR>[Stack]<UL><LI>Max Depth = 24<LI>Call Chain = OLEDUI_ShowLightState &rArr; UI_GotoScene
</UL>
<BR>[Calls]<UL><LI><a href="#[ba]">&gt;&gt;</a>&nbsp;&nbsp;&nbsp;UI_UpdateHomeScene
<LI><a href="#[bb]">&gt;&gt;</a>&nbsp;&nbsp;&nbsp;UI_GotoScene
</UL>
<BR>[Called By]<UL><LI><a href="#[65]">&gt;&gt;</a>&nbsp;&nbsp;&nbsp;App_HandleSerial
<LI><a href="#[61]">&gt;&gt;</a>&nbsp;&nbsp;&nbsp;App_HandleRadar
<LI><a href="#[58]">&gt;&gt;</a>&nbsp;&nbsp;&nbsp;App_HandleGesture
</UL>

<P><STRONG><a name="[70]"></a>OLEDUI_ShowMode</STRONG> (Thumb, 34 bytes, Stack size 16 bytes, oled_ui.o(i.OLEDUI_ShowMode))
<BR><BR>[Stack]<UL><LI>Max Depth = 32<LI>Call Chain = OLEDUI_ShowMode &rArr; UI_GotoScene
</UL>
<BR>[Calls]<UL><LI><a href="#[bb]">&gt;&gt;</a>&nbsp;&nbsp;&nbsp;UI_GotoScene
</UL>
<BR>[Called By]<UL><LI><a href="#[6c]">&gt;&gt;</a>&nbsp;&nbsp;&nbsp;App_Init
<LI><a href="#[67]">&gt;&gt;</a>&nbsp;&nbsp;&nbsp;App_SetMode
</UL>

<P><STRONG><a name="[77]"></a>OLEDUI_Task</STRONG> (Thumb, 104 bytes, Stack size 8 bytes, oled_ui.o(i.OLEDUI_Task))
<BR><BR>[Stack]<UL><LI>Max Depth = 128<LI>Call Chain = OLEDUI_Task &rArr; UI_Render &rArr; UI_DrawLight &rArr; UI_DrawModeTag &rArr; OLEDGFX_ShowString8x16 &rArr; OLEDGFX_ShowChar8x16 &rArr; OLEDGFX_DrawPixel
</UL>
<BR>[Calls]<UL><LI><a href="#[ba]">&gt;&gt;</a>&nbsp;&nbsp;&nbsp;UI_UpdateHomeScene
<LI><a href="#[b9]">&gt;&gt;</a>&nbsp;&nbsp;&nbsp;UI_Render
<LI><a href="#[bb]">&gt;&gt;</a>&nbsp;&nbsp;&nbsp;UI_GotoScene
<LI><a href="#[b8]">&gt;&gt;</a>&nbsp;&nbsp;&nbsp;OLEDGFX_UpdateOnePage
</UL>
<BR>[Called By]<UL><LI><a href="#[75]">&gt;&gt;</a>&nbsp;&nbsp;&nbsp;App_Task
</UL>

<P><STRONG><a name="[bc]"></a>OLED_Clear</STRONG> (Thumb, 42 bytes, Stack size 16 bytes, oled.o(i.OLED_Clear))
<BR><BR>[Stack]<UL><LI>Max Depth = 56<LI>Call Chain = OLED_Clear &rArr; OLED_SetCursor &rArr; OLED_WriteCommand &rArr; OLED_I2C_SendByte
</UL>
<BR>[Calls]<UL><LI><a href="#[bd]">&gt;&gt;</a>&nbsp;&nbsp;&nbsp;OLED_WriteData
<LI><a href="#[b6]">&gt;&gt;</a>&nbsp;&nbsp;&nbsp;OLED_SetCursor
</UL>
<BR>[Called By]<UL><LI><a href="#[7a]">&gt;&gt;</a>&nbsp;&nbsp;&nbsp;OLED_Init
</UL>

<P><STRONG><a name="[be]"></a>OLED_I2C_Init</STRONG> (Thumb, 76 bytes, Stack size 8 bytes, oled.o(i.OLED_I2C_Init))
<BR><BR>[Stack]<UL><LI>Max Depth = 32<LI>Call Chain = OLED_I2C_Init &rArr; GPIO_Init
</UL>
<BR>[Calls]<UL><LI><a href="#[9f]">&gt;&gt;</a>&nbsp;&nbsp;&nbsp;GPIO_WriteBit
<LI><a href="#[87]">&gt;&gt;</a>&nbsp;&nbsp;&nbsp;GPIO_Init
<LI><a href="#[86]">&gt;&gt;</a>&nbsp;&nbsp;&nbsp;RCC_APB2PeriphClockCmd
</UL>
<BR>[Called By]<UL><LI><a href="#[7a]">&gt;&gt;</a>&nbsp;&nbsp;&nbsp;OLED_Init
</UL>

<P><STRONG><a name="[bf]"></a>OLED_I2C_SendByte</STRONG> (Thumb, 88 bytes, Stack size 16 bytes, oled.o(i.OLED_I2C_SendByte))
<BR><BR>[Stack]<UL><LI>Max Depth = 16<LI>Call Chain = OLED_I2C_SendByte
</UL>
<BR>[Calls]<UL><LI><a href="#[9f]">&gt;&gt;</a>&nbsp;&nbsp;&nbsp;GPIO_WriteBit
</UL>
<BR>[Called By]<UL><LI><a href="#[b7]">&gt;&gt;</a>&nbsp;&nbsp;&nbsp;OLED_WriteBuffer
<LI><a href="#[bd]">&gt;&gt;</a>&nbsp;&nbsp;&nbsp;OLED_WriteData
<LI><a href="#[c2]">&gt;&gt;</a>&nbsp;&nbsp;&nbsp;OLED_WriteCommand
</UL>

<P><STRONG><a name="[c0]"></a>OLED_I2C_Start</STRONG> (Thumb, 48 bytes, Stack size 8 bytes, oled.o(i.OLED_I2C_Start))
<BR><BR>[Stack]<UL><LI>Max Depth = 8<LI>Call Chain = OLED_I2C_Start
</UL>
<BR>[Calls]<UL><LI><a href="#[9f]">&gt;&gt;</a>&nbsp;&nbsp;&nbsp;GPIO_WriteBit
</UL>
<BR>[Called By]<UL><LI><a href="#[b7]">&gt;&gt;</a>&nbsp;&nbsp;&nbsp;OLED_WriteBuffer
<LI><a href="#[bd]">&gt;&gt;</a>&nbsp;&nbsp;&nbsp;OLED_WriteData
<LI><a href="#[c2]">&gt;&gt;</a>&nbsp;&nbsp;&nbsp;OLED_WriteCommand
</UL>

<P><STRONG><a name="[c1]"></a>OLED_I2C_Stop</STRONG> (Thumb, 36 bytes, Stack size 8 bytes, oled.o(i.OLED_I2C_Stop))
<BR><BR>[Stack]<UL><LI>Max Depth = 8<LI>Call Chain = OLED_I2C_Stop
</UL>
<BR>[Calls]<UL><LI><a href="#[9f]">&gt;&gt;</a>&nbsp;&nbsp;&nbsp;GPIO_WriteBit
</UL>
<BR>[Called By]<UL><LI><a href="#[b7]">&gt;&gt;</a>&nbsp;&nbsp;&nbsp;OLED_WriteBuffer
<LI><a href="#[bd]">&gt;&gt;</a>&nbsp;&nbsp;&nbsp;OLED_WriteData
<LI><a href="#[c2]">&gt;&gt;</a>&nbsp;&nbsp;&nbsp;OLED_WriteCommand
</UL>

<P><STRONG><a name="[7a]"></a>OLED_Init</STRONG> (Thumb, 174 bytes, Stack size 16 bytes, oled.o(i.OLED_Init))
<BR><BR>[Stack]<UL><LI>Max Depth = 72<LI>Call Chain = OLED_Init &rArr; OLED_Clear &rArr; OLED_SetCursor &rArr; OLED_WriteCommand &rArr; OLED_I2C_SendByte
</UL>
<BR>[Calls]<UL><LI><a href="#[c2]">&gt;&gt;</a>&nbsp;&nbsp;&nbsp;OLED_WriteCommand
<LI><a href="#[be]">&gt;&gt;</a>&nbsp;&nbsp;&nbsp;OLED_I2C_Init
<LI><a href="#[bc]">&gt;&gt;</a>&nbsp;&nbsp;&nbsp;OLED_Clear
</UL>
<BR>[Called By]<UL><LI><a href="#[78]">&gt;&gt;</a>&nbsp;&nbsp;&nbsp;Board_Init
</UL>

<P><STRONG><a name="[b6]"></a>OLED_SetCursor</STRONG> (Thumb, 34 bytes, Stack size 16 bytes, oled.o(i.OLED_SetCursor))
<BR><BR>[Stack]<UL><LI>Max Depth = 40<LI>Call Chain = OLED_SetCursor &rArr; OLED_WriteCommand &rArr; OLED_I2C_SendByte
</UL>
<BR>[Calls]<UL><LI><a href="#[c2]">&gt;&gt;</a>&nbsp;&nbsp;&nbsp;OLED_WriteCommand
</UL>
<BR>[Called By]<UL><LI><a href="#[b8]">&gt;&gt;</a>&nbsp;&nbsp;&nbsp;OLEDGFX_UpdateOnePage
<LI><a href="#[b5]">&gt;&gt;</a>&nbsp;&nbsp;&nbsp;OLEDGFX_UpdateAll
<LI><a href="#[bc]">&gt;&gt;</a>&nbsp;&nbsp;&nbsp;OLED_Clear
</UL>

<P><STRONG><a name="[c2]"></a>OLED_WriteCommand</STRONG> (Thumb, 32 bytes, Stack size 8 bytes, oled.o(i.OLED_WriteCommand))
<BR><BR>[Stack]<UL><LI>Max Depth = 24<LI>Call Chain = OLED_WriteCommand &rArr; OLED_I2C_SendByte
</UL>
<BR>[Calls]<UL><LI><a href="#[c1]">&gt;&gt;</a>&nbsp;&nbsp;&nbsp;OLED_I2C_Stop
<LI><a href="#[c0]">&gt;&gt;</a>&nbsp;&nbsp;&nbsp;OLED_I2C_Start
<LI><a href="#[bf]">&gt;&gt;</a>&nbsp;&nbsp;&nbsp;OLED_I2C_SendByte
</UL>
<BR>[Called By]<UL><LI><a href="#[b6]">&gt;&gt;</a>&nbsp;&nbsp;&nbsp;OLED_SetCursor
<LI><a href="#[7a]">&gt;&gt;</a>&nbsp;&nbsp;&nbsp;OLED_Init
</UL>

<P><STRONG><a name="[bd]"></a>OLED_WriteData</STRONG> (Thumb, 32 bytes, Stack size 8 bytes, oled.o(i.OLED_WriteData))
<BR><BR>[Stack]<UL><LI>Max Depth = 24<LI>Call Chain = OLED_WriteData &rArr; OLED_I2C_SendByte
</UL>
<BR>[Calls]<UL><LI><a href="#[c1]">&gt;&gt;</a>&nbsp;&nbsp;&nbsp;OLED_I2C_Stop
<LI><a href="#[c0]">&gt;&gt;</a>&nbsp;&nbsp;&nbsp;OLED_I2C_Start
<LI><a href="#[bf]">&gt;&gt;</a>&nbsp;&nbsp;&nbsp;OLED_I2C_SendByte
</UL>
<BR>[Called By]<UL><LI><a href="#[bc]">&gt;&gt;</a>&nbsp;&nbsp;&nbsp;OLED_Clear
</UL>

<P><STRONG><a name="[93]"></a>PWM_GetTopValue</STRONG> (Thumb, 6 bytes, Stack size 0 bytes, pwm.o(i.PWM_GetTopValue))
<BR><BR>[Called By]<UL><LI><a href="#[90]">&gt;&gt;</a>&nbsp;&nbsp;&nbsp;LED_LevelToPwm
</UL>

<P><STRONG><a name="[92]"></a>PWM_Init</STRONG> (Thumb, 162 bytes, Stack size 40 bytes, pwm.o(i.PWM_Init))
<BR><BR>[Stack]<UL><LI>Max Depth = 64<LI>Call Chain = PWM_Init &rArr; GPIO_Init
</UL>
<BR>[Calls]<UL><LI><a href="#[87]">&gt;&gt;</a>&nbsp;&nbsp;&nbsp;GPIO_Init
<LI><a href="#[86]">&gt;&gt;</a>&nbsp;&nbsp;&nbsp;RCC_APB2PeriphClockCmd
<LI><a href="#[c3]">&gt;&gt;</a>&nbsp;&nbsp;&nbsp;RCC_APB1PeriphClockCmd
<LI><a href="#[c5]">&gt;&gt;</a>&nbsp;&nbsp;&nbsp;TIM_TimeBaseInit
<LI><a href="#[c6]">&gt;&gt;</a>&nbsp;&nbsp;&nbsp;TIM_OCStructInit
<LI><a href="#[c8]">&gt;&gt;</a>&nbsp;&nbsp;&nbsp;TIM_OC3PreloadConfig
<LI><a href="#[c7]">&gt;&gt;</a>&nbsp;&nbsp;&nbsp;TIM_OC3Init
<LI><a href="#[c4]">&gt;&gt;</a>&nbsp;&nbsp;&nbsp;TIM_InternalClockConfig
<LI><a href="#[ca]">&gt;&gt;</a>&nbsp;&nbsp;&nbsp;TIM_Cmd
<LI><a href="#[c9]">&gt;&gt;</a>&nbsp;&nbsp;&nbsp;TIM_ARRPreloadConfig
</UL>
<BR>[Called By]<UL><LI><a href="#[7e]">&gt;&gt;</a>&nbsp;&nbsp;&nbsp;LED_Init
</UL>

<P><STRONG><a name="[91]"></a>PWM_SetCompare3</STRONG> (Thumb, 26 bytes, Stack size 8 bytes, pwm.o(i.PWM_SetCompare3))
<BR><BR>[Stack]<UL><LI>Max Depth = 8<LI>Call Chain = PWM_SetCompare3
</UL>
<BR>[Calls]<UL><LI><a href="#[cb]">&gt;&gt;</a>&nbsp;&nbsp;&nbsp;TIM_SetCompare3
</UL>
<BR>[Called By]<UL><LI><a href="#[8f]">&gt;&gt;</a>&nbsp;&nbsp;&nbsp;LED_ApplyCurrent
</UL>

<P><STRONG><a name="[8]"></a>PendSV_Handler</STRONG> (Thumb, 2 bytes, Stack size 0 bytes, stm32f10x_it.o(i.PendSV_Handler))
<BR>[Address Reference Count : 1]<UL><LI> startup_stm32f10x_md.o(RESET)
</UL>
<P><STRONG><a name="[c3]"></a>RCC_APB1PeriphClockCmd</STRONG> (Thumb, 26 bytes, Stack size 0 bytes, stm32f10x_rcc.o(i.RCC_APB1PeriphClockCmd))
<BR><BR>[Called By]<UL><LI><a href="#[92]">&gt;&gt;</a>&nbsp;&nbsp;&nbsp;PWM_Init
<LI><a href="#[79]">&gt;&gt;</a>&nbsp;&nbsp;&nbsp;SystemTime_Init
</UL>

<P><STRONG><a name="[86]"></a>RCC_APB2PeriphClockCmd</STRONG> (Thumb, 26 bytes, Stack size 0 bytes, stm32f10x_rcc.o(i.RCC_APB2PeriphClockCmd))
<BR><BR>[Called By]<UL><LI><a href="#[94]">&gt;&gt;</a>&nbsp;&nbsp;&nbsp;MyI2C_Init
<LI><a href="#[7f]">&gt;&gt;</a>&nbsp;&nbsp;&nbsp;LD2410B_Init
<LI><a href="#[7d]">&gt;&gt;</a>&nbsp;&nbsp;&nbsp;Serial_Init
<LI><a href="#[be]">&gt;&gt;</a>&nbsp;&nbsp;&nbsp;OLED_I2C_Init
<LI><a href="#[7c]">&gt;&gt;</a>&nbsp;&nbsp;&nbsp;Key_Init
<LI><a href="#[92]">&gt;&gt;</a>&nbsp;&nbsp;&nbsp;PWM_Init
</UL>

<P><STRONG><a name="[ea]"></a>RCC_GetClocksFreq</STRONG> (Thumb, 192 bytes, Stack size 12 bytes, stm32f10x_rcc.o(i.RCC_GetClocksFreq))
<BR><BR>[Stack]<UL><LI>Max Depth = 12<LI>Call Chain = RCC_GetClocksFreq
</UL>
<BR>[Called By]<UL><LI><a href="#[cc]">&gt;&gt;</a>&nbsp;&nbsp;&nbsp;USART_Init
</UL>

<P><STRONG><a name="[6]"></a>SVC_Handler</STRONG> (Thumb, 2 bytes, Stack size 0 bytes, stm32f10x_it.o(i.SVC_Handler))
<BR>[Address Reference Count : 1]<UL><LI> startup_stm32f10x_md.o(RESET)
</UL>
<P><STRONG><a name="[7d]"></a>Serial_Init</STRONG> (Thumb, 174 bytes, Stack size 32 bytes, serial.o(i.Serial_Init))
<BR><BR>[Stack]<UL><LI>Max Depth = 100<LI>Call Chain = Serial_Init &rArr; USART_Init &rArr; RCC_GetClocksFreq
</UL>
<BR>[Calls]<UL><LI><a href="#[ce]">&gt;&gt;</a>&nbsp;&nbsp;&nbsp;NVIC_PriorityGroupConfig
<LI><a href="#[cf]">&gt;&gt;</a>&nbsp;&nbsp;&nbsp;NVIC_Init
<LI><a href="#[87]">&gt;&gt;</a>&nbsp;&nbsp;&nbsp;GPIO_Init
<LI><a href="#[86]">&gt;&gt;</a>&nbsp;&nbsp;&nbsp;RCC_APB2PeriphClockCmd
<LI><a href="#[cc]">&gt;&gt;</a>&nbsp;&nbsp;&nbsp;USART_Init
<LI><a href="#[cd]">&gt;&gt;</a>&nbsp;&nbsp;&nbsp;USART_ITConfig
<LI><a href="#[d0]">&gt;&gt;</a>&nbsp;&nbsp;&nbsp;USART_Cmd
</UL>
<BR>[Called By]<UL><LI><a href="#[78]">&gt;&gt;</a>&nbsp;&nbsp;&nbsp;Board_Init
</UL>

<P><STRONG><a name="[d1]"></a>Serial_SendByte</STRONG> (Thumb, 28 bytes, Stack size 8 bytes, serial.o(i.Serial_SendByte))
<BR><BR>[Stack]<UL><LI>Max Depth = 8<LI>Call Chain = Serial_SendByte
</UL>
<BR>[Calls]<UL><LI><a href="#[d2]">&gt;&gt;</a>&nbsp;&nbsp;&nbsp;USART_SendData
<LI><a href="#[d3]">&gt;&gt;</a>&nbsp;&nbsp;&nbsp;USART_GetFlagStatus
</UL>
<BR>[Called By]<UL><LI><a href="#[38]">&gt;&gt;</a>&nbsp;&nbsp;&nbsp;fputc
<LI><a href="#[5e]">&gt;&gt;</a>&nbsp;&nbsp;&nbsp;Serial_SendString
</UL>

<P><STRONG><a name="[5e]"></a>Serial_SendString</STRONG> (Thumb, 26 bytes, Stack size 16 bytes, serial.o(i.Serial_SendString))
<BR><BR>[Stack]<UL><LI>Max Depth = 24<LI>Call Chain = Serial_SendString &rArr; Serial_SendByte
</UL>
<BR>[Calls]<UL><LI><a href="#[d1]">&gt;&gt;</a>&nbsp;&nbsp;&nbsp;Serial_SendByte
</UL>
<BR>[Called By]<UL><LI><a href="#[71]">&gt;&gt;</a>&nbsp;&nbsp;&nbsp;App_SendModeText
<LI><a href="#[65]">&gt;&gt;</a>&nbsp;&nbsp;&nbsp;App_HandleSerial
<LI><a href="#[58]">&gt;&gt;</a>&nbsp;&nbsp;&nbsp;App_HandleGesture
</UL>

<P><STRONG><a name="[9]"></a>SysTick_Handler</STRONG> (Thumb, 2 bytes, Stack size 0 bytes, stm32f10x_it.o(i.SysTick_Handler))
<BR>[Address Reference Count : 1]<UL><LI> startup_stm32f10x_md.o(RESET)
</UL>
<P><STRONG><a name="[36]"></a>SystemInit</STRONG> (Thumb, 78 bytes, Stack size 8 bytes, system_stm32f10x.o(i.SystemInit))
<BR><BR>[Stack]<UL><LI>Max Depth = 28<LI>Call Chain = SystemInit &rArr; SetSysClock &rArr; SetSysClockTo72
</UL>
<BR>[Calls]<UL><LI><a href="#[d4]">&gt;&gt;</a>&nbsp;&nbsp;&nbsp;SetSysClock
</UL>
<BR>[Address Reference Count : 1]<UL><LI> startup_stm32f10x_md.o(.text)
</UL>
<P><STRONG><a name="[79]"></a>SystemTime_Init</STRONG> (Thumb, 90 bytes, Stack size 24 bytes, systemtime.o(i.SystemTime_Init))
<BR><BR>[Stack]<UL><LI>Max Depth = 40<LI>Call Chain = SystemTime_Init &rArr; NVIC_Init
</UL>
<BR>[Calls]<UL><LI><a href="#[cf]">&gt;&gt;</a>&nbsp;&nbsp;&nbsp;NVIC_Init
<LI><a href="#[c3]">&gt;&gt;</a>&nbsp;&nbsp;&nbsp;RCC_APB1PeriphClockCmd
<LI><a href="#[c5]">&gt;&gt;</a>&nbsp;&nbsp;&nbsp;TIM_TimeBaseInit
<LI><a href="#[d6]">&gt;&gt;</a>&nbsp;&nbsp;&nbsp;TIM_ITConfig
<LI><a href="#[ca]">&gt;&gt;</a>&nbsp;&nbsp;&nbsp;TIM_Cmd
</UL>
<BR>[Called By]<UL><LI><a href="#[78]">&gt;&gt;</a>&nbsp;&nbsp;&nbsp;Board_Init
</UL>

<P><STRONG><a name="[59]"></a>SystemTime_IsDue</STRONG> (Thumb, 28 bytes, Stack size 4 bytes, systemtime.o(i.SystemTime_IsDue))
<BR><BR>[Stack]<UL><LI>Max Depth = 4<LI>Call Chain = SystemTime_IsDue
</UL>
<BR>[Calls]<UL><LI><a href="#[6f]">&gt;&gt;</a>&nbsp;&nbsp;&nbsp;SystemTime_Millis
</UL>
<BR>[Called By]<UL><LI><a href="#[73]">&gt;&gt;</a>&nbsp;&nbsp;&nbsp;App_SyncStatus
<LI><a href="#[72]">&gt;&gt;</a>&nbsp;&nbsp;&nbsp;App_SyncPanel
<LI><a href="#[61]">&gt;&gt;</a>&nbsp;&nbsp;&nbsp;App_HandleRadar
<LI><a href="#[58]">&gt;&gt;</a>&nbsp;&nbsp;&nbsp;App_HandleGesture
</UL>

<P><STRONG><a name="[6f]"></a>SystemTime_Millis</STRONG> (Thumb, 6 bytes, Stack size 0 bytes, systemtime.o(i.SystemTime_Millis))
<BR><BR>[Called By]<UL><LI><a href="#[59]">&gt;&gt;</a>&nbsp;&nbsp;&nbsp;SystemTime_IsDue
<LI><a href="#[75]">&gt;&gt;</a>&nbsp;&nbsp;&nbsp;App_Task
<LI><a href="#[6c]">&gt;&gt;</a>&nbsp;&nbsp;&nbsp;App_Init
</UL>

<P><STRONG><a name="[28]"></a>TIM4_IRQHandler</STRONG> (Thumb, 34 bytes, Stack size 8 bytes, systemtime.o(i.TIM4_IRQHandler))
<BR><BR>[Stack]<UL><LI>Max Depth = 20<LI>Call Chain = TIM4_IRQHandler &rArr; TIM_GetITStatus
</UL>
<BR>[Calls]<UL><LI><a href="#[d7]">&gt;&gt;</a>&nbsp;&nbsp;&nbsp;TIM_GetITStatus
<LI><a href="#[d8]">&gt;&gt;</a>&nbsp;&nbsp;&nbsp;TIM_ClearITPendingBit
</UL>
<BR>[Address Reference Count : 1]<UL><LI> startup_stm32f10x_md.o(RESET)
</UL>
<P><STRONG><a name="[c9]"></a>TIM_ARRPreloadConfig</STRONG> (Thumb, 24 bytes, Stack size 0 bytes, stm32f10x_tim.o(i.TIM_ARRPreloadConfig))
<BR><BR>[Called By]<UL><LI><a href="#[92]">&gt;&gt;</a>&nbsp;&nbsp;&nbsp;PWM_Init
</UL>

<P><STRONG><a name="[d8]"></a>TIM_ClearITPendingBit</STRONG> (Thumb, 6 bytes, Stack size 0 bytes, stm32f10x_tim.o(i.TIM_ClearITPendingBit))
<BR><BR>[Called By]<UL><LI><a href="#[28]">&gt;&gt;</a>&nbsp;&nbsp;&nbsp;TIM4_IRQHandler
</UL>

<P><STRONG><a name="[ca]"></a>TIM_Cmd</STRONG> (Thumb, 24 bytes, Stack size 0 bytes, stm32f10x_tim.o(i.TIM_Cmd))
<BR><BR>[Called By]<UL><LI><a href="#[92]">&gt;&gt;</a>&nbsp;&nbsp;&nbsp;PWM_Init
<LI><a href="#[79]">&gt;&gt;</a>&nbsp;&nbsp;&nbsp;SystemTime_Init
</UL>

<P><STRONG><a name="[d7]"></a>TIM_GetITStatus</STRONG> (Thumb, 34 bytes, Stack size 12 bytes, stm32f10x_tim.o(i.TIM_GetITStatus))
<BR><BR>[Stack]<UL><LI>Max Depth = 12<LI>Call Chain = TIM_GetITStatus
</UL>
<BR>[Called By]<UL><LI><a href="#[28]">&gt;&gt;</a>&nbsp;&nbsp;&nbsp;TIM4_IRQHandler
</UL>

<P><STRONG><a name="[d6]"></a>TIM_ITConfig</STRONG> (Thumb, 18 bytes, Stack size 0 bytes, stm32f10x_tim.o(i.TIM_ITConfig))
<BR><BR>[Called By]<UL><LI><a href="#[79]">&gt;&gt;</a>&nbsp;&nbsp;&nbsp;SystemTime_Init
</UL>

<P><STRONG><a name="[c4]"></a>TIM_InternalClockConfig</STRONG> (Thumb, 12 bytes, Stack size 0 bytes, stm32f10x_tim.o(i.TIM_InternalClockConfig))
<BR><BR>[Called By]<UL><LI><a href="#[92]">&gt;&gt;</a>&nbsp;&nbsp;&nbsp;PWM_Init
</UL>

<P><STRONG><a name="[c7]"></a>TIM_OC3Init</STRONG> (Thumb, 150 bytes, Stack size 16 bytes, stm32f10x_tim.o(i.TIM_OC3Init))
<BR><BR>[Stack]<UL><LI>Max Depth = 16<LI>Call Chain = TIM_OC3Init
</UL>
<BR>[Called By]<UL><LI><a href="#[92]">&gt;&gt;</a>&nbsp;&nbsp;&nbsp;PWM_Init
</UL>

<P><STRONG><a name="[c8]"></a>TIM_OC3PreloadConfig</STRONG> (Thumb, 18 bytes, Stack size 0 bytes, stm32f10x_tim.o(i.TIM_OC3PreloadConfig))
<BR><BR>[Called By]<UL><LI><a href="#[92]">&gt;&gt;</a>&nbsp;&nbsp;&nbsp;PWM_Init
</UL>

<P><STRONG><a name="[c6]"></a>TIM_OCStructInit</STRONG> (Thumb, 20 bytes, Stack size 0 bytes, stm32f10x_tim.o(i.TIM_OCStructInit))
<BR><BR>[Called By]<UL><LI><a href="#[92]">&gt;&gt;</a>&nbsp;&nbsp;&nbsp;PWM_Init
</UL>

<P><STRONG><a name="[cb]"></a>TIM_SetCompare3</STRONG> (Thumb, 4 bytes, Stack size 0 bytes, stm32f10x_tim.o(i.TIM_SetCompare3))
<BR><BR>[Called By]<UL><LI><a href="#[91]">&gt;&gt;</a>&nbsp;&nbsp;&nbsp;PWM_SetCompare3
</UL>

<P><STRONG><a name="[c5]"></a>TIM_TimeBaseInit</STRONG> (Thumb, 122 bytes, Stack size 0 bytes, stm32f10x_tim.o(i.TIM_TimeBaseInit))
<BR><BR>[Called By]<UL><LI><a href="#[92]">&gt;&gt;</a>&nbsp;&nbsp;&nbsp;PWM_Init
<LI><a href="#[79]">&gt;&gt;</a>&nbsp;&nbsp;&nbsp;SystemTime_Init
</UL>

<P><STRONG><a name="[81]"></a>Touch_Init</STRONG> (Thumb, 36 bytes, Stack size 8 bytes, touch.o(i.Touch_Init))
<BR><BR>[Stack]<UL><LI>Max Depth = 24<LI>Call Chain = Touch_Init &rArr; TouchKey_InitState
</UL>
<BR>[Calls]<UL><LI><a href="#[d9]">&gt;&gt;</a>&nbsp;&nbsp;&nbsp;TouchKey_InitState
</UL>
<BR>[Called By]<UL><LI><a href="#[78]">&gt;&gt;</a>&nbsp;&nbsp;&nbsp;Board_Init
</UL>

<P><STRONG><a name="[6b]"></a>Touch_TakeEvent</STRONG> (Thumb, 12 bytes, Stack size 0 bytes, touch.o(i.Touch_TakeEvent))
<BR><BR>[Called By]<UL><LI><a href="#[69]">&gt;&gt;</a>&nbsp;&nbsp;&nbsp;App_HandleTouch
</UL>

<P><STRONG><a name="[6a]"></a>Touch_Task</STRONG> (Thumb, 174 bytes, Stack size 8 bytes, touch.o(i.Touch_Task))
<BR><BR>[Stack]<UL><LI>Max Depth = 24<LI>Call Chain = Touch_Task &rArr; TouchKey_Update
</UL>
<BR>[Calls]<UL><LI><a href="#[dc]">&gt;&gt;</a>&nbsp;&nbsp;&nbsp;Touch_Emit
<LI><a href="#[da]">&gt;&gt;</a>&nbsp;&nbsp;&nbsp;TouchKey_Update
<LI><a href="#[db]">&gt;&gt;</a>&nbsp;&nbsp;&nbsp;TouchKey_TakePress
</UL>
<BR>[Called By]<UL><LI><a href="#[69]">&gt;&gt;</a>&nbsp;&nbsp;&nbsp;App_HandleTouch
</UL>

<P><STRONG><a name="[2f]"></a>USART1_IRQHandler</STRONG> (Thumb, 142 bytes, Stack size 8 bytes, serial.o(i.USART1_IRQHandler))
<BR><BR>[Stack]<UL><LI>Max Depth = 24<LI>Call Chain = USART1_IRQHandler &rArr; USART_GetITStatus
</UL>
<BR>[Calls]<UL><LI><a href="#[e8]">&gt;&gt;</a>&nbsp;&nbsp;&nbsp;USART_ReceiveData
<LI><a href="#[e7]">&gt;&gt;</a>&nbsp;&nbsp;&nbsp;USART_GetITStatus
<LI><a href="#[e9]">&gt;&gt;</a>&nbsp;&nbsp;&nbsp;USART_ClearITPendingBit
</UL>
<BR>[Address Reference Count : 1]<UL><LI> startup_stm32f10x_md.o(RESET)
</UL>
<P><STRONG><a name="[e9]"></a>USART_ClearITPendingBit</STRONG> (Thumb, 30 bytes, Stack size 8 bytes, stm32f10x_usart.o(i.USART_ClearITPendingBit))
<BR><BR>[Stack]<UL><LI>Max Depth = 8<LI>Call Chain = USART_ClearITPendingBit
</UL>
<BR>[Called By]<UL><LI><a href="#[2f]">&gt;&gt;</a>&nbsp;&nbsp;&nbsp;USART1_IRQHandler
</UL>

<P><STRONG><a name="[d0]"></a>USART_Cmd</STRONG> (Thumb, 24 bytes, Stack size 0 bytes, stm32f10x_usart.o(i.USART_Cmd))
<BR><BR>[Called By]<UL><LI><a href="#[7d]">&gt;&gt;</a>&nbsp;&nbsp;&nbsp;Serial_Init
</UL>

<P><STRONG><a name="[d3]"></a>USART_GetFlagStatus</STRONG> (Thumb, 26 bytes, Stack size 0 bytes, stm32f10x_usart.o(i.USART_GetFlagStatus))
<BR><BR>[Called By]<UL><LI><a href="#[d1]">&gt;&gt;</a>&nbsp;&nbsp;&nbsp;Serial_SendByte
</UL>

<P><STRONG><a name="[e7]"></a>USART_GetITStatus</STRONG> (Thumb, 84 bytes, Stack size 16 bytes, stm32f10x_usart.o(i.USART_GetITStatus))
<BR><BR>[Stack]<UL><LI>Max Depth = 16<LI>Call Chain = USART_GetITStatus
</UL>
<BR>[Called By]<UL><LI><a href="#[2f]">&gt;&gt;</a>&nbsp;&nbsp;&nbsp;USART1_IRQHandler
</UL>

<P><STRONG><a name="[cd]"></a>USART_ITConfig</STRONG> (Thumb, 74 bytes, Stack size 20 bytes, stm32f10x_usart.o(i.USART_ITConfig))
<BR><BR>[Stack]<UL><LI>Max Depth = 20<LI>Call Chain = USART_ITConfig
</UL>
<BR>[Called By]<UL><LI><a href="#[7d]">&gt;&gt;</a>&nbsp;&nbsp;&nbsp;Serial_Init
</UL>

<P><STRONG><a name="[cc]"></a>USART_Init</STRONG> (Thumb, 210 bytes, Stack size 56 bytes, stm32f10x_usart.o(i.USART_Init))
<BR><BR>[Stack]<UL><LI>Max Depth = 68<LI>Call Chain = USART_Init &rArr; RCC_GetClocksFreq
</UL>
<BR>[Calls]<UL><LI><a href="#[ea]">&gt;&gt;</a>&nbsp;&nbsp;&nbsp;RCC_GetClocksFreq
</UL>
<BR>[Called By]<UL><LI><a href="#[7d]">&gt;&gt;</a>&nbsp;&nbsp;&nbsp;Serial_Init
</UL>

<P><STRONG><a name="[e8]"></a>USART_ReceiveData</STRONG> (Thumb, 10 bytes, Stack size 0 bytes, stm32f10x_usart.o(i.USART_ReceiveData))
<BR><BR>[Called By]<UL><LI><a href="#[2f]">&gt;&gt;</a>&nbsp;&nbsp;&nbsp;USART1_IRQHandler
</UL>

<P><STRONG><a name="[d2]"></a>USART_SendData</STRONG> (Thumb, 8 bytes, Stack size 0 bytes, stm32f10x_usart.o(i.USART_SendData))
<BR><BR>[Called By]<UL><LI><a href="#[d1]">&gt;&gt;</a>&nbsp;&nbsp;&nbsp;Serial_SendByte
</UL>

<P><STRONG><a name="[5]"></a>UsageFault_Handler</STRONG> (Thumb, 4 bytes, Stack size 0 bytes, stm32f10x_it.o(i.UsageFault_Handler))
<BR>[Address Reference Count : 1]<UL><LI> startup_stm32f10x_md.o(RESET)
[...]
<LI><a href="#[ab]">&gt;&gt;</a>&nbsp;&nbsp;&nbsp;OLEDGFX_DrawCircle
</UL>
<BR>[Called By]<UL><LI><a href="#[b9]">&gt;&gt;</a>&nbsp;&nbsp;&nbsp;UI_Render
</UL>

<P><STRONG><a name="[e5]"></a>UI_DrawLight</STRONG> (Thumb, 230 bytes, Stack size 32 bytes, oled_ui.o(i.UI_DrawLight))
<BR><BR>[Stack]<UL><LI>Max Depth = 112<LI>Call Chain = UI_DrawLight &rArr; UI_DrawModeTag &rArr; OLEDGFX_ShowString8x16 &rArr; OLEDGFX_ShowChar8x16 &rArr; OLEDGFX_DrawPixel
</UL>
<BR>[Calls]<UL><LI><a href="#[df]">&gt;&gt;</a>&nbsp;&nbsp;&nbsp;UI_Triangle
<LI><a href="#[e4]">&gt;&gt;</a>&nbsp;&nbsp;&nbsp;UI_DrawModeTag
<LI><a href="#[b1]">&gt;&gt;</a>&nbsp;&nbsp;&nbsp;OLEDGFX_FillRect
<LI><a href="#[af]">&gt;&gt;</a>&nbsp;&nbsp;&nbsp;OLEDGFX_DrawRect
<LI><a href="#[ad]">&gt;&gt;</a>&nbsp;&nbsp;&nbsp;OLEDGFX_DrawHLine
<LI><a href="#[ab]">&gt;&gt;</a>&nbsp;&nbsp;&nbsp;OLEDGFX_DrawCircle
</UL>
<BR>[Called By]<UL><LI><a href="#[b9]">&gt;&gt;</a>&nbsp;&nbsp;&nbsp;UI_Render
</UL>

<P><STRONG><a name="[e6]"></a>UI_DrawMode</STRONG> (Thumb, 164 bytes, Stack size 24 bytes, oled_ui.o(i.UI_DrawMode))
<BR><BR>[Stack]<UL><LI>Max Depth = 96<LI>Call Chain = UI_DrawMode &rArr; OLEDGFX_ShowString8x16 &rArr; OLEDGFX_ShowChar8x16 &rArr; OLEDGFX_DrawPixel
</UL>
<BR>[Calls]<UL><LI><a href="#[df]">&gt;&gt;</a>&nbsp;&nbsp;&nbsp;UI_Triangle
<LI><a href="#[b4]">&gt;&gt;</a>&nbsp;&nbsp;&nbsp;OLEDGFX_ShowString8x16
<LI><a href="#[b0]">&gt;&gt;</a>&nbsp;&nbsp;&nbsp;OLEDGFX_DrawVLine
<LI><a href="#[af]">&gt;&gt;</a>&nbsp;&nbsp;&nbsp;OLEDGFX_DrawRect
<LI><a href="#[ad]">&gt;&gt;</a>&nbsp;&nbsp;&nbsp;OLEDGFX_DrawHLine
</UL>
<BR>[Called By]<UL><LI><a href="#[b9]">&gt;&gt;</a>&nbsp;&nbsp;&nbsp;UI_Render
</UL>

<P><STRONG><a name="[e4]"></a>UI_DrawModeTag</STRONG> (Thumb, 94 bytes, Stack size 8 bytes, oled_ui.o(i.UI_DrawModeTag))
<BR><BR>[Stack]<UL><LI>Max Depth = 80<LI>Call Chain = UI_DrawModeTag &rArr; OLEDGFX_ShowString8x16 &rArr; OLEDGFX_ShowChar8x16 &rArr; OLEDGFX_DrawPixel
</UL>
<BR>[Calls]<UL><LI><a href="#[e0]">&gt;&gt;</a>&nbsp;&nbsp;&nbsp;UI_FillCircle
<LI><a href="#[b4]">&gt;&gt;</a>&nbsp;&nbsp;&nbsp;OLEDGFX_ShowString8x16
<LI><a href="#[ab]">&gt;&gt;</a>&nbsp;&nbsp;&nbsp;OLEDGFX_DrawCircle
</UL>
<BR>[Called By]<UL><LI><a href="#[e5]">&gt;&gt;</a>&nbsp;&nbsp;&nbsp;UI_DrawLight
<LI><a href="#[e2]">&gt;&gt;</a>&nbsp;&nbsp;&nbsp;UI_DrawIdle
</UL>

<P><STRONG><a name="[e3]"></a>UI_DrawStar</STRONG> (Thumb, 66 bytes, Stack size 16 bytes, oled_ui.o(i.UI_DrawStar))
<BR><BR>[Stack]<UL><LI>Max Depth = 40<LI>Call Chain = UI_DrawStar &rArr; OLEDGFX_DrawPixel
</UL>
<BR>[Calls]<UL><LI><a href="#[ac]">&gt;&gt;</a>&nbsp;&nbsp;&nbsp;OLEDGFX_DrawPixel
</UL>
<BR>[Called By]<UL><LI><a href="#[e2]">&gt;&gt;</a>&nbsp;&nbsp;&nbsp;UI_DrawIdle
</UL>

<P><STRONG><a name="[e0]"></a>UI_FillCircle</STRONG> (Thumb, 76 bytes, Stack size 32 bytes, oled_ui.o(i.UI_FillCircle))
<BR><BR>[Stack]<UL><LI>Max Depth = 56<LI>Call Chain = UI_FillCircle &rArr; OLEDGFX_DrawPixel
</UL>
<BR>[Calls]<UL><LI><a href="#[ac]">&gt;&gt;</a>&nbsp;&nbsp;&nbsp;OLEDGFX_DrawPixel
</UL>
<BR>[Called By]<UL><LI><a href="#[e4]">&gt;&gt;</a>&nbsp;&nbsp;&nbsp;UI_DrawModeTag
<LI><a href="#[e2]">&gt;&gt;</a>&nbsp;&nbsp;&nbsp;UI_DrawIdle
<LI><a href="#[de]">&gt;&gt;</a>&nbsp;&nbsp;&nbsp;UI_DrawDimming
</UL>

<P><STRONG><a name="[bb]"></a>UI_GotoScene</STRONG> (Thumb, 34 bytes, Stack size 16 bytes, oled_ui.o(i.UI_GotoScene))
<BR><BR>[Stack]<UL><LI>Max Depth = 16<LI>Call Chain = UI_GotoScene
</UL>
<BR>[Calls]<UL><LI><a href="#[aa]">&gt;&gt;</a>&nbsp;&nbsp;&nbsp;OLEDGFX_MarkAllDirty
</UL>
<BR>[Called By]<UL><LI><a href="#[77]">&gt;&gt;</a>&nbsp;&nbsp;&nbsp;OLEDUI_Task
<LI><a href="#[70]">&gt;&gt;</a>&nbsp;&nbsp;&nbsp;OLEDUI_ShowMode
<LI><a href="#[60]">&gt;&gt;</a>&nbsp;&nbsp;&nbsp;OLEDUI_ShowLightState
<LI><a href="#[5c]">&gt;&gt;</a>&nbsp;&nbsp;&nbsp;OLEDUI_ShowGesture
<LI><a href="#[50]">&gt;&gt;</a>&nbsp;&nbsp;&nbsp;OLEDUI_ShowDimming
</UL>

<P><STRONG><a name="[b9]"></a>UI_Render</STRONG> (Thumb, 98 bytes, Stack size 8 bytes, oled_ui.o(i.UI_Render))
<BR><BR>[Stack]<UL><LI>Max Depth = 120<LI>Call Chain = UI_Render &rArr; UI_DrawLight &rArr; UI_DrawModeTag &rArr; OLEDGFX_ShowString8x16 &rArr; OLEDGFX_ShowChar8x16 &rArr; OLEDGFX_DrawPixel
</UL>
<BR>[Calls]<UL><LI><a href="#[e6]">&gt;&gt;</a>&nbsp;&nbsp;&nbsp;UI_DrawMode
<LI><a href="#[e5]">&gt;&gt;</a>&nbsp;&nbsp;&nbsp;UI_DrawLight
<LI><a href="#[e2]">&gt;&gt;</a>&nbsp;&nbsp;&nbsp;UI_DrawIdle
<LI><a href="#[e1]">&gt;&gt;</a>&nbsp;&nbsp;&nbsp;UI_DrawGesture
<LI><a href="#[de]">&gt;&gt;</a>&nbsp;&nbsp;&nbsp;UI_DrawDimming
<LI><a href="#[dd]">&gt;&gt;</a>&nbsp;&nbsp;&nbsp;UI_DrawBoot
<LI><a href="#[a9]">&gt;&gt;</a>&nbsp;&nbsp;&nbsp;OLEDGFX_ClearBuffer
</UL>
<BR>[Called By]<UL><LI><a href="#[77]">&gt;&gt;</a>&nbsp;&nbsp;&nbsp;OLEDUI_Task
<LI><a href="#[7b]">&gt;&gt;</a>&nbsp;&nbsp;&nbsp;OLEDUI_Init
</UL>

<P><STRONG><a name="[df]"></a>UI_Triangle</STRONG> (Thumb, 28 bytes, Stack size 8 bytes, oled_ui.o(i.UI_Triangle))
<BR><BR>[Stack]<UL><LI>Max Depth = 8<LI>Call Chain = UI_Triangle
</UL>
<BR>[Called By]<UL><LI><a href="#[e6]">&gt;&gt;</a>&nbsp;&nbsp;&nbsp;UI_DrawMode
<LI><a href="#[e5]">&gt;&gt;</a>&nbsp;&nbsp;&nbsp;UI_DrawLight
<LI><a href="#[e2]">&gt;&gt;</a>&nbsp;&nbsp;&nbsp;UI_DrawIdle
<LI><a href="#[de]">&gt;&gt;</a>&nbsp;&nbsp;&nbsp;UI_DrawDimming
</UL>

<P><STRONG><a name="[ba]"></a>UI_UpdateHomeScene</STRONG> (Thumb, 22 bytes, Stack size 0 bytes, oled_ui.o(i.UI_UpdateHomeScene))
<BR><BR>[Called By]<UL><LI><a href="#[77]">&gt;&gt;</a>&nbsp;&nbsp;&nbsp;OLEDUI_Task
<LI><a href="#[60]">&gt;&gt;</a>&nbsp;&nbsp;&nbsp;OLEDUI_ShowLightState
<LI><a href="#[74]">&gt;&gt;</a>&nbsp;&nbsp;&nbsp;OLEDUI_SetLight
</UL>

<P><STRONG><a name="[85]"></a>Gesture_Filter</STRONG> (Thumb, 52 bytes, Stack size 0 bytes, gesture_tof.o(i.Gesture_Filter))
<BR><BR>[Called By]<UL><LI><a href="#[5b]">&gt;&gt;</a>&nbsp;&nbsp;&nbsp;Gesture_Update
</UL>

<P><STRONG><a name="[84]"></a>Gesture_IsValid</STRONG> (Thumb, 20 bytes, Stack size 0 bytes, gesture_tof.o(i.Gesture_IsValid))
<BR><BR>[Called By]<UL><LI><a href="#[5b]">&gt;&gt;</a>&nbsp;&nbsp;&nbsp;Gesture_Update
</UL>

<P><STRONG><a name="[4b]"></a>App_AdjustBrightness</STRONG> (Thumb, 82 bytes, Stack size 24 bytes, app.o(i.App_AdjustBrightness))
<BR><BR>[Stack]<UL><LI>Max Depth = 48<LI>Call Chain = App_AdjustBrightness &rArr; OLEDUI_ShowDimming &rArr; UI_GotoScene
</UL>
<BR>[Calls]<UL><LI><a href="#[50]">&gt;&gt;</a>&nbsp;&nbsp;&nbsp;OLEDUI_ShowDimming
<LI><a href="#[4f]">&gt;&gt;</a>&nbsp;&nbsp;&nbsp;OLEDUI_SetBrightness
<LI><a href="#[52]">&gt;&gt;</a>&nbsp;&nbsp;&nbsp;LED1_ON
<LI><a href="#[51]">&gt;&gt;</a>&nbsp;&nbsp;&nbsp;LED1_IsOn
<LI><a href="#[4e]">&gt;&gt;</a>&nbsp;&nbsp;&nbsp;LED1_GetBrightness
<LI><a href="#[53]">&gt;&gt;</a>&nbsp;&nbsp;&nbsp;LED1_AddTarget
<LI><a href="#[4c]">&gt;&gt;</a>&nbsp;&nbsp;&nbsp;LED1_AddMemory
<LI><a href="#[4d]">&gt;&gt;</a>&nbsp;&nbsp;&nbsp;Get_Brightness_Set
</UL>
<BR>[Called By]<UL><LI><a href="#[69]">&gt;&gt;</a>&nbsp;&nbsp;&nbsp;App_HandleTouch
<LI><a href="#[65]">&gt;&gt;</a>&nbsp;&nbsp;&nbsp;App_HandleSerial
<LI><a href="#[58]">&gt;&gt;</a>&nbsp;&nbsp;&nbsp;App_HandleGesture
<LI><a href="#[56]">&gt;&gt;</a>&nbsp;&nbsp;&nbsp;App_GestureDimming
</UL>

<P><STRONG><a name="[54]"></a>App_ApplyAutoLight</STRONG> (Thumb, 32 bytes, Stack size 8 bytes, app.o(i.App_ApplyAutoLight))
<BR><BR>[Stack]<UL><LI>Max Depth = 8<LI>Call Chain = App_ApplyAutoLight
</UL>
<BR>[Calls]<UL><LI><a href="#[52]">&gt;&gt;</a>&nbsp;&nbsp;&nbsp;LED1_ON
<LI><a href="#[55]">&gt;&gt;</a>&nbsp;&nbsp;&nbsp;LED1_OFF
</UL>
<BR>[Called By]<UL><LI><a href="#[67]">&gt;&gt;</a>&nbsp;&nbsp;&nbsp;App_SetMode
<LI><a href="#[61]">&gt;&gt;</a>&nbsp;&nbsp;&nbsp;App_HandleRadar
</UL>

<P><STRONG><a name="[56]"></a>App_GestureDimming</STRONG> (Thumb, 116 bytes, Stack size 16 bytes, app.o(i.App_GestureDimming))
<BR><BR>[Stack]<UL><LI>Max Depth = 64<LI>Call Chain = App_GestureDimming &rArr; App_AdjustBrightness &rArr; OLEDUI_ShowDimming &rArr; UI_GotoScene
</UL>
<BR>[Calls]<UL><LI><a href="#[57]">&gt;&gt;</a>&nbsp;&nbsp;&nbsp;LED1_GetTarget
<LI><a href="#[4d]">&gt;&gt;</a>&nbsp;&nbsp;&nbsp;Get_Brightness_Set
<LI><a href="#[4b]">&gt;&gt;</a>&nbsp;&nbsp;&nbsp;App_AdjustBrightness
</UL>
<BR>[Called By]<UL><LI><a href="#[58]">&gt;&gt;</a>&nbsp;&nbsp;&nbsp;App_HandleGesture
</UL>

<P><STRONG><a name="[58]"></a>App_HandleGesture</STRONG> (Thumb, 172 bytes, Stack size 16 bytes, app.o(i.App_HandleGesture))
<BR><BR>[Stack]<UL><LI>Max Depth = 800<LI>Call Chain = App_HandleGesture &rArr; MyVL53L0X_GetDistance &rArr; VL53L0X_GetRangingMeasurementData &rArr; VL53L0X_get_pal_range_status &rArr; VL53L0X_calc_dmax &rArr; VL53L0X_GetDeviceParameters &rArr; VL53L0X_GetMeasurementTimingBudgetMicroSeconds &rArr; VL53L0X_get_measurement_timing_budget_micro_seconds &rArr; get_sequence_step_timeout &rArr; VL53L0X_GetVcselPulsePeriod &rArr; VL53L0X_get_vcsel_pulse_period &rArr; VL53L0X_RdByte &rArr; VL53L0X_ReadMulti &rArr; MyI2C_SendByte &rArr; MyI2C_W_SDA
</UL>
<BR>[Calls]<UL><LI><a href="#[60]">&gt;&gt;</a>&nbsp;&nbsp;&nbsp;OLEDUI_ShowLightState
<LI><a href="#[5c]">&gt;&gt;</a>&nbsp;&nbsp;&nbsp;OLEDUI_ShowGesture
<LI><a href="#[5a]">&gt;&gt;</a>&nbsp;&nbsp;&nbsp;MyVL53L0X_GetDistance
<LI><a href="#[5e]">&gt;&gt;</a>&nbsp;&nbsp;&nbsp;Serial_SendString
<LI><a href="#[5d]">&gt;&gt;</a>&nbsp;&nbsp;&nbsp;LED1_Turn
<LI><a href="#[5f]">&gt;&gt;</a>&nbsp;&nbsp;&nbsp;LED1_AckFlash
<LI><a href="#[59]">&gt;&gt;</a>&nbsp;&nbsp;&nbsp;SystemTime_IsDue
<LI><a href="#[56]">&gt;&gt;</a>&nbsp;&nbsp;&nbsp;App_GestureDimming
<LI><a href="#[4b]">&gt;&gt;</a>&nbsp;&nbsp;&nbsp;App_AdjustBrightness
<LI><a href="#[5b]">&gt;&gt;</a>&nbsp;&nbsp;&nbsp;Gesture_Update
</UL>
<BR>[Called By]<UL><LI><a href="#[75]">&gt;&gt;</a>&nbsp;&nbsp;&nbsp;App_Task
</UL>

<P><STRONG><a name="[61]"></a>App_HandleRadar</STRONG> (Thumb, 82 bytes, Stack size 16 bytes, app.o(i.App_HandleRadar))
<BR><BR>[Stack]<UL><LI>Max Depth = 40<LI>Call Chain = App_HandleRadar &rArr; OLEDUI_ShowLightState &rArr; UI_GotoScene
</UL>
<BR>[Calls]<UL><LI><a href="#[60]">&gt;&gt;</a>&nbsp;&nbsp;&nbsp;OLEDUI_ShowLightState
<LI><a href="#[63]">&gt;&gt;</a>&nbsp;&nbsp;&nbsp;OLEDUI_SetHuman
<LI><a href="#[62]">&gt;&gt;</a>&nbsp;&nbsp;&nbsp;LD2410B_GetState
<LI><a href="#[59]">&gt;&gt;</a>&nbsp;&nbsp;&nbsp;SystemTime_IsDue
<LI><a href="#[54]">&gt;&gt;</a>&nbsp;&nbsp;&nbsp;App_ApplyAutoLight
<LI><a href="#[64]">&gt;&gt;</a>&nbsp;&nbsp;&nbsp;__2printf
</UL>
<BR>[Called By]<UL><LI><a href="#[75]">&gt;&gt;</a>&nbsp;&nbsp;&nbsp;App_Task
</UL>

<P><STRONG><a name="[65]"></a>App_HandleSerial</STRONG> (Thumb, 218 bytes, Stack size 8 bytes, app.o(i.App_HandleSerial))
<BR><BR>[Stack]<UL><LI>Max Depth = 64<LI>Call Chain = App_HandleSerial &rArr; App_ToggleMode &rArr; App_SetMode &rArr; OLEDUI_ShowMode &rArr; UI_GotoScene
</UL>
<BR>[Calls]<UL><LI><a href="#[60]">&gt;&gt;</a>&nbsp;&nbsp;&nbsp;OLEDUI_ShowLightState
<LI><a href="#[5e]">&gt;&gt;</a>&nbsp;&nbsp;&nbsp;Serial_SendString
<LI><a href="#[52]">&gt;&gt;</a>&nbsp;&nbsp;&nbsp;LED1_ON
<LI><a href="#[55]">&gt;&gt;</a>&nbsp;&nbsp;&nbsp;LED1_OFF
<LI><a href="#[68]">&gt;&gt;</a>&nbsp;&nbsp;&nbsp;App_ToggleMode
<LI><a href="#[67]">&gt;&gt;</a>&nbsp;&nbsp;&nbsp;App_SetMode
<LI><a href="#[4b]">&gt;&gt;</a>&nbsp;&nbsp;&nbsp;App_AdjustBrightness
<LI><a href="#[66]">&gt;&gt;</a>&nbsp;&nbsp;&nbsp;strcmp
</UL>
<BR>[Called By]<UL><LI><a href="#[75]">&gt;&gt;</a>&nbsp;&nbsp;&nbsp;App_Task
</UL>

<P><STRONG><a name="[69]"></a>App_HandleTouch</STRONG> (Thumb, 66 bytes, Stack size 16 bytes, app.o(i.App_HandleTouch))
<BR><BR>[Stack]<UL><LI>Max Depth = 72<LI>Call Chain = App_HandleTouch &rArr; App_ToggleMode &rArr; App_SetMode &rArr; OLEDUI_ShowMode &rArr; UI_GotoScene
</UL>
<BR>[Calls]<UL><LI><a href="#[6a]">&gt;&gt;</a>&nbsp;&nbsp;&nbsp;Touch_Task
<LI><a href="#[6b]">&gt;&gt;</a>&nbsp;&nbsp;&nbsp;Touch_TakeEvent
<LI><a href="#[68]">&gt;&gt;</a>&nbsp;&nbsp;&nbsp;App_ToggleMode
<LI><a href="#[4b]">&gt;&gt;</a>&nbsp;&nbsp;&nbsp;App_AdjustBrightness
</UL>
<BR>[Called By]<UL><LI><a href="#[75]">&gt;&gt;</a>&nbsp;&nbsp;&nbsp;App_Task
</UL>

<P><STRONG><a name="[71]"></a>App_SendModeText</STRONG> (Thumb, 38 bytes, Stack size 8 bytes, app.o(i.App_SendModeText))
<BR><BR>[Stack]<UL><LI>Max Depth = 32<LI>Call Chain = App_SendModeText &rArr; Serial_SendString &rArr; Serial_SendByte
</UL>
<BR>[Calls]<UL><LI><a href="#[5e]">&gt;&gt;</a>&nbsp;&nbsp;&nbsp;Serial_SendString
<LI><a href="#[64]">&gt;&gt;</a>&nbsp;&nbsp;&nbsp;__2printf
</UL>
<BR>[Called By]<UL><LI><a href="#[6c]">&gt;&gt;</a>&nbsp;&nbsp;&nbsp;App_Init
<LI><a href="#[67]">&gt;&gt;</a>&nbsp;&nbsp;&nbsp;App_SetMode
</UL>

<P><STRONG><a name="[67]"></a>App_SetMode</STRONG> (Thumb, 86 bytes, Stack size 16 bytes, app.o(i.App_SetMode))
<BR><BR>[Stack]<UL><LI>Max Depth = 48<LI>Call Chain = App_SetMode &rArr; OLEDUI_ShowMode &rArr; UI_GotoScene
</UL>
<BR>[Calls]<UL><LI><a href="#[70]">&gt;&gt;</a>&nbsp;&nbsp;&nbsp;OLEDUI_ShowMode
<LI><a href="#[6e]">&gt;&gt;</a>&nbsp;&nbsp;&nbsp;OLEDUI_SetMode
<LI><a href="#[63]">&gt;&gt;</a>&nbsp;&nbsp;&nbsp;OLEDUI_SetHuman
<LI><a href="#[62]">&gt;&gt;</a>&nbsp;&nbsp;&nbsp;LD2410B_GetState
<LI><a href="#[5f]">&gt;&gt;</a>&nbsp;&nbsp;&nbsp;LED1_AckFlash
<LI><a href="#[71]">&gt;&gt;</a>&nbsp;&nbsp;&nbsp;App_SendModeText
<LI><a href="#[54]">&gt;&gt;</a>&nbsp;&nbsp;&nbsp;App_ApplyAutoLight
</UL>
<BR>[Called By]<UL><LI><a href="#[68]">&gt;&gt;</a>&nbsp;&nbsp;&nbsp;App_ToggleMode
<LI><a href="#[65]">&gt;&gt;</a>&nbsp;&nbsp;&nbsp;App_HandleSerial
</UL>

<P><STRONG><a name="[72]"></a>App_SyncPanel</STRONG> (Thumb, 154 bytes, Stack size 24 bytes, app.o(i.App_SyncPanel))
<BR><BR>[Stack]<UL><LI>Max Depth = 48<LI>Call Chain = App_SyncPanel &rArr; __2printf
</UL>
<BR>[Calls]<UL><LI><a href="#[51]">&gt;&gt;</a>&nbsp;&nbsp;&nbsp;LED1_IsOn
<LI><a href="#[4d]">&gt;&gt;</a>&nbsp;&nbsp;&nbsp;Get_Brightness_Set
<LI><a href="#[59]">&gt;&gt;</a>&nbsp;&nbsp;&nbsp;SystemTime_IsDue
<LI><a href="#[64]">&gt;&gt;</a>&nbsp;&nbsp;&nbsp;__2printf
</UL>
<BR>[Called By]<UL><LI><a href="#[75]">&gt;&gt;</a>&nbsp;&nbsp;&nbsp;App_Task
</UL>

<P><STRONG><a name="[73]"></a>App_SyncStatus</STRONG> (Thumb, 110 bytes, Stack size 16 bytes, app.o(i.App_SyncStatus))
<BR><BR>[Stack]<UL><LI>Max Depth = 32<LI>Call Chain = App_SyncStatus &rArr; OLEDUI_SetLight
</UL>
<BR>[Calls]<UL><LI><a href="#[6e]">&gt;&gt;</a>&nbsp;&nbsp;&nbsp;OLEDUI_SetMode
<LI><a href="#[74]">&gt;&gt;</a>&nbsp;&nbsp;&nbsp;OLEDUI_SetLight
<LI><a href="#[63]">&gt;&gt;</a>&nbsp;&nbsp;&nbsp;OLEDUI_SetHuman
<LI><a href="#[4f]">&gt;&gt;</a>&nbsp;&nbsp;&nbsp;OLEDUI_SetBrightness
<LI><a href="#[51]">&gt;&gt;</a>&nbsp;&nbsp;&nbsp;LED1_IsOn
<LI><a href="#[57]">&gt;&gt;</a>&nbsp;&nbsp;&nbsp;LED1_GetTarget
<LI><a href="#[4e]">&gt;&gt;</a>&nbsp;&nbsp;&nbsp;LED1_GetBrightness
<LI><a href="#[4d]">&gt;&gt;</a>&nbsp;&nbsp;&nbsp;Get_Brightness_Set
<LI><a href="#[59]">&gt;&gt;</a>&nbsp;&nbsp;&nbsp;SystemTime_IsDue
</UL>
<BR>[Called By]<UL><LI><a href="#[75]">&gt;&gt;</a>&nbsp;&nbsp;&nbsp;App_Task
</UL>

<P><STRONG><a name="[68]"></a>App_ToggleMode</STRONG> (Thumb, 32 bytes, Stack size 8 bytes, app.o(i.App_ToggleMode))
<BR><BR>[Stack]<UL><LI>Max Depth = 56<LI>Call Chain = App_ToggleMode &rArr; App_SetMode &rArr; OLEDUI_ShowMode &rArr; UI_GotoScene
</UL>
<BR>[Calls]<UL><LI><a href="#[67]">&gt;&gt;</a>&nbsp;&nbsp;&nbsp;App_SetMode
</UL>
<BR>[Called By]<UL><LI><a href="#[69]">&gt;&gt;</a>&nbsp;&nbsp;&nbsp;App_HandleTouch
<LI><a href="#[65]">&gt;&gt;</a>&nbsp;&nbsp;&nbsp;App_HandleSerial
</UL>

<P><STRONG><a name="[d9]"></a>TouchKey_InitState</STRONG> (Thumb, 34 bytes, Stack size 16 bytes, touch.o(i.TouchKey_InitState))
<BR><BR>[Stack]<UL><LI>Max Depth = 16<LI>Call Chain = TouchKey_InitState
</UL>
<BR>[Calls]<UL><LI><a href="#[88]">&gt;&gt;</a>&nbsp;&nbsp;&nbsp;GPIO_ReadInputDataBit
</UL>
<BR>[Called By]<UL><LI><a href="#[81]">&gt;&gt;</a>&nbsp;&nbsp;&nbsp;Touch_Init
</UL>

<P><STRONG><a name="[db]"></a>TouchKey_TakePress</STRONG> (Thumb, 18 bytes, Stack size 0 bytes, touch.o(i.TouchKey_TakePress))
<BR><BR>[Called By]<UL><LI><a href="#[6a]">&gt;&gt;</a>&nbsp;&nbsp;&nbsp;Touch_Task
</UL>

<P><STRONG><a name="[da]"></a>TouchKey_Update</STRONG> (Thumb, 56 bytes, Stack size 16 bytes, touch.o(i.TouchKey_Update))
<BR><BR>[Stack]<UL><LI>Max Depth = 16<LI>Call Chain = TouchKey_Update
</UL>
<BR>[Calls]<UL><LI><a href="#[88]">&gt;&gt;</a>&nbsp;&nbsp;&nbsp;GPIO_ReadInputDataBit
</UL>
<BR>[Called By]<UL><LI><a href="#[6a]">&gt;&gt;</a>&nbsp;&nbsp;&nbsp;Touch_Task
</UL>

<P><STRONG><a name="[dc]"></a>Touch_Emit</STRONG> (Thumb, 12 bytes, Stack size 0 bytes, touch.o(i.Touch_Emit))
<BR><BR>[Called By]<UL><LI><a href="#[6a]">&gt;&gt;</a>&nbsp;&nbsp;&nbsp;Touch_Task
</UL>

<P><STRONG><a name="[78]"></a>Board_Init</STRONG> (Thumb, 62 bytes, Stack size 8 bytes, main.o(i.Board_Init))
<BR><BR>[Stack]<UL><LI>Max Depth = 1144<LI>Call Chain = Board_Init &rArr; MyVL53L0X_Init &rArr; VL53L0X_StaticInit &rArr; VL53L0X_perform_ref_spad_management &rArr; perform_ref_signal_measurement &rArr; VL53L0X_PerformSingleRangingMeasurement &rArr; VL53L0X_GetRangingMeasurementData &rArr; VL53L0X_get_pal_range_status &rArr; VL53L0X_calc_dmax &rArr; VL53L0X_GetDeviceParameters &rArr; VL53L0X_GetMeasurementTimingBudgetMicroSeconds &rArr; VL53L0X_get_measurement_timing_budget_micro_seconds &rArr; get_sequence_step_timeout &rArr; VL53L0X_GetVcselPulsePeriod &rArr; VL53L0X_get_vcsel_pulse_period &rArr; VL53L0X_RdByte &rArr; VL53L0X_ReadMulti &rArr; MyI2C_SendByte &rArr; MyI2C_W_SDA
</UL>
<BR>[Calls]<UL><LI><a href="#[7b]">&gt;&gt;</a>&nbsp;&nbsp;&nbsp;OLEDUI_Init
<LI><a href="#[80]">&gt;&gt;</a>&nbsp;&nbsp;&nbsp;MyVL53L0X_Init
<LI><a href="#[7f]">&gt;&gt;</a>&nbsp;&nbsp;&nbsp;LD2410B_Init
<LI><a href="#[7d]">&gt;&gt;</a>&nbsp;&nbsp;&nbsp;Serial_Init
<LI><a href="#[7a]">&gt;&gt;</a>&nbsp;&nbsp;&nbsp;OLED_Init
<LI><a href="#[7c]">&gt;&gt;</a>&nbsp;&nbsp;&nbsp;Key_Init
<LI><a href="#[7e]">&gt;&gt;</a>&nbsp;&nbsp;&nbsp;LED_Init
<LI><a href="#[81]">&gt;&gt;</a>&nbsp;&nbsp;&nbsp;Touch_Init
<LI><a href="#[79]">&gt;&gt;</a>&nbsp;&nbsp;&nbsp;SystemTime_Init
<LI><a href="#[6c]">&gt;&gt;</a>&nbsp;&nbsp;&nbsp;App_Init
<LI><a href="#[64]">&gt;&gt;</a>&nbsp;&nbsp;&nbsp;__2printf
</UL>
<BR>[Called By]<UL><LI><a href="#[35]">&gt;&gt;</a>&nbsp;&nbsp;&nbsp;main
</UL>

<P><STRONG><a name="[133]"></a>_fp_digits</STRONG> (Thumb, 366 bytes, Stack size 64 bytes, printfa.o(i._fp_digits), UNUSED)
<BR><BR>[Calls]<UL><LI><a href="#[3e]">&gt;&gt;</a>&nbsp;&nbsp;&nbsp;__aeabi_uldivmod
<LI><a href="#[47]">&gt;&gt;</a>&nbsp;&nbsp;&nbsp;__aeabi_dmul
<LI><a href="#[48]">&gt;&gt;</a>&nbsp;&nbsp;&nbsp;__aeabi_ddiv
<LI><a href="#[41]">&gt;&gt;</a>&nbsp;&nbsp;&nbsp;__aeabi_dadd
<LI><a href="#[49]">&gt;&gt;</a>&nbsp;&nbsp;&nbsp;__aeabi_d2ulz
<LI><a href="#[134]">&gt;&gt;</a>&nbsp;&nbsp;&nbsp;__aeabi_cdrcmple
</UL>
<BR>[Called By]<UL><LI><a href="#[132]">&gt;&gt;</a>&nbsp;&nbsp;&nbsp;_printf_core
</UL>

<P><STRONG><a name="[132]"></a>_printf_core</STRONG> (Thumb, 1744 bytes, Stack size 136 bytes, printfa.o(i._printf_core), UNUSED)
<BR><BR>[Calls]<UL><LI><a href="#[3e]">&gt;&gt;</a>&nbsp;&nbsp;&nbsp;__aeabi_uldivmod
<LI><a href="#[137]">&gt;&gt;</a>&nbsp;&nbsp;&nbsp;__aeabi_uidivmod
<LI><a href="#[135]">&gt;&gt;</a>&nbsp;&nbsp;&nbsp;_printf_pre_padding
<LI><a href="#[136]">&gt;&gt;</a>&nbsp;&nbsp;&nbsp;_printf_post_padding
<LI><a href="#[133]">&gt;&gt;</a>&nbsp;&nbsp;&nbsp;_fp_digits
</UL>
<BR>[Called By]<UL><LI><a href="#[131]">&gt;&gt;</a>&nbsp;&nbsp;&nbsp;__0printf
</UL>

<P><STRONG><a name="[136]"></a>_printf_post_padding</STRONG> (Thumb, 36 bytes, Stack size 24 bytes, printfa.o(i._printf_post_padding), UNUSED)
<BR><BR>[Called By]<UL><LI><a href="#[132]">&gt;&gt;</a>&nbsp;&nbsp;&nbsp;_printf_core
</UL>

<P><STRONG><a name="[135]"></a>_printf_pre_padding</STRONG> (Thumb, 46 bytes, Stack size 24 bytes, printfa.o(i._printf_pre_padding), UNUSED)
<BR><BR>[Called By]<UL><LI><a href="#[132]">&gt;&gt;</a>&nbsp;&nbsp;&nbsp;_printf_core
</UL>
<P>
<H3>
Undefined Global Symbols
</H3><HR></body></html>
