<!doctype html public "-//w3c//dtd html 4.0 transitional//en">
<html><head>
<title>Static Call Graph - [.\Objects\Project.axf]</title></head>
<body><HR>
<H1>Static Call Graph for image .\Objects\Project.axf</H1><HR>
<BR><P>#&#060CALLGRAPH&#062# ARM Linker, 5060528: Last Updated: Wed Apr 01 19:47:20 2026
<BR><P>
<H3>Maximum Stack Usage =       1136 bytes + Unknown(Cycles, Untraceable Function Pointers)</H3><H3>
Call chain for Maximum Stack Depth:</H3>
main &rArr; MyVL53L0X_Init &rArr; VL53L0X_StaticInit &rArr; VL53L0X_perform_ref_spad_management &rArr; perform_ref_signal_measurement &rArr; VL53L0X_PerformSingleRangingMeasurement &rArr; VL53L0X_GetRangingMeasurementData &rArr; VL53L0X_get_pal_range_status &rArr; VL53L0X_calc_dmax &rArr; VL53L0X_GetDeviceParameters &rArr; VL53L0X_GetMeasurementTimingBudgetMicroSeconds &rArr; VL53L0X_get_measurement_timing_budget_micro_seconds &rArr; get_sequence_step_timeout &rArr; VL53L0X_GetVcselPulsePeriod &rArr; VL53L0X_get_vcsel_pulse_period &rArr; VL53L0X_RdByte &rArr; VL53L0X_ReadMulti &rArr; MyI2C_SendByte &rArr; MyI2C_W_SDA
<P>
<H3>
Mutually Recursive functions
</H3> <LI><a href="#[1c]">ADC1_2_IRQHandler</a>&nbsp;&nbsp;&nbsp;&rArr;&nbsp;&nbsp;&nbsp;<a href="#[1c]">ADC1_2_IRQHandler</a><BR>
</UL>
<P>
<H3>
Function Pointers
</H3><UL>
 <LI><a href="#[1c]">ADC1_2_IRQHandler</a> from startup_stm32f10x_md.o(.text) referenced from startup_stm32f10x_md.o(RESET)
 <LI><a href="#[4]">BusFault_Handler</a> from stm32f10x_it.o(i.BusFault_Handler) referenced from startup_stm32f10x_md.o(RESET)
 <LI><a href="#[1f]">CAN1_RX1_IRQHandler</a> from startup_stm32f10x_md.o(.text) referenced from startup_stm32f10x_md.o(RESET)
 <LI><a href="#[20]">CAN1_SCE_IRQHandler</a> from startup_stm32f10x_md.o(.text) referenced from startup_stm32f10x_md.o(RESET)
 <LI><a href="#[15]">DMA1_Channel1_IRQHandler</a> from startup_stm32f10x_md.o(.text) referenced from startup_stm32f10x_md.o(RESET)
 <LI><a href="#[16]">DMA1_Channel2_IRQHandler</a> from startup_stm32f10x_md.o(.text) referenced from startup_stm32f10x_md.o(RESET)
 <LI><a href="#[17]">DMA1_Channel3_IRQHandler</a> from startup_stm32f10x_md.o(.text) referenced from startup_stm32f10x_md.o(RESET)
 <LI><a href="#[18]">DMA1_Channel4_IRQHandler</a> from startup_stm32f10x_md.o(.text) referenced from startup_stm32f10x_md.o(RESET)
 <LI><a href="#[19]">DMA1_Channel5_IRQHandler</a> from startup_stm32f10x_md.o(.text) referenced from startup_stm32f10x_md.o(RESET)
 <LI><a href="#[1a]">DMA1_Channel6_IRQHandler</a> from startup_stm32f10x_md.o(.text) referenced from startup_stm32f10x_md.o(RESET)
 <LI><a href="#[1b]">DMA1_Channel7_IRQHandler</a> from startup_stm32f10x_md.o(.text) referenced from startup_stm32f10x_md.o(RESET)
 <LI><a href="#[7]">DebugMon_Handler</a> from stm32f10x_it.o(i.DebugMon_Handler) referenced from startup_stm32f10x_md.o(RESET)
 <LI><a href="#[10]">EXTI0_IRQHandler</a> from startup_stm32f10x_md.o(.text) referenced from startup_stm32f10x_md.o(RESET)
 <LI><a href="#[32]">EXTI15_10_IRQHandler</a> from startup_stm32f10x_md.o(.text) referenced from startup_stm32f10x_md.o(RESET)
 <LI><a href="#[11]">EXTI1_IRQHandler</a> from startup_stm32f10x_md.o(.text) referenced from startup_stm32f10x_md.o(RESET)
 <LI><a href="#[12]">EXTI2_IRQHandler</a> from startup_stm32f10x_md.o(.text) referenced from startup_stm32f10x_md.o(RESET)
 <LI><a href="#[13]">EXTI3_IRQHandler</a> from startup_stm32f10x_md.o(.text) referenced from startup_stm32f10x_md.o(RESET)
 <LI><a href="#[14]">EXTI4_IRQHandler</a> from startup_stm32f10x_md.o(.text) referenced from startup_stm32f10x_md.o(RESET)
 <LI><a href="#[21]">EXTI9_5_IRQHandler</a> from startup_stm32f10x_md.o(.text) referenced from startup_stm32f10x_md.o(RESET)
 <LI><a href="#[e]">FLASH_IRQHandler</a> from startup_stm32f10x_md.o(.text) referenced from startup_stm32f10x_md.o(RESET)
 <LI><a href="#[2]">HardFault_Handler</a> from stm32f10x_it.o(i.HardFault_Handler) referenced from startup_stm32f10x_md.o(RESET)
 <LI><a href="#[2a]">I2C1_ER_IRQHandler</a> from startup_stm32f10x_md.o(.text) referenced from startup_stm32f10x_md.o(RESET)
 <LI><a href="#[29]">I2C1_EV_IRQHandler</a> from startup_stm32f10x_md.o(.text) referenced from startup_stm32f10x_md.o(RESET)
 <LI><a href="#[2c]">I2C2_ER_IRQHandler</a> from startup_stm32f10x_md.o(.text) referenced from startup_stm32f10x_md.o(RESET)
 <LI><a href="#[2b]">I2C2_EV_IRQHandler</a> from startup_stm32f10x_md.o(.text) referenced from startup_stm32f10x_md.o(RESET)
 <LI><a href="#[3]">MemManage_Handler</a> from stm32f10x_it.o(i.MemManage_Handler) referenced from startup_stm32f10x_md.o(RESET)
 <LI><a href="#[1]">NMI_Handler</a> from stm32f10x_it.o(i.NMI_Handler) referenced from startup_stm32f10x_md.o(RESET)
 <LI><a href="#[b]">PVD_IRQHandler</a> from startup_stm32f10x_md.o(.text) referenced from startup_stm32f10x_md.o(RESET)
 <LI><a href="#[8]">PendSV_Handler</a> from stm32f10x_it.o(i.PendSV_Handler) referenced from startup_stm32f10x_md.o(RESET)
 <LI><a href="#[f]">RCC_IRQHandler</a> from startup_stm32f10x_md.o(.text) referenced from startup_stm32f10x_md.o(RESET)
 <LI><a href="#[33]">RTCAlarm_IRQHandler</a> from startup_stm32f10x_md.o(.text) referenced from startup_stm32f10x_md.o(RESET)
 <LI><a href="#[d]">RTC_IRQHandler</a> from startup_stm32f10x_md.o(.text) referenced from startup_stm32f10x_md.o(RESET)
 <LI><a href="#[0]">Reset_Handler</a> from startup_stm32f10x_md.o(.text) referenced from startup_stm32f10x_md.o(RESET)
 <LI><a href="#[2d]">SPI1_IRQHandler</a> from startup_stm32f10x_md.o(.text) referenced from startup_stm32f10x_md.o(RESET)
 <LI><a href="#[2e]">SPI2_IRQHandler</a> from startup_stm32f10x_md.o(.text) referenced from startup_stm32f10x_md.o(RESET)
 <LI><a href="#[6]">SVC_Handler</a> from stm32f10x_it.o(i.SVC_Handler) referenced from startup_stm32f10x_md.o(RESET)
 <LI><a href="#[9]">SysTick_Handler</a> from stm32f10x_it.o(i.SysTick_Handler) referenced from startup_stm32f10x_md.o(RESET)
 <LI><a href="#[36]">SystemInit</a> from system_stm32f10x.o(i.SystemInit) referenced from startup_stm32f10x_md.o(.text)
 <LI><a href="#[c]">TAMPER_IRQHandler</a> from startup_stm32f10x_md.o(.text) referenced from startup_stm32f10x_md.o(RESET)
 <LI><a href="#[22]">TIM1_BRK_IRQHandler</a> from startup_stm32f10x_md.o(.text) referenced from startup_stm32f10x_md.o(RESET)
 <LI><a href="#[25]">TIM1_CC_IRQHandler</a> from startup_stm32f10x_md.o(.text) referenced from startup_stm32f10x_md.o(RESET)
 <LI><a href="#[24]">TIM1_TRG_COM_IRQHandler</a> from startup_stm32f10x_md.o(.text) referenced from startup_stm32f10x_md.o(RESET)
 <LI><a href="#[23]">TIM1_UP_IRQHandler</a> from startup_stm32f10x_md.o(.text) referenced from startup_stm32f10x_md.o(RESET)
 <LI><a href="#[26]">TIM2_IRQHandler</a> from startup_stm32f10x_md.o(.text) referenced from startup_stm32f10x_md.o(RESET)
 <LI><a href="#[27]">TIM3_IRQHandler</a> from startup_stm32f10x_md.o(.text) referenced from startup_stm32f10x_md.o(RESET)
 <LI><a href="#[28]">TIM4_IRQHandler</a> from startup_stm32f10x_md.o(.text) referenced from startup_stm32f10x_md.o(RESET)
 <LI><a href="#[2f]">USART1_IRQHandler</a> from serial.o(i.USART1_IRQHandler) referenced from startup_stm32f10x_md.o(RESET)
 <LI><a href="#[30]">USART2_IRQHandler</a> from startup_stm32f10x_md.o(.text) referenced from startup_stm32f10x_md.o(RESET)
 <LI><a href="#[31]">USART3_IRQHandler</a> from startup_stm32f10x_md.o(.text) referenced from startup_stm32f10x_md.o(RESET)
 <LI><a href="#[34]">USBWakeUp_IRQHandler</a> from startup_stm32f10x_md.o(.text) referenced from startup_stm32f10x_md.o(RESET)
 <LI><a href="#[1d]">USB_HP_CAN1_TX_IRQHandler</a> from startup_stm32f10x_md.o(.text) referenced from startup_stm32f10x_md.o(RESET)
 <LI><a href="#[1e]">USB_LP_CAN1_RX0_IRQHandler</a> from startup_stm32f10x_md.o(.text) referenced from startup_stm32f10x_md.o(RESET)
 <LI><a href="#[5]">UsageFault_Handler</a> from stm32f10x_it.o(i.UsageFault_Handler) referenced from startup_stm32f10x_md.o(RESET)
 <LI><a href="#[a]">WWDG_IRQHandler</a> from startup_stm32f10x_md.o(.text) referenced from startup_stm32f10x_md.o(RESET)
 <LI><a href="#[37]">__main</a> from entry.o(.ARM.Collect$$$$00000000) referenced from startup_stm32f10x_md.o(.text)
 <LI><a href="#[35]">main</a> from main.o(i.main) referenced from entry9a.o(.ARM.Collect$$$$0000000B)
</UL>
<P>
<H3>
Global Symbols
</H3>
<P><STRONG><a name="[37]"></a>__main</STRONG> (Thumb, 0 bytes, Stack size unknown bytes, entry.o(.ARM.Collect$$$$00000000))
<BR>[Address Reference Count : 1]<UL><LI> startup_stm32f10x_md.o(.text)
</UL>
<P><STRONG><a name="[d4]"></a>_main_stk</STRONG> (Thumb, 0 bytes, Stack size unknown bytes, entry2.o(.ARM.Collect$$$$00000001))

<P><STRONG><a name="[38]"></a>_main_scatterload</STRONG> (Thumb, 0 bytes, Stack size unknown bytes, entry5.o(.ARM.Collect$$$$00000004))
<BR><BR>[Calls]<UL><LI><a href="#[39]">&gt;&gt;</a>&nbsp;&nbsp;&nbsp;__scatterload
</UL>

<P><STRONG><a name="[3d]"></a>__main_after_scatterload</STRONG> (Thumb, 0 bytes, Stack size unknown bytes, entry5.o(.ARM.Collect$$$$00000004))
<BR><BR>[Called By]<UL><LI><a href="#[39]">&gt;&gt;</a>&nbsp;&nbsp;&nbsp;__scatterload
</UL>

<P><STRONG><a name="[d5]"></a>_main_clock</STRONG> (Thumb, 0 bytes, Stack size unknown bytes, entry7b.o(.ARM.Collect$$$$00000008))

<P><STRONG><a name="[d6]"></a>_main_cpp_init</STRONG> (Thumb, 0 bytes, Stack size unknown bytes, entry8b.o(.ARM.Collect$$$$0000000A))

<P><STRONG><a name="[d7]"></a>_main_init</STRONG> (Thumb, 0 bytes, Stack size unknown bytes, entry9a.o(.ARM.Collect$$$$0000000B))

<P><STRONG><a name="[d8]"></a>__rt_final_cpp</STRONG> (Thumb, 0 bytes, Stack size unknown bytes, entry10a.o(.ARM.Collect$$$$0000000D))

<P><STRONG><a name="[d9]"></a>__rt_final_exit</STRONG> (Thumb, 0 bytes, Stack size unknown bytes, entry11a.o(.ARM.Collect$$$$0000000F))

<P><STRONG><a name="[0]"></a>Reset_Handler</STRONG> (Thumb, 8 bytes, Stack size 0 bytes, startup_stm32f10x_md.o(.text))
<BR>[Address Reference Count : 1]<UL><LI> startup_stm32f10x_md.o(RESET)
</UL>
<P><STRONG><a name="[1c]"></a>ADC1_2_IRQHandler</STRONG> (Thumb, 0 bytes, Stack size 0 bytes, startup_stm32f10x_md.o(.text))
<BR><BR>[Calls]<UL><LI><a href="#[1c]">&gt;&gt;</a>&nbsp;&nbsp;&nbsp;ADC1_2_IRQHandler
</UL>
<BR>[Called By]<UL><LI><a href="#[1c]">&gt;&gt;</a>&nbsp;&nbsp;&nbsp;ADC1_2_IRQHandler
</UL>
<BR>[Address Reference Count : 1]<UL><LI> startup_stm32f10x_md.o(RESET)
</UL>
<P><STRONG><a name="[1f]"></a>CAN1_RX1_IRQHandler</STRONG> (Thumb, 0 bytes, Stack size 0 bytes, startup_stm32f10x_md.o(.text))
<BR>[Address Reference Count : 1]<UL><LI> startup_stm32f10x_md.o(RESET)
</UL>
<P><STRONG><a name="[20]"></a>CAN1_SCE_IRQHandler</STRONG> (Thumb, 0 bytes, Stack size 0 bytes, startup_stm32f10x_md.o(.text))
<BR>[Address Reference Count : 1]<UL><LI> startup_stm32f10x_md.o(RESET)
</UL>
<P><STRONG><a name="[15]"></a>DMA1_Channel1_IRQHandler</STRONG> (Thumb, 0 bytes, Stack size 0 bytes, startup_stm32f10x_md.o(.text))
<BR>[Address Reference Count : 1]<UL><LI> startup_stm32f10x_md.o(RESET)
</UL>
<P><STRONG><a name="[16]"></a>DMA1_Channel2_IRQHandler</STRONG> (Thumb, 0 bytes, Stack size 0 bytes, startup_stm32f10x_md.o(.text))
<BR>[Address Reference Count : 1]<UL><LI> startup_stm32f10x_md.o(RESET)
</UL>
<P><STRONG><a name="[17]"></a>DMA1_Channel3_IRQHandler</STRONG> (Thumb, 0 bytes, Stack size 0 bytes, startup_stm32f10x_md.o(.text))
<BR>[Address Reference Count : 1]<UL><LI> startup_stm32f10x_md.o(RESET)
</UL>
<P><STRONG><a name="[18]"></a>DMA1_Channel4_IRQHandler</STRONG> (Thumb, 0 bytes, Stack size 0 bytes, startup_stm32f10x_md.o(.text))
<BR>[Address Reference Count : 1]<UL><LI> startup_stm32f10x_md.o(RESET)
</UL>
<P><STRONG><a name="[19]"></a>DMA1_Channel5_IRQHandler</STRONG> (Thumb, 0 bytes, Stack size 0 bytes, startup_stm32f10x_md.o(.text))
<BR>[Address Reference Count : 1]<UL><LI> startup_stm32f10x_md.o(RESET)
</UL>
<P><STRONG><a name="[1a]"></a>DMA1_Channel6_IRQHandler</STRONG> (Thumb, 0 bytes, Stack size 0 bytes, startup_stm32f10x_md.o(.text))
<BR>[Address Reference Count : 1]<UL><LI> startup_stm32f10x_md.o(RESET)
</UL>
<P><STRONG><a name="[1b]"></a>DMA1_Channel7_IRQHandler</STRONG> (Thumb, 0 bytes, Stack size 0 bytes, startup_stm32f10x_md.o(.text))
<BR>[Address Reference Count : 1]<UL><LI> startup_stm32f10x_md.o(RESET)
</UL>
<P><STRONG><a name="[10]"></a>EXTI0_IRQHandler</STRONG> (Thumb, 0 bytes, Stack size 0 bytes, startup_stm32f10x_md.o(.text))
<BR>[Address Reference Count : 1]<UL><LI> startup_stm32f10x_md.o(RESET)
</UL>
<P><STRONG><a name="[32]"></a>EXTI15_10_IRQHandler</STRONG> (Thumb, 0 bytes, Stack size 0 bytes, startup_stm32f10x_md.o(.text))
<BR>[Address Reference Count : 1]<UL><LI> startup_stm32f10x_md.o(RESET)
</UL>
<P><STRONG><a name="[11]"></a>EXTI1_IRQHandler</STRONG> (Thumb, 0 bytes, Stack size 0 bytes, startup_stm32f10x_md.o(.text))
<BR>[Address Reference Count : 1]<UL><LI> startup_stm32f10x_md.o(RESET)
</UL>
<P><STRONG><a name="[12]"></a>EXTI2_IRQHandler</STRONG> (Thumb, 0 bytes, Stack size 0 bytes, startup_stm32f10x_md.o(.text))
<BR>[Address Reference Count : 1]<UL><LI> startup_stm32f10x_md.o(RESET)
</UL>
<P><STRONG><a name="[13]"></a>EXTI3_IRQHandler</STRONG> (Thumb, 0 bytes, Stack size 0 bytes, startup_stm32f10x_md.o(.text))
<BR>[Address Reference Count : 1]<UL><LI> startup_stm32f10x_md.o(RESET)
</UL>
<P><STRONG><a name="[14]"></a>EXTI4_IRQHandler</STRONG> (Thumb, 0 bytes, Stack size 0 bytes, startup_stm32f10x_md.o(.text))
<BR>[Address Reference Count : 1]<UL><LI> startup_stm32f10x_md.o(RESET)
</UL>
<P><STRONG><a name="[21]"></a>EXTI9_5_IRQHandler</STRONG> (Thumb, 0 bytes, Stack size 0 bytes, startup_stm32f10x_md.o(.text))
<BR>[Address Reference Count : 1]<UL><LI> startup_stm32f10x_md.o(RESET)
</UL>
<P><STRONG><a name="[e]"></a>FLASH_IRQHandler</STRONG> (Thumb, 0 bytes, Stack size 0 bytes, startup_stm32f10x_md.o(.text))
<BR>[Address Reference Count : 1]<UL><LI> startup_stm32f10x_md.o(RESET)
</UL>
<P><STRONG><a name="[2a]"></a>I2C1_ER_IRQHandler</STRONG> (Thumb, 0 bytes, Stack size 0 bytes, startup_stm32f10x_md.o(.text))
<BR>[Address Reference Count : 1]<UL><LI> startup_stm32f10x_md.o(RESET)
</UL>
<P><STRONG><a name="[29]"></a>I2C1_EV_IRQHandler</STRONG> (Thumb, 0 bytes, Stack size 0 bytes, startup_stm32f10x_md.o(.text))
<BR>[Address Reference Count : 1]<UL><LI> startup_stm32f10x_md.o(RESET)
</UL>
<P><STRONG><a name="[2c]"></a>I2C2_ER_IRQHandler</STRONG> (Thumb, 0 bytes, Stack size 0 bytes, startup_stm32f10x_md.o(.text))
<BR>[Address Reference Count : 1]<UL><LI> startup_stm32f10x_md.o(RESET)
</UL>
<P><STRONG><a name="[2b]"></a>I2C2_EV_IRQHandler</STRONG> (Thumb, 0 bytes, Stack size 0 bytes, startup_stm32f10x_md.o(.text))
<BR>[Address Reference Count : 1]<UL><LI> startup_stm32f10x_md.o(RESET)
</UL>
<P><STRONG><a name="[b]"></a>PVD_IRQHandler</STRONG> (Thumb, 0 bytes, Stack size 0 bytes, startup_stm32f10x_md.o(.text))
<BR>[Address Reference Count : 1]<UL><LI> startup_stm32f10x_md.o(RESET)
</UL>
<P><STRONG><a name="[f]"></a>RCC_IRQHandler</STRONG> (Thumb, 0 bytes, Stack size 0 bytes, startup_stm32f10x_md.o(.text))
<BR>[Address Reference Count : 1]<UL><LI> startup_stm32f10x_md.o(RESET)
</UL>
<P><STRONG><a name="[33]"></a>RTCAlarm_IRQHandler</STRONG> (Thumb, 0 bytes, Stack size 0 bytes, startup_stm32f10x_md.o(.text))
<BR>[Address Reference Count : 1]<UL><LI> startup_stm32f10x_md.o(RESET)
</UL>
<P><STRONG><a name="[d]"></a>RTC_IRQHandler</STRONG> (Thumb, 0 bytes, Stack size 0 bytes, startup_stm32f10x_md.o(.text))
<BR>[Address Reference Count : 1]<UL><LI> startup_stm32f10x_md.o(RESET)
</UL>
<P><STRONG><a name="[2d]"></a>SPI1_IRQHandler</STRONG> (Thumb, 0 bytes, Stack size 0 bytes, startup_stm32f10x_md.o(.text))
<BR>[Address Reference Count : 1]<UL><LI> startup_stm32f10x_md.o(RESET)
</UL>
<P><STRONG><a name="[2e]"></a>SPI2_IRQHandler</STRONG> (Thumb, 0 bytes, Stack size 0 bytes, startup_stm32f10x_md.o(.text))
<BR>[Address Reference Count : 1]<UL><LI> startup_stm32f10x_md.o(RESET)
</UL>
<P><STRONG><a name="[c]"></a>TAMPER_IRQHandler</STRONG> (Thumb, 0 bytes, Stack size 0 bytes, startup_stm32f10x_md.o(.text))
<BR>[Address Reference Count : 1]<UL><LI> startup_stm32f10x_md.o(RESET)
</UL>
<P><STRONG><a name="[22]"></a>TIM1_BRK_IRQHandler</STRONG> (Thumb, 0 bytes, Stack size 0 bytes, startup_stm32f10x_md.o(.text))
<BR>[Address Reference Count : 1]<UL><LI> startup_stm32f10x_md.o(RESET)
</UL>
<P><STRONG><a name="[25]"></a>TIM1_CC_IRQHandler</STRONG> (Thumb, 0 bytes, Stack size 0 bytes, startup_stm32f10x_md.o(.text))
<BR>[Address Reference Count : 1]<UL><LI> startup_stm32f10x_md.o(RESET)
</UL>
<P><STRONG><a name="[24]"></a>TIM1_TRG_COM_IRQHandler</STRONG> (Thumb, 0 bytes, Stack size 0 bytes, startup_stm32f10x_md.o(.text))
<BR>[Address Reference Count : 1]<UL><LI> startup_stm32f10x_md.o(RESET)
</UL>
<P><STRONG><a name="[23]"></a>TIM1_UP_IRQHandler</STRONG> (Thumb, 0 bytes, Stack size 0 bytes, startup_stm32f10x_md.o(.text))
<BR>[Address Reference Count : 1]<UL><LI> startup_stm32f10x_md.o(RESET)
</UL>
<P><STRONG><a name="[26]"></a>TIM2_IRQHandler</STRONG> (Thumb, 0 bytes, Stack size 0 bytes, startup_stm32f10x_md.o(.text))
<BR>[Address Reference Count : 1]<UL><LI> startup_stm32f10x_md.o(RESET)
</UL>
<P><STRONG><a name="[27]"></a>TIM3_IRQHandler</STRONG> (Thumb, 0 bytes, Stack size 0 bytes, startup_stm32f10x_md.o(.text))
<BR>[Address Reference Count : 1]<UL><LI> startup_stm32f10x_md.o(RESET)
</UL>
<P><STRONG><a name="[28]"></a>TIM4_IRQHandler</STRONG> (Thumb, 0 bytes, Stack size 0 bytes, startup_stm32f10x_md.o(.text))
<BR>[Address Reference Count : 1]<UL><LI> startup_stm32f10x_md.o(RESET)
</UL>
<P><STRONG><a name="[30]"></a>USART2_IRQHandler</STRONG> (Thumb, 0 bytes, Stack size 0 bytes, startup_stm32f10x_md.o(.text))
<BR>[Address Reference Count : 1]<UL><LI> startup_stm32f10x_md.o(RESET)
</UL>
<P><STRONG><a name="[31]"></a>USART3_IRQHandler</STRONG> (Thumb, 0 bytes, Stack size 0 bytes, startup_stm32f10x_md.o(.text))
<BR>[Address Reference Count : 1]<UL><LI> startup_stm32f10x_md.o(RESET)
</UL>
<P><STRONG><a name="[34]"></a>USBWakeUp_IRQHandler</STRONG> (Thumb, 0 bytes, Stack size 0 bytes, startup_stm32f10x_md.o(.text))
<BR>[Address Reference Count : 1]<UL><LI> startup_stm32f10x_md.o(RESET)
</UL>
<P><STRONG><a name="[1d]"></a>USB_HP_CAN1_TX_IRQHandler</STRONG> (Thumb, 0 bytes, Stack size 0 bytes, startup_stm32f10x_md.o(.text))
<BR>[Address Reference Count : 1]<UL><LI> startup_stm32f10x_md.o(RESET)
</UL>
<P><STRONG><a name="[1e]"></a>USB_LP_CAN1_RX0_IRQHandler</STRONG> (Thumb, 0 bytes, Stack size 0 bytes, startup_stm32f10x_md.o(.text))
<BR>[Address Reference Count : 1]<UL><LI> startup_stm32f10x_md.o(RESET)
</UL>
<P><STRONG><a name="[a]"></a>WWDG_IRQHandler</STRONG> (Thumb, 0 bytes, Stack size 0 bytes, startup_stm32f10x_md.o(.text))
<BR>[Address Reference Count : 1]<UL><LI> startup_stm32f10x_md.o(RESET)
</UL>
<P><STRONG><a name="[da]"></a>__aeabi_memcpy</STRONG> (Thumb, 36 bytes, Stack size 0 bytes, memcpya.o(.text), UNUSED)

<P><STRONG><a name="[90]"></a>__aeabi_memcpy4</STRONG> (Thumb, 0 bytes, Stack size 0 bytes, memcpya.o(.text))
<BR><BR>[Called By]<UL><LI><a href="#[63]">&gt;&gt;</a>&nbsp;&nbsp;&nbsp;VL53L0X_StaticInit
<LI><a href="#[5f]">&gt;&gt;</a>&nbsp;&nbsp;&nbsp;VL53L0X_GetRangingMeasurementData
<LI><a href="#[62]">&gt;&gt;</a>&nbsp;&nbsp;&nbsp;VL53L0X_DataInit
<LI><a href="#[b8]">&gt;&gt;</a>&nbsp;&nbsp;&nbsp;VL53L0X_calc_dmax
<LI><a href="#[a8]">&gt;&gt;</a>&nbsp;&nbsp;&nbsp;VL53L0X_perform_ref_spad_management
</UL>

<P><STRONG><a name="[db]"></a>__aeabi_memcpy8</STRONG> (Thumb, 0 bytes, Stack size 0 bytes, memcpya.o(.text), UNUSED)

<P><STRONG><a name="[3b]"></a>__aeabi_memset</STRONG> (Thumb, 14 bytes, Stack size 0 bytes, memseta.o(.text), UNUSED)
<BR><BR>[Called By]<UL><LI><a href="#[3c]">&gt;&gt;</a>&nbsp;&nbsp;&nbsp;_memset$wrapper
<LI><a href="#[3a]">&gt;&gt;</a>&nbsp;&nbsp;&nbsp;__aeabi_memclr
</UL>

<P><STRONG><a name="[dc]"></a>__aeabi_memset4</STRONG> (Thumb, 0 bytes, Stack size 0 bytes, memseta.o(.text), UNUSED)

<P><STRONG><a name="[dd]"></a>__aeabi_memset8</STRONG> (Thumb, 0 bytes, Stack size 0 bytes, memseta.o(.text), UNUSED)

<P><STRONG><a name="[3a]"></a>__aeabi_memclr</STRONG> (Thumb, 4 bytes, Stack size 0 bytes, memseta.o(.text), UNUSED)
<BR><BR>[Calls]<UL><LI><a href="#[3b]">&gt;&gt;</a>&nbsp;&nbsp;&nbsp;__aeabi_memset
</UL>

<P><STRONG><a name="[b3]"></a>__aeabi_memclr4</STRONG> (Thumb, 0 bytes, Stack size 0 bytes, memseta.o(.text))
<BR><BR>[Called By]<UL><LI><a href="#[63]">&gt;&gt;</a>&nbsp;&nbsp;&nbsp;VL53L0X_StaticInit
</UL>

<P><STRONG><a name="[de]"></a>__aeabi_memclr8</STRONG> (Thumb, 0 bytes, Stack size 0 bytes, memseta.o(.text), UNUSED)

<P><STRONG><a name="[3c]"></a>_memset$wrapper</STRONG> (Thumb, 18 bytes, Stack size 8 bytes, memseta.o(.text), UNUSED)
<BR><BR>[Calls]<UL><LI><a href="#[3b]">&gt;&gt;</a>&nbsp;&nbsp;&nbsp;__aeabi_memset
</UL>

<P><STRONG><a name="[d2]"></a>strcmp</STRONG> (Thumb, 28 bytes, Stack size 8 bytes, strcmp.o(.text))
<BR><BR>[Stack]<UL><LI>Max Depth = 8<LI>Call Chain = strcmp
</UL>
<BR>[Called By]<UL><LI><a href="#[35]">&gt;&gt;</a>&nbsp;&nbsp;&nbsp;main
</UL>

<P><STRONG><a name="[c2]"></a>strcpy</STRONG> (Thumb, 18 bytes, Stack size 0 bytes, strcpy.o(.text))
<BR><BR>[Called By]<UL><LI><a href="#[b4]">&gt;&gt;</a>&nbsp;&nbsp;&nbsp;VL53L0X_get_info_from_device
</UL>

<P><STRONG><a name="[39]"></a>__scatterload</STRONG> (Thumb, 28 bytes, Stack size 0 bytes, init.o(.text))
<BR><BR>[Calls]<UL><LI><a href="#[3d]">&gt;&gt;</a>&nbsp;&nbsp;&nbsp;__main_after_scatterload
</UL>
<BR>[Called By]<UL><LI><a href="#[38]">&gt;&gt;</a>&nbsp;&nbsp;&nbsp;_main_scatterload
</UL>

<P><STRONG><a name="[df]"></a>__scatterload_rt2</STRONG> (Thumb, 0 bytes, Stack size 0 bytes, init.o(.text), UNUSED)

<P><STRONG><a name="[e0]"></a>__decompress</STRONG> (Thumb, 0 bytes, Stack size unknown bytes, __dclz77c.o(.text), UNUSED)

<P><STRONG><a name="[e1]"></a>__decompress2</STRONG> (Thumb, 94 bytes, Stack size unknown bytes, __dclz77c.o(.text), UNUSED)

<P><STRONG><a name="[4]"></a>BusFault_Handler</STRONG> (Thumb, 4 bytes, Stack size 0 bytes, stm32f10x_it.o(i.BusFault_Handler))
<BR>[Address Reference Count : 1]<UL><LI> startup_stm32f10x_md.o(RESET)
</UL>
<P><STRONG><a name="[7]"></a>DebugMon_Handler</STRONG> (Thumb, 2 bytes, Stack size 0 bytes, stm32f10x_it.o(i.DebugMon_Handler))
<BR>[Address Reference Count : 1]<UL><LI> startup_stm32f10x_md.o(RESET)
</UL>
<P><STRONG><a name="[3e]"></a>Delay_ms</STRONG> (Thumb, 24 bytes, Stack size 4 bytes, delay.o(i.Delay_ms))
<BR><BR>[Stack]<UL><LI>Max Depth = 4<LI>Call Chain = Delay_ms
</UL>
<BR>[Calls]<UL><LI><a href="#[3f]">&gt;&gt;</a>&nbsp;&nbsp;&nbsp;Delay_us
</UL>
<BR>[Called By]<UL><LI><a href="#[35]">&gt;&gt;</a>&nbsp;&nbsp;&nbsp;main
<LI><a href="#[40]">&gt;&gt;</a>&nbsp;&nbsp;&nbsp;Key_GetNum
<LI><a href="#[ac]">&gt;&gt;</a>&nbsp;&nbsp;&nbsp;VL53L0X_PollingDelay
</UL>

<P><STRONG><a name="[3f]"></a>Delay_us</STRONG> (Thumb, 46 bytes, Stack size 0 bytes, delay.o(i.Delay_us))
<BR><BR>[Called By]<UL><LI><a href="#[55]">&gt;&gt;</a>&nbsp;&nbsp;&nbsp;MyI2C_W_SDA
<LI><a href="#[56]">&gt;&gt;</a>&nbsp;&nbsp;&nbsp;MyI2C_W_SCL
<LI><a href="#[53]">&gt;&gt;</a>&nbsp;&nbsp;&nbsp;MyI2C_R_SDA
<LI><a href="#[3e]">&gt;&gt;</a>&nbsp;&nbsp;&nbsp;Delay_ms
</UL>

<P><STRONG><a name="[44]"></a>GPIO_Init</STRONG> (Thumb, 278 bytes, Stack size 24 bytes, stm32f10x_gpio.o(i.GPIO_Init))
<BR><BR>[Stack]<UL><LI>Max Depth = 24<LI>Call Chain = GPIO_Init
</UL>
<BR>[Called By]<UL><LI><a href="#[51]">&gt;&gt;</a>&nbsp;&nbsp;&nbsp;MyI2C_Init
<LI><a href="#[46]">&gt;&gt;</a>&nbsp;&nbsp;&nbsp;LD2410B_Init
<LI><a href="#[7a]">&gt;&gt;</a>&nbsp;&nbsp;&nbsp;Serial_Init
<LI><a href="#[6b]">&gt;&gt;</a>&nbsp;&nbsp;&nbsp;OLED_I2C_Init
<LI><a href="#[42]">&gt;&gt;</a>&nbsp;&nbsp;&nbsp;Key_Init
<LI><a href="#[50]">&gt;&gt;</a>&nbsp;&nbsp;&nbsp;PWM_Init
</UL>

<P><STRONG><a name="[41]"></a>GPIO_ReadInputDataBit</STRONG> (Thumb, 18 bytes, Stack size 0 bytes, stm32f10x_gpio.o(i.GPIO_ReadInputDataBit))
<BR><BR>[Called By]<UL><LI><a href="#[35]">&gt;&gt;</a>&nbsp;&nbsp;&nbsp;main
<LI><a href="#[53]">&gt;&gt;</a>&nbsp;&nbsp;&nbsp;MyI2C_R_SDA
<LI><a href="#[45]">&gt;&gt;</a>&nbsp;&nbsp;&nbsp;LD2410B_GetState
<LI><a href="#[40]">&gt;&gt;</a>&nbsp;&nbsp;&nbsp;Key_GetNum
</UL>

<P><STRONG><a name="[52]"></a>GPIO_SetBits</STRONG> (Thumb, 4 bytes, Stack size 0 bytes, stm32f10x_gpio.o(i.GPIO_SetBits))
<BR><BR>[Called By]<UL><LI><a href="#[51]">&gt;&gt;</a>&nbsp;&nbsp;&nbsp;MyI2C_Init
</UL>

<P><STRONG><a name="[5c]"></a>GPIO_WriteBit</STRONG> (Thumb, 10 bytes, Stack size 0 bytes, stm32f10x_gpio.o(i.GPIO_WriteBit))
<BR><BR>[Called By]<UL><LI><a href="#[55]">&gt;&gt;</a>&nbsp;&nbsp;&nbsp;MyI2C_W_SDA
<LI><a href="#[56]">&gt;&gt;</a>&nbsp;&nbsp;&nbsp;MyI2C_W_SCL
<LI><a href="#[6e]">&gt;&gt;</a>&nbsp;&nbsp;&nbsp;OLED_I2C_Stop
<LI><a href="#[6d]">&gt;&gt;</a>&nbsp;&nbsp;&nbsp;OLED_I2C_Start
<LI><a href="#[6c]">&gt;&gt;</a>&nbsp;&nbsp;&nbsp;OLED_I2C_SendByte
<LI><a href="#[6b]">&gt;&gt;</a>&nbsp;&nbsp;&nbsp;OLED_I2C_Init
</UL>

<P><STRONG><a name="[2]"></a>HardFault_Handler</STRONG> (Thumb, 4 bytes, Stack size 0 bytes, stm32f10x_it.o(i.HardFault_Handler))
<BR>[Address Reference Count : 1]<UL><LI> startup_stm32f10x_md.o(RESET)
</UL>
<P><STRONG><a name="[40]"></a>Key_GetNum</STRONG> (Thumb, 52 bytes, Stack size 16 bytes, key.o(i.Key_GetNum))
<BR><BR>[Stack]<UL><LI>Max Depth = 20<LI>Call Chain = Key_GetNum &rArr; Delay_ms
</UL>
<BR>[Calls]<UL><LI><a href="#[41]">&gt;&gt;</a>&nbsp;&nbsp;&nbsp;GPIO_ReadInputDataBit
<LI><a href="#[3e]">&gt;&gt;</a>&nbsp;&nbsp;&nbsp;Delay_ms
</UL>
<BR>[Called By]<UL><LI><a href="#[35]">&gt;&gt;</a>&nbsp;&nbsp;&nbsp;main
</UL>

<P><STRONG><a name="[42]"></a>Key_Init</STRONG> (Thumb, 40 bytes, Stack size 8 bytes, key.o(i.Key_Init))
<BR><BR>[Stack]<UL><LI>Max Depth = 32<LI>Call Chain = Key_Init &rArr; GPIO_Init
</UL>
<BR>[Calls]<UL><LI><a href="#[44]">&gt;&gt;</a>&nbsp;&nbsp;&nbsp;GPIO_Init
<LI><a href="#[43]">&gt;&gt;</a>&nbsp;&nbsp;&nbsp;RCC_APB2PeriphClockCmd
</UL>
<BR>[Called By]<UL><LI><a href="#[35]">&gt;&gt;</a>&nbsp;&nbsp;&nbsp;main
</UL>

<P><STRONG><a name="[45]"></a>LD2410B_GetState</STRONG> (Thumb, 20 bytes, Stack size 8 bytes, ld2410b.o(i.LD2410B_GetState))
<BR><BR>[Stack]<UL><LI>Max Depth = 8<LI>Call Chain = LD2410B_GetState
</UL>
<BR>[Calls]<UL><LI><a href="#[41]">&gt;&gt;</a>&nbsp;&nbsp;&nbsp;GPIO_ReadInputDataBit
</UL>
<BR>[Called By]<UL><LI><a href="#[35]">&gt;&gt;</a>&nbsp;&nbsp;&nbsp;main
</UL>

<P><STRONG><a name="[46]"></a>LD2410B_Init</STRONG> (Thumb, 40 bytes, Stack size 8 bytes, ld2410b.o(i.LD2410B_Init))
<BR><BR>[Stack]<UL><LI>Max Depth = 32<LI>Call Chain = LD2410B_Init &rArr; GPIO_Init
</UL>
<BR>[Calls]<UL><LI><a href="#[44]">&gt;&gt;</a>&nbsp;&nbsp;&nbsp;GPIO_Init
<LI><a href="#[43]">&gt;&gt;</a>&nbsp;&nbsp;&nbsp;RCC_APB2PeriphClockCmd
</UL>
<BR>[Called By]<UL><LI><a href="#[35]">&gt;&gt;</a>&nbsp;&nbsp;&nbsp;main
</UL>

<P><STRONG><a name="[47]"></a>LED1_Dec</STRONG> (Thumb, 70 bytes, Stack size 8 bytes, led.o(i.LED1_Dec))
<BR><BR>[Stack]<UL><LI>Max Depth = 104<LI>Call Chain = LED1_Dec &rArr; OLED_ShowNum &rArr; OLED_ShowChar &rArr; OLED_SetCursor &rArr; OLED_WriteCommand &rArr; OLED_I2C_SendByte
</UL>
<BR>[Calls]<UL><LI><a href="#[48]">&gt;&gt;</a>&nbsp;&nbsp;&nbsp;PWM_SetCompare3
<LI><a href="#[49]">&gt;&gt;</a>&nbsp;&nbsp;&nbsp;OLED_ShowString
<LI><a href="#[4a]">&gt;&gt;</a>&nbsp;&nbsp;&nbsp;OLED_ShowNum
</UL>
<BR>[Called By]<UL><LI><a href="#[35]">&gt;&gt;</a>&nbsp;&nbsp;&nbsp;main
</UL>

<P><STRONG><a name="[4b]"></a>LED1_Inc</STRONG> (Thumb, 62 bytes, Stack size 8 bytes, led.o(i.LED1_Inc))
<BR><BR>[Stack]<UL><LI>Max Depth = 104<LI>Call Chain = LED1_Inc &rArr; OLED_ShowNum &rArr; OLED_ShowChar &rArr; OLED_SetCursor &rArr; OLED_WriteCommand &rArr; OLED_I2C_SendByte
</UL>
<BR>[Calls]<UL><LI><a href="#[48]">&gt;&gt;</a>&nbsp;&nbsp;&nbsp;PWM_SetCompare3
<LI><a href="#[49]">&gt;&gt;</a>&nbsp;&nbsp;&nbsp;OLED_ShowString
<LI><a href="#[4a]">&gt;&gt;</a>&nbsp;&nbsp;&nbsp;OLED_ShowNum
</UL>
<BR>[Called By]<UL><LI><a href="#[35]">&gt;&gt;</a>&nbsp;&nbsp;&nbsp;main
</UL>

<P><STRONG><a name="[4c]"></a>LED1_OFF</STRONG> (Thumb, 42 bytes, Stack size 8 bytes, led.o(i.LED1_OFF))
<BR><BR>[Stack]<UL><LI>Max Depth = 104<LI>Call Chain = LED1_OFF &rArr; OLED_ShowNum &rArr; OLED_ShowChar &rArr; OLED_SetCursor &rArr; OLED_WriteCommand &rArr; OLED_I2C_SendByte
</UL>
<BR>[Calls]<UL><LI><a href="#[48]">&gt;&gt;</a>&nbsp;&nbsp;&nbsp;PWM_SetCompare3
<LI><a href="#[49]">&gt;&gt;</a>&nbsp;&nbsp;&nbsp;OLED_ShowString
<LI><a href="#[4a]">&gt;&gt;</a>&nbsp;&nbsp;&nbsp;OLED_ShowNum
</UL>
<BR>[Called By]<UL><LI><a href="#[35]">&gt;&gt;</a>&nbsp;&nbsp;&nbsp;main
</UL>

<P><STRONG><a name="[4d]"></a>LED1_ON</STRONG> (Thumb, 44 bytes, Stack size 8 bytes, led.o(i.LED1_ON))
<BR><BR>[Stack]<UL><LI>Max Depth = 104<LI>Call Chain = LED1_ON &rArr; OLED_ShowNum &rArr; OLED_ShowChar &rArr; OLED_SetCursor &rArr; OLED_WriteCommand &rArr; OLED_I2C_SendByte
</UL>
<BR>[Calls]<UL><LI><a href="#[48]">&gt;&gt;</a>&nbsp;&nbsp;&nbsp;PWM_SetCompare3
<LI><a href="#[49]">&gt;&gt;</a>&nbsp;&nbsp;&nbsp;OLED_ShowString
<LI><a href="#[4a]">&gt;&gt;</a>&nbsp;&nbsp;&nbsp;OLED_ShowNum
</UL>
<BR>[Called By]<UL><LI><a href="#[35]">&gt;&gt;</a>&nbsp;&nbsp;&nbsp;main
</UL>

<P><STRONG><a name="[4e]"></a>LED1_Turn</STRONG> (Thumb, 90 bytes, Stack size 8 bytes, led.o(i.LED1_Turn))
<BR><BR>[Stack]<UL><LI>Max Depth = 104<LI>Call Chain = LED1_Turn &rArr; OLED_ShowNum &rArr; OLED_ShowChar &rArr; OLED_SetCursor &rArr; OLED_WriteCommand &rArr; OLED_I2C_SendByte
</UL>
<BR>[Calls]<UL><LI><a href="#[48]">&gt;&gt;</a>&nbsp;&nbsp;&nbsp;PWM_SetCompare3
<LI><a href="#[49]">&gt;&gt;</a>&nbsp;&nbsp;&nbsp;OLED_ShowString
<LI><a href="#[4a]">&gt;&gt;</a>&nbsp;&nbsp;&nbsp;OLED_ShowNum
</UL>
<BR>[Called By]<UL><LI><a href="#[35]">&gt;&gt;</a>&nbsp;&nbsp;&nbsp;main
</UL>

<P><STRONG><a name="[4f]"></a>LED_Init</STRONG> (Thumb, 8 bytes, Stack size 8 bytes, led.o(i.LED_Init))
<BR><BR>[Stack]<UL><LI>Max Depth = 72<LI>Call Chain = LED_Init &rArr; PWM_Init &rArr; GPIO_Init
</UL>
<BR>[Calls]<UL><LI><a href="#[50]">&gt;&gt;</a>&nbsp;&nbsp;&nbsp;PWM_Init
</UL>
<BR>[Called By]<UL><LI><a href="#[35]">&gt;&gt;</a>&nbsp;&nbsp;&nbsp;main
</UL>

<P><STRONG><a name="[3]"></a>MemManage_Handler</STRONG> (Thumb, 4 bytes, Stack size 0 bytes, stm32f10x_it.o(i.MemManage_Handler))
<BR>[Address Reference Count : 1]<UL><LI> startup_stm32f10x_md.o(RESET)
</UL>
<P><STRONG><a name="[51]"></a>MyI2C_Init</STRONG> (Thumb, 50 bytes, Stack size 8 bytes, myi2c.o(i.MyI2C_Init))
<BR><BR>[Stack]<UL><LI>Max Depth = 32<LI>Call Chain = MyI2C_Init &rArr; GPIO_Init
</UL>
<BR>[Calls]<UL><LI><a href="#[52]">&gt;&gt;</a>&nbsp;&nbsp;&nbsp;GPIO_SetBits
<LI><a href="#[44]">&gt;&gt;</a>&nbsp;&nbsp;&nbsp;GPIO_Init
<LI><a href="#[43]">&gt;&gt;</a>&nbsp;&nbsp;&nbsp;RCC_APB2PeriphClockCmd
</UL>
<BR>[Called By]<UL><LI><a href="#[61]">&gt;&gt;</a>&nbsp;&nbsp;&nbsp;MyVL53L0X_Init
</UL>

<P><STRONG><a name="[53]"></a>MyI2C_R_SDA</STRONG> (Thumb, 24 bytes, Stack size 8 bytes, myi2c.o(i.MyI2C_R_SDA))
<BR><BR>[Stack]<UL><LI>Max Depth = 8<LI>Call Chain = MyI2C_R_SDA
</UL>
<BR>[Calls]<UL><LI><a href="#[41]">&gt;&gt;</a>&nbsp;&nbsp;&nbsp;GPIO_ReadInputDataBit
<LI><a href="#[3f]">&gt;&gt;</a>&nbsp;&nbsp;&nbsp;Delay_us
</UL>
<BR>[Called By]<UL><LI><a href="#[57]">&gt;&gt;</a>&nbsp;&nbsp;&nbsp;MyI2C_ReceiveByte
<LI><a href="#[54]">&gt;&gt;</a>&nbsp;&nbsp;&nbsp;MyI2C_ReceiveAck
</UL>

<P><STRONG><a name="[54]"></a>MyI2C_ReceiveAck</STRONG> (Thumb, 30 bytes, Stack size 8 bytes, myi2c.o(i.MyI2C_ReceiveAck))
<BR><BR>[Stack]<UL><LI>Max Depth = 16<LI>Call Chain = MyI2C_ReceiveAck &rArr; MyI2C_W_SDA
</UL>
<BR>[Calls]<UL><LI><a href="#[55]">&gt;&gt;</a>&nbsp;&nbsp;&nbsp;MyI2C_W_SDA
<LI><a href="#[56]">&gt;&gt;</a>&nbsp;&nbsp;&nbsp;MyI2C_W_SCL
<LI><a href="#[53]">&gt;&gt;</a>&nbsp;&nbsp;&nbsp;MyI2C_R_SDA
</UL>
<BR>[Called By]<UL><LI><a href="#[b7]">&gt;&gt;</a>&nbsp;&nbsp;&nbsp;VL53L0X_WriteMulti
<LI><a href="#[a1]">&gt;&gt;</a>&nbsp;&nbsp;&nbsp;VL53L0X_ReadMulti
</UL>

<P><STRONG><a name="[57]"></a>MyI2C_ReceiveByte</STRONG> (Thumb, 50 bytes, Stack size 16 bytes, myi2c.o(i.MyI2C_ReceiveByte))
<BR><BR>[Stack]<UL><LI>Max Depth = 24<LI>Call Chain = MyI2C_ReceiveByte &rArr; MyI2C_W_SDA
</UL>
<BR>[Calls]<UL><LI><a href="#[55]">&gt;&gt;</a>&nbsp;&nbsp;&nbsp;MyI2C_W_SDA
<LI><a href="#[56]">&gt;&gt;</a>&nbsp;&nbsp;&nbsp;MyI2C_W_SCL
<LI><a href="#[53]">&gt;&gt;</a>&nbsp;&nbsp;&nbsp;MyI2C_R_SDA
</UL>
<BR>[Called By]<UL><LI><a href="#[a1]">&gt;&gt;</a>&nbsp;&nbsp;&nbsp;VL53L0X_ReadMulti
</UL>

<P><STRONG><a name="[58]"></a>MyI2C_SendAck</STRONG> (Thumb, 24 bytes, Stack size 8 bytes, myi2c.o(i.MyI2C_SendAck))
<BR><BR>[Stack]<UL><LI>Max Depth = 16<LI>Call Chain = MyI2C_SendAck &rArr; MyI2C_W_SDA
</UL>
<BR>[Calls]<UL><LI><a href="#[55]">&gt;&gt;</a>&nbsp;&nbsp;&nbsp;MyI2C_W_SDA
<LI><a href="#[56]">&gt;&gt;</a>&nbsp;&nbsp;&nbsp;MyI2C_W_SCL
</UL>
<BR>[Called By]<UL><LI><a href="#[a1]">&gt;&gt;</a>&nbsp;&nbsp;&nbsp;VL53L0X_ReadMulti
</UL>

<P><STRONG><a name="[59]"></a>MyI2C_SendByte</STRONG> (Thumb, 50 bytes, Stack size 16 bytes, myi2c.o(i.MyI2C_SendByte))
<BR><BR>[Stack]<UL><LI>Max Depth = 24<LI>Call Chain = MyI2C_SendByte &rArr; MyI2C_W_SDA
</UL>
<BR>[Calls]<UL><LI><a href="#[55]">&gt;&gt;</a>&nbsp;&nbsp;&nbsp;MyI2C_W_SDA
<LI><a href="#[56]">&gt;&gt;</a>&nbsp;&nbsp;&nbsp;MyI2C_W_SCL
</UL>
<BR>[Called By]<UL><LI><a href="#[b7]">&gt;&gt;</a>&nbsp;&nbsp;&nbsp;VL53L0X_WriteMulti
<LI><a href="#[a1]">&gt;&gt;</a>&nbsp;&nbsp;&nbsp;VL53L0X_ReadMulti
</UL>

<P><STRONG><a name="[5a]"></a>MyI2C_Start</STRONG> (Thumb, 28 bytes, Stack size 8 bytes, myi2c.o(i.MyI2C_Start))
<BR><BR>[Stack]<UL><LI>Max Depth = 16<LI>Call Chain = MyI2C_Start &rArr; MyI2C_W_SDA
</UL>
<BR>[Calls]<UL><LI><a href="#[55]">&gt;&gt;</a>&nbsp;&nbsp;&nbsp;MyI2C_W_SDA
<LI><a href="#[56]">&gt;&gt;</a>&nbsp;&nbsp;&nbsp;MyI2C_W_SCL
</UL>
<BR>[Called By]<UL><LI><a href="#[b7]">&gt;&gt;</a>&nbsp;&nbsp;&nbsp;VL53L0X_WriteMulti
<LI><a href="#[a1]">&gt;&gt;</a>&nbsp;&nbsp;&nbsp;VL53L0X_ReadMulti
</UL>

<P><STRONG><a name="[5b]"></a>MyI2C_Stop</STRONG> (Thumb, 22 bytes, Stack size 8 bytes, myi2c.o(i.MyI2C_Stop))
<BR><BR>[Stack]<UL><LI>Max Depth = 16<LI>Call Chain = MyI2C_Stop &rArr; MyI2C_W_SDA
</UL>
<BR>[Calls]<UL><LI><a href="#[55]">&gt;&gt;</a>&nbsp;&nbsp;&nbsp;MyI2C_W_SDA
<LI><a href="#[56]">&gt;&gt;</a>&nbsp;&nbsp;&nbsp;MyI2C_W_SCL
</UL>
<BR>[Called By]<UL><LI><a href="#[b7]">&gt;&gt;</a>&nbsp;&nbsp;&nbsp;VL53L0X_WriteMulti
<LI><a href="#[a1]">&gt;&gt;</a>&nbsp;&nbsp;&nbsp;VL53L0X_ReadMulti
</UL>

<P><STRONG><a name="[56]"></a>MyI2C_W_SCL</STRONG> (Thumb, 24 bytes, Stack size 8 bytes, myi2c.o(i.MyI2C_W_SCL))
<BR><BR>[Stack]<UL><LI>Max Depth = 8<LI>Call Chain = MyI2C_W_SCL
</UL>
<BR>[Calls]<UL><LI><a href="#[5c]">&gt;&gt;</a>&nbsp;&nbsp;&nbsp;GPIO_WriteBit
<LI><a href="#[3f]">&gt;&gt;</a>&nbsp;&nbsp;&nbsp;Delay_us
</UL>
<BR>[Called By]<UL><LI><a href="#[5b]">&gt;&gt;</a>&nbsp;&nbsp;&nbsp;MyI2C_Stop
<LI><a href="#[5a]">&gt;&gt;</a>&nbsp;&nbsp;&nbsp;MyI2C_Start
<LI><a href="#[59]">&gt;&gt;</a>&nbsp;&nbsp;&nbsp;MyI2C_SendByte
<LI><a href="#[58]">&gt;&gt;</a>&nbsp;&nbsp;&nbsp;MyI2C_SendAck
<LI><a href="#[57]">&gt;&gt;</a>&nbsp;&nbsp;&nbsp;MyI2C_ReceiveByte
<LI><a href="#[54]">&gt;&gt;</a>&nbsp;&nbsp;&nbsp;MyI2C_ReceiveAck
</UL>

<P><STRONG><a name="[55]"></a>MyI2C_W_SDA</STRONG> (Thumb, 24 bytes, Stack size 8 bytes, myi2c.o(i.MyI2C_W_SDA))
<BR><BR>[Stack]<UL><LI>Max Depth = 8<LI>Call Chain = MyI2C_W_SDA
</UL>
<BR>[Calls]<UL><LI><a href="#[5c]">&gt;&gt;</a>&nbsp;&nbsp;&nbsp;GPIO_WriteBit
<LI><a href="#[3f]">&gt;&gt;</a>&nbsp;&nbsp;&nbsp;Delay_us
</UL>
<BR>[Called By]<UL><LI><a href="#[5b]">&gt;&gt;</a>&nbsp;&nbsp;&nbsp;MyI2C_Stop
<LI><a href="#[5a]">&gt;&gt;</a>&nbsp;&nbsp;&nbsp;MyI2C_Start
<LI><a href="#[59]">&gt;&gt;</a>&nbsp;&nbsp;&nbsp;MyI2C_SendByte
<LI><a href="#[58]">&gt;&gt;</a>&nbsp;&nbsp;&nbsp;MyI2C_SendAck
<LI><a href="#[57]">&gt;&gt;</a>&nbsp;&nbsp;&nbsp;MyI2C_ReceiveByte
<LI><a href="#[54]">&gt;&gt;</a>&nbsp;&nbsp;&nbsp;MyI2C_ReceiveAck
</UL>

<P><STRONG><a name="[5d]"></a>MyVL53L0X_GetDistance</STRONG> (Thumb, 72 bytes, Stack size 40 bytes, my_vl53l0x.o(i.MyVL53L0X_GetDistance))
<BR><BR>[Stack]<UL><LI>Max Depth = 784<LI>Call Chain = MyVL53L0X_GetDistance &rArr; VL53L0X_GetRangingMeasurementData &rArr; VL53L0X_get_pal_range_status &rArr; VL53L0X_calc_dmax &rArr; VL53L0X_GetDeviceParameters &rArr; VL53L0X_GetMeasurementTimingBudgetMicroSeconds &rArr; VL53L0X_get_measurement_timing_budget_micro_seconds &rArr; get_sequence_step_timeout &rArr; VL53L0X_GetVcselPulsePeriod &rArr; VL53L0X_get_vcsel_pulse_period &rArr; VL53L0X_RdByte &rArr; VL53L0X_ReadMulti &rArr; MyI2C_SendByte &rArr; MyI2C_W_SDA
</UL>
<BR>[Calls]<UL><LI><a href="#[5f]">&gt;&gt;</a>&nbsp;&nbsp;&nbsp;VL53L0X_GetRangingMeasurementData
<LI><a href="#[5e]">&gt;&gt;</a>&nbsp;&nbsp;&nbsp;VL53L0X_GetMeasurementDataReady
<LI><a href="#[60]">&gt;&gt;</a>&nbsp;&nbsp;&nbsp;VL53L0X_ClearInterruptMask
</UL>
<BR>[Called By]<UL><LI><a href="#[35]">&gt;&gt;</a>&nbsp;&nbsp;&nbsp;main
</UL>

<P><STRONG><a name="[61]"></a>MyVL53L0X_Init</STRONG> (Thumb, 98 bytes, Stack size 24 bytes, my_vl53l0x.o(i.MyVL53L0X_Init))
<BR><BR>[Stack]<UL><LI>Max Depth = 1136<LI>Call Chain = MyVL53L0X_Init &rArr; VL53L0X_StaticInit &rArr; VL53L0X_perform_ref_spad_management &rArr; perform_ref_signal_measurement &rArr; VL53L0X_PerformSingleRangingMeasurement &rArr; VL53L0X_GetRangingMeasurementData &rArr; VL53L0X_get_pal_range_status &rArr; VL53L0X_calc_dmax &rArr; VL53L0X_GetDeviceParameters &rArr; VL53L0X_GetMeasurementTimingBudgetMicroSeconds &rArr; VL53L0X_get_measurement_timing_budget_micro_seconds &rArr; get_sequence_step_timeout &rArr; VL53L0X_GetVcselPulsePeriod &rArr; VL53L0X_get_vcsel_pulse_period &rArr; VL53L0X_RdByte &rArr; VL53L0X_ReadMulti &rArr; MyI2C_SendByte &rArr; MyI2C_W_SDA
</UL>
<BR>[Calls]<UL><LI><a href="#[63]">&gt;&gt;</a>&nbsp;&nbsp;&nbsp;VL53L0X_StaticInit
<LI><a href="#[67]">&gt;&gt;</a>&nbsp;&nbsp;&nbsp;VL53L0X_StartMeasurement
<LI><a href="#[66]">&gt;&gt;</a>&nbsp;&nbsp;&nbsp;VL53L0X_SetDeviceMode
<LI><a href="#[65]">&gt;&gt;</a>&nbsp;&nbsp;&nbsp;VL53L0X_PerformRefSpadManagement
<LI><a href="#[64]">&gt;&gt;</a>&nbsp;&nbsp;&nbsp;VL53L0X_PerformRefCalibration
<LI><a href="#[62]">&gt;&gt;</a>&nbsp;&nbsp;&nbsp;VL53L0X_DataInit
<LI><a href="#[51]">&gt;&gt;</a>&nbsp;&nbsp;&nbsp;MyI2C_Init
</UL>
<BR>[Called By]<UL><LI><a href="#[35]">&gt;&gt;</a>&nbsp;&nbsp;&nbsp;main
</UL>

<P><STRONG><a name="[1]"></a>NMI_Handler</STRONG> (Thumb, 2 bytes, Stack size 0 bytes, stm32f10x_it.o(i.NMI_Handler))
<BR>[Address Reference Count : 1]<UL><LI> startup_stm32f10x_md.o(RESET)
</UL>
<P><STRONG><a name="[7e]"></a>NVIC_Init</STRONG> (Thumb, 100 bytes, Stack size 16 bytes, misc.o(i.NVIC_Init))
<BR><BR>[Stack]<UL><LI>Max Depth = 16<LI>Call Chain = NVIC_Init
</UL>
<BR>[Called By]<UL><LI><a href="#[7a]">&gt;&gt;</a>&nbsp;&nbsp;&nbsp;Serial_Init
</UL>

<P><STRONG><a name="[7d]"></a>NVIC_PriorityGroupConfig</STRONG> (Thumb, 10 bytes, Stack size 0 bytes, misc.o(i.NVIC_PriorityGroupConfig))
<BR><BR>[Called By]<UL><LI><a href="#[7a]">&gt;&gt;</a>&nbsp;&nbsp;&nbsp;Serial_Init
</UL>

<P><STRONG><a name="[68]"></a>OLED_Clear</STRONG> (Thumb, 42 bytes, Stack size 16 bytes, oled.o(i.OLED_Clear))
<BR><BR>[Stack]<UL><LI>Max Depth = 56<LI>Call Chain = OLED_Clear &rArr; OLED_SetCursor &rArr; OLED_WriteCommand &rArr; OLED_I2C_SendByte
</UL>
<BR>[Calls]<UL><LI><a href="#[6a]">&gt;&gt;</a>&nbsp;&nbsp;&nbsp;OLED_WriteData
<LI><a href="#[69]">&gt;&gt;</a>&nbsp;&nbsp;&nbsp;OLED_SetCursor
</UL>
<BR>[Called By]<UL><LI><a href="#[6f]">&gt;&gt;</a>&nbsp;&nbsp;&nbsp;OLED_Init
</UL>

<P><STRONG><a name="[6b]"></a>OLED_I2C_Init</STRONG> (Thumb, 76 bytes, Stack size 8 bytes, oled.o(i.OLED_I2C_Init))
<BR><BR>[Stack]<UL><LI>Max Depth = 32<LI>Call Chain = OLED_I2C_Init &rArr; GPIO_Init
</UL>
<BR>[Calls]<UL><LI><a href="#[5c]">&gt;&gt;</a>&nbsp;&nbsp;&nbsp;GPIO_WriteBit
<LI><a href="#[44]">&gt;&gt;</a>&nbsp;&nbsp;&nbsp;GPIO_Init
<LI><a href="#[43]">&gt;&gt;</a>&nbsp;&nbsp;&nbsp;RCC_APB2PeriphClockCmd
</UL>
<BR>[Called By]<UL><LI><a href="#[6f]">&gt;&gt;</a>&nbsp;&nbsp;&nbsp;OLED_Init
</UL>

<P><STRONG><a name="[6c]"></a>OLED_I2C_SendByte</STRONG> (Thumb, 88 bytes, Stack size 16 bytes, oled.o(i.OLED_I2C_SendByte))
<BR><BR>[Stack]<UL><LI>Max Depth = 16<LI>Call Chain = OLED_I2C_SendByte
</UL>
<BR>[Calls]<UL><LI><a href="#[5c]">&gt;&gt;</a>&nbsp;&nbsp;&nbsp;GPIO_WriteBit
</UL>
<BR>[Called By]<UL><LI><a href="#[6a]">&gt;&gt;</a>&nbsp;&nbsp;&nbsp;OLED_WriteData
<LI><a href="#[70]">&gt;&gt;</a>&nbsp;&nbsp;&nbsp;OLED_WriteCommand
</UL>

<P><STRONG><a name="[6d]"></a>OLED_I2C_Start</STRONG> (Thumb, 48 bytes, Stack size 8 bytes, oled.o(i.OLED_I2C_Start))
<BR><BR>[Stack]<UL><LI>Max Depth = 8<LI>Call Chain = OLED_I2C_Start
</UL>
<BR>[Calls]<UL><LI><a href="#[5c]">&gt;&gt;</a>&nbsp;&nbsp;&nbsp;GPIO_WriteBit
</UL>
<BR>[Called By]<UL><LI><a href="#[6a]">&gt;&gt;</a>&nbsp;&nbsp;&nbsp;OLED_WriteData
<LI><a href="#[70]">&gt;&gt;</a>&nbsp;&nbsp;&nbsp;OLED_WriteCommand
</UL>

<P><STRONG><a name="[6e]"></a>OLED_I2C_Stop</STRONG> (Thumb, 36 bytes, Stack size 8 bytes, oled.o(i.OLED_I2C_Stop))
<BR><BR>[Stack]<UL><LI>Max Depth = 8<LI>Call Chain = OLED_I2C_Stop
</UL>
<BR>[Calls]<UL><LI><a href="#[5c]">&gt;&gt;</a>&nbsp;&nbsp;&nbsp;GPIO_WriteBit
</UL>
<BR>[Called By]<UL><LI><a href="#[6a]">&gt;&gt;</a>&nbsp;&nbsp;&nbsp;OLED_WriteData
<LI><a href="#[70]">&gt;&gt;</a>&nbsp;&nbsp;&nbsp;OLED_WriteCommand
</UL>

<P><STRONG><a name="[6f]"></a>OLED_Init</STRONG> (Thumb, 174 bytes, Stack size 16 bytes, oled.o(i.OLED_Init))
<BR><BR>[Stack]<UL><LI>Max Depth = 72<LI>Call Chain = OLED_Init &rArr; OLED_Clear &rArr; OLED_SetCursor &rArr; OLED_WriteCommand &rArr; OLED_I2C_SendByte
</UL>
<BR>[Calls]<UL><LI><a href="#[70]">&gt;&gt;</a>&nbsp;&nbsp;&nbsp;OLED_WriteCommand
<LI><a href="#[6b]">&gt;&gt;</a>&nbsp;&nbsp;&nbsp;OLED_I2C_Init
<LI><a href="#[68]">&gt;&gt;</a>&nbsp;&nbsp;&nbsp;OLED_Clear
</UL>
<BR>[Called By]<UL><LI><a href="#[35]">&gt;&gt;</a>&nbsp;&nbsp;&nbsp;main
</UL>

<P><STRONG><a name="[72]"></a>OLED_Pow</STRONG> (Thumb, 20 bytes, Stack size 8 bytes, oled.o(i.OLED_Pow))
<BR><BR>[Stack]<UL><LI>Max Depth = 8<LI>Call Chain = OLED_Pow
</UL>
<BR>[Called By]<UL><LI><a href="#[4a]">&gt;&gt;</a>&nbsp;&nbsp;&nbsp;OLED_ShowNum
</UL>

<P><STRONG><a name="[69]"></a>OLED_SetCursor</STRONG> (Thumb, 34 bytes, Stack size 16 bytes, oled.o(i.OLED_SetCursor))
<BR><BR>[Stack]<UL><LI>Max Depth = 40<LI>Call Chain = OLED_SetCursor &rArr; OLED_WriteCommand &rArr; OLED_I2C_SendByte
</UL>
<BR>[Calls]<UL><LI><a href="#[70]">&gt;&gt;</a>&nbsp;&nbsp;&nbsp;OLED_WriteCommand
</UL>
<BR>[Called By]<UL><LI><a href="#[71]">&gt;&gt;</a>&nbsp;&nbsp;&nbsp;OLED_ShowChar
<LI><a href="#[68]">&gt;&gt;</a>&nbsp;&nbsp;&nbsp;OLED_Clear
</UL>

<P><STRONG><a name="[71]"></a>OLED_ShowChar</STRONG> (Thumb, 110 bytes, Stack size 24 bytes, oled.o(i.OLED_ShowChar))
<BR><BR>[Stack]<UL><LI>Max Depth = 64<LI>Call Chain = OLED_ShowChar &rArr; OLED_SetCursor &rArr; OLED_WriteCommand &rArr; OLED_I2C_SendByte
</UL>
<BR>[Calls]<UL><LI><a href="#[6a]">&gt;&gt;</a>&nbsp;&nbsp;&nbsp;OLED_WriteData
<LI><a href="#[69]">&gt;&gt;</a>&nbsp;&nbsp;&nbsp;OLED_SetCursor
</UL>
<BR>[Called By]<UL><LI><a href="#[49]">&gt;&gt;</a>&nbsp;&nbsp;&nbsp;OLED_ShowString
<LI><a href="#[4a]">&gt;&gt;</a>&nbsp;&nbsp;&nbsp;OLED_ShowNum
</UL>

<P><STRONG><a name="[4a]"></a>OLED_ShowNum</STRONG> (Thumb, 68 bytes, Stack size 32 bytes, oled.o(i.OLED_ShowNum))
<BR><BR>[Stack]<UL><LI>Max Depth = 96<LI>Call Chain = OLED_ShowNum &rArr; OLED_ShowChar &rArr; OLED_SetCursor &rArr; OLED_WriteCommand &rArr; OLED_I2C_SendByte
</UL>
<BR>[Calls]<UL><LI><a href="#[71]">&gt;&gt;</a>&nbsp;&nbsp;&nbsp;OLED_ShowChar
<LI><a href="#[72]">&gt;&gt;</a>&nbsp;&nbsp;&nbsp;OLED_Pow
</UL>
<BR>[Called By]<UL><LI><a href="#[35]">&gt;&gt;</a>&nbsp;&nbsp;&nbsp;main
<LI><a href="#[4e]">&gt;&gt;</a>&nbsp;&nbsp;&nbsp;LED1_Turn
<LI><a href="#[4d]">&gt;&gt;</a>&nbsp;&nbsp;&nbsp;LED1_ON
<LI><a href="#[4c]">&gt;&gt;</a>&nbsp;&nbsp;&nbsp;LED1_OFF
<LI><a href="#[4b]">&gt;&gt;</a>&nbsp;&nbsp;&nbsp;LED1_Inc
<LI><a href="#[47]">&gt;&gt;</a>&nbsp;&nbsp;&nbsp;LED1_Dec
</UL>

<P><STRONG><a name="[49]"></a>OLED_ShowString</STRONG> (Thumb, 40 bytes, Stack size 24 bytes, oled.o(i.OLED_ShowString))
<BR><BR>[Stack]<UL><LI>Max Depth = 88<LI>Call Chain = OLED_ShowString &rArr; OLED_ShowChar &rArr; OLED_SetCursor &rArr; OLED_WriteCommand &rArr; OLED_I2C_SendByte
</UL>
<BR>[Calls]<UL><LI><a href="#[71]">&gt;&gt;</a>&nbsp;&nbsp;&nbsp;OLED_ShowChar
</UL>
<BR>[Called By]<UL><LI><a href="#[35]">&gt;&gt;</a>&nbsp;&nbsp;&nbsp;main
<LI><a href="#[4e]">&gt;&gt;</a>&nbsp;&nbsp;&nbsp;LED1_Turn
<LI><a href="#[4d]">&gt;&gt;</a>&nbsp;&nbsp;&nbsp;LED1_ON
<LI><a href="#[4c]">&gt;&gt;</a>&nbsp;&nbsp;&nbsp;LED1_OFF
<LI><a href="#[4b]">&gt;&gt;</a>&nbsp;&nbsp;&nbsp;LED1_Inc
<LI><a href="#[47]">&gt;&gt;</a>&nbsp;&nbsp;&nbsp;LED1_Dec
</UL>

<P><STRONG><a name="[70]"></a>OLED_WriteCommand</STRONG> (Thumb, 32 bytes, Stack size 8 bytes, oled.o(i.OLED_WriteCommand))
<BR><BR>[Stack]<UL><LI>Max Depth = 24<LI>Call Chain = OLED_WriteCommand &rArr; OLED_I2C_SendByte
</UL>
<BR>[Calls]<UL><LI><a href="#[6e]">&gt;&gt;</a>&nbsp;&nbsp;&nbsp;OLED_I2C_Stop
<LI><a href="#[6d]">&gt;&gt;</a>&nbsp;&nbsp;&nbsp;OLED_I2C_Start
<LI><a href="#[6c]">&gt;&gt;</a>&nbsp;&nbsp;&nbsp;OLED_I2C_SendByte
</UL>
<BR>[Called By]<UL><LI><a href="#[69]">&gt;&gt;</a>&nbsp;&nbsp;&nbsp;OLED_SetCursor
<LI><a href="#[6f]">&gt;&gt;</a>&nbsp;&nbsp;&nbsp;OLED_Init
</UL>

<P><STRONG><a name="[6a]"></a>OLED_WriteData</STRONG> (Thumb, 32 bytes, Stack size 8 bytes, oled.o(i.OLED_WriteData))
<BR><BR>[Stack]<UL><LI>Max Depth = 24<LI>Call Chain = OLED_WriteData &rArr; OLED_I2C_SendByte
</UL>
<BR>[Calls]<UL><LI><a href="#[6e]">&gt;&gt;</a>&nbsp;&nbsp;&nbsp;OLED_I2C_Stop
<LI><a href="#[6d]">&gt;&gt;</a>&nbsp;&nbsp;&nbsp;OLED_I2C_Start
<LI><a href="#[6c]">&gt;&gt;</a>&nbsp;&nbsp;&nbsp;OLED_I2C_SendByte
</UL>
<BR>[Called By]<UL><LI><a href="#[71]">&gt;&gt;</a>&nbsp;&nbsp;&nbsp;OLED_ShowChar
<LI><a href="#[68]">&gt;&gt;</a>&nbsp;&nbsp;&nbsp;OLED_Clear
</UL>

<P><STRONG><a name="[50]"></a>PWM_Init</STRONG> (Thumb, 144 bytes, Stack size 40 bytes, pwm.o(i.PWM_Init))
<BR><BR>[Stack]<UL><LI>Max Depth = 64<LI>Call Chain = PWM_Init &rArr; GPIO_Init
</UL>
<BR>[Calls]<UL><LI><a href="#[44]">&gt;&gt;</a>&nbsp;&nbsp;&nbsp;GPIO_Init
<LI><a href="#[43]">&gt;&gt;</a>&nbsp;&nbsp;&nbsp;RCC_APB2PeriphClockCmd
<LI><a href="#[73]">&gt;&gt;</a>&nbsp;&nbsp;&nbsp;RCC_APB1PeriphClockCmd
<LI><a href="#[75]">&gt;&gt;</a>&nbsp;&nbsp;&nbsp;TIM_TimeBaseInit
<LI><a href="#[76]">&gt;&gt;</a>&nbsp;&nbsp;&nbsp;TIM_OCStructInit
<LI><a href="#[77]">&gt;&gt;</a>&nbsp;&nbsp;&nbsp;TIM_OC3Init
<LI><a href="#[74]">&gt;&gt;</a>&nbsp;&nbsp;&nbsp;TIM_InternalClockConfig
<LI><a href="#[78]">&gt;&gt;</a>&nbsp;&nbsp;&nbsp;TIM_Cmd
</UL>
<BR>[Called By]<UL><LI><a href="#[4f]">&gt;&gt;</a>&nbsp;&nbsp;&nbsp;LED_Init
</UL>

<P><STRONG><a name="[48]"></a>PWM_SetCompare3</STRONG> (Thumb, 16 bytes, Stack size 8 bytes, pwm.o(i.PWM_SetCompare3))
<BR><BR>[Stack]<UL><LI>Max Depth = 8<LI>Call Chain = PWM_SetCompare3
</UL>
<BR>[Calls]<UL><LI><a href="#[79]">&gt;&gt;</a>&nbsp;&nbsp;&nbsp;TIM_SetCompare3
</UL>
<BR>[Called By]<UL><LI><a href="#[4e]">&gt;&gt;</a>&nbsp;&nbsp;&nbsp;LED1_Turn
<LI><a href="#[4d]">&gt;&gt;</a>&nbsp;&nbsp;&nbsp;LED1_ON
<LI><a href="#[4c]">&gt;&gt;</a>&nbsp;&nbsp;&nbsp;LED1_OFF
<LI><a href="#[4b]">&gt;&gt;</a>&nbsp;&nbsp;&nbsp;LED1_Inc
<LI><a href="#[47]">&gt;&gt;</a>&nbsp;&nbsp;&nbsp;LED1_Dec
</UL>

<P><STRONG><a name="[8]"></a>PendSV_Handler</STRONG> (Thumb, 2 bytes, Stack size 0 bytes, stm32f10x_it.o(i.PendSV_Handler))
<BR>[Address Reference Count : 1]<UL><LI> startup_stm32f10x_md.o(RESET)
</UL>
<P><STRONG><a name="[73]"></a>RCC_APB1PeriphClockCmd</STRONG> (Thumb, 26 bytes, Stack size 0 bytes, stm32f10x_rcc.o(i.RCC_APB1PeriphClockCmd))
<BR><BR>[Called By]<UL><LI><a href="#[50]">&gt;&gt;</a>&nbsp;&nbsp;&nbsp;PWM_Init
</UL>

<P><STRONG><a name="[43]"></a>RCC_APB2PeriphClockCmd</STRONG> (Thumb, 26 bytes, Stack size 0 bytes, stm32f10x_rcc.o(i.RCC_APB2PeriphClockCmd))
<BR><BR>[Called By]<UL><LI><a href="#[51]">&gt;&gt;</a>&nbsp;&nbsp;&nbsp;MyI2C_Init
<LI><a href="#[46]">&gt;&gt;</a>&nbsp;&nbsp;&nbsp;LD2410B_Init
<LI><a href="#[7a]">&gt;&gt;</a>&nbsp;&nbsp;&nbsp;Serial_Init
<LI><a href="#[6b]">&gt;&gt;</a>&nbsp;&nbsp;&nbsp;OLED_I2C_Init
<LI><a href="#[42]">&gt;&gt;</a>&nbsp;&nbsp;&nbsp;Key_Init
<LI><a href="#[50]">&gt;&gt;</a>&nbsp;&nbsp;&nbsp;PWM_Init
</UL>

<P><STRONG><a name="[89]"></a>RCC_GetClocksFreq</STRONG> (Thumb, 192 bytes, Stack size 12 bytes, stm32f10x_rcc.o(i.RCC_GetClocksFreq))
<BR><BR>[Stack]<UL><LI>Max Depth = 12<LI>Call Chain = RCC_GetClocksFreq
</UL>
<BR>[Called By]<UL><LI><a href="#[7b]">&gt;&gt;</a>&nbsp;&nbsp;&nbsp;USART_Init
</UL>

<P><STRONG><a name="[6]"></a>SVC_Handler</STRONG> (Thumb, 2 bytes, Stack size 0 bytes, stm32f10x_it.o(i.SVC_Handler))
<BR>[Address Reference Count : 1]<UL><LI> startup_stm32f10x_md.o(RESET)
</UL>
<P><STRONG><a name="[7a]"></a>Serial_Init</STRONG> (Thumb, 174 bytes, Stack size 32 bytes, serial.o(i.Serial_Init))
<BR><BR>[Stack]<UL><LI>Max Depth = 100<LI>Call Chain = Serial_Init &rArr; USART_Init &rArr; RCC_GetClocksFreq
</UL>
<BR>[Calls]<UL><LI><a href="#[7d]">&gt;&gt;</a>&nbsp;&nbsp;&nbsp;NVIC_PriorityGroupConfig
<LI><a href="#[7e]">&gt;&gt;</a>&nbsp;&nbsp;&nbsp;NVIC_Init
<LI><a href="#[44]">&gt;&gt;</a>&nbsp;&nbsp;&nbsp;GPIO_Init
<LI><a href="#[43]">&gt;&gt;</a>&nbsp;&nbsp;&nbsp;RCC_APB2PeriphClockCmd
<LI><a href="#[7b]">&gt;&gt;</a>&nbsp;&nbsp;&nbsp;USART_Init
<LI><a href="#[7c]">&gt;&gt;</a>&nbsp;&nbsp;&nbsp;USART_ITConfig
<LI><a href="#[7f]">&gt;&gt;</a>&nbsp;&nbsp;&nbsp;USART_Cmd
</UL>
<BR>[Called By]<UL><LI><a href="#[35]">&gt;&gt;</a>&nbsp;&nbsp;&nbsp;main
</UL>

<P><STRONG><a name="[80]"></a>Serial_SendByte</STRONG> (Thumb, 28 bytes, Stack size 8 bytes, serial.o(i.Serial_SendByte))
<BR><BR>[Stack]<UL><LI>Max Depth = 8<LI>Call Chain = Serial_SendByte
</UL>
<BR>[Calls]<UL><LI><a href="#[81]">&gt;&gt;</a>&nbsp;&nbsp;&nbsp;USART_SendData
<LI><a href="#[82]">&gt;&gt;</a>&nbsp;&nbsp;&nbsp;USART_GetFlagStatus
</UL>
<BR>[Called By]<UL><LI><a href="#[83]">&gt;&gt;</a>&nbsp;&nbsp;&nbsp;Serial_SendString
</UL>

<P><STRONG><a name="[83]"></a>Serial_SendString</STRONG> (Thumb, 26 bytes, Stack size 16 bytes, serial.o(i.Serial_SendString))
<BR><BR>[Stack]<UL><LI>Max Depth = 24<LI>Call Chain = Serial_SendString &rArr; Serial_SendByte
</UL>
<BR>[Calls]<UL><LI><a href="#[80]">&gt;&gt;</a>&nbsp;&nbsp;&nbsp;Serial_SendByte
</UL>
<BR>[Called By]<UL><LI><a href="#[35]">&gt;&gt;</a>&nbsp;&nbsp;&nbsp;main
</UL>

<P><STRONG><a name="[9]"></a>SysTick_Handler</STRONG> (Thumb, 2 bytes, Stack size 0 bytes, stm32f10x_it.o(i.SysTick_Handler))
<BR>[Address Reference Count : 1]<UL><LI> startup_stm32f10x_md.o(RESET)
</UL>
<P><STRONG><a name="[36]"></a>SystemInit</STRONG> (Thumb, 78 bytes, Stack size 8 bytes, system_stm32f10x.o(i.SystemInit))
<BR><BR>[Stack]<UL><LI>Max Depth = 28<LI>Call Chain = SystemInit &rArr; SetSysClock &rArr; SetSysClockTo72
</UL>
<BR>[Calls]<UL><LI><a href="#[84]">&gt;&gt;</a>&nbsp;&nbsp;&nbsp;SetSysClock
</UL>
<BR>[Address Reference Count : 1]<UL><LI> startup_stm32f10x_md.o(.text)
</UL>
<P><STRONG><a name="[78]"></a>TIM_Cmd</STRONG> (Thumb, 24 bytes, Stack size 0 bytes, stm32f10x_tim.o(i.TIM_Cmd))
<BR><BR>[Called By]<UL><LI><a href="#[50]">&gt;&gt;</a>&nbsp;&nbsp;&nbsp;PWM_Init
</UL>

<P><STRONG><a name="[74]"></a>TIM_InternalClockConfig</STRONG> (Thumb, 12 bytes, Stack size 0 bytes, stm32f10x_tim.o(i.TIM_InternalClockConfig))
<BR><BR>[Called By]<UL><LI><a href="#[50]">&gt;&gt;</a>&nbsp;&nbsp;&nbsp;PWM_Init
</UL>

<P><STRONG><a name="[77]"></a>TIM_OC3Init</STRONG> (Thumb, 150 bytes, Stack size 16 bytes, stm32f10x_tim.o(i.TIM_OC3Init))
<BR><BR>[Stack]<UL><LI>Max Depth = 16<LI>Call Chain = TIM_OC3Init
</UL>
<BR>[Called By]<UL><LI><a href="#[50]">&gt;&gt;</a>&nbsp;&nbsp;&nbsp;PWM_Init
</UL>

<P><STRONG><a name="[76]"></a>TIM_OCStructInit</STRONG> (Thumb, 20 bytes, Stack size 0 bytes, stm32f10x_tim.o(i.TIM_OCStructInit))
<BR><BR>[Called By]<UL><LI><a href="#[50]">&gt;&gt;</a>&nbsp;&nbsp;&nbsp;PWM_Init
</UL>

<P><STRONG><a name="[79]"></a>TIM_SetCompare3</STRONG> (Thumb, 4 bytes, Stack size 0 bytes, stm32f10x_tim.o(i.TIM_SetCompare3))
<BR><BR>[Called By]<UL><LI><a href="#[48]">&gt;&gt;</a>&nbsp;&nbsp;&nbsp;PWM_SetCompare3
</UL>

<P><STRONG><a name="[75]"></a>TIM_TimeBaseInit</STRONG> (Thumb, 122 bytes, Stack size 0 bytes, stm32f10x_tim.o(i.TIM_TimeBaseInit))
<BR><BR>[Called By]<UL><LI><a href="#[50]">&gt;&gt;</a>&nbsp;&nbsp;&nbsp;PWM_Init
</UL>

<P><STRONG><a name="[2f]"></a>USART1_IRQHandler</STRONG> (Thumb, 142 bytes, Stack size 8 bytes, serial.o(i.USART1_IRQHandler))
<BR><BR>[Stack]<UL><LI>Max Depth = 24<LI>Call Chain = USART1_IRQHandler &rArr; USART_GetITStatus
</UL>
<BR>[Calls]<UL><LI><a href="#[87]">&gt;&gt;</a>&nbsp;&nbsp;&nbsp;USART_ReceiveData
<LI><a href="#[86]">&gt;&gt;</a>&nbsp;&nbsp;&nbsp;USART_GetITStatus
<LI><a href="#[88]">&gt;&gt;</a>&nbsp;&nbsp;&nbsp;USART_ClearITPendingBit
</UL>
<BR>[Address Reference Count : 1]<UL><LI> startup_stm32f10x_md.o(RESET)
</UL>
<P><STRONG><a name="[88]"></a>USART_ClearITPendingBit</STRONG> (Thumb, 30 bytes, Stack size 8 bytes, stm32f10x_usart.o(i.USART_ClearITPendingBit))
<BR><BR>[Stack]<UL><LI>Max Depth = 8<LI>Call Chain = USART_ClearITPendingBit
</UL>
<BR>[Called By]<UL><LI><a href="#[2f]">&gt;&gt;</a>&nbsp;&nbsp;&nbsp;USART1_IRQHandler
</UL>

<P><STRONG><a name="[7f]"></a>USART_Cmd</STRONG> (Thumb, 24 bytes, Stack size 0 bytes, stm32f10x_usart.o(i.USART_Cmd))
<BR><BR>[Called By]<UL><LI><a href="#[7a]">&gt;&gt;</a>&nbsp;&nbsp;&nbsp;Serial_Init
</UL>

<P><STRONG><a name="[82]"></a>USART_GetFlagStatus</STRONG> (Thumb, 26 bytes, Stack size 0 bytes, stm32f10x_usart.o(i.USART_GetFlagStatus))
<BR><BR>[Called By]<UL><LI><a href="#[80]">&gt;&gt;</a>&nbsp;&nbsp;&nbsp;Serial_SendByte
</UL>

<P><STRONG><a name="[86]"></a>USART_GetITStatus</STRONG> (Thumb, 84 bytes, Stack size 16 bytes, stm32f10x_usart.o(i.USART_GetITStatus))
<BR><BR>[Stack]<UL><LI>Max Depth = 16<LI>Call Chain = USART_GetITStatus
</UL>
<BR>[Called By]<UL><LI><a href="#[2f]">&gt;&gt;</a>&nbsp;&nbsp;&nbsp;USART1_IRQHandler
</UL>

<P><STRONG><a name="[7c]"></a>USART_ITConfig</STRONG> (Thumb, 74 bytes, Stack size 20 bytes, stm32f10x_usart.o(i.USART_ITConfig))
<BR><BR>[Stack]<UL><LI>Max Depth = 20<LI>Call Chain = USART_ITConfig
</UL>
<BR>[Called By]<UL><LI><a href="#[7a]">&gt;&gt;</a>&nbsp;&nbsp;&nbsp;Serial_Init
</UL>

<P><STRONG><a name="[7b]"></a>USART_Init</STRONG> (Thumb, 210 bytes, Stack size 56 bytes, stm32f10x_usart.o(i.USART_Init))
<BR><BR>[Stack]<UL><LI>Max Depth = 68<LI>Call Chain = USART_Init &rArr; RCC_GetClocksFreq
</UL>
<BR>[Calls]<UL><LI><a href="#[89]">&gt;&gt;</a>&nbsp;&nbsp;&nbsp;RCC_GetClocksFreq
</UL>
<BR>[Called By]<UL><LI><a href="#[7a]">&gt;&gt;</a>&nbsp;&nbsp;&nbsp;Serial_Init
</UL>

<P><STRONG><a name="[87]"></a>USART_ReceiveData</STRONG> (Thumb, 10 bytes, Stack size 0 bytes, stm32f10x_usart.o(i.USART_ReceiveData))
<BR><BR>[Called By]<UL><LI><a href="#[2f]">&gt;&gt;</a>&nbsp;&nbsp;&nbsp;USART1_IRQHandler
</UL>

<P><STRONG><a name="[81]"></a>USART_SendData</STRONG> (Thumb, 8 bytes, Stack size 0 bytes, stm32f10x_usart.o(i.USART_SendData))
<BR><BR>[Called By]<UL><LI><a href="#[80]">&gt;&gt;</a>&nbsp;&nbsp;&nbsp;Serial_SendByte
</UL>

<P><STRONG><a name="[5]"></a>UsageFault_Handler</STRONG> (Thumb, 4 bytes, Stack size 0 bytes, stm32f10x_it.o(i.UsageFault_Handler))
<BR>[Address Reference Count : 1]<UL><LI> startup_stm32f10x_md.o(RESET)
</UL>
<P><STRONG><a name="[8a]"></a>VL53L0X_CheckAndLoadInterruptSettings</STRONG> (Thumb, 290 bytes, Stack size 32 bytes, vl53l0x_api.o(i.VL53L0X_CheckAndLoadInterruptSettings))
<BR><BR>[Stack]<UL><LI>Max Depth = 136<LI>Call Chain = VL53L0X_CheckAndLoadInterruptSettings &rArr; VL53L0X_load_tuning_settings &rArr; VL53L0X_WriteMulti &rArr; MyI2C_SendByte &rArr; MyI2C_W_SDA
</UL>
<BR>[Calls]<UL><LI><a href="#[8c]">&gt;&gt;</a>&nbsp;&nbsp;&nbsp;VL53L0X_load_tuning_settings
<LI><a href="#[8d]">&gt;&gt;</a>&nbsp;&nbsp;&nbsp;VL53L0X_WrByte
<LI><a href="#[8b]">&gt;&gt;</a>&nbsp;&nbsp;&nbsp;VL53L0X_GetInterruptThresholds
</UL>
<BR>[Called By]<UL><LI><a href="#[67]">&gt;&gt;</a>&nbsp;&nbsp;&nbsp;VL53L0X_StartMeasurement
</UL>

<P><STRONG><a name="[60]"></a>VL53L0X_ClearInterruptMask</STRONG> (Thumb, 82 bytes, Stack size 24 bytes, vl53l0x_api.o(i.VL53L0X_ClearInterruptMask))
<BR><BR>[Stack]<UL><LI>Max Depth = 96<LI>Call Chain = VL53L0X_ClearInterruptMask &rArr; VL53L0X_WrByte &rArr; VL53L0X_WriteMulti &rArr; MyI2C_SendByte &rArr; MyI2C_W_SDA
</UL>
<BR>[Calls]<UL><LI><a href="#[8d]">&gt;&gt;</a>&nbsp;&nbsp;&nbsp;VL53L0X_WrByte
<LI><a href="#[8e]">&gt;&gt;</a>&nbsp;&nbsp;&nbsp;VL53L0X_RdByte
</UL>
<BR>[Called By]<UL><LI><a href="#[5d]">&gt;&gt;</a>&nbsp;&nbsp;&nbsp;MyVL53L0X_GetDistance
<LI><a href="#[c6]">&gt;&gt;</a>&nbsp;&nbsp;&nbsp;VL53L0X_perform_single_ref_calibration
<LI><a href="#[ad]">&gt;&gt;</a>&nbsp;&nbsp;&nbsp;VL53L0X_SetGpioConfig
<LI><a href="#[ab]">&gt;&gt;</a>&nbsp;&nbsp;&nbsp;VL53L0X_PerformSingleRangingMeasurement
</UL>

<P><STRONG><a name="[62]"></a>VL53L0X_DataInit</STRONG> (Thumb, 464 bytes, Stack size 144 bytes, vl53l0x_api.o(i.VL53L0X_DataInit))
<BR><BR>[Stack]<UL><LI>Max Depth = 424<LI>Call Chain = VL53L0X_DataInit &rArr; VL53L0X_GetDeviceParameters &rArr; VL53L0X_GetMeasurementTimingBudgetMicroSeconds &rArr; VL53L0X_get_measurement_timing_budget_micro_seconds &rArr; get_sequence_step_timeout &rArr; VL53L0X_GetVcselPulsePeriod &rArr; VL53L0X_get_vcsel_pulse_period &rArr; VL53L0X_RdByte &rArr; VL53L0X_ReadMulti &rArr; MyI2C_SendByte &rArr; MyI2C_W_SDA
</UL>
<BR>[Calls]<UL><LI><a href="#[90]">&gt;&gt;</a>&nbsp;&nbsp;&nbsp;__aeabi_memcpy4
<LI><a href="#[8d]">&gt;&gt;</a>&nbsp;&nbsp;&nbsp;VL53L0X_WrByte
<LI><a href="#[8e]">&gt;&gt;</a>&nbsp;&nbsp;&nbsp;VL53L0X_RdByte
<LI><a href="#[92]">&gt;&gt;</a>&nbsp;&nbsp;&nbsp;VL53L0X_SetLimitCheckValue
<LI><a href="#[91]">&gt;&gt;</a>&nbsp;&nbsp;&nbsp;VL53L0X_SetLimitCheckEnable
<LI><a href="#[8f]">&gt;&gt;</a>&nbsp;&nbsp;&nbsp;VL53L0X_GetDeviceParameters
</UL>
<BR>[Called By]<UL><LI><a href="#[61]">&gt;&gt;</a>&nbsp;&nbsp;&nbsp;MyVL53L0X_Init
</UL>

<P><STRONG><a name="[93]"></a>VL53L0X_GetDeviceMode</STRONG> (Thumb, 10 bytes, Stack size 0 bytes, vl53l0x_api.o(i.VL53L0X_GetDeviceMode))
<BR><BR>[Called By]<UL><LI><a href="#[67]">&gt;&gt;</a>&nbsp;&nbsp;&nbsp;VL53L0X_StartMeasurement
<LI><a href="#[a9]">&gt;&gt;</a>&nbsp;&nbsp;&nbsp;VL53L0X_PerformSingleMeasurement
<LI><a href="#[8f]">&gt;&gt;</a>&nbsp;&nbsp;&nbsp;VL53L0X_GetDeviceParameters
</UL>

<P><STRONG><a name="[8f]"></a>VL53L0X_GetDeviceParameters</STRONG> (Thumb, 204 bytes, Stack size 24 bytes, vl53l0x_api.o(i.VL53L0X_GetDeviceParameters))
<BR><BR>[Stack]<UL><LI>Max Depth = 280<LI>Call Chain = VL53L0X_GetDeviceParameters &rArr; VL53L0X_GetMeasurementTimingBudgetMicroSeconds &rArr; VL53L0X_get_measurement_timing_budget_micro_seconds &rArr; get_sequence_step_timeout &rArr; VL53L0X_GetVcselPulsePeriod &rArr; VL53L0X_get_vcsel_pulse_period &rArr; VL53L0X_RdByte &rArr; VL53L0X_ReadMulti &rArr; MyI2C_SendByte &rArr; MyI2C_W_SDA
</UL>
<BR>[Calls]<UL><LI><a href="#[95]">&gt;&gt;</a>&nbsp;&nbsp;&nbsp;VL53L0X_GetXTalkCompensationRateMegaCps
<LI><a href="#[99]">&gt;&gt;</a>&nbsp;&nbsp;&nbsp;VL53L0X_GetWrapAroundCheckEnable
<LI><a href="#[96]">&gt;&gt;</a>&nbsp;&nbsp;&nbsp;VL53L0X_GetOffsetCalibrationDataMicroMeter
<LI><a href="#[9a]">&gt;&gt;</a>&nbsp;&nbsp;&nbsp;VL53L0X_GetMeasurementTimingBudgetMicroSeconds
<LI><a href="#[97]">&gt;&gt;</a>&nbsp;&nbsp;&nbsp;VL53L0X_GetLimitCheckValue
<LI><a href="#[98]">&gt;&gt;</a>&nbsp;&nbsp;&nbsp;VL53L0X_GetLimitCheckEnable
<LI><a href="#[94]">&gt;&gt;</a>&nbsp;&nbsp;&nbsp;VL53L0X_GetInterMeasurementPeriodMilliSeconds
<LI><a href="#[93]">&gt;&gt;</a>&nbsp;&nbsp;&nbsp;VL53L0X_GetDeviceMode
</UL>
<BR>[Called By]<UL><LI><a href="#[63]">&gt;&gt;</a>&nbsp;&nbsp;&nbsp;VL53L0X_StaticInit
<LI><a href="#[62]">&gt;&gt;</a>&nbsp;&nbsp;&nbsp;VL53L0X_DataInit
<LI><a href="#[b8]">&gt;&gt;</a>&nbsp;&nbsp;&nbsp;VL53L0X_calc_dmax
</UL>

<P><STRONG><a name="[9b]"></a>VL53L0X_GetFractionEnable</STRONG> (Thumb, 34 bytes, Stack size 16 bytes, vl53l0x_api.o(i.VL53L0X_GetFractionEnable))
<BR><BR>[Stack]<UL><LI>Max Depth = 80<LI>Call Chain = VL53L0X_GetFractionEnable &rArr; VL53L0X_RdByte &rArr; VL53L0X_ReadMulti &rArr; MyI2C_SendByte &rArr; MyI2C_W_SDA
</UL>
<BR>[Calls]<UL><LI><a href="#[8e]">&gt;&gt;</a>&nbsp;&nbsp;&nbsp;VL53L0X_RdByte
</UL>
<BR>[Called By]<UL><LI><a href="#[63]">&gt;&gt;</a>&nbsp;&nbsp;&nbsp;VL53L0X_StaticInit
</UL>

<P><STRONG><a name="[94]"></a>VL53L0X_GetInterMeasurementPeriodMilliSeconds</STRONG> (Thumb, 62 bytes, Stack size 24 bytes, vl53l0x_api.o(i.VL53L0X_GetInterMeasurementPeriodMilliSeconds))
<BR><BR>[Stack]<UL><LI>Max Depth = 96<LI>Call Chain = VL53L0X_GetInterMeasurementPeriodMilliSeconds &rArr; VL53L0X_RdWord &rArr; VL53L0X_ReadMulti &rArr; MyI2C_SendByte &rArr; MyI2C_W_SDA
</UL>
<BR>[Calls]<UL><LI><a href="#[9c]">&gt;&gt;</a>&nbsp;&nbsp;&nbsp;VL53L0X_RdWord
<LI><a href="#[9d]">&gt;&gt;</a>&nbsp;&nbsp;&nbsp;VL53L0X_RdDWord
</UL>
<BR>[Called By]<UL><LI><a href="#[8f]">&gt;&gt;</a>&nbsp;&nbsp;&nbsp;VL53L0X_GetDeviceParameters
</UL>

<P><STRONG><a name="[9e]"></a>VL53L0X_GetInterruptMaskStatus</STRONG> (Thumb, 48 bytes, Stack size 24 bytes, vl53l0x_api.o(i.VL53L0X_GetInterruptMaskStatus))
<BR><BR>[Stack]<UL><LI>Max Depth = 88<LI>Call Chain = VL53L0X_GetInterruptMaskStatus &rArr; VL53L0X_RdByte &rArr; VL53L0X_ReadMulti &rArr; MyI2C_SendByte &rArr; MyI2C_W_SDA
</UL>
<BR>[Calls]<UL><LI><a href="#[8e]">&gt;&gt;</a>&nbsp;&nbsp;&nbsp;VL53L0X_RdByte
</UL>
<BR>[Called By]<UL><LI><a href="#[5e]">&gt;&gt;</a>&nbsp;&nbsp;&nbsp;VL53L0X_GetMeasurementDataReady
</UL>

<P><STRONG><a name="[8b]"></a>VL53L0X_GetInterruptThresholds</STRONG> (Thumb, 66 bytes, Stack size 32 bytes, vl53l0x_api.o(i.VL53L0X_GetInterruptThresholds))
<BR><BR>[Stack]<UL><LI>Max Depth = 104<LI>Call Chain = VL53L0X_GetInterruptThresholds &rArr; VL53L0X_RdWord &rArr; VL53L0X_ReadMulti &rArr; MyI2C_SendByte &rArr; MyI2C_W_SDA
</UL>
<BR>[Calls]<UL><LI><a href="#[9c]">&gt;&gt;</a>&nbsp;&nbsp;&nbsp;VL53L0X_RdWord
</UL>
<BR>[Called By]<UL><LI><a href="#[8a]">&gt;&gt;</a>&nbsp;&nbsp;&nbsp;VL53L0X_CheckAndLoadInterruptSettings
</UL>

<P><STRONG><a name="[98]"></a>VL53L0X_GetLimitCheckEnable</STRONG> (Thumb, 28 bytes, Stack size 12 bytes, vl53l0x_api.o(i.VL53L0X_GetLimitCheckEnable))
<BR><BR>[Stack]<UL><LI>Max Depth = 12<LI>Call Chain = VL53L0X_GetLimitCheckEnable
</UL>
<BR>[Called By]<UL><LI><a href="#[a2]">&gt;&gt;</a>&nbsp;&nbsp;&nbsp;VL53L0X_get_pal_range_status
<LI><a href="#[8f]">&gt;&gt;</a>&nbsp;&nbsp;&nbsp;VL53L0X_GetDeviceParameters
</UL>

<P><STRONG><a name="[97]"></a>VL53L0X_GetLimitCheckValue</STRONG> (Thumb, 182 bytes, Stack size 32 bytes, vl53l0x_api.o(i.VL53L0X_GetLimitCheckValue))
<BR><BR>[Stack]<UL><LI>Max Depth = 104<LI>Call Chain = VL53L0X_GetLimitCheckValue &rArr; VL53L0X_RdWord &rArr; VL53L0X_ReadMulti &rArr; MyI2C_SendByte &rArr; MyI2C_W_SDA
</UL>
<BR>[Calls]<UL><LI><a href="#[9c]">&gt;&gt;</a>&nbsp;&nbsp;&nbsp;VL53L0X_RdWord
</UL>
<BR>[Called By]<UL><LI><a href="#[a2]">&gt;&gt;</a>&nbsp;&nbsp;&nbsp;VL53L0X_get_pal_range_status
<LI><a href="#[8f]">&gt;&gt;</a>&nbsp;&nbsp;&nbsp;VL53L0X_GetDeviceParameters
</UL>

<P><STRONG><a name="[5e]"></a>VL53L0X_GetMeasurementDataReady</STRONG> (Thumb, 88 bytes, Stack size 32 bytes, vl53l0x_api.o(i.VL53L0X_GetMeasurementDataReady))
<BR><BR>[Stack]<UL><LI>Max Depth = 120<LI>Call Chain = VL53L0X_GetMeasurementDataReady &rArr; VL53L0X_GetInterruptMaskStatus &rArr; VL53L0X_RdByte &rArr; VL53L0X_ReadMulti &rArr; MyI2C_SendByte &rArr; MyI2C_W_SDA
</UL>
<BR>[Calls]<UL><LI><a href="#[8e]">&gt;&gt;</a>&nbsp;&nbsp;&nbsp;VL53L0X_RdByte
<LI><a href="#[9e]">&gt;&gt;</a>&nbsp;&nbsp;&nbsp;VL53L0X_GetInterruptMaskStatus
</UL>
<BR>[Called By]<UL><LI><a href="#[5d]">&gt;&gt;</a>&nbsp;&nbsp;&nbsp;MyVL53L0X_GetDistance
<LI><a href="#[aa]">&gt;&gt;</a>&nbsp;&nbsp;&nbsp;VL53L0X_measurement_poll_for_completion
</UL>

<P><STRONG><a name="[9a]"></a>VL53L0X_GetMeasurementTimingBudgetMicroSeconds</STRONG> (Thumb, 22 bytes, Stack size 16 bytes, vl53l0x_api.o(i.VL53L0X_GetMeasurementTimingBudgetMicroSeconds))
<BR><BR>[Stack]<UL><LI>Max Depth = 256<LI>Call Chain = VL53L0X_GetMeasurementTimingBudgetMicroSeconds &rArr; VL53L0X_get_measurement_timing_budget_micro_seconds &rArr; get_sequence_step_timeout &rArr; VL53L0X_GetVcselPulsePeriod &rArr; VL53L0X_get_vcsel_pulse_period &rArr; VL53L0X_RdByte &rArr; VL53L0X_ReadMulti &rArr; MyI2C_SendByte &rArr; MyI2C_W_SDA
</UL>
<BR>[Calls]<UL><LI><a href="#[9f]">&gt;&gt;</a>&nbsp;&nbsp;&nbsp;VL53L0X_get_measurement_timing_budget_micro_seconds
</UL>
<BR>[Called By]<UL><LI><a href="#[8f]">&gt;&gt;</a>&nbsp;&nbsp;&nbsp;VL53L0X_GetDeviceParameters
</UL>

<P><STRONG><a name="[96]"></a>VL53L0X_GetOffsetCalibrationDataMicroMeter</STRONG> (Thumb, 22 bytes, Stack size 16 bytes, vl53l0x_api.o(i.VL53L0X_GetOffsetCalibrationDataMicroMeter))
<BR><BR>[Stack]<UL><LI>Max Depth = 120<LI>Call Chain = VL53L0X_GetOffsetCalibrationDataMicroMeter &rArr; VL53L0X_get_offset_calibration_data_micro_meter &rArr; VL53L0X_RdWord &rArr; VL53L0X_ReadMulti &rArr; MyI2C_SendByte &rArr; MyI2C_W_SDA
</UL>
<BR>[Calls]<UL><LI><a href="#[a0]">&gt;&gt;</a>&nbsp;&nbsp;&nbsp;VL53L0X_get_offset_calibration_data_micro_meter
</UL>
<BR>[Called By]<UL><LI><a href="#[8f]">&gt;&gt;</a>&nbsp;&nbsp;&nbsp;VL53L0X_GetDeviceParameters
</UL>

<P><STRONG><a name="[5f]"></a>VL53L0X_GetRangingMeasurementData</STRONG> (Thumb, 366 bytes, Stack size 112 bytes, vl53l0x_api.o(i.VL53L0X_GetRangingMeasurementData))
<BR><BR>[Stack]<UL><LI>Max Depth = 744<LI>Call Chain = VL53L0X_GetRangingMeasurementData &rArr; VL53L0X_get_pal_range_status &rArr; VL53L0X_calc_dmax &rArr; VL53L0X_GetDeviceParameters &rArr; VL53L0X_GetMeasurementTimingBudgetMicroSeconds &rArr; VL53L0X_get_measurement_timing_budget_micro_seconds &rArr; get_sequence_step_timeout &rArr; VL53L0X_GetVcselPulsePeriod &rArr; VL53L0X_get_vcsel_pulse_period &rArr; VL53L0X_RdByte &rArr; VL53L0X_ReadMulti &rArr; MyI2C_SendByte &rArr; MyI2C_W_SDA
</UL>
<BR>[Calls]<UL><LI><a href="#[90]">&gt;&gt;</a>&nbsp;&nbsp;&nbsp;__aeabi_memcpy4
<LI><a href="#[a2]">&gt;&gt;</a>&nbsp;&nbsp;&nbsp;VL53L0X_get_pal_range_status
<LI><a href="#[a1]">&gt;&gt;</a>&nbsp;&nbsp;&nbsp;VL53L0X_ReadMulti
</UL>
<BR>[Called By]<UL><LI><a href="#[5d]">&gt;&gt;</a>&nbsp;&nbsp;&nbsp;MyVL53L0X_GetDistance
<LI><a href="#[ab]">&gt;&gt;</a>&nbsp;&nbsp;&nbsp;VL53L0X_PerformSingleRangingMeasurement
</UL>

<P><STRONG><a name="[a3]"></a>VL53L0X_GetSequenceStepEnables</STRONG> (Thumb, 118 bytes, Stack size 24 bytes, vl53l0x_api.o(i.VL53L0X_GetSequenceStepEnables))
<BR><BR>[Stack]<UL><LI>Max Depth = 88<LI>Call Chain = VL53L0X_GetSequenceStepEnables &rArr; VL53L0X_RdByte &rArr; VL53L0X_ReadMulti &rArr; MyI2C_SendByte &rArr; MyI2C_W_SDA
</UL>
<BR>[Calls]<UL><LI><a href="#[8e]">&gt;&gt;</a>&nbsp;&nbsp;&nbsp;VL53L0X_RdByte
<LI><a href="#[a4]">&gt;&gt;</a>&nbsp;&nbsp;&nbsp;sequence_step_enabled
</UL>
<BR>[Called By]<UL><LI><a href="#[cf]">&gt;&gt;</a>&nbsp;&nbsp;&nbsp;set_sequence_step_timeout
<LI><a href="#[b6]">&gt;&gt;</a>&nbsp;&nbsp;&nbsp;get_sequence_step_timeout
<LI><a href="#[b1]">&gt;&gt;</a>&nbsp;&nbsp;&nbsp;VL53L0X_set_measurement_timing_budget_micro_seconds
<LI><a href="#[9f]">&gt;&gt;</a>&nbsp;&nbsp;&nbsp;VL53L0X_get_measurement_timing_budget_micro_seconds
</UL>

<P><STRONG><a name="[a5]"></a>VL53L0X_GetVcselPulsePeriod</STRONG> (Thumb, 30 bytes, Stack size 24 bytes, vl53l0x_api.o(i.VL53L0X_GetVcselPulsePeriod))
<BR><BR>[Stack]<UL><LI>Max Depth = 112<LI>Call Chain = VL53L0X_GetVcselPulsePeriod &rArr; VL53L0X_get_vcsel_pulse_period &rArr; VL53L0X_RdByte &rArr; VL53L0X_ReadMulti &rArr; MyI2C_SendByte &rArr; MyI2C_W_SDA
</UL>
<BR>[Calls]<UL><LI><a href="#[a6]">&gt;&gt;</a>&nbsp;&nbsp;&nbsp;VL53L0X_get_vcsel_pulse_period
</UL>
<BR>[Called By]<UL><LI><a href="#[63]">&gt;&gt;</a>&nbsp;&nbsp;&nbsp;VL53L0X_StaticInit
<LI><a href="#[cf]">&gt;&gt;</a>&nbsp;&nbsp;&nbsp;set_sequence_step_timeout
<LI><a href="#[b6]">&gt;&gt;</a>&nbsp;&nbsp;&nbsp;get_sequence_step_timeout
</UL>

<P><STRONG><a name="[99]"></a>VL53L0X_GetWrapAroundCheckEnable</STRONG> (Thumb, 62 bytes, Stack size 24 bytes, vl53l0x_api.o(i.VL53L0X_GetWrapAroundCheckEnable))
<BR><BR>[Stack]<UL><LI>Max Depth = 88<LI>Call Chain = VL53L0X_GetWrapAroundCheckEnable &rArr; VL53L0X_RdByte &rArr; VL53L0X_ReadMulti &rArr; MyI2C_SendByte &rArr; MyI2C_W_SDA
</UL>
<BR>[Calls]<UL><LI><a href="#[8e]">&gt;&gt;</a>&nbsp;&nbsp;&nbsp;VL53L0X_RdByte
</UL>
<BR>[Called By]<UL><LI><a href="#[8f]">&gt;&gt;</a>&nbsp;&nbsp;&nbsp;VL53L0X_GetDeviceParameters
</UL>

<P><STRONG><a name="[c3]"></a>VL53L0X_GetXTalkCompensationEnable</STRONG> (Thumb, 12 bytes, Stack size 8 bytes, vl53l0x_api.o(i.VL53L0X_GetXTalkCompensationEnable))
<BR><BR>[Stack]<UL><LI>Max Depth = 8<LI>Call Chain = VL53L0X_GetXTalkCompensationEnable
</UL>
<BR>[Called By]<UL><LI><a href="#[bc]">&gt;&gt;</a>&nbsp;&nbsp;&nbsp;VL53L0X_get_total_xtalk_rate
</UL>

<P><STRONG><a name="[95]"></a>VL53L0X_GetXTalkCompensationRateMegaCps</STRONG> (Thumb, 56 bytes, Stack size 24 bytes, vl53l0x_api.o(i.VL53L0X_GetXTalkCompensationRateMegaCps))
<BR><BR>[Stack]<UL><LI>Max Depth = 96<LI>Call Chain = VL53L0X_GetXTalkCompensationRateMegaCps &rArr; VL53L0X_RdWord &rArr; VL53L0X_ReadMulti &rArr; MyI2C_SendByte &rArr; MyI2C_W_SDA
</UL>
<BR>[Calls]<UL><LI><a href="#[9c]">&gt;&gt;</a>&nbsp;&nbsp;&nbsp;VL53L0X_RdWord
</UL>
<BR>[Called By]<UL><LI><a href="#[8f]">&gt;&gt;</a>&nbsp;&nbsp;&nbsp;VL53L0X_GetDeviceParameters
</UL>

<P><STRONG><a name="[64]"></a>VL53L0X_PerformRefCalibration</STRONG> (Thumb, 32 bytes, Stack size 24 bytes, vl53l0x_api.o(i.VL53L0X_PerformRefCalibration))
<BR><BR>[Stack]<UL><LI>Max Depth = 272<LI>Call Chain = VL53L0X_PerformRefCalibration &rArr; VL53L0X_perform_ref_calibration &rArr; VL53L0X_perform_vhv_calibration &rArr; VL53L0X_perform_single_ref_calibration &rArr; VL53L0X_measurement_poll_for_completion &rArr; VL53L0X_GetMeasurementDataReady &rArr; VL53L0X_GetInterruptMaskStatus &rArr; VL53L0X_RdByte &rArr; VL53L0X_ReadMulti &rArr; MyI2C_SendByte &rArr; MyI2C_W_SDA
</UL>
<BR>[Calls]<UL><LI><a href="#[a7]">&gt;&gt;</a>&nbsp;&nbsp;&nbsp;VL53L0X_perform_ref_calibration
</UL>
<BR>[Called By]<UL><LI><a href="#[61]">&gt;&gt;</a>&nbsp;&nbsp;&nbsp;MyVL53L0X_Init
</UL>

<P><STRONG><a name="[65]"></a>VL53L0X_PerformRefSpadManagement</STRONG> (Thumb, 30 bytes, Stack size 24 bytes, vl53l0x_api.o(i.VL53L0X_PerformRefSpadManagement))
<BR><BR>[Stack]<UL><LI>Max Depth = 960<LI>Call Chain = VL53L0X_PerformRefSpadManagement &rArr; VL53L0X_perform_ref_spad_management &rArr; perform_ref_signal_measurement &rArr; VL53L0X_PerformSingleRangingMeasurement &rArr; VL53L0X_GetRangingMeasurementData &rArr; VL53L0X_get_pal_range_status &rArr; VL53L0X_calc_dmax &rArr; VL53L0X_GetDeviceParameters &rArr; VL53L0X_GetMeasurementTimingBudgetMicroSeconds &rArr; VL53L0X_get_measurement_timing_budget_micro_seconds &rArr; get_sequence_step_timeout &rArr; VL53L0X_GetVcselPulsePeriod &rArr; VL53L0X_get_vcsel_pulse_period &rArr; VL53L0X_RdByte &rArr; VL53L0X_ReadMulti &rArr; MyI2C_SendByte &rArr; MyI2C_W_SDA
</UL>
<BR>[Calls]<UL><LI><a href="#[a8]">&gt;&gt;</a>&nbsp;&nbsp;&nbsp;VL53L0X_perform_ref_spad_management
</UL>
<BR>[Called By]<UL><LI><a href="#[61]">&gt;&gt;</a>&nbsp;&nbsp;&nbsp;MyVL53L0X_Init
</UL>

<P><STRONG><a name="[a9]"></a>VL53L0X_PerformSingleMeasurement</STRONG> (Thumb, 60 bytes, Stack size 16 bytes, vl53l0x_api.o(i.VL53L0X_PerformSingleMeasurement))
<BR><BR>[Stack]<UL><LI>Max Depth = 184<LI>Call Chain = VL53L0X_PerformSingleMeasurement &rArr; VL53L0X_StartMeasurement &rArr; VL53L0X_CheckAndLoadInterruptSettings &rArr; VL53L0X_load_tuning_settings &rArr; VL53L0X_WriteMulti &rArr; MyI2C_SendByte &rArr; MyI2C_W_SDA
</UL>
<BR>[Calls]<UL><LI><a href="#[67]">&gt;&gt;</a>&nbsp;&nbsp;&nbsp;VL53L0X_StartMeasurement
<LI><a href="#[aa]">&gt;&gt;</a>&nbsp;&nbsp;&nbsp;VL53L0X_measurement_poll_for_completion
<LI><a href="#[93]">&gt;&gt;</a>&nbsp;&nbsp;&nbsp;VL53L0X_GetDeviceMode
</UL>
<BR>[Called By]<UL><LI><a href="#[ab]">&gt;&gt;</a>&nbsp;&nbsp;&nbsp;VL53L0X_PerformSingleRangingMeasurement
</UL>

<P><STRONG><a name="[ab]"></a>VL53L0X_PerformSingleRangingMeasurement</STRONG> (Thumb, 56 bytes, Stack size 16 bytes, vl53l0x_api.o(i.VL53L0X_PerformSingleRangingMeasurement))
<BR><BR>[Stack]<UL><LI>Max Depth = 760<LI>Call Chain = VL53L0X_PerformSingleRangingMeasurement &rArr; VL53L0X_GetRangingMeasurementData &rArr; VL53L0X_get_pal_range_status &rArr; VL53L0X_calc_dmax &rArr; VL53L0X_GetDeviceParameters &rArr; VL53L0X_GetMeasurementTimingBudgetMicroSeconds &rArr; VL53L0X_get_measurement_timing_budget_micro_seconds &rArr; get_sequence_step_timeout &rArr; VL53L0X_GetVcselPulsePeriod &rArr; VL53L0X_get_vcsel_pulse_period &rArr; VL53L0X_RdByte &rArr; VL53L0X_ReadMulti &rArr; MyI2C_SendByte &rArr; MyI2C_W_SDA
</UL>
<BR>[Calls]<UL><LI><a href="#[66]">&gt;&gt;</a>&nbsp;&nbsp;&nbsp;VL53L0X_SetDeviceMode
<LI><a href="#[5f]">&gt;&gt;</a>&nbsp;&nbsp;&nbsp;VL53L0X_GetRangingMeasurementData
<LI><a href="#[60]">&gt;&gt;</a>&nbsp;&nbsp;&nbsp;VL53L0X_ClearInterruptMask
<LI><a href="#[a9]">&gt;&gt;</a>&nbsp;&nbsp;&nbsp;VL53L0X_PerformSingleMeasurement
</UL>
<BR>[Called By]<UL><LI><a href="#[ca]">&gt;&gt;</a>&nbsp;&nbsp;&nbsp;perform_ref_signal_measurement
</UL>

<P><STRONG><a name="[ac]"></a>VL53L0X_PollingDelay</STRONG> (Thumb, 14 bytes, Stack size 8 bytes, vl53l0x_i2c_platform.o(i.VL53L0X_PollingDelay))
<BR><BR>[Stack]<UL><LI>Max Depth = 12<LI>Call Chain = VL53L0X_PollingDelay &rArr; Delay_ms
</UL>
<BR>[Calls]<UL><LI><a href="#[3e]">&gt;&gt;</a>&nbsp;&nbsp;&nbsp;Delay_ms
</UL>
<BR>[Called By]<UL><LI><a href="#[aa]">&gt;&gt;</a>&nbsp;&nbsp;&nbsp;VL53L0X_measurement_poll_for_completion
<LI><a href="#[b4]">&gt;&gt;</a>&nbsp;&nbsp;&nbsp;VL53L0X_get_info_from_device
</UL>

<P><STRONG><a name="[8e]"></a>VL53L0X_RdByte</STRONG> (Thumb, 22 bytes, Stack size 16 bytes, vl53l0x_i2c_platform.o(i.VL53L0X_RdByte))
<BR><BR>[Stack]<UL><LI>Max Depth = 64<LI>Call Chain = VL53L0X_RdByte &rArr; VL53L0X_ReadMulti &rArr; MyI2C_SendByte &rArr; MyI2C_W_SDA
</UL>
<BR>[Calls]<UL><LI><a href="#[a1]">&gt;&gt;</a>&nbsp;&nbsp;&nbsp;VL53L0X_ReadMulti
</UL>
<BR>[Called By]<UL><LI><a href="#[63]">&gt;&gt;</a>&nbsp;&nbsp;&nbsp;VL53L0X_StaticInit
<LI><a href="#[67]">&gt;&gt;</a>&nbsp;&nbsp;&nbsp;VL53L0X_StartMeasurement
<LI><a href="#[5e]">&gt;&gt;</a>&nbsp;&nbsp;&nbsp;VL53L0X_GetMeasurementDataReady
<LI><a href="#[62]">&gt;&gt;</a>&nbsp;&nbsp;&nbsp;VL53L0X_DataInit
<LI><a href="#[60]">&gt;&gt;</a>&nbsp;&nbsp;&nbsp;VL53L0X_ClearInterruptMask
<LI><a href="#[c1]">&gt;&gt;</a>&nbsp;&nbsp;&nbsp;VL53L0X_device_read_strobe
<LI><a href="#[c7]">&gt;&gt;</a>&nbsp;&nbsp;&nbsp;VL53L0X_ref_calibration_io
<LI><a href="#[b6]">&gt;&gt;</a>&nbsp;&nbsp;&nbsp;get_sequence_step_timeout
<LI><a href="#[a6]">&gt;&gt;</a>&nbsp;&nbsp;&nbsp;VL53L0X_get_vcsel_pulse_period
<LI><a href="#[b4]">&gt;&gt;</a>&nbsp;&nbsp;&nbsp;VL53L0X_get_info_from_device
<LI><a href="#[ae]">&gt;&gt;</a>&nbsp;&nbsp;&nbsp;VL53L0X_UpdateByte
<LI><a href="#[b2]">&gt;&gt;</a>&nbsp;&nbsp;&nbsp;VL53L0X_SetSequenceStepEnable
<LI><a href="#[99]">&gt;&gt;</a>&nbsp;&nbsp;&nbsp;VL53L0X_GetWrapAroundCheckEnable
<LI><a href="#[a3]">&gt;&gt;</a>&nbsp;&nbsp;&nbsp;VL53L0X_GetSequenceStepEnables
<LI><a href="#[9e]">&gt;&gt;</a>&nbsp;&nbsp;&nbsp;VL53L0X_GetInterruptMaskStatus
<LI><a href="#[9b]">&gt;&gt;</a>&nbsp;&nbsp;&nbsp;VL53L0X_GetFractionEnable
</UL>

<P><STRONG><a name="[9d]"></a>VL53L0X_RdDWord</STRONG> (Thumb, 56 bytes, Stack size 24 bytes, vl53l0x_i2c_platform.o(i.VL53L0X_RdDWord))
<BR><BR>[Stack]<UL><LI>Max Depth = 72<LI>Call Chain = VL53L0X_RdDWord &rArr; VL53L0X_ReadMulti &rArr; MyI2C_SendByte &rArr; MyI2C_W_SDA
</UL>
<BR>[Calls]<UL><LI><a href="#[a1]">&gt;&gt;</a>&nbsp;&nbsp;&nbsp;VL53L0X_ReadMulti
</UL>
<BR>[Called By]<UL><LI><a href="#[b4]">&gt;&gt;</a>&nbsp;&nbsp;&nbsp;VL53L0X_get_info_from_device
<LI><a href="#[94]">&gt;&gt;</a>&nbsp;&nbsp;&nbsp;VL53L0X_GetInterMeasurementPeriodMilliSeconds
</UL>

<P><STRONG><a name="[9c]"></a>VL53L0X_RdWord</STRONG> (Thumb, 40 bytes, Stack size 24 bytes, vl53l0x_i2c_platform.o(i.VL53L0X_RdWord))
<BR><BR>[Stack]<UL><LI>Max Depth = 72<LI>Call Chain = VL53L0X_RdWord &rArr; VL53L0X_ReadMulti &rArr; MyI2C_SendByte &rArr; MyI2C_W_SDA
</UL>
<BR>[Calls]<UL><LI><a href="#[a1]">&gt;&gt;</a>&nbsp;&nbsp;&nbsp;VL53L0X_ReadMulti
</UL>
<BR>[Called By]<UL><LI><a href="#[63]">&gt;&gt;</a>&nbsp;&nbsp;&nbsp;VL53L0X_StaticInit
<LI><a href="#[ca]">&gt;&gt;</a>&nbsp;&nbsp;&nbsp;perform_ref_signal_measurement
<LI><a href="#[cf]">&gt;&gt;</a>&nbsp;&nbsp;&nbsp;set_sequence_step_timeout
<LI><a href="#[b6]">&gt;&gt;</a>&nbsp;&nbsp;&nbsp;get_sequence_step_timeout
<LI><a href="#[a2]">&gt;&gt;</a>&nbsp;&nbsp;&nbsp;VL53L0X_get_pal_range_status
<LI><a href="#[a0]">&gt;&gt;</a>&nbsp;&nbsp;&nbsp;VL53L0X_get_offset_calibration_data_micro_meter
<LI><a href="#[95]">&gt;&gt;</a>&nbsp;&nbsp;&nbsp;VL53L0X_GetXTalkCompensationRateMegaCps
<LI><a href="#[97]">&gt;&gt;</a>&nbsp;&nbsp;&nbsp;VL53L0X_GetLimitCheckValue
<LI><a href="#[8b]">&gt;&gt;</a>&nbsp;&nbsp;&nbsp;VL53L0X_GetInterruptThresholds
<LI><a href="#[94]">&gt;&gt;</a>&nbsp;&nbsp;&nbsp;VL53L0X_GetInterMeasurementPeriodMilliSeconds
</UL>

<P><STRONG><a name="[a1]"></a>VL53L0X_ReadMulti</STRONG> (Thumb, 106 bytes, Stack size 24 bytes, vl53l0x_i2c_platform.o(i.VL53L0X_ReadMulti))
<BR><BR>[Stack]<UL><LI>Max Depth = 48<LI>Call Chain = VL53L0X_ReadMulti &rArr; MyI2C_SendByte &rArr; MyI2C_W_SDA
</UL>
<BR>[Calls]<UL><LI><a href="#[5b]">&gt;&gt;</a>&nbsp;&nbsp;&nbsp;MyI2C_Stop
<LI><a href="#[5a]">&gt;&gt;</a>&nbsp;&nbsp;&nbsp;MyI2C_Start
<LI><a href="#[59]">&gt;&gt;</a>&nbsp;&nbsp;&nbsp;MyI2C_SendByte
<LI><a href="#[58]">&gt;&gt;</a>&nbsp;&nbsp;&nbsp;MyI2C_SendAck
<LI><a href="#[57]">&gt;&gt;</a>&nbsp;&nbsp;&nbsp;MyI2C_ReceiveByte
<LI><a href="#[54]">&gt;&gt;</a>&nbsp;&nbsp;&nbsp;MyI2C_ReceiveAck
</UL>
<BR>[Called By]<UL><LI><a href="#[5f]">&gt;&gt;</a>&nbsp;&nbsp;&nbsp;VL53L0X_GetRangingMeasurementData
<LI><a href="#[d0]">&gt;&gt;</a>&nbsp;&nbsp;&nbsp;get_ref_spad_map
<LI><a href="#[9c]">&gt;&gt;</a>&nbsp;&nbsp;&nbsp;VL53L0X_RdWord
<LI><a href="#[9d]">&gt;&gt;</a>&nbsp;&nbsp;&nbsp;VL53L0X_RdDWord
<LI><a href="#[8e]">&gt;&gt;</a>&nbsp;&nbsp;&nbsp;VL53L0X_RdByte
</UL>

<P><STRONG><a name="[66]"></a>VL53L0X_SetDeviceMode</STRONG> (Thumb, 50 bytes, Stack size 0 bytes, vl53l0x_api.o(i.VL53L0X_SetDeviceMode))
<BR><BR>[Called By]<UL><LI><a href="#[61]">&gt;&gt;</a>&nbsp;&nbsp;&nbsp;MyVL53L0X_Init
<LI><a href="#[ab]">&gt;&gt;</a>&nbsp;&nbsp;&nbsp;VL53L0X_PerformSingleRangingMeasurement
</UL>

<P><STRONG><a name="[ad]"></a>VL53L0X_SetGpioConfig</STRONG> (Thumb, 360 bytes, Stack size 32 bytes, vl53l0x_api.o(i.VL53L0X_SetGpioConfig))
<BR><BR>[Stack]<UL><LI>Max Depth = 136<LI>Call Chain = VL53L0X_SetGpioConfig &rArr; VL53L0X_UpdateByte &rArr; VL53L0X_WrByte &rArr; VL53L0X_WriteMulti &rArr; MyI2C_SendByte &rArr; MyI2C_W_SDA
</UL>
<BR>[Calls]<UL><LI><a href="#[60]">&gt;&gt;</a>&nbsp;&nbsp;&nbsp;VL53L0X_ClearInterruptMask
<LI><a href="#[8d]">&gt;&gt;</a>&nbsp;&nbsp;&nbsp;VL53L0X_WrByte
<LI><a href="#[ae]">&gt;&gt;</a>&nbsp;&nbsp;&nbsp;VL53L0X_UpdateByte
</UL>
<BR>[Called By]<UL><LI><a href="#[63]">&gt;&gt;</a>&nbsp;&nbsp;&nbsp;VL53L0X_StaticInit
</UL>

<P><STRONG><a name="[91]"></a>VL53L0X_SetLimitCheckEnable</STRONG> (Thumb, 194 bytes, Stack size 40 bytes, vl53l0x_api.o(i.VL53L0X_SetLimitCheckEnable))
<BR><BR>[Stack]<UL><LI>Max Depth = 144<LI>Call Chain = VL53L0X_SetLimitCheckEnable &rArr; VL53L0X_UpdateByte &rArr; VL53L0X_WrByte &rArr; VL53L0X_WriteMulti &rArr; MyI2C_SendByte &rArr; MyI2C_W_SDA
</UL>
<BR>[Calls]<UL><LI><a href="#[af]">&gt;&gt;</a>&nbsp;&nbsp;&nbsp;VL53L0X_WrWord
<LI><a href="#[ae]">&gt;&gt;</a>&nbsp;&nbsp;&nbsp;VL53L0X_UpdateByte
</UL>
<BR>[Called By]<UL><LI><a href="#[62]">&gt;&gt;</a>&nbsp;&nbsp;&nbsp;VL53L0X_DataInit
</UL>

<P><STRONG><a name="[92]"></a>VL53L0X_SetLimitCheckValue</STRONG> (Thumb, 118 bytes, Stack size 24 bytes, vl53l0x_api.o(i.VL53L0X_SetLimitCheckValue))
[...]
<LI><a href="#[8e]">&gt;&gt;</a>&nbsp;&nbsp;&nbsp;VL53L0X_RdByte
</UL>
<BR>[Called By]<UL><LI><a href="#[a5]">&gt;&gt;</a>&nbsp;&nbsp;&nbsp;VL53L0X_GetVcselPulsePeriod
</UL>

<P><STRONG><a name="[be]"></a>VL53L0X_isqrt</STRONG> (Thumb, 44 bytes, Stack size 0 bytes, vl53l0x_api_core.o(i.VL53L0X_isqrt))
<BR><BR>[Called By]<UL><LI><a href="#[ba]">&gt;&gt;</a>&nbsp;&nbsp;&nbsp;VL53L0X_calc_sigma_estimate
</UL>

<P><STRONG><a name="[8c]"></a>VL53L0X_load_tuning_settings</STRONG> (Thumb, 234 bytes, Stack size 56 bytes, vl53l0x_api_core.o(i.VL53L0X_load_tuning_settings))
<BR><BR>[Stack]<UL><LI>Max Depth = 104<LI>Call Chain = VL53L0X_load_tuning_settings &rArr; VL53L0X_WriteMulti &rArr; MyI2C_SendByte &rArr; MyI2C_W_SDA
</UL>
<BR>[Calls]<UL><LI><a href="#[b7]">&gt;&gt;</a>&nbsp;&nbsp;&nbsp;VL53L0X_WriteMulti
</UL>
<BR>[Called By]<UL><LI><a href="#[63]">&gt;&gt;</a>&nbsp;&nbsp;&nbsp;VL53L0X_StaticInit
<LI><a href="#[8a]">&gt;&gt;</a>&nbsp;&nbsp;&nbsp;VL53L0X_CheckAndLoadInterruptSettings
</UL>

<P><STRONG><a name="[aa]"></a>VL53L0X_measurement_poll_for_completion</STRONG> (Thumb, 66 bytes, Stack size 24 bytes, vl53l0x_api_core.o(i.VL53L0X_measurement_poll_for_completion))
<BR><BR>[Stack]<UL><LI>Max Depth = 144<LI>Call Chain = VL53L0X_measurement_poll_for_completion &rArr; VL53L0X_GetMeasurementDataReady &rArr; VL53L0X_GetInterruptMaskStatus &rArr; VL53L0X_RdByte &rArr; VL53L0X_ReadMulti &rArr; MyI2C_SendByte &rArr; MyI2C_W_SDA
</UL>
<BR>[Calls]<UL><LI><a href="#[5e]">&gt;&gt;</a>&nbsp;&nbsp;&nbsp;VL53L0X_GetMeasurementDataReady
<LI><a href="#[ac]">&gt;&gt;</a>&nbsp;&nbsp;&nbsp;VL53L0X_PollingDelay
</UL>
<BR>[Called By]<UL><LI><a href="#[c6]">&gt;&gt;</a>&nbsp;&nbsp;&nbsp;VL53L0X_perform_single_ref_calibration
<LI><a href="#[a9]">&gt;&gt;</a>&nbsp;&nbsp;&nbsp;VL53L0X_PerformSingleMeasurement
</UL>

<P><STRONG><a name="[c5]"></a>VL53L0X_perform_phase_calibration</STRONG> (Thumb, 124 bytes, Stack size 56 bytes, vl53l0x_api_calibration.o(i.VL53L0X_perform_phase_calibration))
<BR><BR>[Stack]<UL><LI>Max Depth = 216<LI>Call Chain = VL53L0X_perform_phase_calibration &rArr; VL53L0X_perform_single_ref_calibration &rArr; VL53L0X_measurement_poll_for_completion &rArr; VL53L0X_GetMeasurementDataReady &rArr; VL53L0X_GetInterruptMaskStatus &rArr; VL53L0X_RdByte &rArr; VL53L0X_ReadMulti &rArr; MyI2C_SendByte &rArr; MyI2C_W_SDA
</UL>
<BR>[Calls]<UL><LI><a href="#[c7]">&gt;&gt;</a>&nbsp;&nbsp;&nbsp;VL53L0X_ref_calibration_io
<LI><a href="#[c6]">&gt;&gt;</a>&nbsp;&nbsp;&nbsp;VL53L0X_perform_single_ref_calibration
<LI><a href="#[8d]">&gt;&gt;</a>&nbsp;&nbsp;&nbsp;VL53L0X_WrByte
</UL>
<BR>[Called By]<UL><LI><a href="#[a7]">&gt;&gt;</a>&nbsp;&nbsp;&nbsp;VL53L0X_perform_ref_calibration
</UL>

<P><STRONG><a name="[a7]"></a>VL53L0X_perform_ref_calibration</STRONG> (Thumb, 76 bytes, Stack size 32 bytes, vl53l0x_api_calibration.o(i.VL53L0X_perform_ref_calibration))
<BR><BR>[Stack]<UL><LI>Max Depth = 248<LI>Call Chain = VL53L0X_perform_ref_calibration &rArr; VL53L0X_perform_vhv_calibration &rArr; VL53L0X_perform_single_ref_calibration &rArr; VL53L0X_measurement_poll_for_completion &rArr; VL53L0X_GetMeasurementDataReady &rArr; VL53L0X_GetInterruptMaskStatus &rArr; VL53L0X_RdByte &rArr; VL53L0X_ReadMulti &rArr; MyI2C_SendByte &rArr; MyI2C_W_SDA
</UL>
<BR>[Calls]<UL><LI><a href="#[c8]">&gt;&gt;</a>&nbsp;&nbsp;&nbsp;VL53L0X_perform_vhv_calibration
<LI><a href="#[c5]">&gt;&gt;</a>&nbsp;&nbsp;&nbsp;VL53L0X_perform_phase_calibration
<LI><a href="#[8d]">&gt;&gt;</a>&nbsp;&nbsp;&nbsp;VL53L0X_WrByte
</UL>
<BR>[Called By]<UL><LI><a href="#[64]">&gt;&gt;</a>&nbsp;&nbsp;&nbsp;VL53L0X_PerformRefCalibration
<LI><a href="#[a8]">&gt;&gt;</a>&nbsp;&nbsp;&nbsp;VL53L0X_perform_ref_spad_management
</UL>

<P><STRONG><a name="[a8]"></a>VL53L0X_perform_ref_spad_management</STRONG> (Thumb, 658 bytes, Stack size 128 bytes, vl53l0x_api_calibration.o(i.VL53L0X_perform_ref_spad_management))
<BR><BR>[Stack]<UL><LI>Max Depth = 936<LI>Call Chain = VL53L0X_perform_ref_spad_management &rArr; perform_ref_signal_measurement &rArr; VL53L0X_PerformSingleRangingMeasurement &rArr; VL53L0X_GetRangingMeasurementData &rArr; VL53L0X_get_pal_range_status &rArr; VL53L0X_calc_dmax &rArr; VL53L0X_GetDeviceParameters &rArr; VL53L0X_GetMeasurementTimingBudgetMicroSeconds &rArr; VL53L0X_get_measurement_timing_budget_micro_seconds &rArr; get_sequence_step_timeout &rArr; VL53L0X_GetVcselPulsePeriod &rArr; VL53L0X_get_vcsel_pulse_period &rArr; VL53L0X_RdByte &rArr; VL53L0X_ReadMulti &rArr; MyI2C_SendByte &rArr; MyI2C_W_SDA
</UL>
<BR>[Calls]<UL><LI><a href="#[90]">&gt;&gt;</a>&nbsp;&nbsp;&nbsp;__aeabi_memcpy4
<LI><a href="#[ce]">&gt;&gt;</a>&nbsp;&nbsp;&nbsp;set_ref_spad_map
<LI><a href="#[ca]">&gt;&gt;</a>&nbsp;&nbsp;&nbsp;perform_ref_signal_measurement
<LI><a href="#[cb]">&gt;&gt;</a>&nbsp;&nbsp;&nbsp;is_aperture
<LI><a href="#[cc]">&gt;&gt;</a>&nbsp;&nbsp;&nbsp;get_next_good_spad
<LI><a href="#[cd]">&gt;&gt;</a>&nbsp;&nbsp;&nbsp;enable_spad_bit
<LI><a href="#[c9]">&gt;&gt;</a>&nbsp;&nbsp;&nbsp;enable_ref_spads
<LI><a href="#[a7]">&gt;&gt;</a>&nbsp;&nbsp;&nbsp;VL53L0X_perform_ref_calibration
<LI><a href="#[8d]">&gt;&gt;</a>&nbsp;&nbsp;&nbsp;VL53L0X_WrByte
</UL>
<BR>[Called By]<UL><LI><a href="#[63]">&gt;&gt;</a>&nbsp;&nbsp;&nbsp;VL53L0X_StaticInit
<LI><a href="#[65]">&gt;&gt;</a>&nbsp;&nbsp;&nbsp;VL53L0X_PerformRefSpadManagement
</UL>

<P><STRONG><a name="[c6]"></a>VL53L0X_perform_single_ref_calibration</STRONG> (Thumb, 64 bytes, Stack size 16 bytes, vl53l0x_api_calibration.o(i.VL53L0X_perform_single_ref_calibration))
<BR><BR>[Stack]<UL><LI>Max Depth = 160<LI>Call Chain = VL53L0X_perform_single_ref_calibration &rArr; VL53L0X_measurement_poll_for_completion &rArr; VL53L0X_GetMeasurementDataReady &rArr; VL53L0X_GetInterruptMaskStatus &rArr; VL53L0X_RdByte &rArr; VL53L0X_ReadMulti &rArr; MyI2C_SendByte &rArr; MyI2C_W_SDA
</UL>
<BR>[Calls]<UL><LI><a href="#[60]">&gt;&gt;</a>&nbsp;&nbsp;&nbsp;VL53L0X_ClearInterruptMask
<LI><a href="#[aa]">&gt;&gt;</a>&nbsp;&nbsp;&nbsp;VL53L0X_measurement_poll_for_completion
<LI><a href="#[8d]">&gt;&gt;</a>&nbsp;&nbsp;&nbsp;VL53L0X_WrByte
</UL>
<BR>[Called By]<UL><LI><a href="#[c8]">&gt;&gt;</a>&nbsp;&nbsp;&nbsp;VL53L0X_perform_vhv_calibration
<LI><a href="#[c5]">&gt;&gt;</a>&nbsp;&nbsp;&nbsp;VL53L0X_perform_phase_calibration
</UL>

<P><STRONG><a name="[c8]"></a>VL53L0X_perform_vhv_calibration</STRONG> (Thumb, 126 bytes, Stack size 56 bytes, vl53l0x_api_calibration.o(i.VL53L0X_perform_vhv_calibration))
<BR><BR>[Stack]<UL><LI>Max Depth = 216<LI>Call Chain = VL53L0X_perform_vhv_calibration &rArr; VL53L0X_perform_single_ref_calibration &rArr; VL53L0X_measurement_poll_for_completion &rArr; VL53L0X_GetMeasurementDataReady &rArr; VL53L0X_GetInterruptMaskStatus &rArr; VL53L0X_RdByte &rArr; VL53L0X_ReadMulti &rArr; MyI2C_SendByte &rArr; MyI2C_W_SDA
</UL>
<BR>[Calls]<UL><LI><a href="#[c7]">&gt;&gt;</a>&nbsp;&nbsp;&nbsp;VL53L0X_ref_calibration_io
<LI><a href="#[c6]">&gt;&gt;</a>&nbsp;&nbsp;&nbsp;VL53L0X_perform_single_ref_calibration
<LI><a href="#[8d]">&gt;&gt;</a>&nbsp;&nbsp;&nbsp;VL53L0X_WrByte
</UL>
<BR>[Called By]<UL><LI><a href="#[a7]">&gt;&gt;</a>&nbsp;&nbsp;&nbsp;VL53L0X_perform_ref_calibration
</UL>

<P><STRONG><a name="[c7]"></a>VL53L0X_ref_calibration_io</STRONG> (Thumb, 176 bytes, Stack size 40 bytes, vl53l0x_api_calibration.o(i.VL53L0X_ref_calibration_io))
<BR><BR>[Stack]<UL><LI>Max Depth = 144<LI>Call Chain = VL53L0X_ref_calibration_io &rArr; VL53L0X_UpdateByte &rArr; VL53L0X_WrByte &rArr; VL53L0X_WriteMulti &rArr; MyI2C_SendByte &rArr; MyI2C_W_SDA
</UL>
<BR>[Calls]<UL><LI><a href="#[8d]">&gt;&gt;</a>&nbsp;&nbsp;&nbsp;VL53L0X_WrByte
<LI><a href="#[ae]">&gt;&gt;</a>&nbsp;&nbsp;&nbsp;VL53L0X_UpdateByte
<LI><a href="#[8e]">&gt;&gt;</a>&nbsp;&nbsp;&nbsp;VL53L0X_RdByte
</UL>
<BR>[Called By]<UL><LI><a href="#[c8]">&gt;&gt;</a>&nbsp;&nbsp;&nbsp;VL53L0X_perform_vhv_calibration
<LI><a href="#[c5]">&gt;&gt;</a>&nbsp;&nbsp;&nbsp;VL53L0X_perform_phase_calibration
</UL>

<P><STRONG><a name="[b1]"></a>VL53L0X_set_measurement_timing_budget_micro_seconds</STRONG> (Thumb, 276 bytes, Stack size 72 bytes, vl53l0x_api_core.o(i.VL53L0X_set_measurement_timing_budget_micro_seconds))
<BR><BR>[Stack]<UL><LI>Max Depth = 248<LI>Call Chain = VL53L0X_set_measurement_timing_budget_micro_seconds &rArr; get_sequence_step_timeout &rArr; VL53L0X_GetVcselPulsePeriod &rArr; VL53L0X_get_vcsel_pulse_period &rArr; VL53L0X_RdByte &rArr; VL53L0X_ReadMulti &rArr; MyI2C_SendByte &rArr; MyI2C_W_SDA
</UL>
<BR>[Calls]<UL><LI><a href="#[cf]">&gt;&gt;</a>&nbsp;&nbsp;&nbsp;set_sequence_step_timeout
<LI><a href="#[b6]">&gt;&gt;</a>&nbsp;&nbsp;&nbsp;get_sequence_step_timeout
<LI><a href="#[a3]">&gt;&gt;</a>&nbsp;&nbsp;&nbsp;VL53L0X_GetSequenceStepEnables
</UL>
<BR>[Called By]<UL><LI><a href="#[b0]">&gt;&gt;</a>&nbsp;&nbsp;&nbsp;VL53L0X_SetMeasurementTimingBudgetMicroSeconds
</UL>

<P><STRONG><a name="[b5]"></a>VL53L0X_set_reference_spads</STRONG> (Thumb, 194 bytes, Stack size 64 bytes, vl53l0x_api_calibration.o(i.VL53L0X_set_reference_spads))
<BR><BR>[Stack]<UL><LI>Max Depth = 200<LI>Call Chain = VL53L0X_set_reference_spads &rArr; enable_ref_spads &rArr; set_ref_spad_map &rArr; VL53L0X_WriteMulti &rArr; MyI2C_SendByte &rArr; MyI2C_W_SDA
</UL>
<BR>[Calls]<UL><LI><a href="#[cb]">&gt;&gt;</a>&nbsp;&nbsp;&nbsp;is_aperture
<LI><a href="#[c9]">&gt;&gt;</a>&nbsp;&nbsp;&nbsp;enable_ref_spads
<LI><a href="#[8d]">&gt;&gt;</a>&nbsp;&nbsp;&nbsp;VL53L0X_WrByte
</UL>
<BR>[Called By]<UL><LI><a href="#[63]">&gt;&gt;</a>&nbsp;&nbsp;&nbsp;VL53L0X_StaticInit
</UL>

<P><STRONG><a name="[e2]"></a>__scatterload_copy</STRONG> (Thumb, 14 bytes, Stack size unknown bytes, handlers.o(i.__scatterload_copy), UNUSED)

<P><STRONG><a name="[e3]"></a>__scatterload_null</STRONG> (Thumb, 2 bytes, Stack size unknown bytes, handlers.o(i.__scatterload_null), UNUSED)

<P><STRONG><a name="[e4]"></a>__scatterload_zeroinit</STRONG> (Thumb, 14 bytes, Stack size unknown bytes, handlers.o(i.__scatterload_zeroinit), UNUSED)

<P><STRONG><a name="[c9]"></a>enable_ref_spads</STRONG> (Thumb, 172 bytes, Stack size 72 bytes, vl53l0x_api_calibration.o(i.enable_ref_spads))
<BR><BR>[Stack]<UL><LI>Max Depth = 136<LI>Call Chain = enable_ref_spads &rArr; set_ref_spad_map &rArr; VL53L0X_WriteMulti &rArr; MyI2C_SendByte &rArr; MyI2C_W_SDA
</UL>
<BR>[Calls]<UL><LI><a href="#[ce]">&gt;&gt;</a>&nbsp;&nbsp;&nbsp;set_ref_spad_map
<LI><a href="#[cb]">&gt;&gt;</a>&nbsp;&nbsp;&nbsp;is_aperture
<LI><a href="#[d0]">&gt;&gt;</a>&nbsp;&nbsp;&nbsp;get_ref_spad_map
<LI><a href="#[cc]">&gt;&gt;</a>&nbsp;&nbsp;&nbsp;get_next_good_spad
<LI><a href="#[cd]">&gt;&gt;</a>&nbsp;&nbsp;&nbsp;enable_spad_bit
</UL>
<BR>[Called By]<UL><LI><a href="#[b5]">&gt;&gt;</a>&nbsp;&nbsp;&nbsp;VL53L0X_set_reference_spads
<LI><a href="#[a8]">&gt;&gt;</a>&nbsp;&nbsp;&nbsp;VL53L0X_perform_ref_spad_management
</UL>

<P><STRONG><a name="[cd]"></a>enable_spad_bit</STRONG> (Thumb, 50 bytes, Stack size 20 bytes, vl53l0x_api_calibration.o(i.enable_spad_bit))
<BR><BR>[Stack]<UL><LI>Max Depth = 20<LI>Call Chain = enable_spad_bit
</UL>
<BR>[Called By]<UL><LI><a href="#[c9]">&gt;&gt;</a>&nbsp;&nbsp;&nbsp;enable_ref_spads
<LI><a href="#[a8]">&gt;&gt;</a>&nbsp;&nbsp;&nbsp;VL53L0X_perform_ref_spad_management
</UL>

<P><STRONG><a name="[b9]"></a>get_dmax_lut_points</STRONG> (Thumb, 76 bytes, Stack size 36 bytes, vl53l0x_api_core.o(i.get_dmax_lut_points))
<BR><BR>[Stack]<UL><LI>Max Depth = 36<LI>Call Chain = get_dmax_lut_points
</UL>
<BR>[Called By]<UL><LI><a href="#[b8]">&gt;&gt;</a>&nbsp;&nbsp;&nbsp;VL53L0X_calc_dmax
</UL>

<P><STRONG><a name="[cc]"></a>get_next_good_spad</STRONG> (Thumb, 104 bytes, Stack size 32 bytes, vl53l0x_api_calibration.o(i.get_next_good_spad))
<BR><BR>[Stack]<UL><LI>Max Depth = 32<LI>Call Chain = get_next_good_spad
</UL>
<BR>[Called By]<UL><LI><a href="#[c9]">&gt;&gt;</a>&nbsp;&nbsp;&nbsp;enable_ref_spads
<LI><a href="#[a8]">&gt;&gt;</a>&nbsp;&nbsp;&nbsp;VL53L0X_perform_ref_spad_management
</UL>

<P><STRONG><a name="[d0]"></a>get_ref_spad_map</STRONG> (Thumb, 24 bytes, Stack size 16 bytes, vl53l0x_api_calibration.o(i.get_ref_spad_map))
<BR><BR>[Stack]<UL><LI>Max Depth = 64<LI>Call Chain = get_ref_spad_map &rArr; VL53L0X_ReadMulti &rArr; MyI2C_SendByte &rArr; MyI2C_W_SDA
</UL>
<BR>[Calls]<UL><LI><a href="#[a1]">&gt;&gt;</a>&nbsp;&nbsp;&nbsp;VL53L0X_ReadMulti
</UL>
<BR>[Called By]<UL><LI><a href="#[c9]">&gt;&gt;</a>&nbsp;&nbsp;&nbsp;enable_ref_spads
</UL>

<P><STRONG><a name="[b6]"></a>get_sequence_step_timeout</STRONG> (Thumb, 290 bytes, Stack size 64 bytes, vl53l0x_api_core.o(i.get_sequence_step_timeout))
<BR><BR>[Stack]<UL><LI>Max Depth = 176<LI>Call Chain = get_sequence_step_timeout &rArr; VL53L0X_GetVcselPulsePeriod &rArr; VL53L0X_get_vcsel_pulse_period &rArr; VL53L0X_RdByte &rArr; VL53L0X_ReadMulti &rArr; MyI2C_SendByte &rArr; MyI2C_W_SDA
</UL>
<BR>[Calls]<UL><LI><a href="#[d1]">&gt;&gt;</a>&nbsp;&nbsp;&nbsp;VL53L0X_decode_timeout
<LI><a href="#[c0]">&gt;&gt;</a>&nbsp;&nbsp;&nbsp;VL53L0X_calc_timeout_us
<LI><a href="#[9c]">&gt;&gt;</a>&nbsp;&nbsp;&nbsp;VL53L0X_RdWord
<LI><a href="#[8e]">&gt;&gt;</a>&nbsp;&nbsp;&nbsp;VL53L0X_RdByte
<LI><a href="#[a5]">&gt;&gt;</a>&nbsp;&nbsp;&nbsp;VL53L0X_GetVcselPulsePeriod
<LI><a href="#[a3]">&gt;&gt;</a>&nbsp;&nbsp;&nbsp;VL53L0X_GetSequenceStepEnables
</UL>
<BR>[Called By]<UL><LI><a href="#[63]">&gt;&gt;</a>&nbsp;&nbsp;&nbsp;VL53L0X_StaticInit
<LI><a href="#[b1]">&gt;&gt;</a>&nbsp;&nbsp;&nbsp;VL53L0X_set_measurement_timing_budget_micro_seconds
<LI><a href="#[9f]">&gt;&gt;</a>&nbsp;&nbsp;&nbsp;VL53L0X_get_measurement_timing_budget_micro_seconds
</UL>

<P><STRONG><a name="[cb]"></a>is_aperture</STRONG> (Thumb, 18 bytes, Stack size 0 bytes, vl53l0x_api_calibration.o(i.is_aperture))
<BR><BR>[Called By]<UL><LI><a href="#[c9]">&gt;&gt;</a>&nbsp;&nbsp;&nbsp;enable_ref_spads
<LI><a href="#[b5]">&gt;&gt;</a>&nbsp;&nbsp;&nbsp;VL53L0X_set_reference_spads
<LI><a href="#[a8]">&gt;&gt;</a>&nbsp;&nbsp;&nbsp;VL53L0X_perform_ref_spad_management
</UL>

<P><STRONG><a name="[35]"></a>main</STRONG> (Thumb, 308 bytes, Stack size 0 bytes, main.o(i.main))
<BR><BR>[Stack]<UL><LI>Max Depth = 1136<LI>Call Chain = main &rArr; MyVL53L0X_Init &rArr; VL53L0X_StaticInit &rArr; VL53L0X_perform_ref_spad_management &rArr; perform_ref_signal_measurement &rArr; VL53L0X_PerformSingleRangingMeasurement &rArr; VL53L0X_GetRangingMeasurementData &rArr; VL53L0X_get_pal_range_status &rArr; VL53L0X_calc_dmax &rArr; VL53L0X_GetDeviceParameters &rArr; VL53L0X_GetMeasurementTimingBudgetMicroSeconds &rArr; VL53L0X_get_measurement_timing_budget_micro_seconds &rArr; get_sequence_step_timeout &rArr; VL53L0X_GetVcselPulsePeriod &rArr; VL53L0X_get_vcsel_pulse_period &rArr; VL53L0X_RdByte &rArr; VL53L0X_ReadMulti &rArr; MyI2C_SendByte &rArr; MyI2C_W_SDA
</UL>
<BR>[Calls]<UL><LI><a href="#[41]">&gt;&gt;</a>&nbsp;&nbsp;&nbsp;GPIO_ReadInputDataBit
<LI><a href="#[61]">&gt;&gt;</a>&nbsp;&nbsp;&nbsp;MyVL53L0X_Init
<LI><a href="#[5d]">&gt;&gt;</a>&nbsp;&nbsp;&nbsp;MyVL53L0X_GetDistance
<LI><a href="#[46]">&gt;&gt;</a>&nbsp;&nbsp;&nbsp;LD2410B_Init
<LI><a href="#[45]">&gt;&gt;</a>&nbsp;&nbsp;&nbsp;LD2410B_GetState
<LI><a href="#[83]">&gt;&gt;</a>&nbsp;&nbsp;&nbsp;Serial_SendString
<LI><a href="#[7a]">&gt;&gt;</a>&nbsp;&nbsp;&nbsp;Serial_Init
<LI><a href="#[6f]">&gt;&gt;</a>&nbsp;&nbsp;&nbsp;OLED_Init
<LI><a href="#[3e]">&gt;&gt;</a>&nbsp;&nbsp;&nbsp;Delay_ms
<LI><a href="#[42]">&gt;&gt;</a>&nbsp;&nbsp;&nbsp;Key_Init
<LI><a href="#[40]">&gt;&gt;</a>&nbsp;&nbsp;&nbsp;Key_GetNum
<LI><a href="#[49]">&gt;&gt;</a>&nbsp;&nbsp;&nbsp;OLED_ShowString
<LI><a href="#[4a]">&gt;&gt;</a>&nbsp;&nbsp;&nbsp;OLED_ShowNum
<LI><a href="#[4f]">&gt;&gt;</a>&nbsp;&nbsp;&nbsp;LED_Init
<LI><a href="#[4e]">&gt;&gt;</a>&nbsp;&nbsp;&nbsp;LED1_Turn
<LI><a href="#[4d]">&gt;&gt;</a>&nbsp;&nbsp;&nbsp;LED1_ON
<LI><a href="#[4c]">&gt;&gt;</a>&nbsp;&nbsp;&nbsp;LED1_OFF
<LI><a href="#[4b]">&gt;&gt;</a>&nbsp;&nbsp;&nbsp;LED1_Inc
<LI><a href="#[47]">&gt;&gt;</a>&nbsp;&nbsp;&nbsp;LED1_Dec
<LI><a href="#[d2]">&gt;&gt;</a>&nbsp;&nbsp;&nbsp;strcmp
</UL>
<BR>[Address Reference Count : 1]<UL><LI> entry9a.o(.ARM.Collect$$$$0000000B)
</UL>
<P><STRONG><a name="[ca]"></a>perform_ref_signal_measurement</STRONG> (Thumb, 110 bytes, Stack size 48 bytes, vl53l0x_api_calibration.o(i.perform_ref_signal_measurement))
<BR><BR>[Stack]<UL><LI>Max Depth = 808<LI>Call Chain = perform_ref_signal_measurement &rArr; VL53L0X_PerformSingleRangingMeasurement &rArr; VL53L0X_GetRangingMeasurementData &rArr; VL53L0X_get_pal_range_status &rArr; VL53L0X_calc_dmax &rArr; VL53L0X_GetDeviceParameters &rArr; VL53L0X_GetMeasurementTimingBudgetMicroSeconds &rArr; VL53L0X_get_measurement_timing_budget_micro_seconds &rArr; get_sequence_step_timeout &rArr; VL53L0X_GetVcselPulsePeriod &rArr; VL53L0X_get_vcsel_pulse_period &rArr; VL53L0X_RdByte &rArr; VL53L0X_ReadMulti &rArr; MyI2C_SendByte &rArr; MyI2C_W_SDA
</UL>
<BR>[Calls]<UL><LI><a href="#[8d]">&gt;&gt;</a>&nbsp;&nbsp;&nbsp;VL53L0X_WrByte
<LI><a href="#[9c]">&gt;&gt;</a>&nbsp;&nbsp;&nbsp;VL53L0X_RdWord
<LI><a href="#[ab]">&gt;&gt;</a>&nbsp;&nbsp;&nbsp;VL53L0X_PerformSingleRangingMeasurement
</UL>
<BR>[Called By]<UL><LI><a href="#[a8]">&gt;&gt;</a>&nbsp;&nbsp;&nbsp;VL53L0X_perform_ref_spad_management
</UL>

<P><STRONG><a name="[a4]"></a>sequence_step_enabled</STRONG> (Thumb, 72 bytes, Stack size 12 bytes, vl53l0x_api.o(i.sequence_step_enabled))
<BR><BR>[Stack]<UL><LI>Max Depth = 12<LI>Call Chain = sequence_step_enabled
</UL>
<BR>[Called By]<UL><LI><a href="#[a3]">&gt;&gt;</a>&nbsp;&nbsp;&nbsp;VL53L0X_GetSequenceStepEnables
</UL>

<P><STRONG><a name="[ce]"></a>set_ref_spad_map</STRONG> (Thumb, 24 bytes, Stack size 16 bytes, vl53l0x_api_calibration.o(i.set_ref_spad_map))
<BR><BR>[Stack]<UL><LI>Max Depth = 64<LI>Call Chain = set_ref_spad_map &rArr; VL53L0X_WriteMulti &rArr; MyI2C_SendByte &rArr; MyI2C_W_SDA
</UL>
<BR>[Calls]<UL><LI><a href="#[b7]">&gt;&gt;</a>&nbsp;&nbsp;&nbsp;VL53L0X_WriteMulti
</UL>
<BR>[Called By]<UL><LI><a href="#[c9]">&gt;&gt;</a>&nbsp;&nbsp;&nbsp;enable_ref_spads
<LI><a href="#[a8]">&gt;&gt;</a>&nbsp;&nbsp;&nbsp;VL53L0X_perform_ref_spad_management
</UL>

<P><STRONG><a name="[cf]"></a>set_sequence_step_timeout</STRONG> (Thumb, 312 bytes, Stack size 56 bytes, vl53l0x_api_core.o(i.set_sequence_step_timeout))
<BR><BR>[Stack]<UL><LI>Max Depth = 168<LI>Call Chain = set_sequence_step_timeout &rArr; VL53L0X_GetVcselPulsePeriod &rArr; VL53L0X_get_vcsel_pulse_period &rArr; VL53L0X_RdByte &rArr; VL53L0X_ReadMulti &rArr; MyI2C_SendByte &rArr; MyI2C_W_SDA
</UL>
<BR>[Calls]<UL><LI><a href="#[d3]">&gt;&gt;</a>&nbsp;&nbsp;&nbsp;VL53L0X_encode_timeout
<LI><a href="#[d1]">&gt;&gt;</a>&nbsp;&nbsp;&nbsp;VL53L0X_decode_timeout
<LI><a href="#[bd]">&gt;&gt;</a>&nbsp;&nbsp;&nbsp;VL53L0X_calc_timeout_mclks
<LI><a href="#[af]">&gt;&gt;</a>&nbsp;&nbsp;&nbsp;VL53L0X_WrWord
<LI><a href="#[8d]">&gt;&gt;</a>&nbsp;&nbsp;&nbsp;VL53L0X_WrByte
<LI><a href="#[9c]">&gt;&gt;</a>&nbsp;&nbsp;&nbsp;VL53L0X_RdWord
<LI><a href="#[a5]">&gt;&gt;</a>&nbsp;&nbsp;&nbsp;VL53L0X_GetVcselPulsePeriod
<LI><a href="#[a3]">&gt;&gt;</a>&nbsp;&nbsp;&nbsp;VL53L0X_GetSequenceStepEnables
</UL>
<BR>[Called By]<UL><LI><a href="#[b1]">&gt;&gt;</a>&nbsp;&nbsp;&nbsp;VL53L0X_set_measurement_timing_budget_micro_seconds
</UL>
<P>
<H3>
Local Symbols
</H3>
<P><STRONG><a name="[84]"></a>SetSysClock</STRONG> (Thumb, 8 bytes, Stack size 8 bytes, system_stm32f10x.o(i.SetSysClock))
<BR><BR>[Stack]<UL><LI>Max Depth = 20<LI>Call Chain = SetSysClock &rArr; SetSysClockTo72
</UL>
<BR>[Calls]<UL><LI><a href="#[85]">&gt;&gt;</a>&nbsp;&nbsp;&nbsp;SetSysClockTo72
</UL>
<BR>[Called By]<UL><LI><a href="#[36]">&gt;&gt;</a>&nbsp;&nbsp;&nbsp;SystemInit
</UL>

<P><STRONG><a name="[85]"></a>SetSysClockTo72</STRONG> (Thumb, 214 bytes, Stack size 12 bytes, system_stm32f10x.o(i.SetSysClockTo72))
<BR><BR>[Stack]<UL><LI>Max Depth = 12<LI>Call Chain = SetSysClockTo72
</UL>
<BR>[Called By]<UL><LI><a href="#[84]">&gt;&gt;</a>&nbsp;&nbsp;&nbsp;SetSysClock
</UL>
<P>
<H3>
Undefined Global Symbols
</H3><HR></body></html>
